05-16 14:14:17.304   325   325 I sf_frame_dur: [com.tencent.tmgp.WePop/com.tencent.tmgp.WePop.WePopActivity,0,0,0,1,1,1,7]: /system/bin/surfaceflinger
05-16 14:14:18.595 18511 18511 I am_on_resume_called: [0,com.tencent.open.agent.AuthorityActivity]: com.tencent.mobileqq:openSdk
05-16 14:14:18.914   920   920 I notification_cancel: [10108,29933,com.tencent.mobileqq,478,NULL,0,0,64,8,NULL]: system_server
05-16 14:14:18.915   920   920 I notification_cancel: [10108,29933,com.tencent.mobileqq,479,NULL,0,0,64,8,NULL]: system_server
05-16 14:14:19.583   920   958 I am_activity_launch_time: [0,349493930,com.tencent.mobileqq/com.tencent.open.agent.AuthorityActivity,2604,6308]: system_server
05-16 14:14:20.776   920  2232 I am_finish_activity: [0,349493930,299,com.tencent.mobileqq/com.tencent.open.agent.AuthorityActivity,app-request]: system_server
05-16 14:14:20.777   920  2232 I am_home_stack_moved: [0,0,1,1,finishActivity adjustTopFocus setFocusedActivity]: system_server
05-16 14:14:20.778   920  2232 I am_focused_activity: [0,com.tencent.mobileqq/com.tencent.open.agent.AgentActivity]: system_server
05-16 14:14:20.779   920  2232 I am_pause_activity: [0,349493930,com.tencent.mobileqq/com.tencent.open.agent.AuthorityActivity]: system_server
05-16 14:14:20.784 18511 18511 I am_on_paused_called: [0,com.tencent.open.agent.AuthorityActivity]: com.tencent.mobileqq:openSdk
05-16 14:14:20.791   920   966 I am_resume_activity: [0,995993738,299,com.tencent.mobileqq/com.tencent.open.agent.AgentActivity]: system_server
05-16 14:14:20.796   920   966 I am_focused_activity: [0,com.tencent.mobileqq/com.tencent.open.agent.AgentActivity]: system_server
05-16 14:14:20.800   920  2161 I am_finish_activity: [0,995993738,299,com.tencent.mobileqq/com.tencent.open.agent.AgentActivity,app-request]: system_server
05-16 14:14:20.802   920  2161 I am_home_stack_moved: [0,0,1,1,finishActivity adjustTopFocus setFocusedActivity]: system_server
05-16 14:14:20.823   920  2161 I am_focused_activity: [0,com.tencent.tmgp.WePop/com.tencent.connect.common.AssistActivity]: system_server
05-16 14:14:20.823   920  2161 I am_pause_activity: [0,995993738,com.tencent.mobileqq/com.tencent.open.agent.AgentActivity]: system_server
05-16 14:14:20.902   920   961 I configuration_changed: 1152: system_server
05-16 14:14:20.931   920   961 I am_resume_activity: [0,76409856,299,com.tencent.tmgp.WePop/com.tencent.connect.common.AssistActivity]: system_server
05-16 14:14:20.933   920   961 I am_focused_activity: [0,com.tencent.tmgp.WePop/com.tencent.connect.common.AssistActivity]: system_server
05-16 14:14:20.994 17418 17418 I am_on_paused_called: [0,com.android.contacts.DialtactsActivityAlias]: android.process.contacts
05-16 14:14:21.061   920  2113 I am_proc_died: [0,17440,com.nearme.romupdate]: system_server
05-16 14:14:21.074   920   941 I am_finish_activity: [0,76409856,299,com.tencent.tmgp.WePop/com.tencent.connect.common.AssistActivity,app-request]: system_server
05-16 14:14:21.074   920   941 I am_home_stack_moved: [0,0,1,1,finishActivity adjustTopFocus setFocusedActivity]: system_server
05-16 14:14:21.076   920   941 I am_focused_activity: [0,com.tencent.tmgp.WePop/.WePopActivity]: system_server
05-16 14:14:21.088   920   941 I am_pause_activity: [0,76409856,com.tencent.tmgp.WePop/com.tencent.connect.common.AssistActivity]: system_server
05-16 14:14:21.089   920   920 I notification_cancel: [1000,21899,com.android.systemui,2,NULL,0,0,0,8,NULL]: system_server
05-16 14:14:21.116   325   325 I sf_frame_dur: [com.tencent.mobileqq/com.tencent.open.agent.AuthorityActivity,0,2,2,1,2,0,0]: /system/bin/surfaceflinger
05-16 14:14:21.181   920   949 I am_destroy_activity: [0,349493930,299,com.tencent.mobileqq/com.tencent.open.agent.AuthorityActivity,finish-imm]: system_server
05-16 14:14:21.187   920   949 I am_destroy_activity: [0,995993738,299,com.tencent.mobileqq/com.tencent.open.agent.AgentActivity,finish-idle]: system_server
05-16 14:14:21.304   920  2137 I am_resume_activity: [0,1035744518,299,com.tencent.tmgp.WePop/.WePopActivity]: system_server
05-16 14:14:21.565   920  2137 I am_focused_activity: [0,com.tencent.tmgp.WePop/.WePopActivity]: system_server
05-16 14:14:21.572   920   963 I am_proc_died: [0,18221,com.coloros.usbselection]: system_server
05-16 14:14:21.666 17418 17418 I am_on_resume_called: [0,com.android.contacts.DialtactsActivityAlias]: android.process.contacts
05-16 14:14:21.705   920  2161 I am_proc_died: [0,17319,com.coloros.speechassist]: system_server
05-16 14:14:22.032   920  2111 I am_proc_died: [0,18511,com.tencent.mobileqq:openSdk]: system_server
05-16 14:14:22.047  2516  2516 I am_on_resume_called: [0,com.tencent.tmgp.WePop.WePopActivity]: com.tencent.tmgp.WePop
05-16 14:14:22.099   920  2137 I am_destroy_activity: [0,76409856,299,com.tencent.tmgp.WePop/com.tencent.connect.common.AssistActivity,finish-idle]: system_server
05-16 14:15:58.114   920   950 I am_proc_start: [0,19548,1000,com.coloros.datadialog,broadcast,com.coloros.newsimdetect/com.coloros.datadialog.DataConnectionReceiver]: system_server
05-16 14:15:58.293   920   961 I am_proc_bound: [0,19548,com.coloros.datadialog]: system_server
05-16 14:16:07.330   325   325 I sf_frame_dur: [com.tencent.tmgp.WePop/com.tencent.tmgp.WePop.WePopActivity,0,0,0,1,3,1,0]: /system/bin/surfaceflinger
05-16 14:16:07.357   325   325 I sf_frame_dur: [InputMethod,0,1,2,1,0,1,1]: /system/bin/surfaceflinger
05-16 14:16:39.691   920   920 I free_storage_changed: 7058116608: system_server
05-16 14:16:54.937   920   950 I am_proc_start: [0,19666,10088,com.redteamobile.roaming,broadcast,com.redteamobile.roaming/.receiver.MccChangeReceiver]: system_server
05-16 14:16:54.994   920  2163 I am_proc_bound: [0,19666,com.redteamobile.roaming]: system_server
05-16 14:16:58.476   920  2233 I am_proc_died: [0,19666,com.redteamobile.roaming]: system_server
05-16 14:18:10.331   920  2186 I am_home_stack_moved: [0,1,0,0,startingNewTask]: system_server
05-16 14:18:10.331   920  2186 I wm_task_moved: [1,1,0]: system_server
05-16 14:18:10.335   920  2186 I am_create_task: [0,300]: system_server
05-16 14:18:10.336   920  2186 I am_create_activity: [0,73766808,300,com.coloros.recents/.RecentsActivity,com.coloros.recents.SHOW_RECENTS,NULL,NULL,276840448]: system_server
05-16 14:18:10.337   920  2186 I wm_task_created: [300,0]: system_server
05-16 14:18:10.337   920  2186 I wm_task_moved: [300,1,1]: system_server
05-16 14:18:10.364   920  2186 I am_pause_activity: [0,1035744518,com.tencent.tmgp.WePop/.WePopActivity]: system_server
05-16 14:18:10.391   920  2186 I am_restart_activity: [0,73766808,300,com.coloros.recents/.RecentsActivity]: system_server
05-16 14:18:10.396   920  2186 I am_home_stack_moved: [0,1,0,0,completeResume setFocusedActivity]: system_server
05-16 14:18:10.419   920  2186 I am_focused_activity: [0,com.coloros.recents/.RecentsActivity]: system_server
05-16 14:18:10.424   920  2186 I am_focused_activity: [0,com.coloros.recents/.RecentsActivity]: system_server
05-16 14:18:10.640  2516  2516 I am_on_paused_called: [0,com.tencent.tmgp.WePop.WePopActivity]: com.tencent.tmgp.WePop
05-16 14:18:10.655 21986 21986 I am_on_resume_called: [0,com.coloros.recents.RecentsActivity]: com.coloros.recents
05-16 14:18:10.996   920   958 I am_activity_launch_time: [0,73766808,com.coloros.recents/.RecentsActivity,613,613]: system_server
05-16 14:18:11.227   325   325 I sf_frame_dur: [com.tencent.tmgp.WePop/com.tencent.tmgp.WePop.WePopActivity,0,0,0,0,1,0,1]: /system/bin/surfaceflinger
05-16 14:18:11.228   325   418 I sf_frame_dur: [SurfaceView,3611,5028,162,51,62,23,15]: /system/bin/surfaceflinger
05-16 14:18:11.788   920  2187 I am_finish_activity: [0,1035744518,299,com.tencent.tmgp.WePop/.WePopActivity,clear]: system_server
05-16 14:18:11.793   920  2187 I am_destroy_activity: [0,1035744518,299,com.tencent.tmgp.WePop/.WePopActivity,finish-imm]: system_server
05-16 14:18:11.805   920  2187 I am_kill : [0,2516,com.tencent.tmgp.WePop,9,remove task]: system_server
05-16 14:18:11.880   920  2111 I wm_task_removed: [299,removeAppToken: last token]: system_server
05-16 14:18:11.880   920  2111 I wm_task_removed: [299,removeTask]: system_server
05-16 14:18:11.928   920   920 I notification_cancel_all: [1000,920,com.tencent.tmgp.WePop,0,0,0,5,NULL]: system_server
05-16 14:18:12.169   920  2113 I am_finish_activity: [0,392656202,297,com.coloros.filemanager/.Main,clear]: system_server
05-16 14:18:12.170   920  2113 I am_destroy_activity: [0,392656202,297,com.coloros.filemanager/.Main,finish-imm]: system_server
05-16 14:18:12.171   920  2113 I am_finish_activity: [0,848418415,297,com.coloros.filemanager/.view.browser.FileBrowserActivity,clear]: system_server
05-16 14:18:12.172   920  2113 I am_destroy_activity: [0,848418415,297,com.coloros.filemanager/.view.browser.FileBrowserActivity,finish-imm]: system_server
05-16 14:18:12.185   920  2113 I am_kill : [0,1257,com.coloros.filemanager,11,remove task]: system_server
05-16 14:18:12.214   920  2137 I wm_task_removed: [297,removeAppToken: last token]: system_server
05-16 14:18:12.215   920  2137 I wm_task_removed: [297,removeTask]: system_server
05-16 14:18:12.234   920   920 I notification_cancel_all: [1000,920,com.coloros.filemanager,0,0,0,5,NULL]: system_server
05-16 14:18:12.306   920  2233 I am_home_stack_moved: [0,1,0,0,intentActivityFound]: system_server
05-16 14:18:12.306   920  2233 I wm_task_moved: [300,1,1]: system_server
05-16 14:18:12.308   920  2233 I am_home_stack_moved: [0,1,0,0,bringingFoundTaskToFront]: system_server
05-16 14:18:12.308   920  2233 I wm_task_moved: [1,1,1]: system_server
05-16 14:18:12.310   920  2233 I am_pause_activity: [0,73766808,com.coloros.recents/.RecentsActivity]: system_server
05-16 14:18:12.311   920  2233 I am_task_to_front: [0,1]: system_server
05-16 14:18:12.311   920  2233 I am_new_intent: [0,279844958,1,com.oppo.launcher/.Launcher,android.intent.action.MAIN,NULL,NULL,274726912]: system_server
05-16 14:18:12.325 21986 21986 I am_on_paused_called: [0,com.coloros.recents.RecentsActivity]: com.coloros.recents
05-16 14:18:12.369   920  2161 I configuration_changed: 1152: system_server
05-16 14:18:12.409   920  2161 I am_restart_activity: [0,847771735,1,com.oppo.launcher/.Launcher]: system_server
05-16 14:18:12.411   920  2161 I am_home_stack_moved: [0,1,0,0,completeResume setFocusedActivity]: system_server
05-16 14:18:12.412   920  2161 I am_focused_activity: [0,com.oppo.launcher/.Launcher]: system_server
05-16 14:18:12.452   325   325 I sf_frame_dur: [com.coloros.recents/com.coloros.recents.RecentsActivity,20,2,1,2,3,0,0]: /system/bin/surfaceflinger
05-16 14:18:12.576   920   920 I notification_cancel: [1000,21899,com.android.systemui,2,NULL,0,0,0,8,NULL]: system_server
05-16 14:18:12.606 17418 17418 I am_on_paused_called: [0,com.android.contacts.DialtactsActivityAlias]: android.process.contacts
05-16 14:18:12.995 17418 17418 I am_on_resume_called: [0,com.android.contacts.DialtactsActivityAlias]: android.process.contacts
05-16 14:18:13.214  6466  6466 I am_on_resume_called: [0,com.oppo.launcher.Launcher]: com.oppo.launcher
05-16 14:18:13.484   920   958 I am_activity_launch_time: [0,847771735,com.oppo.launcher/.Launcher,1156,1156]: system_server
05-16 14:18:13.484   920   949 I am_finish_activity: [0,73766808,300,com.coloros.recents/.RecentsActivity,no-history]: system_server
05-16 14:18:13.708   920   946 I netstats_mobile_sample: [0,0,0,0,0,0,0,0,0,0,0,0,-1]: system_server
05-16 14:18:13.708   920   946 I netstats_wifi_sample: [258999414,1173444,121869416,682380,241550288,1143602,111467477,580748,241548904,1143597,111467373,580746,-1]: system_server
05-16 14:18:14.446   920  1106 I power_sleep_requested: 0: system_server
05-16 14:18:14.457   920   920 I power_screen_state: [0,2,0,0]: system_server
05-16 14:18:14.457   920   920 I screen_toggled: 0: system_server
05-16 14:18:14.460   920   920 I power_screen_broadcast_send: 1: system_server
05-16 14:18:14.510   920  2161 I am_pause_activity: [0,847771735,com.oppo.launcher/.Launcher]: system_server
05-16 14:18:14.561  6466  6466 I am_on_paused_called: [0,com.oppo.launcher.Launcher]: com.oppo.launcher
05-16 14:18:14.564   920   949 I am_focused_activity: [0,com.oppo.launcher/.Launcher]: system_server
05-16 14:18:14.564   920   949 I am_destroy_activity: [0,73766808,300,com.coloros.recents/.RecentsActivity,finish-idle]: system_server
05-16 14:18:14.577   920  2161 I wm_task_removed: [300,removeAppToken: last token]: system_server
05-16 14:18:14.577   920  2161 I wm_task_removed: [300,removeTask]: system_server
05-16 14:18:15.034   920   941 I am_proc_start: [0,19852,10076,com.nearme.romupdate,content provider,com.nearme.romupdate/.provider.db.RomUpdateContentProvider]: system_server
05-16 14:18:15.077   920  2233 I am_proc_bound: [0,19852,com.nearme.romupdate]: system_server
05-16 14:18:15.259   920   920 I power_screen_broadcast_done: [0,799,1]: system_server
05-16 14:18:44.105   920   950 I am_proc_start: [0,19905,10088,com.redteamobile.roaming,broadcast,com.redteamobile.roaming/.receiver.MccChangeReceiver]: system_server
05-16 14:18:44.140   920  2161 I am_proc_bound: [0,19905,com.redteamobile.roaming]: system_server
05-16 14:20:28.029   920  2161 I am_proc_died: [0,19905,com.redteamobile.roaming]: system_server
05-16 14:21:15.115   920  1099 I am_proc_start: [0,19942,1000,com.coloros.oppomorningsystem,service,com.coloros.oppomorningsystem/.OppoAutoClearService]: system_server
05-16 14:21:15.205   920  2163 I am_proc_bound: [0,19942,com.coloros.oppomorningsystem]: system_server
05-16 14:21:15.486   920   946 I netstats_mobile_sample: [0,0,0,0,0,0,0,0,0,0,0,0,-1]: system_server
05-16 14:21:15.487   920   946 I netstats_wifi_sample: [259000386,1173448,121870570,682388,241550624,1143604,111468561,580753,241549240,1143599,111468457,580751,-1]: system_server
05-16 14:21:16.155   920  2151 I battery_level: [99,4278,300]: system_server
05-16 14:21:21.685   920   963 I am_kill : [0,17418,android.process.contacts,1,stop com.android.contacts]: system_server
05-16 14:21:21.689   920   963 I am_schedule_service_restart: [0,com.android.contacts/.ColorAppServicesManagerClient,1000]: system_server
05-16 14:21:21.709   920   920 I notification_cancel_all: [1000,920,com.android.contacts,0,0,0,5,NULL]: system_server
05-16 14:21:21.765   920   966 I am_kill : [0,18392,com.coloros.weather.service,11,stop com.coloros.weather.service]: system_server
05-16 14:21:21.789   920   920 I notification_cancel_all: [1000,920,com.coloros.weather.service,0,0,0,5,NULL]: system_server
05-16 14:21:21.825   920   963 I am_kill : [0,17488,com.ted.number,11,stop com.ted.number]: system_server
05-16 14:21:21.861   920   920 I notification_cancel_all: [1000,920,com.ted.number,0,0,0,5,NULL]: system_server
05-16 14:21:21.893   920   966 I am_kill : [0,17395,com.coloros.simsettings,1,stop com.coloros.simsettings]: system_server
05-16 14:21:21.896   920   966 I am_schedule_service_restart: [0,com.coloros.simsettings/com.coloros.datamonitor.service.DataUsageService,1000]: system_server
05-16 14:21:21.896   920   966 I am_schedule_service_restart: [0,com.coloros.simsettings/.ColorAppServicesManagerClient,11000]: system_server
05-16 14:21:21.915   920   920 I notification_cancel_all: [1000,920,com.coloros.simsettings,0,0,0,5,NULL]: system_server
05-16 14:21:21.947   920  2113 I am_kill : [0,19548,com.coloros.datadialog,15,stop com.coloros.newsimdetect]: system_server
05-16 14:21:21.964   920   920 I notification_cancel_all: [1000,920,com.coloros.newsimdetect,0,0,0,5,NULL]: system_server
05-16 14:21:21.992   920   966 I am_kill : [0,17367,com.coloros.oppoguardelf,1,stop com.coloros.oppoguardelf]: system_server
05-16 14:21:21.994   920   966 I am_schedule_service_restart: [0,com.coloros.oppoguardelf/com.coloros.performance.service.FrameCollectService,1000]: system_server
05-16 14:21:21.995   920   966 I am_schedule_service_restart: [0,com.coloros.oppoguardelf/com.coloros.performance.service.FrameHandleService,11000]: system_server
05-16 14:21:21.995   920   966 I am_schedule_service_restart: [0,com.coloros.oppoguardelf/.OppoGuardElfService,20999]: system_server
05-16 14:21:21.995   920   966 I am_schedule_service_restart: [0,com.coloros.oppoguardelf/.ColorAppServicesManagerClient,30999]: system_server
05-16 14:21:22.019   920   920 I notification_cancel_all: [1000,920,com.coloros.oppoguardelf,0,0,0,5,NULL]: system_server
05-16 14:21:22.051   920  2186 I am_kill : [0,17344,com.coloros.exserviceui,1,stop com.coloros.exserviceui]: system_server
05-16 14:21:22.055   920  2186 I am_schedule_service_restart: [0,com.coloros.exserviceui/.OppoDragWindowService,1000]: system_server
05-16 14:21:22.055   920  2186 I am_schedule_service_restart: [0,com.coloros.exserviceui/.ColorAppServicesManagerClient,11000]: system_server
05-16 14:21:22.055   920  2186 I am_schedule_service_restart: [0,com.coloros.exserviceui/.OppoThreePointersShotService,21000]: system_server
05-16 14:21:22.073   920   920 I notification_cancel_all: [1000,920,com.coloros.exserviceui,0,0,0,5,NULL]: system_server
05-16 14:21:22.193   920   940 I am_proc_died: [0,17293,com.mediatek.nlpservice]: system_server
05-16 14:21:22.195   920   940 I am_schedule_service_restart: [0,com.mediatek.nlpservice/.NlpService,0]: system_server
05-16 14:21:22.222   920   940 I am_proc_start: [0,20027,10051,com.mediatek.nlpservice,restart,com.mediatek.nlpservice]: system_server
05-16 14:21:22.321   920  2137 I am_proc_start: [0,20051,10006,android.process.contacts,service,com.android.contacts/.ColorAppServicesManagerClient]: system_server
05-16 14:21:22.321   920  2233 I am_proc_bound: [0,20027,com.mediatek.nlpservice]: system_server
05-16 14:21:22.356   920   950 I am_proc_start: [0,20072,10073,com.coloros.speechassist,broadcast,com.coloros.speechassist/.DaemonService$ScreenStateReciver]: system_server
05-16 14:21:22.468   920   966 I am_proc_start: [0,20097,1000,com.coloros.simsettings,service,com.coloros.simsettings/.ColorAppServicesManagerClient]: system_server
05-16 14:21:22.496   920   961 I am_proc_bound: [0,20097,com.coloros.simsettings]: system_server
05-16 14:21:22.585   920  2161 I am_proc_start: [0,20122,1000,com.coloros.oppoguardelf,service,com.coloros.oppoguardelf/.ColorAppServicesManagerClient]: system_server
05-16 14:21:22.643   920  2111 I am_proc_start: [0,20142,1000,com.coloros.exserviceui,service,com.coloros.exserviceui/.ColorAppServicesManagerClient]: system_server
05-16 14:21:22.645   920   940 I am_proc_bound: [0,20122,com.coloros.oppoguardelf]: system_server
05-16 14:21:22.653   920   941 I am_proc_bound: [0,20142,com.coloros.exserviceui]: system_server
05-16 14:21:22.677   920  2186 I am_proc_bound: [0,20072,com.coloros.speechassist]: system_server
05-16 14:21:22.683   920  2151 I am_proc_bound: [0,20051,android.process.contacts]: system_server
05-16 14:21:22.835   920  2187 I am_kill : [0,19942,com.coloros.oppomorningsystem,8,stop com.coloros.oppomorningsystem]: system_server
05-16 14:21:22.837   920  2187 I am_schedule_service_restart: [0,com.coloros.oppomorningsystem/.OppoClearSystemService,1000]: system_server
05-16 14:21:22.837   920  2187 I am_schedule_service_restart: [0,com.coloros.oppomorningsystem/.OppoAutoClearService,1000]: system_server
05-16 14:21:22.857   920   920 I notification_cancel_all: [1000,920,com.coloros.oppomorningsystem,0,0,0,5,NULL]: system_server
05-16 14:21:23.755   920  2151 I am_proc_start: [0,20200,10054,com.ted.number,service,com.ted.number/.service.NumberService]: system_server
05-16 14:21:23.782   920   940 I am_proc_bound: [0,20200,com.ted.number]: system_server
05-16 14:21:24.054 20051 20051 I am_on_resume_called: [0,com.android.contacts.DialtactsActivityAlias]: android.process.contacts
05-16 14:28:29.118   920   950 I am_proc_start: [0,20282,10088,com.redteamobile.roaming,broadcast,com.redteamobile.roaming/.receiver.MccChangeReceiver]: system_server
05-16 14:28:29.167   920   940 I am_proc_bound: [0,20282,com.redteamobile.roaming]: system_server
05-16 14:29:14.120   920   920 I am_proc_start: [0,20313,10063,com.coloros.weather.service,service,com.coloros.weather.service/com.coloros.weather.logic.update.data.AutoUpdateWeatherService]: system_server
05-16 14:29:14.214   920  2161 I am_proc_bound: [0,20313,com.coloros.weather.service]: system_server
05-16 14:29:14.416   920  2151 I am_proc_died: [0,20282,com.redteamobile.roaming]: system_server
05-16 14:30:22.673   920   950 I am_proc_start: [0,20366,1000,com.coloros.datadialog,broadcast,com.coloros.newsimdetect/com.coloros.datadialog.DataConnectionReceiver]: system_server
05-16 14:30:22.712   920   941 I am_proc_bound: [0,20366,com.coloros.datadialog]: system_server
05-16 14:31:04.099   920   950 I am_proc_start: [0,20399,10088,com.redteamobile.roaming,broadcast,com.redteamobile.roaming/.receiver.MccChangeReceiver]: system_server
05-16 14:31:04.136   920  2151 I am_proc_bound: [0,20399,com.redteamobile.roaming]: system_server
05-16 14:32:34.188   920   961 I am_proc_died: [0,20399,com.redteamobile.roaming]: system_server
--------- beginning of main
05-16 14:32:50.633  4676  4676 I VoLTE IMCB: from rat type = 3, to ua rat = 11 imcb_rat_conv_to_ua (vendor/mediatek/proprietary/protect-app/external/volte/volte_imcb/sub_imcb/utility/src/imcb_rat_api.c, 113): /system/bin/volte_imcb
05-16 14:32:50.633  4676  4676 I VoLTE IMCB:  get cell id = '46001253E61A5406' imcb_rat_get_cell_id (vendor/mediatek/proprietary/protect-app/external/volte/volte_imcb/sub_imcb/utility/src/imcb_rat_api.c, 210): /system/bin/volte_imcb
05-16 14:32:50.633  4676  4676 D VoLTE IMCB: ENTER imcb_dump_REQ_3GPP_RAT_CHANGE_func (vendor/mediatek/proprietary/protect-app/external/volte/volte_imcb/sub_imcb/utility/src/imcb_dump_api.c, 94): /system/bin/volte_imcb
05-16 14:32:50.633  4676  4676 D VoLTE IMCB: msg->id                        =   0 imcb_dump_REQ_3GPP_RAT_CHANGE_func (vendor/mediatek/proprietary/protect-app/external/volte/volte_imcb/sub_imcb/utility/src/imcb_dump_api.c, 96): /system/bin/volte_imcb
05-16 14:32:50.633  4676  4676 D VoLTE IMCB: msg->old_rat_type              =  12 imcb_dump_REQ_3GPP_RAT_CHANGE_func (vendor/mediatek/proprietary/protect-app/external/volte/volte_imcb/sub_imcb/utility/src/imcb_dump_api.c, 97): /system/bin/volte_imcb
05-16 14:32:50.633  4676  4676 D VoLTE IMCB: msg->old_cell_id               = '4600026232CA9202' imcb_dump_REQ_3GPP_RAT_CHANGE_func (vendor/mediatek/proprietary/protect-app/external/volte/volte_imcb/sub_imcb/utility/src/imcb_dump_api.c, 98): /system/bin/volte_imcb
05-16 14:32:50.633  4676  4676 D VoLTE IMCB: msg->new_rat_type              =  11 imcb_dump_REQ_3GPP_RAT_CHANGE_func (vendor/mediatek/proprietary/protect-app/external/volte/volte_imcb/sub_imcb/utility/src/imcb_dump_api.c, 100): /system/bin/volte_imcb
05-16 14:32:50.633  4676  4676 D VoLTE IMCB: msg->new_cell_id               = '46001253E61A5406' imcb_dump_REQ_3GPP_RAT_CHANGE_func (vendor/mediatek/proprietary/protect-app/external/volte/volte_imcb/sub_imcb/utility/src/imcb_dump_api.c, 101): /system/bin/volte_imcb
05-16 14:32:50.633  4676  4676 D VoLTE IMCB: Pure Mesage Send dest=UA[3], msg_id=10013, len=140, IMCB_IMC_HEADER_FILE_VERNO=50, MSG_ID_IMC_IN_BEGIN=100000 imcb_send_to_COMM (vendor/mediatek/proprietary/protect-app/external/volte/volte_imcb/imcb_task/src/imcb_send_msg.c, 219): /system/bin/volte_imcb
05-16 14:32:50.633  4676  4676 D VoLTE IMCB: Event = 10013 send to 3 (0xaad31090): /system/bin/volte_imcb
05-16 14:32:50.633  4676  4676 D VoLTE IMCB: try to ignore Signal SIGPIPE: /system/bin/volte_imcb
05-16 14:32:50.633  4676  4676 D VoLTE IMCB: ENTER imcb_rat_chk_is_3gpp (vendor/mediatek/proprietary/protect-app/external/volte/volte_imcb/sub_imcb/utility/src/imcb_rat_api.c, 121): /system/bin/volte_imcb
05-16 14:32:50.633  4676  4676 D VoLTE IMCB: imc rat type = 128 is_3gpp ? 0 imcb_rat_chk_is_3gpp (vendor/mediatek/proprietary/protect-app/external/volte/volte_imcb/sub_imcb/utility/src/imcb_rat_api.c, 149): /system/bin/volte_imcb
05-16 14:32:50.633  4676  4676 D VoLTE IMCB: HEX DUMP len=3456: /system/bin/volte_imcb
05-16 14:32:50.633  4676  4676 D VoLTE IMCB: HEX DUMP (000):  0xC2 0x86 0x01 0x00 0xC1 0x32 0x02 0x00: /system/bin/volte_imcb
05-16 14:32:50.633  4676  4676 D VoLTE IMCB: HEX DUMP (008):  0x00 0x00 0x00 0x00 0x00 0x00 0x00 0x00: /system/bin/volte_imcb
05-16 14:32:50.634     0     0 W AEE     : some logs have been lost (4426 bytes estimated)
05-16 14:32:50.634  4676  4676 D VoLTE IMCB: old imc rat_type = 4 imcb_rat_update_change_3gpp_by_acct (vendor/mediatek/proprietary/protect-app/external/volte/volte_imcb/sub_imcb/utility/src/imcb_rat_api.c, 382): /system/bin/volte_imcb
05-16 14:32:50.634  4676  4676 D VoLTE IMCB: new imc rat_type = 3 imcb_rat_update_change_3gpp_by_acct (vendor/mediatek/proprietary/protect-app/external/volte/volte_imcb/sub_imcb/utility/src/imcb_rat_api.c, 383): /system/bin/volte_imcb
05-16 14:32:50.635  4676  4676 I VoLTE IMCB: from rat type = 4, to ua rat = 12 imcb_rat_conv_to_ua (vendor/mediatek/proprietary/protect-app/external/volte/volte_imcb/sub_imcb/utility/src/imcb_rat_api.c, 113): /system/bin/volte_imcb
05-16 14:32:50.635  4676  4676 I VoLTE IMCB:  get cell id = '4600026232CA9202' imcb_rat_get_cell_id (vendor/mediatek/proprietary/protect-app/external/volte/volte_imcb/sub_imcb/utility/src/imcb_rat_api.c, 210): /system/bin/volte_imcb
05-16 14:32:50.635  4676  4676 I VoLTE IMCB: from rat type = 3, to ua rat = 11 imcb_rat_conv_to_ua (vendor/mediatek/proprietary/protect-app/external/volte/volte_imcb/sub_imcb/utility/src/imcb_rat_api.c, 113): /system/bin/volte_imcb
05-16 14:32:50.635  4676  4676 I VoLTE IMCB:  get cell id = '46001253E61A5406' imcb_rat_get_cell_id (vendor/mediatek/proprietary/protect-app/external/volte/volte_imcb/sub_imcb/utility/src/imcb_rat_api.c, 210): /system/bin/volte_imcb
05-16 14:32:50.635  4676  4676 D VoLTE IMCB: ENTER imcb_dump_REQ_3GPP_RAT_CHANGE_func (vendor/mediatek/proprietary/protect-app/external/volte/volte_imcb/sub_imcb/utility/src/imcb_dump_api.c, 94): /system/bin/volte_imcb
05-16 14:32:50.635  4676  4676 D VoLTE IMCB: msg->id                        =   1 imcb_dump_REQ_3GPP_RAT_CHANGE_func (vendor/mediatek/proprietary/protect-app/external/volte/volte_imcb/sub_imcb/utility/src/imcb_dump_api.c, 96): /system/bin/volte_imcb
05-16 14:32:50.635  4676  4676 D VoLTE IMCB: msg->old_rat_type              =  12 imcb_dump_REQ_3GPP_RAT_CHANGE_func (vendor/mediatek/proprietary/protect-app/external/volte/volte_imcb/sub_imcb/utility/src/imcb_dump_api.c, 97): /system/bin/volte_imcb
05-16 14:32:50.635  4676  4676 D VoLTE IMCB: msg->old_cell_id               = '4600026232CA9202' imcb_dump_REQ_3GPP_RAT_CHANGE_func (vendor/mediatek/proprietary/protect-app/external/volte/volte_imcb/sub_imcb/utility/src/imcb_dump_api.c, 98): /system/bin/volte_imcb
05-16 14:32:50.635  4676  4676 D VoLTE IMCB: msg->new_rat_type              =  11 imcb_dump_REQ_3GPP_RAT_CHANGE_func (vendor/mediatek/proprietary/protect-app/external/volte/volte_imcb/sub_imcb/utility/src/imcb_dump_api.c, 100): /system/bin/volte_imcb
05-16 14:32:50.635  4676  4676 D VoLTE IMCB: msg->new_cell_id               = '46001253E61A5406' imcb_dump_REQ_3GPP_RAT_CHANGE_func (vendor/mediatek/proprietary/protect-app/external/volte/volte_imcb/sub_imcb/utility/src/imcb_dump_api.c, 101): /system/bin/volte_imcb
05-16 14:32:50.635  4676  4676 D VoLTE IMCB: Pure Mesage Send dest=UA[3], msg_id=10013, len=140, IMCB_IMC_HEADER_FILE_VERNO=50, MSG_ID_IMC_IN_BEGIN=100000 imcb_send_to_COMM (vendor/mediatek/proprietary/protect-app/external/volte/volte_imcb/imcb_task/src/imcb_send_msg.c, 219): /system/bin/volte_imcb
05-16 14:32:50.635  4676  4676 D VoLTE IMCB: Event = 10013 send to 3 (0xaad31090): /system/bin/volte_imcb
05-16 14:32:50.635  4676  4676 D VoLTE IMCB: try to ignore Signal SIGPIPE: /system/bin/volte_imcb
05-16 14:32:50.635  4676  4676 D VoLTE IMCB: ENTER imcb_rat_chk_is_3gpp (vendor/mediatek/proprietary/protect-app/external/volte/volte_imcb/sub_imcb/utility/src/imcb_rat_api.c, 121): /system/bin/volte_imcb
05-16 14:32:50.635  4676  4676 D VoLTE IMCB: imc rat type = 128 is_3gpp ? 0 imcb_rat_chk_is_3gpp (vendor/mediatek/proprietary/protect-app/external/volte/volte_imcb/sub_imcb/utility/src/imcb_rat_api.c, 149): /system/bin/volte_imcb
05-16 14:32:50.636  4675  4831 V VoLTE IF_SERVICE: [IFChannel] Service server read, type = 10013, size = 140, channel = 0xf687f000 (vendor/mediatek/proprietary/protect-app/external/volte/volte_core/src/interface/volte_service.c:180): /system/bin/volte_ua
05-16 14:32:50.636  4675  4831 I VoLTE Service: [Message]start;imcb;service;type = 10013 (vendor/mediatek/proprietary/protect-app/external/volte/volte_ua/src/service/service.c:90): /system/bin/volte_ua
05-16 14:32:50.636  4675  4831 D VoLTE Service: send VOLTE_REQ_3GPP_RAT_CHANGE (vendor/mediatek/proprietary/protect-app/external/volte/volte_ua/src/service/service.c:333): /system/bin/volte_ua
05-16 14:32:50.636  4675  4831 V VoLTE IF_CORE: [VoLTEStack] Send Msg, type = 91024, len = 140, channel = 0xf68600c0 (vendor/mediatek/proprietary/protect-app/external/volte/volte_core/src/interface/volte_stack.c:1295): /system/bin/volte_ua
05-16 14:32:50.636  4675  4831 I VoLTE Service: [Message]end;service;type = 10013 (vendor/mediatek/proprietary/protect-app/external/volte/volte_ua/src/service/service.c:783): /system/bin/volte_ua
05-16 14:32:50.636  4675  4831 V VoLTE IF_SERVICE: [IFChannel] Service server read, type = 10013, size = 140, channel = 0xf687f000, done (vendor/mediatek/proprietary/protect-app/external/volte/volte_core/src/interface/volte_service.c:182): /system/bin/volte_ua
05-16 14:32:50.636  4675  4831 V VoLTE IF_SERVICE: [IFChannel] Service server read, type = 10013, size = 140, channel = 0xf687f000 (vendor/mediatek/proprietary/protect-app/external/volte/volte_core/src/interface/volte_service.c:180): /system/bin/volte_ua
05-16 14:32:50.636  4675  4831 I VoLTE Service: [Message]start;imcb;service;type = 10013 (vendor/mediatek/proprietary/protect-app/external/volte/volte_ua/src/service/service.c:90): /system/bin/volte_ua
05-16 14:32:50.636  4675  4831 D VoLTE Service: send VOLTE_REQ_3GPP_RAT_CHANGE (vendor/mediatek/proprietary/protect-app/external/volte/volte_ua/src/service/service.c:333): /system/bin/volte_ua
05-16 14:32:50.636  4675  4831 V VoLTE IF_CORE: [VoLTEStack] Send Msg, type = 91024, len = 140, channel = 0xf68600c0 (vendor/mediatek/proprietary/protect-app/external/volte/volte_core/src/interface/volte_stack.c:1295): /system/bin/volte_ua
05-16 14:32:50.636  4675  4831 I VoLTE Service: [Message]end;service;type = 10013 (vendor/mediatek/proprietary/protect-app/external/volte/volte_ua/src/service/service.c:783): /system/bin/volte_ua
05-16 14:32:50.636  4675  4831 V VoLTE IF_SERVICE: [IFChannel] Service server read, type = 10013, size = 140, channel = 0xf687f000, done (vendor/mediatek/proprietary/protect-app/external/volte/volte_core/src/interface/volte_service.c:182): /system/bin/volte_ua
05-16 14:32:50.636  4673  4690 V VoLTE IF_CORE: [IFChannel] Stack server read, type = 91024, size = 140, channel = 0xf6494024 (vendor/mediatek/proprietary/protect-app/external/volte/volte_core/src/interface/volte_stack.c:1348): /system/bin/volte_stack
05-16 14:32:50.637  4673  4690 I VoLTE DISP: [Message]start;service;dispatcher;type = 91024 (vendor/mediatek/proprietary/protect-app/external/volte/volte_stack/src/dispatcher/dispatcher.c:200): /system/bin/volte_stack
05-16 14:32:50.637  4673  4690 D VoLTE DISP: Send the 91024 message to reg ua (vendor/mediatek/proprietary/protect-app/external/volte/volte_stack/src/dispatcher/dispatcher.c:1308): /system/bin/volte_stack
05-16 14:32:50.637  4673  4690 V VoLTE IF_CORE: [VoLTEStack] Send Msg by channel, type = 91024, len = 140, channel = 0xf6484000 (vendor/mediatek/proprietary/protect-app/external/volte/volte_core/src/interface/volte_stack.c:1316): /system/bin/volte_stack
05-16 14:32:50.637  4673  4690 I VoLTE DISP: [Message]end;dispatcher;type = 91024 (vendor/mediatek/proprietary/protect-app/external/volte/volte_stack/src/dispatcher/dispatcher.c:1370): /system/bin/volte_stack
05-16 14:32:50.637  4673  4690 V VoLTE IF_CORE: [IFChannel] Stack server read, type = 91024, size = 140, channel = 0xf6494024, done (vendor/mediatek/proprietary/protect-app/external/volte/volte_core/src/interface/volte_stack.c:1354): /system/bin/volte_stack
05-16 14:32:50.637  4673  4690 V VoLTE IF_CORE: [IFChannel] Stack server read, type = 91024, size = 140, channel = 0xf6494024 (vendor/mediatek/proprietary/protect-app/external/volte/volte_core/src/interface/volte_stack.c:1348): /system/bin/volte_stack
05-16 14:32:50.637  4673  4690 I VoLTE DISP: [Message]start;service;dispatcher;type = 91024 (vendor/mediatek/proprietary/protect-app/external/volte/volte_stack/src/dispatcher/dispatcher.c:200): /system/bin/volte_stack
05-16 14:32:50.637  4673  4690 D VoLTE DISP: Send the 91024 message to reg ua (vendor/mediatek/proprietary/protect-app/external/volte/volte_stack/src/dispatcher/dispatcher.c:1308): /system/bin/volte_stack
05-16 14:32:50.637  4673  4690 V VoLTE IF_CORE: [VoLTEStack] Send Msg by channel, type = 91024, len = 140, channel = 0xf6484000 (vendor/mediatek/proprietary/protect-app/external/volte/volte_core/src/interface/volte_stack.c:1316): /system/bin/volte_stack
05-16 14:32:50.637  4673  4690 I VoLTE DISP: [Message]end;dispatcher;type = 91024 (vendor/mediatek/proprietary/protect-app/external/volte/volte_stack/src/dispatcher/dispatcher.c:1370): /system/bin/volte_stack
05-16 14:32:50.637  4673  4690 V VoLTE IF_CORE: [IFChannel] Stack server read, type = 91024, size = 140, channel = 0xf6494024, done (vendor/mediatek/proprietary/protect-app/external/volte/volte_core/src/interface/volte_stack.c:1354): /system/bin/volte_stack
05-16 14:32:50.637  4675  4827 I VoLTE UA: [Message]start;service;call;type = 10013 (vendor/mediatek/proprietary/protect-app/external/volte/volte_ua/src/call/acct.c:2303): /system/bin/volte_ua
05-16 14:32:50.637  4675  4827 V VoLTE UA: VOLTE_REQ_3GPP_RAT_CHANGE enter (vendor/mediatek/proprietary/protect-app/external/volte/volte_ua/src/call/acct.c:2445): /system/bin/volte_ua
05-16 14:32:50.637  4675  4827 D VoLTE UA: use new 3gpp info: net_type(11), cell_id(46001253E61A5406) (vendor/mediatek/proprietary/protect-app/external/volte/volte_ua/src/call/acct.c:2467): /system/bin/volte_ua
05-16 14:32:50.637  4675  4827 V VoLTE UA: VOLTE_REQ_3GPP_RAT_CHANGE exit (vendor/mediatek/proprietary/protect-app/external/volte/volte_ua/src/call/acct.c:2476): /system/bin/volte_ua
05-16 14:32:50.637  4675  4827 I VoLTE UA: [Message]end;call;type = 10013 (vendor/mediatek/proprietary/protect-app/external/volte/volte_ua/src/call/acct.c:4434): /system/bin/volte_ua
05-16 14:32:50.637  4675  4827 I VoLTE UA: [Message]start;service;call;type = 10013 (vendor/mediatek/proprietary/protect-app/external/volte/volte_ua/src/call/acct.c:2303): /system/bin/volte_ua
05-16 14:32:50.637  4675  4827 V VoLTE UA: VOLTE_REQ_3GPP_RAT_CHANGE enter (vendor/mediatek/proprietary/protect-app/external/volte/volte_ua/src/call/acct.c:2445): /system/bin/volte_ua
05-16 14:32:50.637  4675  4827 D VoLTE UA: use new 3gpp info: net_type(11), cell_id(46001253E61A5406) (vendor/mediatek/proprietary/protect-app/external/volte/volte_ua/src/call/acct.c:2467): /system/bin/volte_ua
05-16 14:32:50.637  4675  4827 V VoLTE UA: VOLTE_REQ_3GPP_RAT_CHANGE exit (vendor/mediatek/proprietary/protect-app/external/volte/volte_ua/src/call/acct.c:2476): /system/bin/volte_ua
05-16 14:32:50.637  4675  4827 I VoLTE UA: [Message]end;call;type = 10013 (vendor/mediatek/proprietary/protect-app/external/volte/volte_ua/src/call/acct.c:4434): /system/bin/volte_ua
05-16 14:32:50.637  4675  4829 I VoLTE SMS: [Message]start;service;sms;type = 10013 (vendor/mediatek/proprietary/protect-app/external/volte/volte_ua/src/sms/sms.c:1971): /system/bin/volte_ua
05-16 14:32:50.637  4675  4829 V VoLTE SMS: VOLTE_REQ_3GPP_RAT_CHANGE enter (vendor/mediatek/proprietary/protect-app/external/volte/volte_ua/src/sms/sms.c:1570): /system/bin/volte_ua
05-16 14:32:50.637  4675  4829 D VoLTE SMS: use new 3gpp info: net_type(11), cell_id(46001253E61A5406) (vendor/mediatek/proprietary/protect-app/external/volte/volte_ua/src/sms/sms.c:1585): /system/bin/volte_ua
05-16 14:32:50.637  4675  4829 V VoLTE SMS: VOLTE_REQ_3GPP_RAT_CHANGE exit (vendor/mediatek/proprietary/protect-app/external/volte/volte_ua/src/sms/sms.c:1594): /system/bin/volte_ua
05-16 14:32:50.637  4675  4829 I VoLTE SMS: [Message]end;sms;type = 10013 (vendor/mediatek/proprietary/protect-app/external/volte/volte_ua/src/sms/sms.c:1973): /system/bin/volte_ua
05-16 14:32:50.637  4675  4829 I VoLTE SMS: [Message]start;service;sms;type = 10013 (vendor/mediatek/proprietary/protect-app/external/volte/volte_ua/src/sms/sms.c:1971): /system/bin/volte_ua
05-16 14:32:50.637  4675  4829 V VoLTE SMS: VOLTE_REQ_3GPP_RAT_CHANGE enter (vendor/mediatek/proprietary/protect-app/external/volte/volte_ua/src/sms/sms.c:1570): /system/bin/volte_ua
05-16 14:32:50.637  4675  4829 D VoLTE SMS: use new 3gpp info: net_type(11), cell_id(46001253E61A5406) (vendor/mediatek/proprietary/protect-app/external/volte/volte_ua/src/sms/sms.c:1585): /system/bin/volte_ua
05-16 14:32:50.638  4675  4829 V VoLTE SMS: VOLTE_REQ_3GPP_RAT_CHANGE exit (vendor/mediatek/proprietary/protect-app/external/volte/volte_ua/src/sms/sms.c:1594): /system/bin/volte_ua
05-16 14:32:50.638  4675  4829 I VoLTE SMS: [Message]end;sms;type = 10013 (vendor/mediatek/proprietary/protect-app/external/volte/volte_ua/src/sms/sms.c:1973): /system/bin/volte_ua
05-16 14:32:50.638  4673  4695 V VoLTE IF_CORE: [IFChannel] Stack client read, type = 91024, size = 140, stack = 0xf64830b0 (vendor/mediatek/proprietary/protect-app/external/volte/volte_core/src/interface/volte_stack.c:100): /system/bin/volte_stack
05-16 14:32:50.638  4673  4695 V VoLTE IF_CORE: [IFChannel] Stack client read, type = 91024, size = 140, stack = 0xf64830b0 - completed (vendor/mediatek/proprietary/protect-app/external/volte/volte_core/src/interface/volte_stack.c:180): /system/bin/volte_stack
05-16 14:32:50.638  4673  4695 V VoLTE IF_CORE: [IFChannel] Stack client read, type = 91024, size = 140, stack = 0xf64830b0 (vendor/mediatek/proprietary/protect-app/external/volte/volte_core/src/interface/volte_stack.c:100): /system/bin/volte_stack
05-16 14:32:50.638  4673  4695 V VoLTE IF_CORE: [IFChannel] Stack client read, type = 91024, size = 140, stack = 0xf64830b0 - completed (vendor/mediatek/proprietary/protect-app/external/volte/volte_core/src/interface/volte_stack.c:180): /system/bin/volte_stack
05-16 14:32:50.638  4673  4694 V VoLTE IF_CORE: [IFMsgq] Msg read type = 91024 (0xf64391a0), obj = 0xf64830b0, channel = 0xf6470100 (4673/4694) (vendor/mediatek/proprietary/protect-app/external/volte/volte_core/src/interface/volte_stack.c:203): /system/bin/volte_stack
05-16 14:32:50.638  4673  4694 I VoLTE REG: [Message]start;dispatcher;reg;type = 91024 (vendor/mediatek/proprietary/protect-app/external/volte/volte_stack/src/reg/reg.c:5598): /system/bin/volte_stack
05-16 14:32:50.638  4673  4694 D VoLTE REG: get VOLTE_REQ_SIPTX_REG_3GPP_RAT_CHANGE (vendor/mediatek/proprietary/protect-app/external/volte/volte_stack/src/reg/reg.c:6661): /system/bin/volte_stack
05-16 14:32:50.638  4673  4694 D VoLTE REG: use new 3gpp info: net_type(11), cell_id(46001253E61A5406) (vendor/mediatek/proprietary/protect-app/external/volte/volte_stack/src/reg/reg.c:6673): /system/bin/volte_stack
05-16 14:32:50.638  4673  4694 I VoLTE REG: [Message]end;reg;type = 91024 (vendor/mediatek/proprietary/protect-app/external/volte/volte_stack/src/reg/reg.c:6719): /system/bin/volte_stack
05-16 14:32:50.638  4673  4694 V VoLTE IF_CORE: [IFMsgq] Msg read type = 91024 - completed (0xf64391a0) (vendor/mediatek/proprietary/protect-app/external/volte/volte_core/src/interface/volte_stack.c:313): /system/bin/volte_stack
05-16 14:32:50.638  4673  4694 V VoLTE IF_CORE: [IFMsgq] Msg read type = 91024 (0xf64391a0), obj = 0xf64830b0, channel = 0xf6470100 (4673/4694) (vendor/mediatek/proprietary/protect-app/external/volte/volte_core/src/interface/volte_stack.c:203): /system/bin/volte_stack
05-16 14:32:50.638  4673  4694 I VoLTE REG: [Message]start;dispatcher;reg;type = 91024 (vendor/mediatek/proprietary/protect-app/external/volte/volte_stack/src/reg/reg.c:5598): /system/bin/volte_stack
05-16 14:32:50.638  4673  4694 D VoLTE REG: get VOLTE_REQ_SIPTX_REG_3GPP_RAT_CHANGE (vendor/mediatek/proprietary/protect-app/external/volte/volte_stack/src/reg/reg.c:6661): /system/bin/volte_stack
05-16 14:32:50.638  4673  4694 D VoLTE REG: use new 3gpp info: net_type(11), cell_id(46001253E61A5406) (vendor/mediatek/proprietary/protect-app/external/volte/volte_stack/src/reg/reg.c:6673): /system/bin/volte_stack
05-16 14:32:50.638  4673  4694 I VoLTE REG: [Message]end;reg;type = 91024 (vendor/mediatek/proprietary/protect-app/external/volte/volte_stack/src/reg/reg.c:6719): /system/bin/volte_stack
05-16 14:32:50.638  4673  4694 V VoLTE IF_CORE: [IFMsgq] Msg read type = 91024 - completed (0xf64391a0) (vendor/mediatek/proprietary/protect-app/external/volte/volte_core/src/interface/volte_stack.c:313): /system/bin/volte_stack
05-16 14:32:50.686   920   950 I am_proc_start: [0,20435,10088,com.redteamobile.roaming,broadcast,com.redteamobile.roaming/.receiver.MccChangeReceiver]: system_server
05-16 14:32:50.688   920   949 D usage_raw_part: write content:current_data_size = 1023: system_server
05-16 14:32:50.688   920   949 D usage_raw_part: write content:dataContentBuffer = com.redteamobile.roaming|2019-05-16 14:32:50: system_server
05-16 14:32:50.688   920   949 D usage_raw_part: write content:current_item_index = 329: system_server
05-16 14:32:50.688   920   949 D usage_raw_part: write content:maxItemSize = 1023: system_server
05-16 14:32:50.688   920   949 D usage_raw_part: write content in replace mode, current index:329: system_server
05-16 14:32:50.689   920   949 D usage_raw_part: write content in replace mode, save item content res:44: system_server
05-16 14:32:50.689   920   949 D usage_raw_part: write content in replace mode, save new item index res:32: system_server
05-16 14:32:50.721   920  2163 I am_proc_bound: [0,20435,com.redteamobile.roaming]: system_server
05-16 14:32:50.747   378   378 D PSD     : prox disable: /system/bin/psensord
05-16 14:32:50.820 20435 20435 D MPlugin : createInstance(): Begin = 214602633: com.redteamobile.roaming
05-16 14:32:50.820 20435 20435 D MPlugin : create Instance (two parameters) with : com.mediatek.common.telephony.IOnlyOwnerSimSupport: com.redteamobile.roaming
05-16 14:32:50.820 20435 20435 D MPlugin : Clazz exists on mapping table : false: com.redteamobile.roaming
05-16 14:32:50.820 20435 20435 E MPlugin : Unsupported class: com.mediatek.common.telephony.IOnlyOwnerSimSupport: com.redteamobile.roaming
05-16 14:32:50.820 20435 20435 D MPlugin : createInstance(): End = 214602633: com.redteamobile.roaming
05-16 14:32:50.825 20435 20435 W ContextImpl: Failed to ensure directory: /storage/sdcard1/Android/data/com.redteamobile.roaming/cache, /storage/sdcard1 has not mounted right now: com.redteamobile.roaming
05-16 14:32:50.825 20435 20435 W ContextImpl: Failed to ensure directory: /storage/sdcard1/Android/data/com.redteamobile.roaming/cache: com.redteamobile.roaming
05-16 14:32:50.825 20435 20435 D FileUtils: getCacheDir() called with: /storage/emulated/0/Android/data/com.redteamobile.roaming/cache: com.redteamobile.roaming
05-16 14:32:50.832 20435 20435 D WifiManager: Enter init, sThreadRefCount:0: com.redteamobile.roaming
05-16 14:32:50.833   920   941 W System.err: java.lang.SecurityException: WifiService: Neither user 10088 nor current process has android.permission.CHANGE_WIFI_STATE.: system_server
05-16 14:32:50.833   920   941 W System.err: 	at android.app.ContextImpl.enforce(ContextImpl.java:2153): system_server
05-16 14:32:50.833   920   941 W System.err: 	at android.app.ContextImpl.enforceCallingOrSelfPermission(ContextImpl.java:2182): system_server
05-16 14:32:50.833   920   941 W System.err: 	at com.android.server.wifi.WifiServiceImpl.enforceChangePermission(WifiServiceImpl.java:799): system_server
05-16 14:32:50.833   920   941 W System.err: 	at com.android.server.wifi.WifiServiceImpl.getWifiServiceMessenger(WifiServiceImpl.java:1599): system_server
05-16 14:32:50.833   920   941 W System.err: 	at android.net.wifi.IWifiManager$Stub.onTransact(IWifiManager.java:483): system_server
05-16 14:32:50.833   920   941 W System.err: 	at android.os.Binder.execTransact(Binder.java:451): system_server
05-16 14:32:50.841 20435 20435 E WifiManager: mWifiServiceMessenger == null: com.redteamobile.roaming
05-16 14:32:50.867 20435 20435 E Global  : slotId:0 subId:-2: com.redteamobile.roaming
05-16 14:32:50.870 20435 20435 D Global  : registerPhoneStateListener0: com.redteamobile.roaming
05-16 14:32:50.879 20435 20435 E Global  : slotId:1 subId:-3: com.redteamobile.roaming
05-16 14:32:50.880 20435 20435 D Global  : registerPhoneStateListener1: com.redteamobile.roaming
05-16 14:32:50.889 20435 20435 I MccChangeReceiver: onReceive() activity background: com.redteamobile.roaming
05-16 14:32:50.890 20435 20435 D MccChangeReceiver: checkMcc: mcc change same as before: com.redteamobile.roaming
05-16 14:32:50.894 20435 20435 D Global  : unregisterPhoneSignalListener0: com.redteamobile.roaming
05-16 14:32:50.896 20435 20435 D Global  : unregisterPhoneSignalListener1: com.redteamobile.roaming
05-16 14:32:50.900 20435 20435 E Global  : slotId:0 subId:-2: com.redteamobile.roaming
05-16 14:32:50.900 20435 20435 D Global  : registerPhoneStateListener0: com.redteamobile.roaming
05-16 14:32:50.909 20435 20435 E Global  : slotId:1 subId:-3: com.redteamobile.roaming
05-16 14:32:50.910 20435 20435 D Global  : registerPhoneStateListener1: com.redteamobile.roaming
05-16 14:32:51.460   379   412 D         : charger_monitor log_has_update will be set false: /system/bin/bspCriticalLog
05-16 14:32:51.759   332   332 E ccci_fsd(3): Failed to read from FS device (-1) !! errno = 4: /system/bin/ccci_fsd
05-16 14:32:51.759   330   330 E ccci_fsd(1): Failed to read from FS device (-1) !! errno = 4: /system/bin/ccci_fsd
05-16 14:32:51.760  4676  4833 E VoLTE IMCB: RECEIVE error code: EINTR, Need to retry: /system/bin/volte_imcb
05-16 14:32:51.880   378   378 D PSD     : prox disable: /system/bin/psensord
05-16 14:32:52.136   330   330 E ccci_fsd(1): Failed to read from FS device (-1) !! errno = 4: /system/bin/ccci_fsd
05-16 14:32:52.139  4676  4833 E VoLTE IMCB: RECEIVE error code: EINTR, Need to retry: /system/bin/volte_imcb
05-16 14:32:52.139   332   332 E ccci_fsd(3): Failed to read from FS device (-1) !! errno = 4: /system/bin/ccci_fsd
05-16 14:32:52.257   378   378 D PSD     : prox disable: /system/bin/psensord
05-16 14:34:21.046   330   330 E ccci_fsd(1): Failed to read from FS device (-1) !! errno = 4: /system/bin/ccci_fsd
05-16 14:34:21.047   332   332 E ccci_fsd(3): Failed to read from FS device (-1) !! errno = 4: /system/bin/ccci_fsd
05-16 14:34:21.051  4676  4833 E VoLTE IMCB: RECEIVE error code: EINTR, Need to retry: /system/bin/volte_imcb
05-16 14:34:21.051  4676  4833 D VoLTE IMCB: receive the nessage from IMC: /system/bin/volte_imcb
05-16 14:34:21.051  4676  4833 D VoLTE IMCB: receive the nessage from IMC: /system/bin/volte_imcb
05-16 14:34:21.055  4676  4676 D VoLTE IMCB: HEX DUMP len=3456: /system/bin/volte_imcb
05-16 14:34:21.056  4676  4676 D VoLTE IMCB: HEX DUMP (000):  0xBE 0x86 0x01 0x00 0xC2 0x32 0x02 0x00: /system/bin/volte_imcb
05-16 14:34:21.056  4676  4676 D VoLTE IMCB: HEX DUMP (008):  0x00 0x00 0x00 0x00 0x00 0x00 0x00 0x00: /system/bin/volte_imcb
05-16 14:34:21.056  4676  4676 D VoLTE IMCB: HEX DUMP (016):  0x04 0x00 0x00 0x00 0x00 0x00 0x00 0x00: /system/bin/volte_imcb
05-16 14:34:21.056  4676  4676 D VoLTE IMCB: HEX DUMP (024):  0x00 0x00 0x00 0x00 0x00 0x00 0x00 0x00: /system/bin/volte_imcb
05-16 14:34:21.056  4676  4676 D VoLTE IMCB: HEX DUMP (032):  0x00 0x00 0x00 0x00 0x00 0x00 0x00 0x00: /system/bin/volte_imcb
05-16 14:34:21.056  4676  4676 D VoLTE IMCB: HEX DUMP (040):  0x00 0x00 0x00 0x00 0x00 0x00 0x00 0x00: /system/bin/volte_imcb
05-16 14:34:21.056  4676  4676 D VoLTE IMCB: HEX DUMP (048):  0x00 0x00 0x00 0x00 0x00 0x00 0x00 0x00: /system/bin/volte_imcb
05-16 14:34:21.056  4676  4676 D VoLTE IMCB: HEX DUMP (056):  0x00 0x00 0x00 0x00 0x00 0x00 0x00 0x00: /system/bin/volte_imcb
05-16 14:34:21.056  4676  4676 D VoLTE IMCB: HEX DUMP (064):  0x00 0x00 0x00 0x00 0x00 0x00 0x00 0x00: /system/bin/volte_imcb
05-16 14:34:21.056  4676  4676 D VoLTE IMCB: HEX DUMP (072):  0x00 0x00 0x00 0x00 0x00 0x00 0x00 0x00: /system/bin/volte_imcb
05-16 14:34:21.056  4676  4676 D VoLTE IMCB: HEX DUMP (080):  0x00 0x00 0x00 0x00 0x00 0x00 0x00 0x00: /system/bin/volte_imcb
05-16 14:34:21.056  4676  4676 D VoLTE IMCB: HEX DUMP (088):  0x00 0x00 0x00 0x00 0x00 0x00 0x00 0x00: /system/bin/volte_imcb
05-16 14:34:21.056  4676  4676 D VoLTE IMCB: HEX DUMP (096):  0x00 0x00 0x00 0x00 0x00 0x00 0x00 0x00: /system/bin/volte_imcb
05-16 14:34:21.056  4676  4676 D VoLTE IMCB: HEX DUMP (104):  0x00 0x00 0x00 0x00 0x00 0x00 0x00 0x00: /system/bin/volte_imcb
05-16 14:34:21.071  4676  4676 D VoLTE IMCB: HEX DUMP (112):  0x00 0x00 0x00 0x00 0x00 0x00 0x00 0x00: /system/bin/volte_imcb
05-16 14:34:21.071  4676  4676 D VoLTE IMCB: HEX DUMP (120):  0x00 0x00 0x00 0x00 0x00 0x00 0x00 0x00: /system/bin/volte_imcb
05-16 14:34:21.071  4676  4676 D VoLTE IMCB: HEX DUMP (128):  0x00 0x00 0x00 0x00 0x00 0x00 0x00 0x00: /system/bin/volte_imcb
05-16 14:34:21.071  4676  4676 D VoLTE IMCB: HEX DUMP (136):  0x00 0x00 0x00 0x00 0x00 0x00 0x00 0x00: /system/bin/volte_imcb
05-16 14:34:21.071  4676  4676 D VoLTE IMCB: HEX DUMP (144):  0x00 0x00 0x00 0x00 0x00 0x00 0x00 0x00: /system/bin/volte_imcb
05-16 14:34:21.071  4676  4676 D VoLTE IMCB: HEX DUMP (152):  0x00 0x00 0x00 0x00 0x00 0x00 0x00 0x00: /system/bin/volte_imcb
