05-16 12:12:52.827   920  2137 I am_resume_activity: [0,222054495,298,com.android.packageinstaller/.InstallAppProgress]: system_server
05-16 12:12:52.845   920  2137 I am_focused_activity: [0,com.android.packageinstaller/.InstallAppProgress]: system_server
05-16 12:12:52.847 32602 32602 I am_on_resume_called: [0,com.android.packageinstaller.InstallAppProgress]: com.android.packageinstaller
05-16 12:12:52.892   325   325 I sf_frame_dur: [Keyguard,110,2,1,0,1,0,0]: /system/bin/surfaceflinger
05-16 12:12:55.264   920  2113 I am_proc_died: [0,2004,com.android.keyguard]: system_server
05-16 12:12:55.271   920  2113 I am_schedule_service_restart: [0,com.android.keyguard/.KeyguardService,0]: system_server
05-16 12:12:55.312   920  2113 I am_proc_start: [0,2221,10005,com.android.keyguard,restart,com.android.keyguard]: system_server
05-16 12:12:55.373   920   940 I am_proc_bound: [0,2221,com.android.keyguard]: system_server
05-16 12:13:07.348   920  1033 I unknown_sources_enabled: 1: system_server
05-16 12:13:07.417   920   920 I notification_cancel_all: [1000,920,com.tencent.tmgp.WePop,0,0,0,5,NULL]: system_server
05-16 12:13:07.486   920   950 I am_proc_start: [0,2316,10069,com.svox.pico,broadcast,com.svox.pico/.VoiceDataInstallerReceiver]: system_server
05-16 12:13:07.528   920   963 I am_proc_bound: [0,2316,com.svox.pico]: system_server
05-16 12:13:07.679   920   950 I am_proc_start: [0,2341,10081,com.coloros.lives,broadcast,com.coloros.lives/.basefunction.ui.common.DownLoadReceiver]: system_server
05-16 12:13:07.741   920  2187 I am_proc_bound: [0,2341,com.coloros.lives]: system_server
05-16 12:13:07.780   920   950 I am_proc_start: [0,2367,10062,com.android.browser,broadcast,com.android.browser/com.oppo.browser.downloads.provider.DownloadReceiver]: system_server
05-16 12:13:07.794   920   966 I am_proc_bound: [0,2367,com.android.browser]: system_server
05-16 12:13:07.801   920   966 I am_kill : [0,30953,com.coloros.speechassist,15,empty #17]: system_server
05-16 12:13:07.886   920  2161 I am_proc_died: [0,30953,com.coloros.speechassist]: system_server
05-16 12:13:08.154   920  2113 I notification_cancel_all: [1000,920,com.tencent.tmgp.WePop,0,0,0,7,NULL]: system_server
05-16 12:13:08.382   920  2161 I am_proc_start: [0,2424,10067,com.oppo.market:dcs,service,com.oppo.market/com.oppo.statistics.upload.UploadService]: system_server
05-16 12:13:08.417   920  2151 I am_proc_bound: [0,2424,com.oppo.market:dcs]: system_server
05-16 12:13:08.704   920  2163 I am_proc_start: [0,2450,10062,com.android.browser:GuardService,content provider,com.android.browser/com.qihoo360.replugin.component.process.ProcessPitProviderPersist]: system_server
05-16 12:13:09.024   920  2161 I am_proc_bound: [0,2450,com.android.browser:GuardService]: system_server
05-16 12:13:11.429   920   941 I netstats_mobile_sample: [0,0,0,0,0,0,0,0,0,0,0,0,-1]: system_server
05-16 12:13:11.430   920   941 I netstats_wifi_sample: [255112967,1162183,119256723,666526,237846339,1132878,109074072,567672,237844955,1132873,109073968,567670,-1]: system_server
05-16 12:13:11.820   920   961 I am_kill : [0,31889,com.coloros.datadialog,15,empty #17]: system_server
05-16 12:13:11.886   920   946 I am_proc_died: [0,31889,com.coloros.datadialog]: system_server
05-16 12:13:13.826   920   949 I notification_cancel_all: [1000,920,com.nearme.gamecenter,0,0,64,9,NULL]: system_server
05-16 12:13:14.972   920   920 I free_storage_changed: 7159304192: system_server
05-16 12:13:15.209   920  2187 I am_home_stack_moved: [0,0,1,1,startingNewTask]: system_server
05-16 12:13:15.209   920  2187 I wm_task_moved: [298,1,1]: system_server
05-16 12:13:15.211   920  2187 I am_create_task: [0,299]: system_server
05-16 12:13:15.211   920  2187 I am_create_activity: [0,955621760,299,com.tencent.tmgp.WePop/com.tencent.ifm.MainActivity,android.intent.action.MAIN,NULL,NULL,268435456]: system_server
05-16 12:13:15.211   920  2187 I wm_task_created: [299,1]: system_server
05-16 12:13:15.211   920  2187 I wm_task_moved: [299,1,2]: system_server
05-16 12:13:15.229   920  2187 I am_pause_activity: [0,222054495,com.android.packageinstaller/.InstallAppProgress]: system_server
05-16 12:13:15.230   920  2187 I am_home_stack_moved: [0,0,1,1,startedActivity setFocusedActivity]: system_server
05-16 12:13:15.231   920  2187 I am_focused_activity: [0,com.tencent.tmgp.WePop/com.tencent.ifm.MainActivity]: system_server
05-16 12:13:15.232   920  2232 I am_finish_activity: [0,222054495,298,com.android.packageinstaller/.InstallAppProgress,app-request]: system_server
05-16 12:13:15.233 32602 32602 I am_on_paused_called: [0,com.android.packageinstaller.InstallAppProgress]: com.android.packageinstaller
05-16 12:13:15.267   920  2137 I am_proc_start: [0,2516,10518,com.tencent.tmgp.WePop,activity,com.tencent.tmgp.WePop/com.tencent.ifm.MainActivity]: system_server
05-16 12:13:15.362   920  2163 I am_proc_bound: [0,2516,com.tencent.tmgp.WePop]: system_server
05-16 12:13:15.367   920  2163 I am_restart_activity: [0,955621760,299,com.tencent.tmgp.WePop/com.tencent.ifm.MainActivity]: system_server
05-16 12:13:15.477   920  2163 I am_focused_activity: [0,com.tencent.tmgp.WePop/com.tencent.ifm.MainActivity]: system_server
05-16 12:13:16.229   325   325 I sf_frame_dur: [com.android.packageinstaller/com.android.packageinstaller.InstallAppProgress,5051,14,2,3,3,0,10]: /system/bin/surfaceflinger
05-16 12:13:16.332   920  2137 I am_proc_start: [0,2554,10348,com.tencent.wefpmonitor,content provider,com.tencent.wefpmonitor/com.tencent.mid.api.MidProvider]: system_server
05-16 12:13:16.392   920  2113 I am_proc_bound: [0,2554,com.tencent.wefpmonitor]: system_server
05-16 12:13:17.019   920  2137 I am_kill : [0,32577,com.android.keychain,15,empty #17]: system_server
05-16 12:13:17.096   920  2187 I am_proc_died: [0,32577,com.android.keychain]: system_server
05-16 12:13:18.642  2516  2516 I am_on_resume_called: [0,com.tencent.ifm.MainActivity]: com.tencent.tmgp.WePop
05-16 12:13:19.159   920   958 I am_activity_launch_time: [0,955621760,com.tencent.tmgp.WePop/com.tencent.ifm.MainActivity,3917,3917]: system_server
05-16 12:13:19.160   920   949 I am_destroy_activity: [0,222054495,298,com.android.packageinstaller/.InstallAppProgress,finish-imm]: system_server
05-16 12:13:19.164   920   949 I am_kill : [0,32653,com.coloros.oppomultiapp,15,empty #17]: system_server
05-16 12:13:19.228   920  2233 I wm_task_removed: [298,removeAppToken: last token]: system_server
05-16 12:13:19.228   920  2233 I wm_task_removed: [298,removeTask]: system_server
05-16 12:13:19.286   920  2137 I am_proc_died: [0,32653,com.coloros.oppomultiapp]: system_server
05-16 12:13:20.373   920   949 I notification_cancel_all: [1000,920,com.nearme.gamecenter,0,0,64,9,NULL]: system_server
05-16 12:13:21.010   920  2232 I am_proc_died: [0,32723,com.nearme.gamecenter]: system_server
05-16 12:13:21.399   920   949 I notification_cancel_all: [1000,920,com.tencent.wefpmonitor,0,0,64,9,NULL]: system_server
05-16 12:13:31.416   920   950 I am_proc_start: [0,2674,10088,com.redteamobile.roaming,broadcast,com.redteamobile.roaming/.receiver.MccChangeReceiver]: system_server
05-16 12:13:31.621   920  2161 I am_proc_bound: [0,2674,com.redteamobile.roaming]: system_server
05-16 12:13:35.199   920  2187 I am_proc_died: [0,2674,com.redteamobile.roaming]: system_server
05-16 12:13:45.022   920   993 I power_sleep_requested: 0: system_server
05-16 12:13:45.028   920   920 I power_screen_state: [0,3,0,0]: system_server
05-16 12:13:45.028   920   920 I screen_toggled: 0: system_server
05-16 12:13:45.060   920   920 I power_screen_broadcast_send: 1: system_server
05-16 12:13:45.276   920   961 I am_pause_activity: [0,955621760,com.tencent.tmgp.WePop/com.tencent.ifm.MainActivity]: system_server
05-16 12:13:45.344  2516  2516 I am_on_paused_called: [0,com.tencent.ifm.MainActivity]: com.tencent.tmgp.WePop
05-16 12:13:45.397   920   949 I am_focused_activity: [0,com.tencent.tmgp.WePop/com.tencent.ifm.MainActivity]: system_server
05-16 12:13:46.070   920   920 I power_screen_broadcast_done: [0,1009,1]: system_server
05-16 12:13:46.223   920   946 I netstats_mobile_sample: [0,0,0,0,0,0,0,0,0,0,0,0,-1]: system_server
05-16 12:13:46.223   920   946 I netstats_wifi_sample: [255117528,1162218,119262331,666579,237849756,1132909,109079106,567707,237848372,1132904,109079002,567705,-1]: system_server
05-16 12:13:49.127   920   920 I power_screen_state: [1,0,0,0]: system_server
05-16 12:13:49.127   920   920 I screen_toggled: 1: system_server
05-16 12:13:49.154   920   920 I power_screen_broadcast_send: 1: system_server
05-16 12:13:49.414   325   325 I sf_frame_dur: [ColorFade,7,0,0,0,0,0,1]: /system/bin/surfaceflinger
05-16 12:13:49.746   920   920 I power_screen_broadcast_done: [1,592,1]: system_server
05-16 12:13:49.926   920   920 I notification_cancel: [1000,30982,com.coloros.oppoguardelf,3,NULL,0,0,0,8,NULL]: system_server
05-16 12:13:51.780   920  2233 I am_resume_activity: [0,955621760,299,com.tencent.tmgp.WePop/com.tencent.ifm.MainActivity]: system_server
05-16 12:13:51.797   920  2233 I am_focused_activity: [0,com.tencent.tmgp.WePop/com.tencent.ifm.MainActivity]: system_server
05-16 12:13:51.860  2516  2516 I am_on_resume_called: [0,com.tencent.ifm.MainActivity]: com.tencent.tmgp.WePop
05-16 12:13:51.983   325   325 I sf_frame_dur: [Keyguard,69,2,4,0,2,0,0]: /system/bin/surfaceflinger
05-16 12:13:54.132   920   966 I am_proc_died: [0,2221,com.android.keyguard]: system_server
05-16 12:13:54.137   920   966 I am_schedule_service_restart: [0,com.android.keyguard/.KeyguardService,0]: system_server
05-16 12:13:54.165   920   966 I am_proc_start: [0,2796,10005,com.android.keyguard,restart,com.android.keyguard]: system_server
05-16 12:13:54.267   920   963 I am_proc_bound: [0,2796,com.android.keyguard]: system_server
05-16 12:13:55.161   325   325 I sf_frame_dur: [PopupWindow:29b1427e,0,0,1,1,1,0,0]: /system/bin/surfaceflinger
05-16 12:14:02.980   325   325 I sf_frame_dur: [InputMethod,6,1,11,7,5,2,1]: /system/bin/surfaceflinger
05-16 12:14:05.718   325   325 I sf_frame_dur: [com.tencent.tmgp.WePop/com.tencent.ifm.MainActivity,33,3,6,4,8,9,2]: /system/bin/surfaceflinger
05-16 12:14:05.919   325   325 I sf_frame_dur: [com.tencent.tmgp.WePop/com.tencent.ifm.MainActivity,0,2,22,2,0,0,0]: /system/bin/surfaceflinger
05-16 12:14:06.606   920   963 I am_home_stack_moved: [0,0,1,1,intentActivityFound]: system_server
05-16 12:14:06.606   920   963 I wm_task_moved: [299,1,1]: system_server
05-16 12:14:06.616   920   963 I am_home_stack_moved: [0,0,1,1,sourceStackToFront]: system_server
05-16 12:14:06.616   920   963 I wm_task_moved: [299,1,1]: system_server
05-16 12:14:06.619   920   963 I am_create_activity: [0,1035744518,299,com.tencent.tmgp.WePop/.WePopActivity,android.intent.action.MAIN,NULL,NULL,268435456]: system_server
05-16 12:14:06.622   920   963 I am_pause_activity: [0,955621760,com.tencent.tmgp.WePop/com.tencent.ifm.MainActivity]: system_server
05-16 12:14:06.623   920   963 I am_home_stack_moved: [0,0,1,1,startedActivity setFocusedActivity]: system_server
05-16 12:14:06.624   920   963 I am_focused_activity: [0,com.tencent.tmgp.WePop/.WePopActivity]: system_server
05-16 12:14:06.625   920  2137 I am_finish_activity: [0,955621760,299,com.tencent.tmgp.WePop/com.tencent.ifm.MainActivity,app-request]: system_server
05-16 12:14:06.654  2516  2516 I am_on_paused_called: [0,com.tencent.ifm.MainActivity]: com.tencent.tmgp.WePop
05-16 12:14:06.674   920   966 I configuration_changed: 1152: system_server
05-16 12:14:06.709   920   966 I am_restart_activity: [0,1035744518,299,com.tencent.tmgp.WePop/.WePopActivity]: system_server
05-16 12:14:06.712   920   966 I am_focused_activity: [0,com.tencent.tmgp.WePop/.WePopActivity]: system_server
05-16 12:14:06.832   920   920 I notification_cancel: [1000,21899,com.android.systemui,2,NULL,0,0,0,8,NULL]: system_server
05-16 12:14:07.206 31050 31050 I am_on_paused_called: [0,com.android.contacts.DialtactsActivityAlias]: android.process.contacts
05-16 12:14:07.261   920  2186 I am_kill : [0,304,com.android.documentsui,15,empty #17]: system_server
05-16 12:14:07.316   920   946 I am_proc_died: [0,304,com.android.documentsui]: system_server
05-16 12:14:07.737 31050 31050 I am_on_resume_called: [0,com.android.contacts.DialtactsActivityAlias]: android.process.contacts
05-16 12:14:08.005   920  2163 I netstats_mobile_sample: [0,0,0,0,0,0,0,0,0,0,0,0,-1]: system_server
05-16 12:14:08.005   920  2163 I netstats_wifi_sample: [255129517,1162248,119267149,666641,237861325,1132939,109083448,567741,237859941,1132934,109083344,567739,-1]: system_server
05-16 12:14:16.222   920   920 I free_storage_changed: 7153143808: system_server
05-16 12:14:17.122  2516  2516 I am_on_resume_called: [0,com.tencent.tmgp.WePop.WePopActivity]: com.tencent.tmgp.WePop
05-16 12:14:17.548   920   941 I am_proc_start: [0,3154,10518,com.tencent.tmgp.WePop:xg_service_v4,service,com.tencent.tmgp.WePop/com.tencent.android.tpush.service.XGPushServiceV4]: system_server
05-16 12:14:17.632   920  2151 I am_proc_bound: [0,3154,com.tencent.tmgp.WePop:xg_service_v4]: system_server
05-16 12:14:17.755   325   325 I sf_frame_dur: [com.tencent.tmgp.WePop/com.tencent.ifm.MainActivity,0,0,0,0,0,0,1]: /system/bin/surfaceflinger
05-16 12:14:18.561   920   958 I am_activity_launch_time: [0,1035744518,com.tencent.tmgp.WePop/.WePopActivity,11906,11906]: system_server
05-16 12:14:18.821   920   949 I am_destroy_activity: [0,955621760,299,com.tencent.tmgp.WePop/com.tencent.ifm.MainActivity,finish-imm]: system_server
05-16 12:14:25.815   325   325 I sf_frame_dur: [Permission Intercept,6,3,1,0,3,5,1]: /system/bin/surfaceflinger
05-16 12:14:26.772   325   325 I sf_frame_dur: [com.tencent.tmgp.WePop/com.tencent.tmgp.WePop.WePopActivity,15,0,0,0,1,2,1]: /system/bin/surfaceflinger
05-16 12:14:35.894   920  2113 I am_proc_died: [0,2367,com.android.browser]: system_server
05-16 12:14:35.901   920   946 I am_proc_died: [0,2450,com.android.browser:GuardService]: system_server
05-16 12:14:35.907   920  2233 I am_proc_died: [0,2554,com.tencent.wefpmonitor]: system_server
05-16 12:14:35.934   920   961 I am_proc_died: [0,32602,com.android.packageinstaller]: system_server
05-16 12:14:46.222   920   920 I free_storage_changed: 7105626112: system_server
05-16 12:14:59.480   920  2187 I battery_level: [61,3760,330]: system_server
05-16 12:15:26.477   920   963 I am_proc_died: [0,29961,com.tencent.mobileqq]: system_server
05-16 12:15:26.503   920   963 I am_schedule_service_restart: [0,com.tencent.mobileqq/.qipc.QIPCServiceEx,1000]: system_server
05-16 12:15:26.788   920  2111 I am_proc_start: [0,3542,10108,com.tencent.mobileqq,service,com.tencent.mobileqq/.qipc.QIPCServiceEx]: system_server
05-16 12:15:27.023   920   963 I am_proc_bound: [0,3542,com.tencent.mobileqq]: system_server
05-16 12:15:29.169   920  2186 I am_home_stack_moved: [0,0,1,1,sourceStackToFront]: system_server
05-16 12:15:29.174   920  2186 I wm_task_moved: [299,1,1]: system_server
05-16 12:15:29.184   920  2186 I am_create_activity: [0,655050687,299,com.tencent.tmgp.WePop/com.tencent.connect.common.AssistActivity,NULL,NULL,NULL,0]: system_server
05-16 12:15:29.191   920  2186 I am_pause_activity: [0,1035744518,com.tencent.tmgp.WePop/.WePopActivity]: system_server
05-16 12:15:29.215   920  2186 I am_home_stack_moved: [0,0,1,1,startedActivity setFocusedActivity]: system_server
05-16 12:15:29.217   920  2186 I am_focused_activity: [0,com.tencent.tmgp.WePop/com.tencent.connect.common.AssistActivity]: system_server
05-16 12:15:29.921   920   949 I configuration_changed: 1152: system_server
05-16 12:15:30.140 31050 31050 I am_on_paused_called: [0,com.android.contacts.DialtactsActivityAlias]: android.process.contacts
05-16 12:15:30.200   920   949 I am_restart_activity: [0,655050687,299,com.tencent.tmgp.WePop/com.tencent.connect.common.AssistActivity]: system_server
05-16 12:15:30.205   920   949 I am_focused_activity: [0,com.tencent.tmgp.WePop/com.tencent.connect.common.AssistActivity]: system_server
05-16 12:15:30.302  2516  2516 I am_on_paused_called: [0,com.tencent.tmgp.WePop.WePopActivity]: com.tencent.tmgp.WePop
05-16 12:15:30.303   920   966 I am_failed_to_pause: [0,1035744518,com.tencent.tmgp.WePop/.WePopActivity,(none)]: system_server
05-16 12:15:30.753   920   920 I notification_cancel: [1000,21899,com.android.systemui,2,NULL,0,0,0,8,NULL]: system_server
05-16 12:15:31.097   920  2232 I configuration_changed: 1152: system_server
05-16 12:15:31.211   920   946 I am_home_stack_moved: [0,0,1,1,sourceStackToFront]: system_server
05-16 12:15:31.211   920   946 I wm_task_moved: [299,1,1]: system_server
05-16 12:15:31.212   920   946 I am_create_activity: [0,785226432,299,com.tencent.mobileqq/com.tencent.open.agent.AgentActivity,NULL,NULL,NULL,0]: system_server
05-16 12:15:31.213   920   946 I am_pause_activity: [0,655050687,com.tencent.tmgp.WePop/com.tencent.connect.common.AssistActivity]: system_server
05-16 12:15:31.215   920   946 I am_home_stack_moved: [0,0,1,1,startedActivity setFocusedActivity]: system_server
05-16 12:15:31.465   920   946 I am_focused_activity: [0,com.tencent.mobileqq/com.tencent.open.agent.AgentActivity]: system_server
05-16 12:15:31.494  2516  2516 I am_on_resume_called: [0,com.tencent.connect.common.AssistActivity]: com.tencent.tmgp.WePop
05-16 12:15:31.570   920   920 I notification_cancel: [1000,21899,com.android.systemui,2,NULL,0,0,0,8,NULL]: system_server
05-16 12:15:31.570   920  2186 I am_proc_died: [0,31089,com.ted.number]: system_server
05-16 12:15:31.572   920  2186 I am_schedule_service_restart: [0,com.ted.number/.service.NumberService,1000]: system_server
05-16 12:15:31.789 31050 31050 I am_on_resume_called: [0,com.android.contacts.DialtactsActivityAlias]: android.process.contacts
05-16 12:15:31.879 31050 31050 I am_on_paused_called: [0,com.android.contacts.DialtactsActivityAlias]: android.process.contacts
05-16 12:15:32.028   920  2163 I netstats_mobile_sample: [0,0,0,0,0,0,0,0,0,0,0,0,-1]: system_server
05-16 12:15:32.029   920  2163 I netstats_wifi_sample: [255362259,1162931,119405065,667520,238084339,1133618,109209800,568555,238082955,1133613,109209696,568553,-1]: system_server
05-16 12:15:32.029   920  2186 I am_proc_start: [0,3628,10054,com.ted.number,service,com.ted.number/.service.NumberService]: system_server
05-16 12:15:32.090 31050 31050 I am_on_resume_called: [0,com.android.contacts.DialtactsActivityAlias]: android.process.contacts
05-16 12:15:32.223  2516  2516 I am_on_paused_called: [0,com.tencent.connect.common.AssistActivity]: com.tencent.tmgp.WePop
05-16 12:15:32.223   920  2163 I am_failed_to_pause: [0,655050687,com.tencent.tmgp.WePop/com.tencent.connect.common.AssistActivity,(none)]: system_server
05-16 12:15:32.891   920   949 I am_proc_start: [0,3659,10108,com.tencent.mobileqq:openSdk,activity,com.tencent.mobileqq/com.tencent.open.agent.AgentActivity]: system_server
05-16 12:15:32.895   920   961 I am_proc_bound: [0,3628,com.ted.number]: system_server
05-16 12:15:33.007   920  2161 I am_proc_bound: [0,3659,com.tencent.mobileqq:openSdk]: system_server
05-16 12:15:33.045   920  2161 I configuration_changed: 1152: system_server
05-16 12:15:33.090 31050 31050 I am_on_paused_called: [0,com.android.contacts.DialtactsActivityAlias]: android.process.contacts
05-16 12:15:33.112   920  2161 I am_restart_activity: [0,785226432,299,com.tencent.mobileqq/com.tencent.open.agent.AgentActivity]: system_server
05-16 12:15:33.651   920  2161 I am_focused_activity: [0,com.tencent.mobileqq/com.tencent.open.agent.AgentActivity]: system_server
05-16 12:15:33.714   920   920 I notification_cancel: [1000,21899,com.android.systemui,2,NULL,0,0,0,8,NULL]: system_server
05-16 12:15:33.833 31050 31050 I am_on_resume_called: [0,com.android.contacts.DialtactsActivityAlias]: android.process.contacts
05-16 12:15:34.195   920   920 I notification_cancel: [10108,29933,com.tencent.mobileqq,478,NULL,0,0,64,8,NULL]: system_server
05-16 12:15:34.198   920   920 I notification_cancel: [10108,29933,com.tencent.mobileqq,479,NULL,0,0,64,8,NULL]: system_server
05-16 12:15:38.770   920  2137 I am_home_stack_moved: [0,0,1,1,sourceStackToFront]: system_server
05-16 12:15:38.770   920  2137 I wm_task_moved: [299,1,1]: system_server
05-16 12:15:38.772   920  2137 I am_create_activity: [0,584465032,299,com.tencent.mobileqq/com.tencent.open.agent.AuthorityActivity,NULL,NULL,NULL,262144]: system_server
05-16 12:15:38.773   920  2137 I am_pause_activity: [0,785226432,com.tencent.mobileqq/com.tencent.open.agent.AgentActivity]: system_server
05-16 12:15:38.774   920  2137 I am_home_stack_moved: [0,0,1,1,startedActivity setFocusedActivity]: system_server
05-16 12:15:39.025   920  2137 I am_focused_activity: [0,com.tencent.mobileqq/com.tencent.open.agent.AuthorityActivity]: system_server
05-16 12:15:39.281   920   949 I am_restart_activity: [0,584465032,299,com.tencent.mobileqq/com.tencent.open.agent.AuthorityActivity]: system_server
05-16 12:15:40.038   920   949 I am_focused_activity: [0,com.tencent.mobileqq/com.tencent.open.agent.AuthorityActivity]: system_server
05-16 12:15:40.306  3659  3659 I am_on_resume_called: [0,com.tencent.open.agent.AgentActivity]: com.tencent.mobileqq:openSdk
05-16 12:15:40.444  3659  3659 I am_on_paused_called: [0,com.tencent.open.agent.AgentActivity]: com.tencent.mobileqq:openSdk
05-16 12:15:40.444   920  2161 I am_failed_to_pause: [0,785226432,com.tencent.mobileqq/com.tencent.open.agent.AgentActivity,(none)]: system_server
05-16 12:15:44.714   325   325 I sf_frame_dur: [com.tencent.tmgp.WePop/com.tencent.tmgp.WePop.WePopActivity,0,0,0,0,0,0,4]: /system/bin/surfaceflinger
05-16 12:15:44.716   325   325 I sf_frame_dur: [SurfaceView,1150,184,14,9,6,6,8]: /system/bin/surfaceflinger
05-16 12:15:44.716   325   325 I sf_frame_dur: [com.tencent.tmgp.WePop/com.tencent.connect.common.AssistActivity,0,0,0,0,0,0,1]: /system/bin/surfaceflinger
05-16 12:15:46.228   920   920 I free_storage_changed: 7103148032: system_server
05-16 12:15:46.850  3659  3659 I am_on_resume_called: [0,com.tencent.open.agent.AuthorityActivity]: com.tencent.mobileqq:openSdk
05-16 12:15:47.793   920   958 I am_activity_launch_time: [0,584465032,com.tencent.mobileqq/com.tencent.open.agent.AuthorityActivity,8517,18072]: system_server
05-16 12:15:48.167   920  2111 I am_proc_died: [0,2424,com.oppo.market:dcs]: system_server
05-16 12:15:48.289   325   325 I sf_frame_dur: [com.tencent.mobileqq/com.tencent.open.agent.AuthorityActivity,0,0,0,0,0,1,0]: /system/bin/surfaceflinger
05-16 12:15:49.339   920  2137 I am_finish_activity: [0,584465032,299,com.tencent.mobileqq/com.tencent.open.agent.AuthorityActivity,app-request]: system_server
05-16 12:15:49.340   920  2137 I am_home_stack_moved: [0,0,1,1,finishActivity adjustTopFocus setFocusedActivity]: system_server
05-16 12:15:49.341   920  2137 I am_focused_activity: [0,com.tencent.mobileqq/com.tencent.open.agent.AgentActivity]: system_server
05-16 12:15:49.342   920  2137 I am_pause_activity: [0,584465032,com.tencent.mobileqq/com.tencent.open.agent.AuthorityActivity]: system_server
05-16 12:15:49.346  3659  3659 I am_on_paused_called: [0,com.tencent.open.agent.AuthorityActivity]: com.tencent.mobileqq:openSdk
05-16 12:15:49.353   920   963 I am_resume_activity: [0,785226432,299,com.tencent.mobileqq/com.tencent.open.agent.AgentActivity]: system_server
05-16 12:15:49.359   920   963 I am_focused_activity: [0,com.tencent.mobileqq/com.tencent.open.agent.AgentActivity]: system_server
05-16 12:15:49.362   920  2113 I am_finish_activity: [0,785226432,299,com.tencent.mobileqq/com.tencent.open.agent.AgentActivity,app-request]: system_server
05-16 12:15:49.363   920  2113 I am_home_stack_moved: [0,0,1,1,finishActivity adjustTopFocus setFocusedActivity]: system_server
05-16 12:15:49.423   920  2113 I am_focused_activity: [0,com.tencent.tmgp.WePop/com.tencent.connect.common.AssistActivity]: system_server
05-16 12:15:49.425   920  2113 I am_pause_activity: [0,785226432,com.tencent.mobileqq/com.tencent.open.agent.AgentActivity]: system_server
05-16 12:15:49.618   920   963 I configuration_changed: 1152: system_server
05-16 12:15:49.658   920   963 I am_resume_activity: [0,655050687,299,com.tencent.tmgp.WePop/com.tencent.connect.common.AssistActivity]: system_server
05-16 12:15:49.659   920   963 I am_focused_activity: [0,com.tencent.tmgp.WePop/com.tencent.connect.common.AssistActivity]: system_server
05-16 12:15:49.709 31050 31050 I am_on_paused_called: [0,com.android.contacts.DialtactsActivityAlias]: android.process.contacts
05-16 12:15:49.809   920   920 I notification_cancel: [1000,21899,com.android.systemui,2,NULL,0,0,0,8,NULL]: system_server
05-16 12:15:49.934   325   325 I sf_frame_dur: [com.tencent.mobileqq/com.tencent.open.agent.AuthorityActivity,1,1,1,1,2,1,0]: /system/bin/surfaceflinger
05-16 12:15:49.938   920  2233 I am_finish_activity: [0,655050687,299,com.tencent.tmgp.WePop/com.tencent.connect.common.AssistActivity,app-request]: system_server
05-16 12:15:50.020   920  2233 I am_home_stack_moved: [0,0,1,1,finishActivity adjustTopFocus setFocusedActivity]: system_server
05-16 12:15:50.274   920  2233 I am_focused_activity: [0,com.tencent.tmgp.WePop/.WePopActivity]: system_server
05-16 12:15:50.296   920  2233 I am_pause_activity: [0,655050687,com.tencent.tmgp.WePop/com.tencent.connect.common.AssistActivity]: system_server
05-16 12:15:50.955   920  2137 I netstats_mobile_sample: [0,0,0,0,0,0,0,0,0,0,0,0,-1]: system_server
05-16 12:15:50.956   920  2137 I netstats_wifi_sample: [255443834,1163096,119435806,667713,238163604,1133783,109238007,568736,238162220,1133778,109237903,568734,-1]: system_server
05-16 12:15:51.034   920   940 I am_resume_activity: [0,1035744518,299,com.tencent.tmgp.WePop/.WePopActivity]: system_server
05-16 12:15:51.044   920   940 I am_focused_activity: [0,com.tencent.tmgp.WePop/.WePopActivity]: system_server
05-16 12:15:51.197 31050 31050 I am_on_resume_called: [0,com.android.contacts.DialtactsActivityAlias]: android.process.contacts
05-16 12:15:52.196  2516  2516 I am_on_resume_called: [0,com.tencent.tmgp.WePop.WePopActivity]: com.tencent.tmgp.WePop
05-16 12:15:52.242   920   961 I am_destroy_activity: [0,584465032,299,com.tencent.mobileqq/com.tencent.open.agent.AuthorityActivity,finish-imm]: system_server
05-16 12:15:52.242   920   961 I am_destroy_activity: [0,785226432,299,com.tencent.mobileqq/com.tencent.open.agent.AgentActivity,finish-idle]: system_server
05-16 12:15:52.255   920   961 I am_destroy_activity: [0,655050687,299,com.tencent.tmgp.WePop/com.tencent.connect.common.AssistActivity,finish-idle]: system_server
05-16 12:15:53.157   920   963 I am_proc_died: [0,3659,com.tencent.mobileqq:openSdk]: system_server
05-16 12:15:55.011   920  2232 I am_home_stack_moved: [0,0,1,1,sourceStackToFront]: system_server
05-16 12:15:55.011   920  2232 I wm_task_moved: [299,1,1]: system_server
05-16 12:15:55.014   920  2232 I am_create_activity: [0,245807009,299,com.tencent.tmgp.WePop/com.tencent.connect.common.AssistActivity,NULL,NULL,NULL,0]: system_server
05-16 12:15:55.015   920  2232 I am_pause_activity: [0,1035744518,com.tencent.tmgp.WePop/.WePopActivity]: system_server
05-16 12:15:55.016   920  2232 I am_home_stack_moved: [0,0,1,1,startedActivity setFocusedActivity]: system_server
05-16 12:15:55.018   920  2232 I am_focused_activity: [0,com.tencent.tmgp.WePop/com.tencent.connect.common.AssistActivity]: system_server
05-16 12:15:55.099  2516  2516 I am_on_paused_called: [0,com.tencent.tmgp.WePop.WePopActivity]: com.tencent.tmgp.WePop
05-16 12:15:55.224   920   940 I configuration_changed: 1152: system_server
05-16 12:15:55.263 31050 31050 I am_on_paused_called: [0,com.android.contacts.DialtactsActivityAlias]: android.process.contacts
05-16 12:15:55.274   920   940 I am_restart_activity: [0,245807009,299,com.tencent.tmgp.WePop/com.tencent.connect.common.AssistActivity]: system_server
05-16 12:15:55.289   920   940 I am_focused_activity: [0,com.tencent.tmgp.WePop/com.tencent.connect.common.AssistActivity]: system_server
05-16 12:15:55.433   920  2186 I configuration_changed: 1152: system_server
05-16 12:15:55.494 31050 31050 I am_on_resume_called: [0,com.android.contacts.DialtactsActivityAlias]: android.process.contacts
05-16 12:15:55.506   920   920 I notification_cancel: [1000,21899,com.android.systemui,2,NULL,0,0,0,8,NULL]: system_server
05-16 12:15:55.528   920   966 I am_home_stack_moved: [0,0,1,1,sourceStackToFront]: system_server
05-16 12:15:55.528   920   966 I wm_task_moved: [299,1,1]: system_server
05-16 12:15:55.530   920   966 I am_create_activity: [0,913611393,299,com.tencent.mobileqq/com.tencent.open.agent.AgentActivity,NULL,NULL,NULL,0]: system_server
05-16 12:15:55.531   920   966 I am_pause_activity: [0,245807009,com.tencent.tmgp.WePop/com.tencent.connect.common.AssistActivity]: system_server
05-16 12:15:55.532   920   966 I am_home_stack_moved: [0,0,1,1,startedActivity setFocusedActivity]: system_server
05-16 12:15:55.783   920   966 I am_focused_activity: [0,com.tencent.mobileqq/com.tencent.open.agent.AgentActivity]: system_server
05-16 12:15:55.796 31050 31050 I am_on_paused_called: [0,com.android.contacts.DialtactsActivityAlias]: android.process.contacts
05-16 12:15:55.827  2516  2516 I am_on_resume_called: [0,com.tencent.connect.common.AssistActivity]: com.tencent.tmgp.WePop
05-16 12:15:55.927 31050 31050 I am_on_resume_called: [0,com.android.contacts.DialtactsActivityAlias]: android.process.contacts
05-16 12:15:55.947  2516  2516 I am_on_paused_called: [0,com.tencent.connect.common.AssistActivity]: com.tencent.tmgp.WePop
05-16 12:15:55.976   920   920 I notification_cancel: [1000,21899,com.android.systemui,2,NULL,0,0,0,8,NULL]: system_server
05-16 12:15:56.578   920   949 I am_proc_start: [0,4173,10108,com.tencent.mobileqq:openSdk,activity,com.tencent.mobileqq/com.tencent.open.agent.AgentActivity]: system_server
05-16 12:15:56.711   920   966 I am_proc_bound: [0,4173,com.tencent.mobileqq:openSdk]: system_server
05-16 12:15:56.740   920   966 I configuration_changed: 1152: system_server
05-16 12:15:56.781 31050 31050 I am_on_paused_called: [0,com.android.contacts.DialtactsActivityAlias]: android.process.contacts
05-16 12:15:56.824   920   966 I am_restart_activity: [0,913611393,299,com.tencent.mobileqq/com.tencent.open.agent.AgentActivity]: system_server
05-16 12:15:57.578   920   966 I am_focused_activity: [0,com.tencent.mobileqq/com.tencent.open.agent.AgentActivity]: system_server
05-16 12:15:57.606   920   920 I notification_cancel: [1000,21899,com.android.systemui,2,NULL,0,0,0,8,NULL]: system_server
05-16 12:15:57.766 31050 31050 I am_on_resume_called: [0,com.android.contacts.DialtactsActivityAlias]: android.process.contacts
05-16 12:15:59.361   920   966 I am_home_stack_moved: [0,0,1,1,sourceStackToFront]: system_server
05-16 12:15:59.361   920   966 I wm_task_moved: [299,1,1]: system_server
05-16 12:15:59.364   920   966 I am_create_activity: [0,757067710,299,com.tencent.mobileqq/com.tencent.open.agent.AuthorityActivity,NULL,NULL,NULL,262144]: system_server
05-16 12:15:59.364   920   966 I am_pause_activity: [0,913611393,com.tencent.mobileqq/com.tencent.open.agent.AgentActivity]: system_server
05-16 12:15:59.365   920   966 I am_home_stack_moved: [0,0,1,1,startedActivity setFocusedActivity]: system_server
05-16 12:15:59.616   920   966 I am_focused_activity: [0,com.tencent.mobileqq/com.tencent.open.agent.AuthorityActivity]: system_server
05-16 12:15:59.969   920   949 I am_restart_activity: [0,757067710,299,com.tencent.mobileqq/com.tencent.open.agent.AuthorityActivity]: system_server
05-16 12:16:00.554   920   949 I am_focused_activity: [0,com.tencent.mobileqq/com.tencent.open.agent.AuthorityActivity]: system_server
05-16 12:16:00.650  4173  4173 I am_on_resume_called: [0,com.tencent.open.agent.AgentActivity]: com.tencent.mobileqq:openSdk
05-16 12:16:00.660  4173  4173 I am_on_paused_called: [0,com.tencent.open.agent.AgentActivity]: com.tencent.mobileqq:openSdk
05-16 12:16:00.661   920  2137 I am_failed_to_pause: [0,913611393,com.tencent.mobileqq/com.tencent.open.agent.AgentActivity,(none)]: system_server
05-16 12:16:00.749   325   325 I sf_frame_dur: [com.tencent.tmgp.WePop/com.tencent.tmgp.WePop.WePopActivity,0,0,0,0,0,0,2]: /system/bin/surfaceflinger
05-16 12:16:00.751   325   325 I sf_frame_dur: [SurfaceView,11,28,2,0,0,0,3]: /system/bin/surfaceflinger
05-16 12:16:00.751   325   325 I sf_frame_dur: [com.tencent.tmgp.WePop/com.tencent.connect.common.AssistActivity,0,0,0,0,0,1,0]: /system/bin/surfaceflinger
05-16 12:16:03.220  4173  4173 I am_on_resume_called: [0,com.tencent.open.agent.AuthorityActivity]: com.tencent.mobileqq:openSdk
05-16 12:16:03.791   920   958 I am_activity_launch_time: [0,757067710,com.tencent.mobileqq/com.tencent.open.agent.AuthorityActivity,3924,8691]: system_server
05-16 12:16:04.189   325   325 I sf_frame_dur: [com.tencent.mobileqq/com.tencent.open.agent.AuthorityActivity,0,0,0,1,0,0,0]: /system/bin/surfaceflinger
05-16 12:16:06.809   920  2113 I am_finish_activity: [0,757067710,299,com.tencent.mobileqq/com.tencent.open.agent.AuthorityActivity,app-request]: system_server
05-16 12:16:06.810   920  2113 I am_home_stack_moved: [0,0,1,1,finishActivity adjustTopFocus setFocusedActivity]: system_server
05-16 12:16:06.812   920  2113 I am_focused_activity: [0,com.tencent.mobileqq/com.tencent.open.agent.AgentActivity]: system_server
05-16 12:16:06.812   920  2113 I am_pause_activity: [0,757067710,com.tencent.mobileqq/com.tencent.open.agent.AuthorityActivity]: system_server
05-16 12:16:06.819  4173  4173 I am_on_paused_called: [0,com.tencent.open.agent.AuthorityActivity]: com.tencent.mobileqq:openSdk
05-16 12:16:06.825   920  2151 I am_resume_activity: [0,913611393,299,com.tencent.mobileqq/com.tencent.open.agent.AgentActivity]: system_server
05-16 12:16:06.832   920  2151 I am_focused_activity: [0,com.tencent.mobileqq/com.tencent.open.agent.AgentActivity]: system_server
05-16 12:16:06.854   920   941 I am_finish_activity: [0,913611393,299,com.tencent.mobileqq/com.tencent.open.agent.AgentActivity,app-request]: system_server
05-16 12:16:06.855   920   941 I am_home_stack_moved: [0,0,1,1,finishActivity adjustTopFocus setFocusedActivity]: system_server
05-16 12:16:06.876   920   941 I am_focused_activity: [0,com.tencent.tmgp.WePop/com.tencent.connect.common.AssistActivity]: system_server
05-16 12:16:06.876   920   941 I am_pause_activity: [0,913611393,com.tencent.mobileqq/com.tencent.open.agent.AgentActivity]: system_server
05-16 12:16:06.946   920   961 I configuration_changed: 1152: system_server
05-16 12:16:06.985 31050 31050 I am_on_paused_called: [0,com.android.contacts.DialtactsActivityAlias]: android.process.contacts
05-16 12:16:06.987   920   961 I am_resume_activity: [0,245807009,299,com.tencent.tmgp.WePop/com.tencent.connect.common.AssistActivity]: system_server
05-16 12:16:06.988   920   961 I am_focused_activity: [0,com.tencent.tmgp.WePop/com.tencent.connect.common.AssistActivity]: system_server
05-16 12:16:07.135   920   946 I am_finish_activity: [0,245807009,299,com.tencent.tmgp.WePop/com.tencent.connect.common.AssistActivity,app-request]: system_server
05-16 12:16:07.136   920   946 I am_home_stack_moved: [0,0,1,1,finishActivity adjustTopFocus setFocusedActivity]: system_server
05-16 12:16:07.137   920   946 I am_focused_activity: [0,com.tencent.tmgp.WePop/.WePopActivity]: system_server
05-16 12:16:07.143   920   920 I notification_cancel: [1000,21899,com.android.systemui,2,NULL,0,0,0,8,NULL]: system_server
05-16 12:16:07.152   920   946 I am_pause_activity: [0,245807009,com.tencent.tmgp.WePop/com.tencent.connect.common.AssistActivity]: system_server
05-16 12:16:07.195   325   325 I sf_frame_dur: [com.tencent.mobileqq/com.tencent.open.agent.AuthorityActivity,1,0,4,0,2,0,1]: /system/bin/surfaceflinger
05-16 12:16:07.223   920   949 I am_destroy_activity: [0,757067710,299,com.tencent.mobileqq/com.tencent.open.agent.AuthorityActivity,finish-imm]: system_server
05-16 12:16:07.224   920   949 I am_destroy_activity: [0,913611393,299,com.tencent.mobileqq/com.tencent.open.agent.AgentActivity,finish-idle]: system_server
05-16 12:16:07.742   920  2137 I am_resume_activity: [0,1035744518,299,com.tencent.tmgp.WePop/.WePopActivity]: system_server
05-16 12:16:08.017   920  2137 I am_focused_activity: [0,com.tencent.tmgp.WePop/.WePopActivity]: system_server
05-16 12:16:08.036   920  2151 I am_proc_died: [0,400,com.android.providers.downloads]: system_server
05-16 12:16:08.124 31050 31050 I am_on_resume_called: [0,com.android.contacts.DialtactsActivityAlias]: android.process.contacts
05-16 12:16:08.135   920  2233 I netstats_mobile_sample: [0,0,0,0,0,0,0,0,0,0,0,0,-1]: system_server
05-16 12:16:08.136   920  2233 I netstats_wifi_sample: [255611744,1163489,119525426,668179,238325938,1134174,109321103,569196,238324554,1134169,109320999,569194,-1]: system_server
05-16 12:16:08.440   920  2111 I am_proc_died: [0,4173,com.tencent.mobileqq:openSdk]: system_server
05-16 12:16:08.496  2516  2516 I am_on_resume_called: [0,com.tencent.tmgp.WePop.WePopActivity]: com.tencent.tmgp.WePop
05-16 12:16:08.510   920  2111 I am_destroy_activity: [0,245807009,299,com.tencent.tmgp.WePop/com.tencent.connect.common.AssistActivity,finish-idle]: system_server
05-16 12:16:31.603   920   966 I am_proc_died: [0,542,com.oppo.usercenter]: system_server
05-16 12:16:34.127   920   940 I am_proc_died: [0,32624,com.coloros.weather.service]: system_server
05-16 12:16:39.379   920  2233 I am_proc_died: [0,28016,com.oppo.ota]: system_server
05-16 12:16:39.598   920  2187 I am_proc_died: [0,27919,com.coloros.usbselection]: system_server
05-16 12:16:39.809   920   966 I am_proc_died: [0,32745,com.android.defcontainer]: system_server
05-16 12:16:46.229   920   920 I free_storage_changed: 7079403520: system_server
05-16 12:16:46.562   920  1114 I netstats_mobile_sample: [0,0,0,0,0,0,0,0,0,0,0,0,-1]: system_server
05-16 12:16:46.563   920  1114 I netstats_wifi_sample: [256807993,1165037,119773790,669815,239487403,1135709,109546471,570797,239473094,1135695,109545995,570786,-1]: system_server
05-16 12:16:47.426   920  2187 I am_proc_died: [0,30221,com.tencent.mobileqq:dataline]: system_server
05-16 12:16:50.506   920  2187 I am_proc_died: [0,2316,com.svox.pico]: system_server
05-16 12:16:55.647   920  2232 I am_proc_died: [0,2341,com.coloros.lives]: system_server
05-16 12:17:09.286   920   950 I am_proc_start: [0,4901,10088,com.redteamobile.roaming,broadcast,com.redteamobile.roaming/.receiver.MccChangeReceiver]: system_server
05-16 12:17:09.625   920  2233 I am_proc_bound: [0,4901,com.redteamobile.roaming]: system_server
05-16 12:17:13.137   920   963 I am_proc_died: [0,4901,com.redteamobile.roaming]: system_server
05-16 12:17:15.818   920  2187 I am_proc_died: [0,28075,com.nearme.romupdate]: system_server
05-16 12:17:16.216   920   966 I am_proc_died: [0,27985,android.process.media]: system_server
05-16 12:17:36.558   920   941 I am_proc_died: [0,443,com.android.quicksearchbox]: system_server
05-16 12:17:36.561   920   941 I am_low_memory: 37: system_server
05-16 12:18:05.536   920   961 I am_proc_died: [0,28041,com.coloros.sau]: system_server
05-16 12:18:05.537   920   961 I am_schedule_service_restart: [0,com.coloros.sau/.service.SAUAppService,1000]: system_server
05-16 12:18:05.539   920   961 I am_low_memory: 36: system_server
05-16 12:18:16.231   920   920 I free_storage_changed: 7075794944: system_server
05-16 12:18:20.423   920   920 I force_gc: mem: system_server
05-16 12:18:40.368   920   963 I battery_level: [60,3758,350]: system_server
05-16 12:18:46.012   920   920 I notification_enqueue: [10067,21402,com.oppo.reader,6257,NULL,0,Notification(pri=0 contentView=null vibrate=default sound=default defaults=0xffffffff flags=0x19 color=0x00000000 vis=PRIVATE),0]: system_server
05-16 12:18:46.232   920   920 I free_storage_changed: 7073107968: system_server
05-16 12:18:50.425  2796  2796 I sqlite_mem_released: 0: com.android.keyguard
05-16 12:18:50.427  2796  2796 I force_gc: mem: com.android.keyguard
05-16 12:19:05.446 21899 21899 I force_gc: mem: com.android.systemui
05-16 12:19:45.426 21866 21866 I sqlite_mem_released: 0: com.amap.android.location
05-16 12:19:45.426 21866 21866 I force_gc: mem: com.amap.android.location
05-16 12:20:16.234   920   920 I free_storage_changed: 7068884992: system_server
05-16 12:20:41.693   920   950 I am_proc_start: [0,5397,1000,com.coloros.datadialog,broadcast,com.coloros.newsimdetect/com.coloros.datadialog.DataConnectionReceiver]: system_server
05-16 12:20:41.994   920  2163 I am_proc_bound: [0,5397,com.coloros.datadialog]: system_server
05-16 12:20:43.557   920   963 I am_proc_died: [0,5397,com.coloros.datadialog]: system_server
05-16 12:20:43.582   920   963 I am_low_memory: 36: system_server
05-16 12:20:46.235   920   920 I free_storage_changed: 7066071040: system_server
05-16 12:21:16.235   920   920 I free_storage_changed: 7063289856: system_server
05-16 12:21:20.362   920  2113 I battery_level: [59,3750,370]: system_server
05-16 12:21:46.236   920   920 I free_storage_changed: 7061073920: system_server
05-16 12:22:06.811   920  1106 I power_sleep_requested: 1: system_server
05-16 12:22:06.841   920   920 I power_screen_state: [0,2,0,0]: system_server
05-16 12:22:06.841   920   920 I screen_toggled: 0: system_server
05-16 12:22:06.896   920   920 I power_screen_broadcast_send: 1: system_server
05-16 12:22:07.544   920   940 I am_pause_activity: [0,1035744518,com.tencent.tmgp.WePop/.WePopActivity]: system_server
05-16 12:22:08.282   920   949 I am_focused_activity: [0,com.tencent.tmgp.WePop/.WePopActivity]: system_server
05-16 12:22:08.805  2516  2516 I am_on_paused_called: [0,com.tencent.tmgp.WePop.WePopActivity]: com.tencent.tmgp.WePop
05-16 12:22:08.806   920  2111 I am_failed_to_pause: [0,1035744518,com.tencent.tmgp.WePop/.WePopActivity,(none)]: system_server
05-16 12:22:09.323   920   920 I power_screen_broadcast_done: [0,2426,1]: system_server
05-16 12:22:09.962   920   966 I configuration_changed: 1152: system_server
05-16 12:22:10.723   920   920 I notification_cancel: [1000,21899,com.android.systemui,2,NULL,0,0,0,8,NULL]: system_server
05-16 12:22:10.886 31050 31050 I am_on_paused_called: [0,com.android.contacts.DialtactsActivityAlias]: android.process.contacts
05-16 12:22:12.113 31050 31050 I am_on_resume_called: [0,com.android.contacts.DialtactsActivityAlias]: android.process.contacts
05-16 12:22:12.520   920  2161 I netstats_mobile_sample: [0,0,0,0,0,0,0,0,0,0,0,0,-1]: system_server
05-16 12:22:12.521   920  2161 I netstats_wifi_sample: [257526467,1168398,120621012,675199,240160957,1138718,110302037,575248,240159573,1138713,110301933,575246,-1]: system_server
05-16 12:24:34.156   920   920 I power_screen_state: [1,0,0,0]: system_server
05-16 12:24:34.156   920   920 I screen_toggled: 1: system_server
05-16 12:24:34.191   920   920 I power_screen_broadcast_send: 1: system_server
05-16 12:24:34.618   325   325 I sf_frame_dur: [ColorFade,4,2,0,0,0,0,0]: /system/bin/surfaceflinger
05-16 12:24:34.766   920   920 I am_proc_start: [0,5651,10063,com.coloros.weather.service,service,com.coloros.weather.service/com.coloros.weather.logic.update.data.AutoUpdateWeatherService]: system_server
05-16 12:24:35.304   920  2161 I am_proc_bound: [0,5651,com.coloros.weather.service]: system_server
05-16 12:24:35.379   920   920 I power_screen_broadcast_done: [1,1187,1]: system_server
05-16 12:24:35.754   920   920 I notification_cancel: [1000,30982,com.coloros.oppoguardelf,3,NULL,0,0,0,8,NULL]: system_server
05-16 12:24:36.644   920  2232 I netstats_mobile_sample: [0,0,0,0,0,0,0,0,0,0,0,0,-1]: system_server
05-16 12:24:36.644   920  2232 I netstats_wifi_sample: [257528107,1168419,120626143,675246,240162303,1138739,110306846,575271,240160919,1138734,110306742,575269,-1]: system_server
05-16 12:24:37.012   920  2186 I am_proc_died: [0,5651,com.coloros.weather.service]: system_server
05-16 12:24:37.042   920  2186 I am_low_memory: 36: system_server
05-16 12:24:39.164   920  1106 I power_sleep_requested: 0: system_server
05-16 12:24:39.164   920   920 I power_screen_state: [0,2,0,0]: system_server
05-16 12:24:39.164   920   920 I screen_toggled: 0: system_server
05-16 12:24:39.165   920   920 I power_screen_broadcast_send: 1: system_server
05-16 12:24:39.525   920   920 I power_screen_broadcast_done: [0,361,1]: system_server
05-16 12:24:48.032   920   920 I power_screen_state: [1,0,0,0]: system_server
05-16 12:24:48.032   920   920 I screen_toggled: 1: system_server
05-16 12:24:48.033   920   920 I power_screen_broadcast_send: 1: system_server
05-16 12:24:48.272   325   325 I sf_frame_dur: [ColorFade,8,0,1,0,0,0,0]: /system/bin/surfaceflinger
05-16 12:24:48.647   920   920 I power_screen_broadcast_done: [1,614,1]: system_server
05-16 12:24:48.676   920  2233 I am_proc_died: [0,3154,com.tencent.tmgp.WePop:xg_service_v4]: system_server
05-16 12:24:48.686   920  2233 I am_low_memory: 35: system_server
05-16 12:24:48.699   920   920 I notification_cancel: [1000,30982,com.coloros.oppoguardelf,3,NULL,0,0,0,8,NULL]: system_server
05-16 12:24:49.752   920  1106 I power_sleep_requested: 0: system_server
05-16 12:24:49.753   920   920 I power_screen_state: [0,2,0,0]: system_server
05-16 12:24:49.753   920   920 I screen_toggled: 0: system_server
05-16 12:24:49.754   920   920 I power_screen_broadcast_send: 1: system_server
05-16 12:24:50.174   920   920 I power_screen_broadcast_done: [0,420,1]: system_server
05-16 12:24:50.233   920   941 I netstats_mobile_sample: [0,0,0,0,0,0,0,0,0,0,0,0,-1]: system_server
05-16 12:24:50.234   920   941 I netstats_wifi_sample: [257528621,1168424,120627393,675275,240162719,1138743,110307970,575277,240161335,1138738,110307866,575275,-1]: system_server
05-16 12:24:55.905   920  2233 I battery_discharge: [903928,62,59]: system_server
05-16 12:24:55.905   920  2233 I battery_status: [2,2,1,1,Li-ion]: system_server
05-16 12:24:55.906   920   950 I am_proc_start: [0,5716,1000,com.coloros.gesture,broadcast,com.coloros.gesture/.receiver.OppoGestureReceiver]: system_server
05-16 12:24:55.995   920   920 I power_screen_state: [1,0,0,0]: system_server
05-16 12:24:55.995   920   920 I screen_toggled: 1: system_server
05-16 12:24:55.999   920   920 I power_screen_broadcast_send: 1: system_server
05-16 12:24:56.306   325   325 I sf_frame_dur: [ColorFade,7,0,1,0,0,0,0]: /system/bin/surfaceflinger
05-16 12:24:56.346   920  2187 I am_proc_bound: [0,5716,com.coloros.gesture]: system_server
05-16 12:24:56.384   920   950 I am_proc_start: [0,5739,1000,com.coloros.usbselection,broadcast,com.coloros.usbselection/.UsbStartReceiver]: system_server
05-16 12:24:56.415   920  2233 I am_proc_bound: [0,5739,com.coloros.usbselection]: system_server
05-16 12:24:56.452   920   950 I am_proc_start: [0,5763,10052,com.oppo.ota,broadcast,com.oppo.ota/.app.UpdateReceiver]: system_server
05-16 12:24:56.475   920  2163 I am_proc_bound: [0,5763,com.oppo.ota]: system_server
05-16 12:24:56.542   920   950 I am_proc_start: [0,5787,1000,com.coloros.sau,broadcast,com.coloros.sau/.strategy.StrategyReceiver]: system_server
05-16 12:24:56.562   920   966 I am_proc_bound: [0,5787,com.coloros.sau]: system_server
05-16 12:24:56.661   920   920 I power_screen_broadcast_done: [1,662,1]: system_server
05-16 12:24:56.677   920   920 I notification_cancel: [1000,30982,com.coloros.oppoguardelf,3,NULL,0,0,0,8,NULL]: system_server
05-16 12:24:56.849   920   961 I notification_cancel_all: [1000,5739,com.coloros.usbselection,0,0,64,9,NULL]: system_server
05-16 12:24:56.883   920   963 I am_proc_start: [0,5825,10076,com.nearme.romupdate,content provider,com.nearme.romupdate/.provider.db.RomUpdateContentProvider]: system_server
05-16 12:24:56.890   920  2232 I notification_cancel_all: [1000,5739,com.coloros.usbselection,0,0,64,9,NULL]: system_server
05-16 12:24:56.900   920  2111 I am_proc_bound: [0,5825,com.nearme.romupdate]: system_server
05-16 12:24:57.081   920  1106 I power_sleep_requested: 0: system_server
05-16 12:24:57.081   920   920 I power_screen_state: [0,2,0,0]: system_server
05-16 12:24:57.081   920   920 I screen_toggled: 0: system_server
05-16 12:24:57.082   920   920 I power_screen_broadcast_send: 1: system_server
05-16 12:24:57.208   920  2163 I am_proc_died: [0,5763,com.oppo.ota]: system_server
05-16 12:24:57.345   920  2161 I am_proc_died: [0,5739,com.coloros.usbselection]: system_server
05-16 12:24:57.375   920   920 I power_screen_broadcast_done: [0,293,1]: system_server
05-16 12:25:06.769   920   920 I force_gc: mem: system_server
05-16 12:25:07.096   920  2111 I am_proc_died: [0,5716,com.coloros.gesture]: system_server
05-16 12:25:12.442  2796  2796 I sqlite_mem_released: 0: com.android.keyguard
05-16 12:25:12.445  2796  2796 I force_gc: mem: com.android.keyguard
05-16 12:25:49.281   920   950 I am_proc_start: [0,5928,10088,com.redteamobile.roaming,broadcast,com.redteamobile.roaming/.receiver.MccChangeReceiver]: system_server
05-16 12:25:49.326   920  2187 I am_proc_bound: [0,5928,com.redteamobile.roaming]: system_server
05-16 12:25:52.597   920  2151 I am_proc_died: [0,5928,com.redteamobile.roaming]: system_server
05-16 12:26:10.717   920  2111 I am_proc_died: [0,5825,com.nearme.romupdate]: system_server
05-16 12:26:10.720   920  2111 I am_low_memory: 36: system_server
05-16 12:26:32.404   920   920 I force_gc: mem: system_server
05-16 12:27:12.440  2796  2796 I sqlite_mem_released: 0: com.android.keyguard
05-16 12:27:12.441  2796  2796 I force_gc: mem: com.android.keyguard
05-16 12:27:17.405   920  2187 I battery_level: [60,4070,350]: system_server
05-16 12:27:32.477   920   950 I am_proc_start: [0,6129,10088,com.redteamobile.roaming,broadcast,com.redteamobile.roaming/.receiver.MccChangeReceiver]: system_server
05-16 12:27:32.515   920  2163 I am_proc_bound: [0,6129,com.redteamobile.roaming]: system_server
05-16 12:27:35.887   920  2186 I am_proc_died: [0,6129,com.redteamobile.roaming]: system_server
