05-16 14:34:21.071  4676  4676 D VoLTE IMCB: HEX DUMP (160):  0x00 0x00 0x00 0x00 0x00 0x00 0x00 0x00: /system/bin/volte_imcb
05-16 14:34:21.071  4676  4676 D VoLTE IMCB: HEX DUMP (168):  0x00 0x00 0x00 0x00 0x00 0x00 0x00 0x00: /system/bin/volte_imcb
05-16 14:34:21.071  4676  4676 D VoLTE IMCB: HEX DUMP (176):  0x00 0x00 0x00 0x00 0x00 0x00 0x00 0x00: /system/bin/volte_imcb
05-16 14:34:21.071  4676  4676 D VoLTE IMCB: HEX DUMP (184):  0x00 0x00 0x00 0x00 0x00 0x00 0x00 0x00: /system/bin/volte_imcb
05-16 14:34:21.071  4676  4676 D VoLTE IMCB: HEX DUMP (192):  0x00 0x00 0x00 0x00 0x00 0x00 0x00 0x00: /system/bin/volte_imcb
05-16 14:34:21.071  4676  4676 D VoLTE IMCB:  process_relay_msg (vendor/mediatek/proprietary/protect-app/external/volte/volte_imcb/imcb_task/src/imcb_task_create.c, 111): /system/bin/volte_imcb
05-16 14:34:21.071  4676  4676 D VoLTE IMCB: process_relay_msg data len = 3456 process_relay_msg (vendor/mediatek/proprietary/protect-app/external/volte/volte_imcb/imcb_task/src/imcb_task_create.c, 119): /system/bin/volte_imcb
05-16 14:34:21.071  4676  4676 D VoLTE IMCB: <<<== relay () to IMCB (2) id(100030), sn(12994), len(4)  imcb_task_relay_to_module (vendor/mediatek/proprietary/protect-app/external/volte/volte_imcb/imcb_task/src/imcb_send_msg.c, 127): /system/bin/volte_imcb
05-16 14:34:21.071  4676  4676 D VoLTE IMCB: [process_msg] msg_id=100030, dst=2, IMCB_IMC_HEADER_FILE_VERNO=50, MSG_ID_IMC_IN_BEGIN=100000 process_msg (vendor/mediatek/proprietary/protect-app/external/volte/volte_imcb/imcb_task/src/imcb_task_create.c, 178): /system/bin/volte_imcb
05-16 14:34:21.071  4676  4676 D VoLTE IMCB: imcb_main imcb_main (vendor/mediatek/proprietary/protect-app/external/volte/volte_imcb/sub_imcb/src/imcb_main.c, 74): /system/bin/volte_imcb
05-16 14:34:21.071  4676  4676 D VoLTE IMCB: ENTER imcb_imc_oos_start_ind_handler (vendor/mediatek/proprietary/protect-app/external/volte/volte_imcb/sub_imcb/ctrl/src/imcb_ctrl_handler.c, 2985): /system/bin/volte_imcb
05-16 14:34:21.071  4676  4676 D VoLTE IMCB: ENTER imcb_rat_chk_is_3gpp (vendor/mediatek/proprietary/protect-app/external/volte/volte_imcb/sub_imcb/utility/src/imcb_rat_api.c, 121): /system/bin/volte_imcb
05-16 14:34:21.071  4676  4676 D VoLTE IMCB: imc rat type = 128 is_3gpp ? 0 imcb_rat_chk_is_3gpp (vendor/mediatek/proprietary/protect-app/external/volte/volte_imcb/sub_imcb/utility/src/imcb_rat_api.c, 149): /system/bin/volte_imcb
05-16 14:34:21.071  4676  4676 D VoLTE IMCB: HEX DUMP len=3456: /system/bin/volte_imcb
05-16 14:34:21.071  4676  4676 D VoLTE IMCB: HEX DUMP (000):  0xBE 0x86 0x01 0x00 0xC3 0x32 0x02 0x00: /system/bin/volte_imcb
05-16 14:34:21.071  4676  4676 D VoLTE IMCB: HEX DUMP (008):  0x00 0x00 0x00 0x00 0x00 0x00 0x00 0x00: /system/bin/volte_imcb
05-16 14:34:21.071  4676  4676 D VoLTE IMCB: HEX DUMP (016):  0x04 0x00 0x00 0x00 0x00 0x00 0x00 0x00: /system/bin/volte_imcb
05-16 14:34:21.071  4676  4676 D VoLTE IMCB: HEX DUMP (024):  0x00 0x00 0x00 0x00 0x00 0x00 0x00 0x00: /system/bin/volte_imcb
05-16 14:34:21.071  4676  4676 D VoLTE IMCB: HEX DUMP (032):  0x00 0x00 0x00 0x00 0x00 0x00 0x00 0x00: /system/bin/volte_imcb
05-16 14:34:21.072  4676  4676 D VoLTE IMCB: HEX DUMP (040):  0x00 0x00 0x00 0x00 0x00 0x00 0x00 0x00: /system/bin/volte_imcb
05-16 14:34:21.072  4676  4676 D VoLTE IMCB: HEX DUMP (048):  0x00 0x00 0x00 0x00 0x00 0x00 0x00 0x00: /system/bin/volte_imcb
05-16 14:34:21.072  4676  4676 D VoLTE IMCB: HEX DUMP (056):  0x00 0x00 0x00 0x00 0x00 0x00 0x00 0x00: /system/bin/volte_imcb
05-16 14:34:21.072  4676  4676 D VoLTE IMCB: HEX DUMP (064):  0x01 0x00 0x00 0x00 0x00 0x00 0x00 0x00: /system/bin/volte_imcb
05-16 14:34:21.072  4676  4676 D VoLTE IMCB: HEX DUMP (072):  0x00 0x00 0x00 0x00 0x00 0x00 0x00 0x00: /system/bin/volte_imcb
05-16 14:34:21.072  4676  4676 D VoLTE IMCB: HEX DUMP (080):  0x00 0x00 0x00 0x00 0x00 0x00 0x00 0x00: /system/bin/volte_imcb
05-16 14:34:21.072  4676  4676 D VoLTE IMCB: HEX DUMP (088):  0x00 0x00 0x00 0x00 0x00 0x00 0x00 0x00: /system/bin/volte_imcb
05-16 14:34:21.072  4676  4676 D VoLTE IMCB: HEX DUMP (096):  0x00 0x00 0x00 0x00 0x00 0x00 0x00 0x00: /system/bin/volte_imcb
05-16 14:34:21.072  4676  4676 D VoLTE IMCB: HEX DUMP (104):  0x00 0x00 0x00 0x00 0x00 0x00 0x00 0x00: /system/bin/volte_imcb
05-16 14:34:21.072  4676  4676 D VoLTE IMCB: HEX DUMP (112):  0x00 0x00 0x00 0x00 0x00 0x00 0x00 0x00: /system/bin/volte_imcb
05-16 14:34:21.072  4676  4676 D VoLTE IMCB: HEX DUMP (120):  0x00 0x00 0x00 0x00 0x00 0x00 0x00 0x00: /system/bin/volte_imcb
05-16 14:34:21.072  4676  4676 D VoLTE IMCB: HEX DUMP (128):  0x00 0x00 0x00 0x00 0x00 0x00 0x00 0x00: /system/bin/volte_imcb
05-16 14:34:21.072  4676  4676 D VoLTE IMCB: HEX DUMP (136):  0x00 0x00 0x00 0x00 0x00 0x00 0x00 0x00: /system/bin/volte_imcb
05-16 14:34:21.072  4676  4676 D VoLTE IMCB: HEX DUMP (144):  0x00 0x00 0x00 0x00 0x00 0x00 0x00 0x00: /system/bin/volte_imcb
05-16 14:34:21.072  4676  4676 D VoLTE IMCB: HEX DUMP (152):  0x00 0x00 0x00 0x00 0x00 0x00 0x00 0x00: /system/bin/volte_imcb
05-16 14:34:21.072  4676  4676 D VoLTE IMCB: HEX DUMP (160):  0x00 0x00 0x00 0x00 0x00 0x00 0x00 0x00: /system/bin/volte_imcb
05-16 14:34:21.072  4676  4676 D VoLTE IMCB: HEX DUMP (168):  0x00 0x00 0x00 0x00 0x00 0x00 0x00 0x00: /system/bin/volte_imcb
05-16 14:34:21.072  4676  4676 D VoLTE IMCB: HEX DUMP (176):  0x00 0x00 0x00 0x00 0x00 0x00 0x00 0x00: /system/bin/volte_imcb
05-16 14:34:21.072  4676  4676 D VoLTE IMCB: HEX DUMP (184):  0x00 0x00 0x00 0x00 0x00 0x00 0x00 0x00: /system/bin/volte_imcb
05-16 14:34:21.072  4676  4676 D VoLTE IMCB: HEX DUMP (192):  0x00 0x00 0x00 0x00 0x00 0x00 0x00 0x00: /system/bin/volte_imcb
05-16 14:34:21.072  4676  4676 D VoLTE IMCB:  process_relay_msg (vendor/mediatek/proprietary/protect-app/external/volte/volte_imcb/imcb_task/src/imcb_task_create.c, 111): /system/bin/volte_imcb
05-16 14:34:21.072  4676  4676 D VoLTE IMCB: process_relay_msg data len = 3456 process_relay_msg (vendor/mediatek/proprietary/protect-app/external/volte/volte_imcb/imcb_task/src/imcb_task_create.c, 119): /system/bin/volte_imcb
05-16 14:34:21.072  4676  4676 D VoLTE IMCB: <<<== relay () to IMCB (2) id(100030), sn(12995), len(4)  imcb_task_relay_to_module (vendor/mediatek/proprietary/protect-app/external/volte/volte_imcb/imcb_task/src/imcb_send_msg.c, 127): /system/bin/volte_imcb
05-16 14:34:21.072  4676  4676 D VoLTE IMCB: [process_msg] msg_id=100030, dst=2, IMCB_IMC_HEADER_FILE_VERNO=50, MSG_ID_IMC_IN_BEGIN=100000 process_msg (vendor/mediatek/proprietary/protect-app/external/volte/volte_imcb/imcb_task/src/imcb_task_create.c, 178): /system/bin/volte_imcb
05-16 14:34:21.072  4676  4676 D VoLTE IMCB: imcb_main imcb_main (vendor/mediatek/proprietary/protect-app/external/volte/volte_imcb/sub_imcb/src/imcb_main.c, 74): /system/bin/volte_imcb
05-16 14:34:21.072  4676  4676 D VoLTE IMCB: ENTER imcb_imc_oos_start_ind_handler (vendor/mediatek/proprietary/protect-app/external/volte/volte_imcb/sub_imcb/ctrl/src/imcb_ctrl_handler.c, 2985): /system/bin/volte_imcb
05-16 14:34:21.073  4676  4676 D VoLTE IMCB: ENTER imcb_rat_chk_is_3gpp (vendor/mediatek/proprietary/protect-app/external/volte/volte_imcb/sub_imcb/utility/src/imcb_rat_api.c, 121): /system/bin/volte_imcb
05-16 14:34:21.073  4676  4676 D VoLTE IMCB: imc rat type = 128 is_3gpp ? 0 imcb_rat_chk_is_3gpp (vendor/mediatek/proprietary/protect-app/external/volte/volte_imcb/sub_imcb/utility/src/imcb_rat_api.c, 149): /system/bin/volte_imcb
05-16 14:34:21.171   378   378 D PSD     : prox disable: /system/bin/psensord
05-16 14:34:22.412 20435 20435 I Settings: getDisableId(): 0: com.redteamobile.roaming
05-16 14:34:22.413 20435 20435 I MccChangeReceiver: isUseful(): hasActivity[false] hasDisablingOrder[false] hasEnablingOrder[false]: com.redteamobile.roaming
05-16 14:34:22.413 20435 20435 I MccChangeReceiver: onReceive() app exit: com.redteamobile.roaming
05-16 14:34:22.413 20435 20435 I Global  : stopService(): com.redteamobile.roaming
05-16 14:34:22.413 20435 20435 I Global  : stopService() service is empty: com.redteamobile.roaming
05-16 14:34:22.414 20435 20435 I Process : Sending signal. PID: 20435 SIG: 9: com.redteamobile.roaming
05-16 14:34:33.045   330   330 E ccci_fsd(1): Failed to read from FS device (-1) !! errno = 4: /system/bin/ccci_fsd
05-16 14:34:33.045   332   332 E ccci_fsd(3): Failed to read from FS device (-1) !! errno = 4: /system/bin/ccci_fsd
05-16 14:34:33.048   920  2137 I am_proc_died: [0,20435,com.redteamobile.roaming]: system_server
05-16 14:34:33.050  4676  4833 E VoLTE IMCB: RECEIVE error code: EINTR, Need to retry: /system/bin/volte_imcb
05-16 14:34:33.050  4676  4833 D VoLTE IMCB: receive the nessage from IMC: /system/bin/volte_imcb
05-16 14:34:33.050  4676  4833 D VoLTE IMCB: receive the nessage from IMC: /system/bin/volte_imcb
05-16 14:34:33.050 16910 16910 W ADB_SERVICES: terminating JDWP 20435 connection: I/O error: /sbin/adbd
05-16 14:34:33.052  4676  4676 D VoLTE IMCB: HEX DUMP len=3456: /system/bin/volte_imcb
05-16 14:34:33.052  4676  4676 D VoLTE IMCB: HEX DUMP (000):  0xBF 0x86 0x01 0x00 0xC4 0x32 0x02 0x00: /system/bin/volte_imcb
05-16 14:34:33.052  4676  4676 D VoLTE IMCB: HEX DUMP (008):  0x00 0x00 0x00 0x00 0x00 0x00 0x00 0x00: /system/bin/volte_imcb
05-16 14:34:33.052  4676  4676 D VoLTE IMCB: HEX DUMP (016):  0x04 0x00 0x00 0x00 0x00 0x00 0x00 0x00: /system/bin/volte_imcb
05-16 14:34:33.052  4676  4676 D VoLTE IMCB: HEX DUMP (024):  0x00 0x00 0x00 0x00 0x00 0x00 0x00 0x00: /system/bin/volte_imcb
05-16 14:34:33.052  4676  4676 D VoLTE IMCB: HEX DUMP (032):  0x00 0x00 0x00 0x00 0x00 0x00 0x00 0x00: /system/bin/volte_imcb
05-16 14:34:33.052  4676  4676 D VoLTE IMCB: HEX DUMP (040):  0x00 0x00 0x00 0x00 0x00 0x00 0x00 0x00: /system/bin/volte_imcb
05-16 14:34:33.052  4676  4676 D VoLTE IMCB: HEX DUMP (048):  0x00 0x00 0x00 0x00 0x00 0x00 0x00 0x00: /system/bin/volte_imcb
05-16 14:34:33.052  4676  4676 D VoLTE IMCB: HEX DUMP (056):  0x00 0x00 0x00 0x00 0x00 0x00 0x00 0x00: /system/bin/volte_imcb
05-16 14:34:33.052  4676  4676 D VoLTE IMCB: HEX DUMP (064):  0x00 0x00 0x00 0x00 0x00 0x00 0x00 0x00: /system/bin/volte_imcb
05-16 14:34:33.052  4676  4676 D VoLTE IMCB: HEX DUMP (072):  0x00 0x00 0x00 0x00 0x00 0x00 0x00 0x00: /system/bin/volte_imcb
05-16 14:34:33.052  4676  4676 D VoLTE IMCB: HEX DUMP (080):  0x00 0x00 0x00 0x00 0x00 0x00 0x00 0x00: /system/bin/volte_imcb
05-16 14:34:33.052  4676  4676 D VoLTE IMCB: HEX DUMP (088):  0x00 0x00 0x00 0x00 0x00 0x00 0x00 0x00: /system/bin/volte_imcb
05-16 14:34:33.052  4676  4676 D VoLTE IMCB: HEX DUMP (096):  0x00 0x00 0x00 0x00 0x00 0x00 0x00 0x00: /system/bin/volte_imcb
05-16 14:34:33.052  4676  4676 D VoLTE IMCB: HEX DUMP (104):  0x00 0x00 0x00 0x00 0x00 0x00 0x00 0x00: /system/bin/volte_imcb
05-16 14:34:33.052  4676  4676 D VoLTE IMCB: HEX DUMP (112):  0x00 0x00 0x00 0x00 0x00 0x00 0x00 0x00: /system/bin/volte_imcb
05-16 14:34:33.052  4676  4676 D VoLTE IMCB: HEX DUMP (120):  0x00 0x00 0x00 0x00 0x00 0x00 0x00 0x00: /system/bin/volte_imcb
05-16 14:34:33.052  4676  4676 D VoLTE IMCB: HEX DUMP (128):  0x00 0x00 0x00 0x00 0x00 0x00 0x00 0x00: /system/bin/volte_imcb
05-16 14:34:33.052  4676  4676 D VoLTE IMCB: HEX DUMP (136):  0x00 0x00 0x00 0x00 0x00 0x00 0x00 0x00: /system/bin/volte_imcb
05-16 14:34:33.053  4676  4676 D VoLTE IMCB: HEX DUMP (144):  0x00 0x00 0x00 0x00 0x00 0x00 0x00 0x00: /system/bin/volte_imcb
05-16 14:34:33.053  4676  4676 D VoLTE IMCB: HEX DUMP (152):  0x00 0x00 0x00 0x00 0x00 0x00 0x00 0x00: /system/bin/volte_imcb
05-16 14:34:33.053  4676  4676 D VoLTE IMCB: HEX DUMP (160):  0x00 0x00 0x00 0x00 0x00 0x00 0x00 0x00: /system/bin/volte_imcb
05-16 14:34:33.053  4676  4676 D VoLTE IMCB: HEX DUMP (168):  0x00 0x00 0x00 0x00 0x00 0x00 0x00 0x00: /system/bin/volte_imcb
05-16 14:34:33.053  4676  4676 D VoLTE IMCB: HEX DUMP (176):  0x00 0x00 0x00 0x00 0x00 0x00 0x00 0x00: /system/bin/volte_imcb
05-16 14:34:33.053  4676  4676 D VoLTE IMCB: HEX DUMP (184):  0x00 0x00 0x00 0x00 0x00 0x00 0x00 0x00: /system/bin/volte_imcb
05-16 14:34:33.053  4676  4676 D VoLTE IMCB: HEX DUMP (192):  0x00 0x00 0x00 0x00 0x00 0x00 0x00 0x00: /system/bin/volte_imcb
05-16 14:34:33.053  4676  4676 D VoLTE IMCB:  process_relay_msg (vendor/mediatek/proprietary/protect-app/external/volte/volte_imcb/imcb_task/src/imcb_task_create.c, 111): /system/bin/volte_imcb
05-16 14:34:33.053  4676  4676 D VoLTE IMCB: process_relay_msg data len = 3456 process_relay_msg (vendor/mediatek/proprietary/protect-app/external/volte/volte_imcb/imcb_task/src/imcb_task_create.c, 119): /system/bin/volte_imcb
05-16 14:34:33.053  4676  4676 D VoLTE IMCB: <<<== relay () to IMCB (2) id(100031), sn(12996), len(4)  imcb_task_relay_to_module (vendor/mediatek/proprietary/protect-app/external/volte/volte_imcb/imcb_task/src/imcb_send_msg.c, 127): /system/bin/volte_imcb
05-16 14:34:33.053  4676  4676 D VoLTE IMCB: [process_msg] msg_id=100031, dst=2, IMCB_IMC_HEADER_FILE_VERNO=50, MSG_ID_IMC_IN_BEGIN=100000 process_msg (vendor/mediatek/proprietary/protect-app/external/volte/volte_imcb/imcb_task/src/imcb_task_create.c, 178): /system/bin/volte_imcb
05-16 14:34:33.053  4676  4676 D VoLTE IMCB: imcb_main imcb_main (vendor/mediatek/proprietary/protect-app/external/volte/volte_imcb/sub_imcb/src/imcb_main.c, 74): /system/bin/volte_imcb
05-16 14:34:33.053  4676  4676 D VoLTE IMCB: ENTER imcb_imc_oos_end_ind_handler (vendor/mediatek/proprietary/protect-app/external/volte/volte_imcb/sub_imcb/ctrl/src/imcb_ctrl_handler.c, 3004): /system/bin/volte_imcb
05-16 14:34:33.053  4676  4676 D VoLTE IMCB: ENTER imcb_rat_chk_is_3gpp (vendor/mediatek/proprietary/protect-app/external/volte/volte_imcb/sub_imcb/utility/src/imcb_rat_api.c, 121): /system/bin/volte_imcb
05-16 14:34:33.053  4676  4676 D VoLTE IMCB: imc rat type = 128 is_3gpp ? 0 imcb_rat_chk_is_3gpp (vendor/mediatek/proprietary/protect-app/external/volte/volte_imcb/sub_imcb/utility/src/imcb_rat_api.c, 149): /system/bin/volte_imcb
05-16 14:34:33.053  4676  4676 D VoLTE IMCB: HEX DUMP len=3456: /system/bin/volte_imcb
05-16 14:34:33.053  4676  4676 D VoLTE IMCB: HEX DUMP (000):  0xBF 0x86 0x01 0x00 0xC5 0x32 0x02 0x00: /system/bin/volte_imcb
05-16 14:34:33.053  4676  4676 D VoLTE IMCB: HEX DUMP (008):  0x00 0x00 0x00 0x00 0x00 0x00 0x00 0x00: /system/bin/volte_imcb
05-16 14:34:33.053  4676  4676 D VoLTE IMCB: HEX DUMP (016):  0x04 0x00 0x00 0x00 0x00 0x00 0x00 0x00: /system/bin/volte_imcb
05-16 14:34:33.053  4676  4676 D VoLTE IMCB: HEX DUMP (024):  0x00 0x00 0x00 0x00 0x00 0x00 0x00 0x00: /system/bin/volte_imcb
05-16 14:34:33.053  4676  4676 D VoLTE IMCB: HEX DUMP (032):  0x00 0x00 0x00 0x00 0x00 0x00 0x00 0x00: /system/bin/volte_imcb
05-16 14:34:33.053  4676  4676 D VoLTE IMCB: HEX DUMP (040):  0x00 0x00 0x00 0x00 0x00 0x00 0x00 0x00: /system/bin/volte_imcb
05-16 14:34:33.053  4676  4676 D VoLTE IMCB: HEX DUMP (048):  0x00 0x00 0x00 0x00 0x00 0x00 0x00 0x00: /system/bin/volte_imcb
05-16 14:34:33.053  4676  4676 D VoLTE IMCB: HEX DUMP (056):  0x00 0x00 0x00 0x00 0x00 0x00 0x00 0x00: /system/bin/volte_imcb
05-16 14:34:33.053  4676  4676 D VoLTE IMCB: HEX DUMP (064):  0x01 0x00 0x00 0x00 0x00 0x00 0x00 0x00: /system/bin/volte_imcb
05-16 14:34:33.053  4676  4676 D VoLTE IMCB: HEX DUMP (072):  0x00 0x00 0x00 0x00 0x00 0x00 0x00 0x00: /system/bin/volte_imcb
05-16 14:34:33.053  4676  4676 D VoLTE IMCB: HEX DUMP (080):  0x00 0x00 0x00 0x00 0x00 0x00 0x00 0x00: /system/bin/volte_imcb
05-16 14:34:33.054  4676  4676 D VoLTE IMCB: HEX DUMP (088):  0x00 0x00 0x00 0x00 0x00 0x00 0x00 0x00: /system/bin/volte_imcb
05-16 14:34:33.054  4676  4676 D VoLTE IMCB: HEX DUMP (096):  0x00 0x00 0x00 0x00 0x00 0x00 0x00 0x00: /system/bin/volte_imcb
05-16 14:34:33.054  4676  4676 D VoLTE IMCB: HEX DUMP (104):  0x00 0x00 0x00 0x00 0x00 0x00 0x00 0x00: /system/bin/volte_imcb
05-16 14:34:33.054  4676  4676 D VoLTE IMCB: HEX DUMP (112):  0x00 0x00 0x00 0x00 0x00 0x00 0x00 0x00: /system/bin/volte_imcb
05-16 14:34:33.054  4676  4676 D VoLTE IMCB: HEX DUMP (120):  0x00 0x00 0x00 0x00 0x00 0x00 0x00 0x00: /system/bin/volte_imcb
05-16 14:34:33.054  4676  4676 D VoLTE IMCB: HEX DUMP (128):  0x00 0x00 0x00 0x00 0x00 0x00 0x00 0x00: /system/bin/volte_imcb
05-16 14:34:33.054  4676  4676 D VoLTE IMCB: HEX DUMP (136):  0x00 0x00 0x00 0x00 0x00 0x00 0x00 0x00: /system/bin/volte_imcb
05-16 14:34:33.054  4676  4676 D VoLTE IMCB: HEX DUMP (144):  0x00 0x00 0x00 0x00 0x00 0x00 0x00 0x00: /system/bin/volte_imcb
05-16 14:34:33.054  4676  4676 D VoLTE IMCB: HEX DUMP (152):  0x00 0x00 0x00 0x00 0x00 0x00 0x00 0x00: /system/bin/volte_imcb
05-16 14:34:33.054  4676  4676 D VoLTE IMCB: HEX DUMP (160):  0x00 0x00 0x00 0x00 0x00 0x00 0x00 0x00: /system/bin/volte_imcb
05-16 14:34:33.054  4676  4676 D VoLTE IMCB: HEX DUMP (168):  0x00 0x00 0x00 0x00 0x00 0x00 0x00 0x00: /system/bin/volte_imcb
05-16 14:34:33.054  4676  4676 D VoLTE IMCB: HEX DUMP (176):  0x00 0x00 0x00 0x00 0x00 0x00 0x00 0x00: /system/bin/volte_imcb
05-16 14:34:33.054  4676  4676 D VoLTE IMCB: HEX DUMP (184):  0x00 0x00 0x00 0x00 0x00 0x00 0x00 0x00: /system/bin/volte_imcb
05-16 14:34:33.054  4676  4676 D VoLTE IMCB: HEX DUMP (192):  0x00 0x00 0x00 0x00 0x00 0x00 0x00 0x00: /system/bin/volte_imcb
05-16 14:34:33.054  4676  4676 D VoLTE IMCB:  process_relay_msg (vendor/mediatek/proprietary/protect-app/external/volte/volte_imcb/imcb_task/src/imcb_task_create.c, 111): /system/bin/volte_imcb
05-16 14:34:33.054  4676  4676 D VoLTE IMCB: process_relay_msg data len = 3456 process_relay_msg (vendor/mediatek/proprietary/protect-app/external/volte/volte_imcb/imcb_task/src/imcb_task_create.c, 119): /system/bin/volte_imcb
05-16 14:34:33.054  4676  4676 D VoLTE IMCB: <<<== relay () to IMCB (2) id(100031), sn(12997), len(4)  imcb_task_relay_to_module (vendor/mediatek/proprietary/protect-app/external/volte/volte_imcb/imcb_task/src/imcb_send_msg.c, 127): /system/bin/volte_imcb
05-16 14:34:33.054  4676  4676 D VoLTE IMCB: [process_msg] msg_id=100031, dst=2, IMCB_IMC_HEADER_FILE_VERNO=50, MSG_ID_IMC_IN_BEGIN=100000 process_msg (vendor/mediatek/proprietary/protect-app/external/volte/volte_imcb/imcb_task/src/imcb_task_create.c, 178): /system/bin/volte_imcb
05-16 14:34:33.054  4676  4676 D VoLTE IMCB: imcb_main imcb_main (vendor/mediatek/proprietary/protect-app/external/volte/volte_imcb/sub_imcb/src/imcb_main.c, 74): /system/bin/volte_imcb
05-16 14:34:33.054  4676  4676 D VoLTE IMCB: ENTER imcb_imc_oos_end_ind_handler (vendor/mediatek/proprietary/protect-app/external/volte/volte_imcb/sub_imcb/ctrl/src/imcb_ctrl_handler.c, 3004): /system/bin/volte_imcb
05-16 14:34:33.054  4676  4676 D VoLTE IMCB: ENTER imcb_rat_chk_is_3gpp (vendor/mediatek/proprietary/protect-app/external/volte/volte_imcb/sub_imcb/utility/src/imcb_rat_api.c, 121): /system/bin/volte_imcb
05-16 14:34:33.054  4676  4676 D VoLTE IMCB: imc rat type = 128 is_3gpp ? 0 imcb_rat_chk_is_3gpp (vendor/mediatek/proprietary/protect-app/external/volte/volte_imcb/sub_imcb/utility/src/imcb_rat_api.c, 149): /system/bin/volte_imcb
05-16 14:34:33.067  2088  2110 D ForegroundUtils: Process died; UID 10088 PID 20435: com.android.nfc
05-16 14:34:33.067  2088  2110 D ForegroundUtils: Foreground changed, PID: 20435 UID: 10088 foreground: false: com.android.nfc
05-16 14:34:33.067  2088  2110 D ForegroundUtils: Foreground UID/PID combinations:: com.android.nfc
05-16 14:34:33.067  2088  2110 D ForegroundUtils: UID: 10058 PID: 6466: com.android.nfc
05-16 14:34:33.068   920  2137 I PPS     : [PPSNotifyAppState] nPackNum:1, pack:com.redteamobile.roaming, com:(null), state:3, pid:0, last_boost_tid:-1: system_server
05-16 14:34:33.159   920   920 I OppoPhoneWindowManager: KeyLockModeReceiver KeyLockMode: 0 ProcessName: com.redteamobile.roaming: system_server
05-16 14:34:33.165   378   378 D PSD     : prox disable: /system/bin/psensord
05-16 14:34:33.747   379   411 D         : thermal_monitor main loop 42857 log_has_update = 0: /system/bin/bspCriticalLog
05-16 14:34:34.066   330   330 E ccci_fsd(1): Failed to read from FS device (-1) !! errno = 4: /system/bin/ccci_fsd
05-16 14:34:34.066   332   332 E ccci_fsd(3): Failed to read from FS device (-1) !! errno = 4: /system/bin/ccci_fsd
05-16 14:34:34.068  4676  4833 E VoLTE IMCB: RECEIVE error code: EINTR, Need to retry: /system/bin/volte_imcb
05-16 14:34:39.025   332   332 E ccci_fsd(3): Failed to read from FS device (-1) !! errno = 4: /system/bin/ccci_fsd
05-16 14:34:39.025   378   378 D PSD     : prox disable: /system/bin/psensord
05-16 14:34:39.027  4676  4833 E VoLTE IMCB: RECEIVE error code: EINTR, Need to retry: /system/bin/volte_imcb
05-16 14:34:39.032   330   330 E ccci_fsd(1): Failed to read from FS device (-1) !! errno = 4: /system/bin/ccci_fsd
05-16 14:34:39.696   920   950 V OppoAppStartupManager: intent == null || callerApp == null: system_server
05-16 14:34:39.795   379   412 D         : charger_monitor ac: 0, usb: 1,will record: /system/bin/bspCriticalLog
05-16 14:34:39.796   379   412 D         : doReadCriticalData::CriticalLogServiceManager = 0x7fab407070: /system/bin/bspCriticalLog
05-16 14:34:39.797   361   421 D         : criticallog::onTransact: ACTION_REQUEST_READ_CRITICAL: /system/bin/criticallog
05-16 14:34:39.797   361   421 D         : criticallogService::ACTION_REQUEST_READ_CRITICAL====id=1649, size = 256: /system/bin/criticallog
05-16 14:34:39.798   361   421 E raw_hw_default: open /dev/block/mmcblk0p4 success: /system/bin/criticallog
05-16 14:34:39.798   361   421 E raw_hw_default: item id=1649,0x844288: /system/bin/criticallog
05-16 14:34:39.801   361   421 D         : criticallogService::ACTION_REQUEST_READ_CRITICAL,size:256, content is  : /system/bin/criticallog
05-16 14:34:39.801   379   412 D         : criticallog, limit to record type = 625: /system/bin/bspCriticalLog
05-16 14:34:39.801   379   412 D         : charger_monitor log_has_update will be set false: /system/bin/bspCriticalLog
05-16 14:34:39.840   920   950 I am_proc_start: [0,20470,1000,com.coloros.gesture,broadcast,com.coloros.gesture/.receiver.OppoGestureReceiver]: system_server
05-16 14:34:39.840   920  2113 I battery_discharge: [1245378,100,99]: system_server
05-16 14:34:39.840   920  2113 I battery_status: [2,2,1,2,Li-ion]: system_server
05-16 14:34:39.842   920   946 I am_proc_bound: [0,20470,com.coloros.gesture]: system_server
05-16 14:34:39.862   920   949 D usage_raw_part: write content:current_data_size = 1023: system_server
05-16 14:34:39.862   920   949 D usage_raw_part: write content:dataContentBuffer = com.coloros.gesture|2019-05-16 14:34:39: system_server
05-16 14:34:39.862   920   949 D usage_raw_part: write content:current_item_index = 330: system_server
05-16 14:34:39.862   920   949 D usage_raw_part: write content:maxItemSize = 1023: system_server
05-16 14:34:39.862   920   949 D usage_raw_part: write content in replace mode, current index:330: system_server
05-16 14:34:39.863   920   949 D usage_raw_part: write content in replace mode, save item content res:39: system_server
05-16 14:34:39.863   920   949 D usage_raw_part: write content in replace mode, save new item index res:32: system_server
05-16 14:34:39.899   920   950 I am_proc_start: [0,20493,1000,com.coloros.usbselection,broadcast,com.coloros.usbselection/.UsbStartReceiver]: system_server
05-16 14:34:39.899   920   950 D OppoAbnormalAppManager: Now Begin Monitor App StartInfo's Time == 278620892: system_server
05-16 14:34:39.911   920   949 D usage_raw_part: write content:current_data_size = 1023: system_server
05-16 14:34:39.911   920   949 D usage_raw_part: write content:dataContentBuffer = com.coloros.usbselection|2019-05-16 14:34:39: system_server
05-16 14:34:39.911   920   949 D usage_raw_part: write content:current_item_index = 331: system_server
05-16 14:34:39.911   920   949 D usage_raw_part: write content:maxItemSize = 1023: system_server
05-16 14:34:39.911   920   949 D usage_raw_part: write content in replace mode, current index:331: system_server
05-16 14:34:39.914   920   920 I Tethering: StateReceiver onReceive action:android.hardware.usb.action.USB_STATE: system_server
05-16 14:34:39.920   920   920 I Tethering: StateReceiver onReceive action synchronized: usbConnected = true usbConfigured = false, mRndisEnabled = false, mUsbTetherRequested = false: system_server
05-16 14:34:39.920   920   920 I Tethering: StateReceiver onReceive action synchronized: mUsbTetherEnabled = false: system_server
05-16 14:34:39.920   920   920 I Tethering: StateReceiver onReceive action:android.hardware.usb.action.USB_STATE: system_server
05-16 14:34:39.920   920   920 I Tethering: StateReceiver onReceive action synchronized: usbConnected = true usbConfigured = true, mRndisEnabled = false, mUsbTetherRequested = false: system_server
05-16 14:34:39.920   920   920 I Tethering: StateReceiver onReceive action synchronized: mUsbTetherEnabled = false: system_server
05-16 14:34:39.923   920   949 D usage_raw_part: write content in replace mode, save item content res:44: system_server
05-16 14:34:39.923   920   949 D usage_raw_part: write content in replace mode, save new item index res:32: system_server
05-16 14:34:39.934 21899 20492 D RUtils  : isRUtilsEnable oppo.service.rutils.enable = 1!: com.android.systemui
05-16 14:34:39.934 21899 20492 D RUtils  : waitForRUtilsEnable OK!: com.android.systemui
05-16 14:34:39.934 21899 20492 E RUtils  : RUtils CompareSystemMD5 enter!!!: com.android.systemui
05-16 14:34:39.937  2650  2702 I rutils  : RUtils::onTransact case RUTILS_CMD: /system/bin/rutilsdaemon
05-16 14:34:39.944 21899 20516 D RUtils  : isRUtilsEnable oppo.service.rutils.enable = 1!: com.android.systemui
05-16 14:34:39.944 21899 20516 D RUtils  : waitForRUtilsEnable OK!: com.android.systemui
05-16 14:34:39.944 21899 20516 E RUtils  : RUtils CompareSystemMD5 enter!!!: com.android.systemui
05-16 14:34:39.945  2650  2705 I rutils  : RUtils::onTransact case RUTILS_CMD: /system/bin/rutilsdaemon
05-16 14:34:39.947   920   993 D lights  : write_int open fd=-1: system_server
05-16 14:34:39.951   920   993 D WindowManager: waitForAllWindowsDrawn, add keyguard : system_server
05-16 14:34:39.951   920   993 D OppoExService: OppoExService  dealScreenoffGesture nGesture = 10000  mGestureCallback = null: system_server
05-16 14:34:39.990   920   966 I am_proc_bound: [0,20493,com.coloros.usbselection]: system_server
05-16 14:34:40.036   920   950 I am_proc_start: [0,20520,10050,com.mediatek.mtklogger,broadcast,com.mediatek.mtklogger/.framework.LogReceiver]: system_server
05-16 14:34:40.042   920   920 D OppoAbnormalAppManager: send ACTION_OPPO_GUARD_ELF_COUNT_RESTRICT_LIST! count == 0: system_server
05-16 14:34:40.043 21899 21899 D PhoneStatusBar: ACTION_POWER_CONNECTED_mUsbConnected = true: com.android.systemui
05-16 14:34:40.055   920   949 D usage_raw_part: write content:current_data_size = 1023: system_server
05-16 14:34:40.055   920   949 D usage_raw_part: write content:dataContentBuffer = com.mediatek.mtklogger|2019-05-16 14:34:40: system_server
05-16 14:34:40.055   920   949 D usage_raw_part: write content:current_item_index = 332: system_server
05-16 14:34:40.055   920   949 D usage_raw_part: write content:maxItemSize = 1023: system_server
05-16 14:34:40.055   920   949 D usage_raw_part: write content in replace mode, current index:332: system_server
05-16 14:34:40.056   325   325 D SurfaceFlinger: Skip composition.: /system/bin/surfaceflinger
05-16 14:34:40.060   920   949 D usage_raw_part: write content in replace mode, save item content res:42: system_server
05-16 14:34:40.060   920   949 D usage_raw_part: write content in replace mode, save new item index res:32: system_server
05-16 14:34:40.068   920  2113 I am_proc_bound: [0,20520,com.mediatek.mtklogger]: system_server
05-16 14:34:40.089   325   325 D SurfaceFlinger: Skip composition.: /system/bin/surfaceflinger
05-16 14:34:40.101   920   950 I am_proc_start: [0,20545,10004,android.process.media,broadcast,com.android.providers.media/.MediaScannerReceiver]: system_server
05-16 14:34:40.115   920   920 I power_screen_state: [1,0,0,0]: system_server
05-16 14:34:40.116   920   920 I screen_toggled: 1: system_server
05-16 14:34:40.118   920   920 E SensorManager: RegisterListener ACCELEROMETER type:1 delay:66667us by com.android.internal.policy.impl.WindowOrientationListener$SensorEventListenerImpl: system_server
05-16 14:34:40.122   920   949 D usage_raw_part: write content:current_data_size = 1023: system_server
05-16 14:34:40.122   920   949 D usage_raw_part: write content:dataContentBuffer = android.process.media|2019-05-16 14:34:40: system_server
05-16 14:34:40.122   920   949 D usage_raw_part: write content:current_item_index = 333: system_server
05-16 14:34:40.122   920   949 D usage_raw_part: write content:maxItemSize = 1023: system_server
05-16 14:34:40.122   920   949 D usage_raw_part: write content in replace mode, current index:333: system_server
05-16 14:34:40.124   920   949 D usage_raw_part: write content in replace mode, save item content res:41: system_server
05-16 14:34:40.124   920   949 D usage_raw_part: write content in replace mode, save new item index res:32: system_server
05-16 14:34:40.154   920   920 D SensorService: Calling batch handle==1 flags=0rate=66667000 timeout== 0: system_server
05-16 14:34:40.154   920   920 D SensorService: SensorDevice::batch: ident=0x7f8796fe80, handle=0x00000001, flags=0, period_ns=66667000 timeout=0: system_server
05-16 14:34:40.154   920   920 D SensorService: 	>>> curr_period=-1 min_period=66667000 curr_timeout=-1 min_timeout=0: system_server
05-16 14:34:40.154   920   920 D SensorService: 	>>> actuating h/w BATCH 1 0 66667000 0: system_server
05-16 14:34:40.154   920   920 D Sensors : batch handle =0, flag=0, sampling=66667000, batchtimeout=0: system_server
05-16 14:34:40.154   920   920 E Sensors : handleToDriver handle(0): system_server
05-16 14:34:40.154   920   920 E Sensors : handleToDriver handle(0): system_server
05-16 14:34:40.154   920   920 D Accel   : setDelay: (handle=0, ns=66667000): system_server
05-16 14:34:40.155   920   920 E Sensors : new setDelay handle(0),ns(66667000)m, error(0), index(2): system_server
05-16 14:34:40.155   920   920 E Accel   : ACC batch: handle:0, en:0,samplingPeriodNs:66667000 maxBatchReportLatencyNs:0 : system_server
05-16 14:34:40.155   920   920 D Accel   : path:/sys/class/misc/m_acc_misc/accbatch : system_server
05-16 14:34:40.155   920   920 D Accel   : ACC batch(0) done: system_server
05-16 14:34:40.155   920   920 E Sensors : sensor 0 go to common batch: system_server
05-16 14:34:40.156   920   920 D BATCH   : no batch control attr: system_server
05-16 14:34:40.156   920   920 D SensorService: Calling activate on 1: system_server
05-16 14:34:40.156   920   920 D SensorService: SensorDevice::activate: ident=0x7f8796fe80, handle=0x00000001, enabled=1, count=1: system_server
05-16 14:34:40.156   920   920 D SensorService: enable index=0: system_server
05-16 14:34:40.156   920   920 D SensorService: 	>>> actuating h/w activate handle=1 enabled=1: system_server
05-16 14:34:40.156   920   920 D Sensors : activate handle =0, enable = 1: system_server
05-16 14:34:40.156   920   920 E Sensors : handleToDriver handle(0): system_server
05-16 14:34:40.156   920   920 D Sensors : use new sensor index=2, mSensors[index](a5333000): system_server
05-16 14:34:40.156   920   920 D Sensors : support batch active : system_server
05-16 14:34:40.156   920   920 D BATCH   : no batch control attr: system_server
05-16 14:34:40.156   920   920 D Accel   : ACC enable: handle:0, en:1 : system_server
05-16 14:34:40.156   920   920 D Accel   : path:/sys/class/misc/m_acc_misc/accactive : system_server
05-16 14:34:40.156   920   920 D Accel   : ACC enable(1) done: system_server
05-16 14:34:40.156   920   920 V KeyguardServiceDelegate: onScreenTurnedOn(showListener = com.android.internal.policy.impl.PhoneWindowManager$2@65b6a69): system_server
05-16 14:34:40.161 20470 20470 I AsynTaskService: exeService action = oppo.intent.action.BATTERY_PLUGGED_CHANGED: com.coloros.gesture
05-16 14:34:40.175   920  1188 I libsuspend: autosuspend_debugger_disable: system_server
05-16 14:34:40.175   920  1188 I libsuspend: autosuspend_debugger_disable done: system_server
05-16 14:34:40.178   920  1188 D PowerManagerService-JNI: Excessive delay in autosuspend_disable() while turning screen on: 219ms: system_server
05-16 14:34:40.179   325   325 D SurfaceFlinger: Set power mode=2, type=0 flinger=0x7f8185b000: /system/bin/surfaceflinger
05-16 14:34:40.179   325   325 I hwcomposer: [HWC] SetPowerMode(2) Display(0): /system/bin/surfaceflinger
05-16 14:34:40.191   325   325 I hwcomposer: [HWC] game: 1: /system/bin/surfaceflinger
05-16 14:34:40.191   325   325 I SceneKnowledgeProvider: SKP: notifyChange(0, 0): /system/bin/surfaceflinger
05-16 14:34:40.191  3318  3322 D         : GAS Bn: onTransact(code=2): /system/bin/gas_srv
05-16 14:34:40.191  3318  3322 D GasService: Bn: tid=3322, sendAppInfo(0, 0): /system/bin/gas_srv
05-16 14:34:40.191  3318  3322 D         : GAS: classified result=0: /system/bin/gas_srv
05-16 14:34:40.191  3318  3322 I PerfService: PerfServiceNative_notifyDisplayType:0: /system/bin/gas_srv
05-16 14:34:40.193   920   966 D PerfServiceManager: [PerfService] notifyDisplayType:0 : system_server
05-16 14:34:40.193   920   966 I libPerfService: perfNotifyDisplayType - type:0: system_server
05-16 14:34:40.194   920   966 I libPerfService: 5: set: -1, -1: system_server
05-16 14:34:40.194   920   966 I libPerfService: 5: set max: -1, -1: system_server
05-16 14:34:40.194   920   966 I libPerfService: [perfScnDisable] scn:6, scn_root_cluster:-1: system_server
05-16 14:34:40.195   920   966 I libPerfService: 5: set freq: -1, -1: system_server
05-16 14:34:40.195   920   966 I libPerfService: 5: set vcore level: 0: system_server
05-16 14:34:40.195   920   966 I libPerfService: 11: set vcore level: 1: system_server
05-16 14:34:40.207   325   325 D SurfaceFlinger: Skip composition.: /system/bin/surfaceflinger
05-16 14:34:40.209 20493 20493 D UsbStartReceiver: onReceive_action is: android.hardware.usb.action.USB_STATE: com.coloros.usbselection
05-16 14:34:40.217 20493 20493 I UsbStartReceiver: onReceive_action is: android.hardware.usb.action.USB_STATE,and connected is:true: com.coloros.usbselection
05-16 14:34:40.218 20520 20520 I MTKLogger/Utils: Andriod version string = 5.1: com.mediatek.mtklogger
05-16 14:34:40.237 20470 20470 D AnimationController: mIsScreenOn: false mIsViewAddToWindow: false: com.coloros.gesture
05-16 14:34:40.237 20520 20520 I MTKLogger/Utils: Android version number=5.1: com.mediatek.mtklogger
05-16 14:34:40.237 20470 20571 D BlackGesture:  writeGestureSDFile closeType: 0 and state: 0: com.coloros.gesture
05-16 14:34:40.238 20470 20571 D BlackGesture:  preState 0: com.coloros.gesture
05-16 14:34:40.242 20520 20520 D MTKLogger/Utils: MODEM_INDEX_SET added index: 1: com.mediatek.mtklogger
05-16 14:34:40.242 20520 20520 D MTKLogger/Utils: MODEM_INDEX_SET added index: 3: com.mediatek.mtklogger
05-16 14:34:40.242 20520 20520 D MTKLogger/Utils: MODEM_INDEX_FOLDER_MAP added index: 1: com.mediatek.mtklogger
05-16 14:34:40.242 20520 20520 D MTKLogger/Utils: MODEM_INDEX_FOLDER_MAP added index: 3: com.mediatek.mtklogger
05-16 14:34:40.242 20520 20520 D MTKLogger/Utils: MODEM_LOG_NAME_MAP added index: 1: com.mediatek.mtklogger
05-16 14:34:40.242 20520 20520 D MTKLogger/Utils: MODEM_LOG_NAME_MAP added index: 3: com.mediatek.mtklogger
05-16 14:34:40.246  2650  2702 D rutils  : RUtils:: rutils_cmd ret = 0 : /system/bin/rutilsdaemon
05-16 14:34:40.246  2650  2705 D rutils  : RUtils:: rutils_cmd ret = 0 : /system/bin/rutilsdaemon
05-16 14:34:40.247  2650  2653 I rutils  : RUtils::onTransact case RUTILS_CMD: /system/bin/rutilsdaemon
05-16 14:34:40.247  2650  7206 I rutils  : RUtils::onTransact case RUTILS_CMD: /system/bin/rutilsdaemon
05-16 14:34:40.249  2041  2041 D GsmCellLocation: fillInNotifierBundle:Bundle[{cid=102388742, lac=9534, psc=-1, type=1}]: com.android.phone
05-16 14:34:40.253 20520 20520 I MTKLogger/MyApplication: -->onCreate(): com.mediatek.mtklogger
05-16 14:34:40.268 20520 20520 I MTKLogger/LogReceiver:  -->onReceive(), action=android.hardware.usb.action.USB_STATE, bootupFlag=false: com.mediatek.mtklogger
05-16 14:34:40.269 20520 20520 I MTKLogger/LogReceiver:  Native modem log running status=0: com.mediatek.mtklogger
05-16 14:34:40.271 20470 20470 D AnimationController: mIsScreenOn: false mIsViewAddToWindow: false: com.coloros.gesture
05-16 14:34:40.271 20470 20575 I AsynTaskService: onHandleIntent asynTaskAction: 13: com.coloros.gesture
05-16 14:34:40.278 20470 20567 D GestureUtil: com.oppo.gesture_preferences.xml exists : false: com.coloros.gesture
05-16 14:34:40.296  2650  7206 D rutils  : RUtils:: rutils_cmd ret = 256 : /system/bin/rutilsdaemon
05-16 14:34:40.296  2650  2653 D rutils  : RUtils:: rutils_cmd ret = 256 : /system/bin/rutilsdaemon
05-16 14:34:40.296  2650  2788 I rutils  : RUtils::onTransact case RUTILS_CMD: /system/bin/rutilsdaemon
05-16 14:34:40.296  2650  1667 I rutils  : RUtils::onTransact case RUTILS_CMD: /system/bin/rutilsdaemon
05-16 14:34:40.297 20520 20520 V MTKLogger/LogReceiver: isModemLogRunning?false, modemLogRunningMode=2: com.mediatek.mtklogger
05-16 14:34:40.297 20520 20520 V MTKLogger/Utils: mtp=true: com.mediatek.mtklogger
05-16 14:34:40.297 20520 20520 V MTKLogger/Utils: accessory=false: com.mediatek.mtklogger
05-16 14:34:40.297 20520 20520 V MTKLogger/Utils: audio_source=false: com.mediatek.mtklogger
05-16 14:34:40.297 20520 20520 V MTKLogger/Utils: acm=false: com.mediatek.mtklogger
05-16 14:34:40.297 20520 20520 V MTKLogger/Utils: eem=false: com.mediatek.mtklogger
05-16 14:34:40.297 20520 20520 V MTKLogger/Utils: rndis=false: com.mediatek.mtklogger
05-16 14:34:40.297 20520 20520 V MTKLogger/Utils: bicr=false: com.mediatek.mtklogger
05-16 14:34:40.297 20520 20520 V MTKLogger/Utils: mass_storage=true: com.mediatek.mtklogger
05-16 14:34:40.297 20520 20520 V MTKLogger/Utils: ptp=false: com.mediatek.mtklogger
05-16 14:34:40.297 20520 20520 V MTKLogger/Utils: charging=false: com.mediatek.mtklogger
05-16 14:34:40.297 20520 20520 V MTKLogger/Utils: adb=true: com.mediatek.mtklogger
05-16 14:34:40.297 20520 20520 I MTKLogger/LogReceiver:  usbConfigured?false, usbConnected?true, nweUsbMode=11, oldUSBModeValue=11, oldUsbConnectedValue=false, needNotifyModemLog=true: com.mediatek.mtklogger
05-16 14:34:40.298 20520 20520 V MTKLogger/LogReceiver: Modem log is not running in USB mode or USB status not change, do not need to send down switch command. newUsbMode=11, usbConnected=true: com.mediatek.mtklogger
05-16 14:34:40.298 20520 20520 D MTKLogger/LogReceiver: -->needStartLogAtBootTime(), needStart=false: com.mediatek.mtklogger
05-16 14:34:40.298 20520 20520 D MTKLogger/LogReceiver: -->checkProcess(), needAutoStart=false, canKillSelf=true: com.mediatek.mtklogger
05-16 14:34:40.298 20520 20520 I MTKLogger/LogReceiver: MTKLogger process should not startup, send a kill message to kill it.: com.mediatek.mtklogger
05-16 14:34:40.298 20520 20520 V MTKLogger/LogReceiver:  OnReceive function exit.: com.mediatek.mtklogger
05-16 14:34:40.299   920   920 V KeyguardServiceDelegate: onScreenTurnedOn mKeyguardState.screenIsOn = true: system_server
05-16 14:34:40.299   920   920 I power_screen_broadcast_send: 1: system_server
05-16 14:34:40.299  6466  6492 D InputMethodManager: receive service's setActive call, active:true: com.oppo.launcher
05-16 14:34:40.300  6466  6466 I InputMethodManager: handleMessage: MSG_SET_ACTIVE true, was false: com.oppo.launcher
05-16 14:34:40.306  2650  1667 D rutils  : RUtils:: rutils_cmd ret = 0 : /system/bin/rutilsdaemon
05-16 14:34:40.307  2650  2788 D rutils  : RUtils:: rutils_cmd ret = 0 : /system/bin/rutilsdaemon
05-16 14:34:40.307  2650  2788 I rutils  : RUtils::onTransact case RUTILS_CMD: /system/bin/rutilsdaemon
05-16 14:34:40.307  2650  2702 I rutils  : RUtils::onTransact case RUTILS_CMD: /system/bin/rutilsdaemon
05-16 14:34:40.317   920  2187 I am_proc_bound: [0,20545,android.process.media]: system_server
05-16 14:34:40.339 20470 20470 I AsynTaskService: exeService action = android.hardware.usb.action.USB_STATE: com.coloros.gesture
05-16 14:34:40.345 20470 20575 I AsynTaskService: onHandleIntent asynTaskAction: 12: com.coloros.gesture
05-16 14:34:40.349 18339 18339 D LockPatternUtils: isLockPasswordEnabled = true: com.android.keyguard
05-16 14:34:40.349 18339 18339 W Kgd.KeyguardSecurityContainer: showSecurityScreen,securityMode is as same as lastone, securityMode = PIN, return: com.android.keyguard
05-16 14:34:40.352 18339 18339 D Kgd.KeyguardUpdateMonitor: isUnlockWithFingerprintPossible isFingerprintUnlockSwitchEnabled = false   mFingerprintManager = android.hardware.fingerprint.FingerprintManager@33fcfa72   isHardwareDetected = false   isFingerprintDisabled(userId) = false   getEnrolledFingerprints = false: com.android.keyguard
05-16 14:34:40.352 20520 20520 I MTKLogger/LogReceiver:  -->onReceive(), action=android.hardware.usb.action.USB_STATE, bootupFlag=false: com.mediatek.mtklogger
05-16 14:34:40.352 20520 20520 I MTKLogger/LogReceiver:  Native modem log running status=0: com.mediatek.mtklogger
05-16 14:34:40.353 20520 20520 V MTKLogger/LogReceiver: isModemLogRunning?false, modemLogRunningMode=2: com.mediatek.mtklogger
05-16 14:34:40.353 20520 20520 V MTKLogger/Utils: mtp=true: com.mediatek.mtklogger
05-16 14:34:40.353 20520 20520 V MTKLogger/Utils: accessory=false: com.mediatek.mtklogger
05-16 14:34:40.353 20520 20520 V MTKLogger/Utils: audio_source=false: com.mediatek.mtklogger
05-16 14:34:40.353 20520 20520 V MTKLogger/Utils: acm=false: com.mediatek.mtklogger
05-16 14:34:40.353 20520 20520 V MTKLogger/Utils: eem=false: com.mediatek.mtklogger
05-16 14:34:40.353 20520 20520 V MTKLogger/Utils: rndis=false: com.mediatek.mtklogger
05-16 14:34:40.353 20520 20520 V MTKLogger/Utils: bicr=false: com.mediatek.mtklogger
05-16 14:34:40.353 20520 20520 V MTKLogger/Utils: mass_storage=true: com.mediatek.mtklogger
05-16 14:34:40.353 20520 20520 V MTKLogger/Utils: ptp=false: com.mediatek.mtklogger
05-16 14:34:40.353 20520 20520 V MTKLogger/Utils: charging=false: com.mediatek.mtklogger
05-16 14:34:40.353 20520 20520 V MTKLogger/Utils: adb=true: com.mediatek.mtklogger
05-16 14:34:40.353 20520 20520 I MTKLogger/LogReceiver:  usbConfigured?true, usbConnected?true, nweUsbMode=11, oldUSBModeValue=11, oldUsbConnectedValue=true, needNotifyModemLog=false: com.mediatek.mtklogger
05-16 14:34:40.353 20520 20520 V MTKLogger/LogReceiver: Modem log is not running in USB mode or USB status not change, do not need to send down switch command. newUsbMode=11, usbConnected=true: com.mediatek.mtklogger
05-16 14:34:40.353 20520 20520 D MTKLogger/LogReceiver: -->needStartLogAtBootTime(), needStart=false: com.mediatek.mtklogger
05-16 14:34:40.353 20520 20520 D MTKLogger/LogReceiver: -->checkProcess(), needAutoStart=false, canKillSelf=true: com.mediatek.mtklogger
05-16 14:34:40.353 20520 20520 I MTKLogger/LogReceiver: MTKLogger process should not startup, send a kill message to kill it.: com.mediatek.mtklogger
05-16 14:34:40.353 20520 20520 V MTKLogger/LogReceiver:  OnReceive function exit.: com.mediatek.mtklogger
05-16 14:34:40.354 18339 18339 I Kgd.KeyguardViewManager: onScreenTurnedOn, mKeyguardHost is visible, mKeyguardHost.post Runnable  onShown: com.android.keyguard
05-16 14:34:40.357 18339 18339 I Kgd.KeyguardViewManager: onScreenTurnedOn callback.onShown: com.android.keyguard
05-16 14:34:40.358   920   966 V KeyguardServiceDelegate: **** SHOWN CALLED ****: system_server
05-16 14:34:40.358   920   966 I KeyguardServiceDelegate: onShown Real invoke: system_server
05-16 14:34:40.361   920   993 D Surface : Surface::disconnect(this=0x7f88159800,api=1): system_server
05-16 14:34:40.362 20470 20470 I AsynTaskService: exeService action = android.hardware.usb.action.USB_STATE: com.coloros.gesture
05-16 14:34:40.370   325   325 I sf_frame_dur: [ColorFade,8,0,0,0,0,0,0]: /system/bin/surfaceflinger
05-16 14:34:40.370   920  1188 D lights  : write_int open fd=349: system_server
05-16 14:34:40.371   325   325 I hwcomposer: [HWC] game: 0: /system/bin/surfaceflinger
05-16 14:34:40.371   325   325 I SceneKnowledgeProvider: SKP: notifyChange(0, 1): /system/bin/surfaceflinger
05-16 14:34:40.372  3318  3318 D         : GAS Bn: onTransact(code=2): /system/bin/gas_srv
05-16 14:34:40.372  3318  3318 D GasService: Bn: tid=3318, sendAppInfo(0, 1): /system/bin/gas_srv
05-16 14:34:40.372  3318  3318 D         : GAS: classified result=1: /system/bin/gas_srv
05-16 14:34:40.372  3318  3318 I PerfService: PerfServiceNative_notifyDisplayType:1: /system/bin/gas_srv
05-16 14:34:40.374   920  2187 D PerfServiceManager: [PerfService] notifyDisplayType:1 : system_server
05-16 14:34:40.374   920  2187 I libPerfService: perfNotifyDisplayType - type:1: system_server
05-16 14:34:40.374 20470 20575 I AsynTaskService: onHandleIntent asynTaskAction: 12: com.coloros.gesture
05-16 14:34:40.374   920  2187 I libPerfService: 11: set: -1, -1: system_server
05-16 14:34:40.374   920  2187 I libPerfService: 11: set max: -1, -1: system_server
05-16 14:34:40.374   920  2187 I libPerfService: [perfScnDisable] scn:6, scn_root_cluster:-1: system_server
05-16 14:34:40.375   920  2187 I libPerfService: 11: set freq: -1, -1: system_server
05-16 14:34:40.375   920  2187 I libPerfService: 11: set vcore level: 0: system_server
05-16 14:34:40.408   920   950 I am_proc_start: [0,20599,10052,com.oppo.ota,broadcast,com.oppo.ota/.app.UpdateReceiver]: system_server
05-16 14:34:40.411   920   949 D usage_raw_part: write content:current_data_size = 1023: system_server
05-16 14:34:40.411   920   949 D usage_raw_part: write content:dataContentBuffer = com.oppo.ota|2019-05-16 14:34:40: system_server
05-16 14:34:40.411   920   949 D usage_raw_part: write content:current_item_index = 334: system_server
05-16 14:34:40.411   920   949 D usage_raw_part: write content:maxItemSize = 1023: system_server
05-16 14:34:40.411   920   949 D usage_raw_part: write content in replace mode, current index:334: system_server
05-16 14:34:40.412   920   949 D usage_raw_part: write content in replace mode, save item content res:32: system_server
05-16 14:34:40.412   920   949 D usage_raw_part: write content in replace mode, save new item index res:32: system_server
05-16 14:34:40.434   920  2233 I am_proc_bound: [0,20599,com.oppo.ota]: system_server
05-16 14:34:40.436 20493 20493 D UsbService: onCreate_mHasShow = false: com.coloros.usbselection
05-16 14:34:40.438 20493 20493 D UsbStartReceiver: onReceive_action is: android.hardware.usb.action.USB_STATE: com.coloros.usbselection
05-16 14:34:40.440 20493 20493 I UsbStartReceiver: onReceive_action is: android.hardware.usb.action.USB_STATE,and connected is:true: com.coloros.usbselection
05-16 14:34:40.456   920   961 I notification_cancel_all: [1000,20493,com.coloros.usbselection,0,0,64,9,NULL]: system_server
05-16 14:34:40.474  2041  2041 D GsmCellLocation: fillInNotifierBundle:Bundle[{cid=268435455, lac=0, psc=-1, type=1}]: com.android.phone
05-16 14:34:40.543 20545 20545 D providerUtils: getMultiappSdDirectory, path is null ? /storage/emulated/999: android.process.media
05-16 14:34:40.544 20545 20545 D providerUtils: initSystemFeature, SUPPORT_OPPO_MULTIAPP=true: android.process.media
05-16 14:34:40.546 20545 20545 I BuglyStatistics: versionStr=1.40.1, so bugly is close!: android.process.media
05-16 14:34:40.549 20599 20599 D OTApplication: application is deep:false: com.oppo.ota
05-16 14:34:40.550 20599 20599 D OTApplication: app version name = [3.9.0]: com.oppo.ota
05-16 14:34:40.550 20545 20545 W linker  : libbreakpadManager_jni.so: unused DT entry: type 0x6ffffffe arg 0x7204: android.process.media
05-16 14:34:40.550 20545 20545 W linker  : libbreakpadManager_jni.so: unused DT entry: type 0x6fffffff arg 0x2: android.process.media
05-16 14:34:40.552 20545 20545 V BreakpadManagerJNI: registerBreakpad10: android.process.media
05-16 14:34:40.566 20545 20545 D MediaProvider: onCreate mInternalSdPath=%s,/storage/emulated/0 mExternalSdPath=%s /storage/sdcard1 db version 707: android.process.media
05-16 14:34:40.568 20599 20599 D SystemPropertyUtils: jzk get device OTAID A37m_11.A.23_0230_201710251842: com.oppo.ota
05-16 14:34:40.569 20599 20599 I EntryActivity: getCachedState return [5]: com.oppo.ota
05-16 14:34:40.582 20599 20599 D OTAPPLICATION: update delay time list: com.oppo.ota
05-16 14:34:40.625 20599 20599 D OTAPPLICATION: write delay time list: com.oppo.ota
05-16 14:34:40.625 20599 20599 D OTAPPLICATION: mDownloadDelayAlarmList-->1,3,9,16,23: com.oppo.ota
05-16 14:34:40.625 20599 20599 D OTAPPLICATION: mInstallDelayAlarmList-->1,3,9,16,23: com.oppo.ota
05-16 14:34:40.628 20493 20493 D UsbService: isUsbActive = true,and FeatureOption.IS_CMCC_VERSION is :false: com.coloros.usbselection
05-16 14:34:40.633 20599 20599 D UpdateReceiver: dzc UpdateReceiver action = android.intent.action.ACTION_POWER_CONNECTED: com.oppo.ota
05-16 14:34:40.654 20545 20545 D MediaProvider:  onCreate mExternalStoragePaths [/storage/emulated/0, /storage/sdcard1, /storage/usbotgA, /storage/usbotgB, /storage/usbotgC, /storage/usbotgD, /storage/usbotgE, /storage/usbotgF]: android.process.media
05-16 14:34:40.662 20493 20493 D UsbStartReceiver: onReceive_action is: android.intent.action.ACTION_POWER_CONNECTED: com.coloros.usbselection
05-16 14:34:40.664 20493 20493 D UsbStartReceiver: action is: android.intent.action.ACTION_POWER_CONNECTED, startService!: com.coloros.usbselection
05-16 14:34:40.682 20545 20545 W MediaProvider: getDatabaseForUri, SD card is inavailable returning null: android.process.media
05-16 14:34:40.682 20545 20545 W providerUtils: removeSomeRows, needRemove=: android.process.media
05-16 14:34:40.682 20545 20545 W providerUtils: removeSomeRows, helper is null.: android.process.media
05-16 14:34:40.682 20545 20545 V MediaProvider: Attached volume: internal: android.process.media
