--------- beginning of events
05-16 10:53:49.815   920  2232 I netstats_mobile_sample: [0,0,0,0,0,0,0,0,0,0,0,0,-1]: system_server
05-16 10:53:49.818   920  2232 I netstats_wifi_sample: [229508002,1068278,110899667,625146,213646930,1041409,101372092,532449,213645546,1041404,101371988,532447,-1]: system_server
05-16 10:53:51.510   920   966 I am_resume_activity: [0,847771735,1,com.oppo.launcher/.Launcher]: system_server
05-16 10:53:51.522   920   966 I am_focused_activity: [0,com.oppo.launcher/.Launcher]: system_server
05-16 10:53:51.679  2256  2256 I am_on_resume_called: [0,com.oppo.launcher.Launcher]
05-16 10:53:51.689   325   325 I sf_frame_dur: [Keyguard,71,2,1,1,2,1,0]: /system/bin/surfaceflinger
05-16 10:53:53.944   920  2113 I am_proc_died: [0,16501,com.android.keyguard]: system_server
05-16 10:53:53.952   920  2113 I am_schedule_service_restart: [0,com.android.keyguard/.KeyguardService,0]: system_server
05-16 10:53:54.011   920  2113 I am_proc_start: [0,20661,10005,com.android.keyguard,restart,com.android.keyguard]: system_server
05-16 10:53:54.068   920  2151 I am_proc_bound: [0,20661,com.android.keyguard]: system_server
05-16 10:54:08.892   920  2163 I am_home_stack_moved: [0,0,1,1,startingNewTask]: system_server
05-16 10:54:08.893   920  2163 I am_create_task: [0,288]: system_server
05-16 10:54:08.893   920  2163 I am_create_activity: [0,609168112,288,com.tencent.xup/.activity.FirstPageActivity,android.intent.action.MAIN,NULL,NULL,270532608]: system_server
05-16 10:54:08.893   920  2163 I wm_task_created: [288,1]: system_server
05-16 10:54:08.893   920  2163 I wm_task_moved: [288,1,0]: system_server
05-16 10:54:08.893   920  2163 I am_pause_activity: [0,847771735,com.oppo.launcher/.Launcher]: system_server
05-16 10:54:08.894   920  2163 I am_home_stack_moved: [0,0,1,1,startedActivity setFocusedActivity]: system_server
05-16 10:54:08.895   920  2163 I am_focused_activity: [0,com.tencent.xup/.activity.FirstPageActivity]: system_server
05-16 10:54:08.914  2256  2256 I am_on_paused_called: [0,com.oppo.launcher.Launcher]
05-16 10:54:08.944   920   966 I am_proc_start: [0,20731,10507,com.tencent.xup,activity,com.tencent.xup/.activity.FirstPageActivity]: system_server
05-16 10:54:08.970   920   946 I am_proc_bound: [0,20731,com.tencent.xup]: system_server
05-16 10:54:08.975   920   946 I am_restart_activity: [0,609168112,288,com.tencent.xup/.activity.FirstPageActivity]: system_server
05-16 10:54:08.987   920   946 I am_focused_activity: [0,com.tencent.xup/.activity.FirstPageActivity]: system_server
05-16 10:54:09.250   325   325 I sf_frame_dur: [com.oppo.launcher/com.oppo.launcher.Launcher,26,1,0,0,0,0,6]: /system/bin/surfaceflinger
05-16 10:54:09.609 20731 20731 I am_on_resume_called: [0,com.tencent.xup.activity.FirstPageActivity]: com.tencent.xup
05-16 10:54:09.850   920   958 I am_activity_launch_time: [0,609168112,com.tencent.xup/.activity.FirstPageActivity,931,931]: system_server
05-16 10:54:11.322   920   940 I am_home_stack_moved: [0,0,1,1,sourceStackToFront]: system_server
05-16 10:54:11.322   920   940 I wm_task_moved: [288,1,0]: system_server
05-16 10:54:11.325   920   940 I am_create_activity: [0,195817079,288,com.tencent.xup/.activity.MainActivity,NULL,NULL,NULL,0]: system_server
05-16 10:54:11.326   920   940 I am_pause_activity: [0,609168112,com.tencent.xup/.activity.FirstPageActivity]: system_server
05-16 10:54:11.327   920   940 I am_home_stack_moved: [0,0,1,1,startedActivity setFocusedActivity]: system_server
05-16 10:54:11.327   920   940 I am_focused_activity: [0,com.tencent.xup/.activity.MainActivity]: system_server
05-16 10:54:11.330 20731 20731 I am_on_paused_called: [0,com.tencent.xup.activity.FirstPageActivity]: com.tencent.xup
05-16 10:54:11.332   920  2161 I am_restart_activity: [0,195817079,288,com.tencent.xup/.activity.MainActivity]: system_server
05-16 10:54:11.336   920  2161 I am_focused_activity: [0,com.tencent.xup/.activity.MainActivity]: system_server
05-16 10:54:11.626 20731 20731 I am_on_resume_called: [0,com.tencent.xup.activity.MainActivity]: com.tencent.xup
05-16 10:54:11.795   920   958 I am_activity_launch_time: [0,195817079,com.tencent.xup/.activity.MainActivity,464,464]: system_server
05-16 10:54:12.055   325   325 I sf_frame_dur: [com.tencent.xup/com.tencent.xup.activity.FirstPageActivity,5,0,1,1,2,1,0]: /system/bin/surfaceflinger
05-16 10:54:22.872   920  2161 I am_home_stack_moved: [0,0,1,1,startingNewTask]: system_server
05-16 10:54:22.872   920  2161 I wm_task_moved: [288,1,0]: system_server
05-16 10:54:22.874   920  2161 I am_create_task: [0,289]: system_server
05-16 10:54:22.874   920  2161 I am_create_activity: [0,876109208,289,com.tencent.tmgp.WePop/com.tencent.ifm.MainActivity,android.intent.action.MAIN,NULL,NULL,268435456]: system_server
05-16 10:54:22.874   920  2161 I wm_task_created: [289,1]: system_server
05-16 10:54:22.874   920  2161 I wm_task_moved: [289,1,1]: system_server
05-16 10:54:22.892   920  2161 I am_pause_activity: [0,195817079,com.tencent.xup/.activity.MainActivity]: system_server
05-16 10:54:22.894   920  2161 I am_home_stack_moved: [0,0,1,1,startedActivity setFocusedActivity]: system_server
05-16 10:54:22.904   920  2161 I am_focused_activity: [0,com.tencent.tmgp.WePop/com.tencent.ifm.MainActivity]: system_server
05-16 10:54:23.420   920   949 I am_proc_start: [0,20876,10517,com.tencent.tmgp.WePop,activity,com.tencent.tmgp.WePop/com.tencent.ifm.MainActivity]: system_server
05-16 10:54:23.436   920  2161 I am_proc_bound: [0,20876,com.tencent.tmgp.WePop]: system_server
05-16 10:54:23.440   920  2161 I am_restart_activity: [0,876109208,289,com.tencent.tmgp.WePop/com.tencent.ifm.MainActivity]: system_server
05-16 10:54:23.449   920  2161 I am_focused_activity: [0,com.tencent.tmgp.WePop/com.tencent.ifm.MainActivity]: system_server
05-16 10:54:23.958 20876 20876 I am_on_resume_called: [0,com.tencent.ifm.MainActivity]: com.tencent.tmgp.WePop
05-16 10:54:24.222   920   958 I am_activity_launch_time: [0,876109208,com.tencent.tmgp.WePop/com.tencent.ifm.MainActivity,825,825]: system_server
05-16 10:54:28.104 20731 20731 I am_on_paused_called: [0,com.tencent.xup.activity.MainActivity]: com.tencent.xup
05-16 10:54:28.105   920  2111 I am_failed_to_pause: [0,195817079,com.tencent.xup/.activity.MainActivity,(none)]: system_server
05-16 10:54:28.182   920   920 I notification_enqueue: [10507,20731,com.tencent.xup,1,NULL,0,Notification(pri=0 contentView=com.tencent.xup/0xc09041a vibrate=null sound=null defaults=0x0 flags=0x40 color=0x00000000 vis=PRIVATE),0]: system_server
05-16 10:54:28.240   325   325 I sf_frame_dur: [com.tencent.xup/com.tencent.xup.activity.MainActivity,68,6,0,1,1,1,4]: /system/bin/surfaceflinger
05-16 10:54:29.371  2088  2088 I sqlite_mem_released: 0: com.android.nfc
05-16 10:54:29.372  2088  2088 I force_gc: mem: com.android.nfc
05-16 10:54:30.728   920   950 I am_proc_start: [0,20981,10088,com.redteamobile.roaming,broadcast,com.redteamobile.roaming/.receiver.MccChangeReceiver]: system_server
05-16 10:54:30.765   920  2113 I am_proc_bound: [0,20981,com.redteamobile.roaming]: system_server
05-16 10:54:33.993   920  2233 I am_proc_died: [0,20981,com.redteamobile.roaming]: system_server
05-16 10:54:36.635   325   325 I sf_frame_dur: [InputMethod,3,4,5,9,3,4,1]: /system/bin/surfaceflinger
05-16 10:54:36.871   325   325 I sf_frame_dur: [com.tencent.tmgp.WePop/com.tencent.ifm.MainActivity,25,5,6,7,7,6,2]: /system/bin/surfaceflinger
05-16 10:54:37.122   325   325 I sf_frame_dur: [com.tencent.tmgp.WePop/com.tencent.ifm.MainActivity,0,0,2,0,0,0,0]: /system/bin/surfaceflinger
05-16 10:54:37.632   920   963 I am_home_stack_moved: [0,0,1,1,intentActivityFound]: system_server
05-16 10:54:37.632   920   963 I wm_task_moved: [289,1,1]: system_server
05-16 10:54:37.634   920   963 I am_home_stack_moved: [0,0,1,1,sourceStackToFront]: system_server
05-16 10:54:37.634   920   963 I wm_task_moved: [289,1,1]: system_server
05-16 10:54:37.637   920   963 I am_create_activity: [0,799303790,289,com.tencent.tmgp.WePop/.WePopActivity,android.intent.action.MAIN,NULL,NULL,268435456]: system_server
05-16 10:54:37.638   920   963 I am_pause_activity: [0,876109208,com.tencent.tmgp.WePop/com.tencent.ifm.MainActivity]: system_server
05-16 10:54:37.639   920   963 I am_home_stack_moved: [0,0,1,1,startedActivity setFocusedActivity]: system_server
05-16 10:54:37.640   920   963 I am_focused_activity: [0,com.tencent.tmgp.WePop/.WePopActivity]: system_server
05-16 10:54:37.641   920  2151 I am_finish_activity: [0,876109208,289,com.tencent.tmgp.WePop/com.tencent.ifm.MainActivity,app-request]: system_server
05-16 10:54:37.656 20876 20876 I am_on_paused_called: [0,com.tencent.ifm.MainActivity]: com.tencent.tmgp.WePop
05-16 10:54:37.676   920   961 I configuration_changed: 1152: system_server
05-16 10:54:37.717   920   961 I am_restart_activity: [0,799303790,289,com.tencent.tmgp.WePop/.WePopActivity]: system_server
05-16 10:54:37.719   920   961 I am_focused_activity: [0,com.tencent.tmgp.WePop/.WePopActivity]: system_server
05-16 10:54:37.738 19573 19573 I am_on_paused_called: [0,com.android.contacts.DialtactsActivityAlias]
05-16 10:54:37.792   920   920 I notification_cancel: [1000,21899,com.android.systemui,2,NULL,0,0,0,8,NULL]: system_server
05-16 10:54:38.095 19573 19573 I am_on_resume_called: [0,com.android.contacts.DialtactsActivityAlias]
05-16 10:54:38.814   920  2137 I netstats_mobile_sample: [0,0,0,0,0,0,0,0,0,0,0,0,-1]: system_server
05-16 10:54:38.814   920  2137 I netstats_wifi_sample: [229536679,1068419,110965250,625403,213672933,1041545,101434623,532649,213671549,1041540,101434519,532647,-1]: system_server
05-16 10:54:41.232   920   950 I am_proc_start: [0,21191,10088,com.redteamobile.roaming,broadcast,com.redteamobile.roaming/.receiver.MccChangeReceiver]: system_server
05-16 10:54:41.261   920  2187 I am_proc_bound: [0,21191,com.redteamobile.roaming]: system_server
05-16 10:54:44.433   920  2151 I am_proc_died: [0,21191,com.redteamobile.roaming]: system_server
05-16 10:54:45.143   920   946 I am_proc_start: [0,21385,10517,com.tencent.tmgp.WePop:xg_service_v4,service,com.tencent.tmgp.WePop/com.tencent.android.tpush.service.XGPushServiceV4]: system_server
05-16 10:54:45.160   920  2233 I am_proc_bound: [0,21385,com.tencent.tmgp.WePop:xg_service_v4]: system_server
05-16 10:54:45.739 20876 20876 I am_on_resume_called: [0,com.tencent.tmgp.WePop.WePopActivity]: com.tencent.tmgp.WePop
05-16 10:54:46.185   920   958 I am_activity_launch_time: [0,799303790,com.tencent.tmgp.WePop/.WePopActivity,8528,8528]: system_server
05-16 10:54:46.665   920   949 I am_destroy_activity: [0,876109208,289,com.tencent.tmgp.WePop/com.tencent.ifm.MainActivity,finish-imm]: system_server
05-16 10:54:48.221   325   325 I sf_frame_dur: [com.tencent.tmgp.WePop/com.tencent.tmgp.WePop.WePopActivity,15,1,0,0,0,2,0]: /system/bin/surfaceflinger
05-16 10:54:54.307   920   940 I battery_level: [76,3926,280]: system_server
05-16 10:55:18.954   920   940 I am_proc_died: [0,19795,com.nearme.gamecenter:dcs]: system_server
05-16 10:55:18.988   920  2137 I am_proc_died: [0,19728,com.nearme.gamecenter]: system_server
05-16 10:55:18.997   920  2113 I am_proc_died: [0,20290,com.android.browser:GuardService]: system_server
05-16 10:55:19.085   920  2232 I am_proc_died: [0,20340,com.coloros.notificationmanager]: system_server
05-16 10:55:19.156   920  2151 I am_proc_died: [0,19765,com.oppo.usercenter]: system_server
05-16 10:55:51.917   920  2151 I am_proc_died: [0,20351,com.android.browser:dcs]: system_server
05-16 10:55:52.123   920  2233 I am_proc_died: [0,19914,com.oppo.market:dcs]: system_server
05-16 10:56:24.345  2114  2114 I sqlite_mem_released: 0: se.dirac.acs
05-16 10:56:24.346  2114  2114 I force_gc: mem: se.dirac.acs
05-16 10:56:56.909   920   920 I notification_cancel: [1000,21899,com.android.systemui,-1,screenshot_notification_tag,0,0,0,8,NULL]: system_server
05-16 10:56:57.184   920  2113 I am_proc_died: [0,18983,com.coloros.safecenter:task]: system_server
05-16 10:56:58.364   325   325 I sf_frame_dur: [ScreenshotAnimation,39,1,1,1,1,0,0]: /system/bin/surfaceflinger
05-16 10:57:11.940   920   920 I notification_cancel: [1000,920,com.tencent.xup,1,NULL,0,0,0,8,NULL]: system_server
05-16 10:57:11.981   920  2113 I am_finish_activity: [0,609168112,288,com.tencent.xup/.activity.FirstPageActivity,app-request]: system_server
05-16 10:57:11.982   920  2113 I am_destroy_activity: [0,609168112,288,com.tencent.xup/.activity.FirstPageActivity,finish-imm]: system_server
05-16 10:57:11.983   920   963 I am_finish_activity: [0,195817079,288,com.tencent.xup/.activity.MainActivity,app-request]: system_server
05-16 10:57:11.984   920   963 I am_destroy_activity: [0,195817079,288,com.tencent.xup/.activity.MainActivity,finish-imm]: system_server
05-16 10:57:12.181   920  2163 I wm_task_removed: [288,removeAppToken: last token]: system_server
05-16 10:57:12.181   920  2163 I wm_task_removed: [288,removeTask]: system_server
05-16 10:57:12.199   325   325 I sf_frame_dur: [,4,0,1,1,0,1,0]: /system/bin/surfaceflinger
05-16 10:57:12.200   325   325 I sf_frame_dur: [,2,1,3,6,11,99,38]: /system/bin/surfaceflinger
05-16 10:57:13.457   920  2232 I am_home_stack_moved: [0,1,0,0,startingNewTask]: system_server
05-16 10:57:13.458   920  2232 I wm_task_moved: [1,1,0]: system_server
05-16 10:57:13.466   920  2232 I am_create_task: [0,290]: system_server
05-16 10:57:13.466   920  2232 I am_create_activity: [0,508558706,290,com.coloros.recents/.RecentsActivity,com.coloros.recents.SHOW_RECENTS,NULL,NULL,276840448]: system_server
05-16 10:57:13.470   920  2232 I wm_task_created: [290,0]: system_server
05-16 10:57:13.470   920  2232 I wm_task_moved: [290,1,1]: system_server
05-16 10:57:13.493   920  2232 I am_pause_activity: [0,799303790,com.tencent.tmgp.WePop/.WePopActivity]: system_server
05-16 10:57:13.597   920  2232 I am_restart_activity: [0,508558706,290,com.coloros.recents/.RecentsActivity]: system_server
05-16 10:57:13.601   920  2232 I am_home_stack_moved: [0,1,0,0,completeResume setFocusedActivity]: system_server
05-16 10:57:13.649   920  2232 I am_focused_activity: [0,com.coloros.recents/.RecentsActivity]: system_server
05-16 10:57:13.652   920  2232 I am_focused_activity: [0,com.coloros.recents/.RecentsActivity]: system_server
05-16 10:57:13.822 21986 21986 I am_on_resume_called: [0,com.coloros.recents.RecentsActivity]: com.coloros.recents
05-16 10:57:13.981   920   958 I am_activity_launch_time: [0,508558706,com.coloros.recents/.RecentsActivity,484,484]: system_server
05-16 10:57:14.205   920  2111 I am_proc_died: [0,18887,com.android.providers.downloads]: system_server
05-16 10:57:14.987   920   946 I am_kill : [0,20731,com.tencent.xup,9,remove task]: system_server
05-16 10:57:15.049   920   920 I notification_cancel_all: [1000,920,com.tencent.xup,0,0,0,5,NULL]: system_server
05-16 10:57:15.776   920  2151 I am_finish_activity: [0,799303790,289,com.tencent.tmgp.WePop/.WePopActivity,clear]: system_server
05-16 10:57:15.787   920  2151 I am_kill : [0,20876,com.tencent.tmgp.WePop,2,remove task]: system_server
05-16 10:57:15.794   920  2113 I am_kill : [0,21385,com.tencent.tmgp.WePop:xg_service_v4,5,remove task]: system_server
05-16 10:57:15.806   920  2187 I wm_task_removed: [289,removeAppToken: last token]: system_server
05-16 10:57:15.807   920  2187 I wm_task_removed: [289,removeTask]: system_server
05-16 10:57:15.809   325   325 I sf_frame_dur: [SurfaceView,268,281,18,8,9,7,11]: /system/bin/surfaceflinger
05-16 10:57:15.809   325   325 I sf_frame_dur: [com.tencent.tmgp.WePop/com.tencent.tmgp.WePop.WePopActivity,0,0,0,0,0,0,2]: /system/bin/surfaceflinger
05-16 10:57:15.836   920   920 I notification_cancel_all: [1000,920,com.tencent.tmgp.WePop,0,0,0,5,NULL]: system_server
05-16 10:57:15.879   920  2137 I am_home_stack_moved: [0,1,0,0,intentActivityFound]: system_server
05-16 10:57:15.879   920  2137 I wm_task_moved: [290,1,1]: system_server
05-16 10:57:15.881   920  2137 I am_home_stack_moved: [0,1,0,0,bringingFoundTaskToFront]: system_server
05-16 10:57:15.881   920  2137 I wm_task_moved: [1,1,1]: system_server
05-16 10:57:15.883   920  2137 I am_pause_activity: [0,508558706,com.coloros.recents/.RecentsActivity]: system_server
05-16 10:57:15.885   920  2137 I am_task_to_front: [0,1]: system_server
05-16 10:57:15.885   920  2137 I am_new_intent: [0,956835883,1,com.oppo.launcher/.Launcher,android.intent.action.MAIN,NULL,NULL,274726912]: system_server
05-16 10:57:15.895 21986 21986 I am_on_paused_called: [0,com.coloros.recents.RecentsActivity]: com.coloros.recents
05-16 10:57:15.943   920   961 I configuration_changed: 1152: system_server
05-16 10:57:15.964   920   961 I am_resume_activity: [0,847771735,1,com.oppo.launcher/.Launcher]: system_server
05-16 10:57:15.966   920   961 I am_home_stack_moved: [0,1,0,0,completeResume setFocusedActivity]: system_server
05-16 10:57:15.967   920   961 I am_focused_activity: [0,com.oppo.launcher/.Launcher]: system_server
05-16 10:57:16.010   325   325 I sf_frame_dur: [com.coloros.recents/com.coloros.recents.RecentsActivity,33,0,4,2,2,0,0]: /system/bin/surfaceflinger
05-16 10:57:16.248 19573 19573 I am_on_paused_called: [0,com.android.contacts.DialtactsActivityAlias]
05-16 10:57:16.290  2256  2256 I am_on_resume_called: [0,com.oppo.launcher.Launcher]
05-16 10:57:16.325   920   920 I notification_cancel: [1000,21899,com.android.systemui,2,NULL,0,0,0,8,NULL]: system_server
05-16 10:57:16.393   920   949 I am_finish_activity: [0,508558706,290,com.coloros.recents/.RecentsActivity,no-history]: system_server
05-16 10:57:16.508 19573 19573 I am_on_resume_called: [0,com.android.contacts.DialtactsActivityAlias]
05-16 10:57:16.867   920   920 I free_storage_changed: 6645460992: system_server
05-16 10:57:17.378   920  2111 I netstats_mobile_sample: [0,0,0,0,0,0,0,0,0,0,0,0,-1]: system_server
05-16 10:57:17.379   920  2111 I netstats_wifi_sample: [229938947,1069727,111386141,627096,214056203,1042843,101834696,534109,214054819,1042838,101834592,534107,-1]: system_server
05-16 10:57:21.563   920   946 I am_home_stack_moved: [0,0,1,1,startingNewTask]: system_server
05-16 10:57:21.563   920   946 I am_create_task: [0,291]: system_server
05-16 10:57:21.563   920   946 I am_create_activity: [0,789260775,291,com.tencent.xup/.activity.FirstPageActivity,android.intent.action.MAIN,NULL,NULL,270532608]: system_server
05-16 10:57:21.563   920   946 I wm_task_created: [291,1]: system_server
05-16 10:57:21.563   920   946 I wm_task_moved: [291,1,0]: system_server
05-16 10:57:21.563   920   946 I am_pause_activity: [0,847771735,com.oppo.launcher/.Launcher]: system_server
05-16 10:57:21.564   920   946 I am_home_stack_moved: [0,0,1,1,startedActivity setFocusedActivity]: system_server
05-16 10:57:21.565   920   946 I am_focused_activity: [0,com.tencent.xup/.activity.FirstPageActivity]: system_server
05-16 10:57:21.579  2256  2256 I am_on_paused_called: [0,com.oppo.launcher.Launcher]
05-16 10:57:21.633   920  2232 I am_proc_start: [0,23899,10507,com.tencent.xup,activity,com.tencent.xup/.activity.FirstPageActivity]: system_server
05-16 10:57:21.665   920  2186 I am_proc_bound: [0,23899,com.tencent.xup]: system_server
05-16 10:57:21.669   920  2186 I am_restart_activity: [0,789260775,291,com.tencent.xup/.activity.FirstPageActivity]: system_server
05-16 10:57:21.677   920  2186 I am_focused_activity: [0,com.tencent.xup/.activity.FirstPageActivity]: system_server
05-16 10:57:21.678   920   949 I am_destroy_activity: [0,508558706,290,com.coloros.recents/.RecentsActivity,finish-idle]: system_server
05-16 10:57:21.692   920  2111 I wm_task_removed: [290,removeAppToken: last token]: system_server
05-16 10:57:21.692   920  2111 I wm_task_removed: [290,removeTask]: system_server
05-16 10:57:21.953   325   325 I sf_frame_dur: [com.oppo.launcher/com.oppo.launcher.Launcher,0,0,0,0,0,0,1]: /system/bin/surfaceflinger
05-16 10:57:22.216 23899 23899 I am_on_resume_called: [0,com.tencent.xup.activity.FirstPageActivity]: com.tencent.xup
05-16 10:57:22.497   920   958 I am_activity_launch_time: [0,789260775,com.tencent.xup/.activity.FirstPageActivity,900,900]: system_server
05-16 10:57:23.445   920   941 I am_home_stack_moved: [0,0,1,1,sourceStackToFront]: system_server
05-16 10:57:23.445   920   941 I wm_task_moved: [291,1,0]: system_server
05-16 10:57:23.449   920   941 I am_create_activity: [0,1018656747,291,com.tencent.xup/.activity.MainActivity,NULL,NULL,NULL,0]: system_server
05-16 10:57:23.450   920   941 I am_pause_activity: [0,789260775,com.tencent.xup/.activity.FirstPageActivity]: system_server
05-16 10:57:23.452   920   941 I am_home_stack_moved: [0,0,1,1,startedActivity setFocusedActivity]: system_server
05-16 10:57:23.453   920   941 I am_focused_activity: [0,com.tencent.xup/.activity.MainActivity]: system_server
05-16 10:57:23.456 23899 23899 I am_on_paused_called: [0,com.tencent.xup.activity.FirstPageActivity]: com.tencent.xup
05-16 10:57:23.458   920   940 I am_restart_activity: [0,1018656747,291,com.tencent.xup/.activity.MainActivity]: system_server
05-16 10:57:23.462   920   940 I am_focused_activity: [0,com.tencent.xup/.activity.MainActivity]: system_server
05-16 10:57:23.652 23899 23899 I am_on_resume_called: [0,com.tencent.xup.activity.MainActivity]: com.tencent.xup
05-16 10:57:23.793   920   958 I am_activity_launch_time: [0,1018656747,com.tencent.xup/.activity.MainActivity,336,336]: system_server
05-16 10:57:24.053   325   325 I sf_frame_dur: [com.tencent.xup/com.tencent.xup.activity.FirstPageActivity,4,0,0,2,3,0,0]: /system/bin/surfaceflinger
05-16 10:57:31.889   920   963 I am_home_stack_moved: [0,0,1,1,startingNewTask]: system_server
05-16 10:57:31.889   920   963 I wm_task_moved: [291,1,0]: system_server
05-16 10:57:31.890   920   963 I am_create_task: [0,292]: system_server
05-16 10:57:31.890   920   963 I am_create_activity: [0,453303180,292,com.tencent.tmgp.WePop/com.tencent.ifm.MainActivity,android.intent.action.MAIN,NULL,NULL,268435456]: system_server
05-16 10:57:31.891   920   963 I wm_task_created: [292,1]: system_server
05-16 10:57:31.891   920   963 I wm_task_moved: [292,1,1]: system_server
05-16 10:57:31.906   920   963 I am_pause_activity: [0,1018656747,com.tencent.xup/.activity.MainActivity]: system_server
05-16 10:57:31.907   920   963 I am_home_stack_moved: [0,0,1,1,startedActivity setFocusedActivity]: system_server
05-16 10:57:31.908   920   963 I am_focused_activity: [0,com.tencent.tmgp.WePop/com.tencent.ifm.MainActivity]: system_server
05-16 10:57:32.433   920   949 I am_proc_start: [0,24002,10517,com.tencent.tmgp.WePop,activity,com.tencent.tmgp.WePop/com.tencent.ifm.MainActivity]: system_server
05-16 10:57:32.448   920   961 I am_proc_bound: [0,24002,com.tencent.tmgp.WePop]: system_server
05-16 10:57:32.452   920   961 I am_restart_activity: [0,453303180,292,com.tencent.tmgp.WePop/com.tencent.ifm.MainActivity]: system_server
05-16 10:57:32.462   920   961 I am_focused_activity: [0,com.tencent.tmgp.WePop/com.tencent.ifm.MainActivity]: system_server
05-16 10:57:32.917 24002 24002 I am_on_resume_called: [0,com.tencent.ifm.MainActivity]: com.tencent.tmgp.WePop
05-16 10:57:33.186   920   958 I am_activity_launch_time: [0,453303180,com.tencent.tmgp.WePop/com.tencent.ifm.MainActivity,776,776]: system_server
05-16 10:57:36.969 23899 23899 I am_on_paused_called: [0,com.tencent.xup.activity.MainActivity]: com.tencent.xup
05-16 10:57:36.970   920   941 I am_failed_to_pause: [0,1018656747,com.tencent.xup/.activity.MainActivity,(none)]: system_server
05-16 10:57:37.068   920   920 I notification_enqueue: [10507,23899,com.tencent.xup,1,NULL,0,Notification(pri=0 contentView=com.tencent.xup/0xc09041a vibrate=null sound=null defaults=0x0 flags=0x40 color=0x00000000 vis=PRIVATE),0]: system_server
05-16 10:57:37.115   325   325 I sf_frame_dur: [com.tencent.xup/com.tencent.xup.activity.MainActivity,42,3,0,0,2,1,3]: /system/bin/surfaceflinger
05-16 10:57:45.477   325   325 I sf_frame_dur: [InputMethod,4,3,7,7,6,3,0]: /system/bin/surfaceflinger
05-16 10:57:48.718   325   325 I sf_frame_dur: [com.tencent.tmgp.WePop/com.tencent.ifm.MainActivity,23,6,5,7,7,5,2]: /system/bin/surfaceflinger
05-16 10:57:48.952   325   325 I sf_frame_dur: [com.tencent.tmgp.WePop/com.tencent.ifm.MainActivity,0,2,29,1,0,0,0]: /system/bin/surfaceflinger
05-16 10:57:49.474   920   941 I am_home_stack_moved: [0,0,1,1,intentActivityFound]: system_server
05-16 10:57:49.474   920   941 I wm_task_moved: [292,1,1]: system_server
05-16 10:57:49.476   920   941 I am_home_stack_moved: [0,0,1,1,sourceStackToFront]: system_server
05-16 10:57:49.476   920   941 I wm_task_moved: [292,1,1]: system_server
05-16 10:57:49.487   920   941 I am_create_activity: [0,977728588,292,com.tencent.tmgp.WePop/.WePopActivity,android.intent.action.MAIN,NULL,NULL,268435456]: system_server
05-16 10:57:49.488   920   941 I am_pause_activity: [0,453303180,com.tencent.tmgp.WePop/com.tencent.ifm.MainActivity]: system_server
05-16 10:57:49.489   920   941 I am_home_stack_moved: [0,0,1,1,startedActivity setFocusedActivity]: system_server
05-16 10:57:49.491   920   941 I am_focused_activity: [0,com.tencent.tmgp.WePop/.WePopActivity]: system_server
05-16 10:57:49.492   920   966 I am_finish_activity: [0,453303180,292,com.tencent.tmgp.WePop/com.tencent.ifm.MainActivity,app-request]: system_server
05-16 10:57:49.504 24002 24002 I am_on_paused_called: [0,com.tencent.ifm.MainActivity]: com.tencent.tmgp.WePop
05-16 10:57:49.523   920  2187 I configuration_changed: 1152: system_server
05-16 10:57:49.553   920  2187 I am_restart_activity: [0,977728588,292,com.tencent.tmgp.WePop/.WePopActivity]: system_server
05-16 10:57:49.556   920  2187 I am_focused_activity: [0,com.tencent.tmgp.WePop/.WePopActivity]: system_server
05-16 10:57:49.558 19573 19573 I am_on_paused_called: [0,com.android.contacts.DialtactsActivityAlias]
05-16 10:57:49.634   920   920 I notification_cancel: [1000,21899,com.android.systemui,2,NULL,0,0,0,8,NULL]: system_server
05-16 10:57:49.747 19573 19573 I am_on_resume_called: [0,com.android.contacts.DialtactsActivityAlias]
05-16 10:57:50.653   920  2111 I netstats_mobile_sample: [0,0,0,0,0,0,0,0,0,0,0,0,-1]: system_server
05-16 10:57:50.654   920  2111 I netstats_wifi_sample: [229958829,1069790,111430174,627205,214075157,1042905,101877511,534193,214073773,1042900,101877407,534191,-1]: system_server
05-16 10:57:55.147   920   966 I am_proc_start: [0,24460,10517,com.tencent.tmgp.WePop:xg_service_v4,service,com.tencent.tmgp.WePop/com.tencent.android.tpush.service.XGPushServiceV4]: system_server
05-16 10:57:55.164   920  2233 I am_proc_bound: [0,24460,com.tencent.tmgp.WePop:xg_service_v4]: system_server
05-16 10:57:55.934 24002 24002 I am_on_resume_called: [0,com.tencent.tmgp.WePop.WePopActivity]: com.tencent.tmgp.WePop
05-16 10:57:56.200   920   958 I am_activity_launch_time: [0,977728588,com.tencent.tmgp.WePop/.WePopActivity,6696,6696]: system_server
05-16 10:57:56.812   920   949 I am_destroy_activity: [0,453303180,292,com.tencent.tmgp.WePop/com.tencent.ifm.MainActivity,finish-imm]: system_server
05-16 10:57:58.153   325   325 I sf_frame_dur: [com.tencent.tmgp.WePop/com.tencent.tmgp.WePop.WePopActivity,16,0,0,0,1,1,0]: /system/bin/surfaceflinger
05-16 10:58:04.351   920   950 I am_proc_start: [0,24696,10088,com.redteamobile.roaming,broadcast,com.redteamobile.roaming/.receiver.MccChangeReceiver]: system_server
05-16 10:58:04.679   920   966 I am_proc_bound: [0,24696,com.redteamobile.roaming]: system_server
05-16 10:58:08.343   920  2163 I am_proc_died: [0,24696,com.redteamobile.roaming]: system_server
05-16 10:58:54.306   920   966 I battery_level: [75,3760,310]: system_server
05-16 10:59:42.962   920   966 I am_proc_died: [0,19044,com.android.defcontainer]: system_server
05-16 10:59:43.097   920   940 I am_proc_died: [0,19500,com.coloros.speechassist]: system_server
05-16 10:59:43.404   920   961 I am_proc_died: [0,18768,com.nearme.romupdate]: system_server
05-16 10:59:43.583   920   966 I am_proc_died: [0,20141,com.coloros.datadialog]: system_server
05-16 10:59:51.242   920   950 I am_proc_start: [0,26275,10088,com.redteamobile.roaming,broadcast,com.redteamobile.roaming/.receiver.MccChangeReceiver]: system_server
05-16 10:59:51.429   920   966 I am_proc_bound: [0,26275,com.redteamobile.roaming]: system_server
05-16 10:59:54.907   920   966 I am_proc_died: [0,26275,com.redteamobile.roaming]: system_server
05-16 11:00:01.724   920   920 I notification_enqueue: [10062,20247,com.android.browser,0,10163652,0,Notification(pri=2 contentView=null vibrate=default sound=default defaults=0xffffffff flags=0x11 color=0x00000000 groupKey=10163652 vis=PRIVATE),0]: system_server
05-16 11:00:01.932   920  2232 I am_proc_start: [0,26428,10062,com.android.browser:dcs,service,com.android.browser/com.oppo.statistics.upload.UploadService]: system_server
05-16 11:00:02.225   920   940 I am_proc_bound: [0,26428,com.android.browser:dcs]: system_server
05-16 11:00:02.558   920  1114 I netstats_mobile_sample: [0,0,0,0,0,0,0,0,0,0,0,0,-1]: system_server
05-16 11:00:02.559   920  1114 I netstats_wifi_sample: [230553999,1072256,112058715,630207,214629917,1045184,102456476,536690,214627949,1045174,102456320,536687,-1]: system_server
05-16 11:00:16.869   920   920 I free_storage_changed: 6641106944: system_server
05-16 11:00:24.359 21676 21676 I force_gc: mem: com.oppo.resmonitor
05-16 11:00:39.311   920  2186 I battery_level: [74,3829,330]: system_server
05-16 11:00:46.869   920   920 I free_storage_changed: 6637260800: system_server
05-16 11:01:14.399 21555 21555 I sqlite_mem_released: 0: com.oppo.dirac
05-16 11:01:14.412 21555 21555 I force_gc: mem: com.oppo.dirac
05-16 11:01:16.870   920   920 I free_storage_changed: 6633463808: system_server
05-16 11:01:32.349   920   950 I am_proc_start: [0,27427,10088,com.redteamobile.roaming,broadcast,com.redteamobile.roaming/.receiver.MccChangeReceiver]: system_server
05-16 11:01:32.491   920   966 I am_proc_bound: [0,27427,com.redteamobile.roaming]: system_server
05-16 11:01:35.991   920   963 I am_proc_died: [0,27427,com.redteamobile.roaming]: system_server
05-16 11:01:46.870   920   920 I free_storage_changed: 6629699584: system_server
05-16 11:02:14.375 21286 21286 I sqlite_mem_released: 0: com.oppo.gestureservice
05-16 11:02:14.377 21286 21286 I force_gc: mem: com.oppo.gestureservice
05-16 11:02:16.871   920   920 I free_storage_changed: 6623657984: system_server
05-16 11:02:44.308   920  2163 I battery_level: [73,3779,350]: system_server
05-16 11:03:15.742   920   950 I am_proc_start: [0,28607,10088,com.redteamobile.roaming,broadcast,com.redteamobile.roaming/.receiver.MccChangeReceiver]: system_server
05-16 11:03:15.980   920  2111 I am_proc_bound: [0,28607,com.redteamobile.roaming]: system_server
05-16 11:03:19.413   920  2232 I am_proc_died: [0,28607,com.redteamobile.roaming]: system_server
05-16 11:03:34.381 21231 21231 I force_gc: mem: com.coloros.appmanager
05-16 11:03:46.873   920   920 I free_storage_changed: 6619652096: system_server
05-16 11:04:16.873   920   920 I free_storage_changed: 6615912448: system_server
05-16 11:04:38.494   920  1114 I netstats_mobile_sample: [0,0,0,0,0,0,0,0,0,0,0,0,-1]: system_server
05-16 11:04:38.495   920  1114 I netstats_wifi_sample: [232169536,1082815,112725119,633645,216088934,1055497,103066668,539703,216087550,1055492,103066564,539701,-1]: system_server
05-16 11:04:46.875   920   920 I free_storage_changed: 6612185088: system_server
05-16 11:04:49.305   920   966 I battery_level: [72,3741,370]: system_server
05-16 11:04:54.369 21986 21986 I force_gc: mem: com.coloros.recents
05-16 11:05:16.876   920   920 I free_storage_changed: 6608252928: system_server
05-16 11:05:46.876   920   920 I free_storage_changed: 6602571776: system_server
05-16 11:05:52.168   920   950 I am_proc_start: [0,30310,10088,com.redteamobile.roaming,broadcast,com.redteamobile.roaming/.receiver.MccChangeReceiver]: system_server
05-16 11:05:52.243   920  2187 I am_proc_bound: [0,30310,com.redteamobile.roaming]: system_server
05-16 11:05:55.454   920  2137 I am_proc_died: [0,30310,com.redteamobile.roaming]: system_server
05-16 11:06:07.376   920   966 I am_proc_died: [0,19190,android.process.media]: system_server
05-16 11:06:42.027   920   950 I am_proc_start: [0,30919,10088,com.redteamobile.roaming,broadcast,com.redteamobile.roaming/.receiver.MccChangeReceiver]: system_server
05-16 11:06:42.063   920   946 I am_proc_bound: [0,30919,com.redteamobile.roaming]: system_server
05-16 11:06:44.316   920  2163 I battery_level: [71,3824,360]: system_server
05-16 11:06:45.233   920  2187 I am_proc_died: [0,30919,com.redteamobile.roaming]: system_server
05-16 11:07:46.882   920   920 I free_storage_changed: 6598647808: system_server
05-16 11:08:16.882   920   920 I free_storage_changed: 6594875392: system_server
05-16 11:08:38.721   920   950 I am_proc_start: [0,32275,1000,com.coloros.datadialog,broadcast,com.coloros.newsimdetect/com.coloros.datadialog.DataConnectionReceiver]: system_server
05-16 11:08:38.852   920  2187 I am_proc_bound: [0,32275,com.coloros.datadialog]: system_server
05-16 11:08:43.969   920  2111 I am_proc_died: [0,563,com.tencent.mobileqq:MSF]: system_server
05-16 11:08:43.971   920  2111 I am_schedule_service_restart: [0,com.tencent.mobileqq/.msf.service.MsfService,1000]: system_server
05-16 11:08:45.067   920   949 I am_proc_start: [0,32364,10108,com.tencent.mobileqq:MSF,service,com.tencent.mobileqq/.msf.service.MsfService]: system_server
05-16 11:08:45.235   920  2187 I am_proc_bound: [0,32364,com.tencent.mobileqq:MSF]: system_server
05-16 11:08:45.878   920   941 I am_proc_start: [0,32406,10108,com.tencent.mobileqq,content provider,com.tencent.mobileqq/com.tencent.mqq.shared_file_accessor.ContentProviderImpl]: system_server
05-16 11:08:45.902   920  2113 I am_proc_bound: [0,32406,com.tencent.mobileqq]: system_server
05-16 11:08:46.882   920   920 I free_storage_changed: 6591164416: system_server
05-16 11:08:47.255   920  2113 I am_proc_died: [0,20238,com.coloros.weather.service]: system_server
05-16 11:08:47.723   920   941 I am_proc_died: [0,32275,com.coloros.datadialog]: system_server
05-16 11:08:47.725   920   941 I am_low_memory: 36: system_server
05-16 11:08:52.241   920   920 I notification_cancel: [10108,32364,com.tencent.mobileqq,478,NULL,0,0,64,8,NULL]: system_server
05-16 11:08:52.241   920   920 I notification_cancel: [10108,32364,com.tencent.mobileqq,479,NULL,0,0,64,8,NULL]: system_server
05-16 11:08:54.308   920   966 I battery_level: [70,3718,380]: system_server
05-16 11:09:16.885   920   920 I free_storage_changed: 6587334656: system_server
05-16 11:09:18.271   920  1114 I netstats_mobile_sample: [0,0,0,0,0,0,0,0,0,0,0,0,-1]: system_server
05-16 11:09:18.272   920  1114 I netstats_wifi_sample: [233720816,1092503,113449180,637419,217496737,1064965,103729389,542993,217494109,1064956,103728695,542986,-1]: system_server
05-16 11:09:42.936   920  1114 I netstats_mobile_sample: [0,0,0,0,0,0,0,0,0,0,0,0,-1]: system_server
05-16 11:09:42.937   920  1114 I netstats_wifi_sample: [235824863,1094877,113564445,638140,219567673,1067339,103834532,543713,219566289,1067334,103834428,543711,-1]: system_server
05-16 11:09:43.630   920  1114 I netstats_mobile_sample: [0,0,0,0,0,0,0,0,0,0,0,0,-1]: system_server
05-16 11:09:43.631   920  1114 I netstats_wifi_sample: [238106055,1096401,113607361,638914,221827529,1068863,103866612,544487,221826145,1068858,103866508,544485,-1]: system_server
05-16 11:09:46.888   920   920 I free_storage_changed: 6578622464: system_server
05-16 11:10:34.307   920  2163 I battery_level: [69,3771,380]: system_server
05-16 11:10:44.408   920   920 I force_gc: mem: system_server
05-16 11:11:15.622   920  1114 I netstats_mobile_sample: [0,0,0,0,0,0,0,0,0,0,0,0,-1]: system_server
05-16 11:11:15.623   920  1114 I netstats_wifi_sample: [238471581,1098873,113856997,640565,222152523,1071126,104085218,545750,222151139,1071121,104085114,545748,-1]: system_server
05-16 11:11:16.890   920   920 I free_storage_changed: 6574231552: system_server
05-16 11:11:46.891   920   920 I free_storage_changed: 6570508288: system_server
05-16 11:11:48.194   920   950 I am_proc_start: [0,3206,10088,com.redteamobile.roaming,broadcast,com.redteamobile.roaming/.receiver.MccChangeReceiver]: system_server
05-16 11:11:48.510   920  2232 I am_proc_bound: [0,3206,com.redteamobile.roaming]: system_server
05-16 11:11:52.152   920   961 I am_proc_died: [0,3206,com.redteamobile.roaming]: system_server
05-16 11:11:52.165   920   961 I am_low_memory: 36: system_server
05-16 11:12:16.891   920   920 I free_storage_changed: 6566789120: system_server
05-16 11:12:39.304   920   963 I battery_level: [68,3757,390]: system_server
05-16 11:12:46.892   920   920 I free_storage_changed: 6562910208: system_server
05-16 11:13:16.894   920   920 I free_storage_changed: 6558806016: system_server
05-16 11:13:19.377   920   920 I force_gc: mem: system_server
05-16 11:13:39.362 20661 20661 I sqlite_mem_released: 0: com.android.keyguard
05-16 11:13:39.374 20661 20661 I force_gc: mem: com.android.keyguard
05-16 11:13:52.955   920   920 I am_proc_start: [0,4584,10063,com.coloros.weather.service,service,com.coloros.weather.service/com.coloros.weather.logic.update.data.AutoUpdateWeatherService]: system_server
05-16 11:13:53.390   920  2111 I am_proc_bound: [0,4584,com.coloros.weather.service]: system_server
05-16 11:13:54.497   920  2137 I am_proc_died: [0,4584,com.coloros.weather.service]: system_server
05-16 11:13:54.500   920  2137 I am_low_memory: 36: system_server
05-16 11:14:09.311   920   920 I force_gc: mem: system_server
05-16 11:14:29.304   920   940 I battery_level: [67,3754,380]: system_server
05-16 11:14:46.897   920   920 I free_storage_changed: 6554828800: system_server
05-16 11:15:09.353 20661 20661 I sqlite_mem_released: 0: com.android.keyguard
05-16 11:15:09.353 20661 20661 I force_gc: mem: com.android.keyguard
05-16 11:15:16.897   920   920 I free_storage_changed: 6550872064: system_server
05-16 11:15:46.897   920   920 I free_storage_changed: 6547062784: system_server
05-16 11:15:49.379 21899 21899 I force_gc: mem: com.android.systemui
05-16 11:16:05.953   920  1114 I netstats_mobile_sample: [0,0,0,0,0,0,0,0,0,0,0,0,-1]: system_server
05-16 11:16:05.954   920  1114 I netstats_wifi_sample: [240061404,1109239,114547279,644103,223589750,1081287,104717100,548836,223588366,1081282,104716902,548833,-1]: system_server
05-16 11:16:16.897   920   920 I free_storage_changed: 6543269888: system_server
05-16 11:16:19.352 21866 21866 I sqlite_mem_released: 0: com.amap.android.location
05-16 11:16:19.352 21866 21866 I force_gc: mem: com.amap.android.location
05-16 11:16:34.336   920  2187 I battery_level: [66,3757,390]: system_server
05-16 11:16:46.897   920   920 I free_storage_changed: 6537977856: system_server
05-16 11:17:01.412   920   950 I am_proc_start: [0,6729,10088,com.redteamobile.roaming,broadcast,com.redteamobile.roaming/.receiver.MccChangeReceiver]: system_server
05-16 11:17:01.674   920  2163 I am_proc_bound: [0,6729,com.redteamobile.roaming]: system_server
05-16 11:17:05.215   920  2161 I am_proc_died: [0,6729,com.redteamobile.roaming]: system_server
05-16 11:17:05.232   920  2161 I am_low_memory: 36: system_server
05-16 11:17:14.347   920   920 I force_gc: mem: system_server
05-16 11:17:59.369 20661 20661 I sqlite_mem_released: 0: com.android.keyguard
05-16 11:17:59.370 20661 20661 I force_gc: mem: com.android.keyguard
05-16 11:18:16.898   920   920 I free_storage_changed: 6534545408: system_server
05-16 11:18:34.313   920  2111 I battery_level: [65,3713,390]: system_server
05-16 11:18:34.425 21899 21899 I force_gc: mem: com.android.systemui
05-16 11:18:42.835   920   950 I am_proc_start: [0,7905,10088,com.redteamobile.roaming,broadcast,com.redteamobile.roaming/.receiver.MccChangeReceiver]: system_server
05-16 11:18:43.103   920   941 I am_proc_bound: [0,7905,com.redteamobile.roaming]: system_server
05-16 11:18:46.676   920  2161 I am_proc_died: [0,7905,com.redteamobile.roaming]: system_server
05-16 11:18:46.715   920  2161 I am_low_memory: 36: system_server
05-16 11:18:46.899   920   920 I free_storage_changed: 6530801664: system_server
05-16 11:19:16.899   920   920 I free_storage_changed: 6527066112: system_server
05-16 11:19:46.900   920   920 I free_storage_changed: 6523281408: system_server
05-16 11:20:16.900   920   920 I free_storage_changed: 6518185984: system_server
05-16 11:20:34.305   920  2113 I battery_level: [64,3683,390]: system_server
05-16 11:20:39.409   920   920 I force_gc: mem: system_server
05-16 11:21:14.109   920  1114 I netstats_mobile_sample: [0,0,0,0,0,0,0,0,0,0,0,0,-1]: system_server
05-16 11:21:14.110   920  1114 I netstats_wifi_sample: [241511328,1118639,115365737,648015,224898020,1090449,105473534,552277,224896544,1090442,105473250,552272,-1]: system_server
05-16 11:22:16.902   920   920 I free_storage_changed: 6512340992: system_server
05-16 11:22:29.303   920  2232 I battery_level: [63,3734,400]: system_server
05-16 11:22:46.902   920   920 I free_storage_changed: 6508507136: system_server
05-16 11:23:03.626   920   950 I am_proc_start: [0,10777,1000,com.coloros.datadialog,broadcast,com.coloros.newsimdetect/com.coloros.datadialog.DataConnectionReceiver]: system_server
05-16 11:23:03.963   920   941 I am_proc_bound: [0,10777,com.coloros.datadialog]: system_server
05-16 11:23:16.902   920   920 I free_storage_changed: 6504648704: system_server
05-16 11:23:46.482   920  2151 I am_proc_died: [0,24460,com.tencent.tmgp.WePop:xg_service_v4]: system_server
05-16 11:23:46.902   920   920 I free_storage_changed: 6500818944: system_server
05-16 11:23:50.665   920   950 I am_proc_start: [0,11299,10088,com.redteamobile.roaming,broadcast,com.redteamobile.roaming/.receiver.MccChangeReceiver]: system_server
05-16 11:23:50.719   920   946 I am_proc_bound: [0,11299,com.redteamobile.roaming]: system_server
05-16 11:23:54.174   920   963 I am_proc_died: [0,11299,com.redteamobile.roaming]: system_server
05-16 11:23:54.463   920   961 I am_proc_died: [0,20247,com.android.browser]: system_server
05-16 11:23:54.465   920   961 I am_schedule_service_restart: [0,com.android.browser/com.oppo.browser.mcs.BrowserOpushService,1000]: system_server
05-16 11:23:55.263   920  2137 I am_proc_died: [0,10777,com.coloros.datadialog]: system_server
05-16 11:23:55.265   920  2137 I am_low_memory: 34: system_server
05-16 11:23:55.615   920   949 I am_proc_start: [0,11379,10062,com.android.browser,service,com.android.browser/com.oppo.browser.mcs.BrowserOpushService]: system_server
05-16 11:23:55.853   920   961 I am_proc_bound: [0,11379,com.android.browser]: system_server
05-16 11:23:56.500   920  2163 I am_proc_start: [0,11411,10062,com.android.browser:GuardService,content provider,com.android.browser/com.qihoo360.replugin.component.process.ProcessPitProviderPersist]: system_server
05-16 11:23:56.532   920   946 I am_proc_bound: [0,11411,com.android.browser:GuardService]: system_server
05-16 11:23:58.174   920   941 I am_proc_died: [0,11411,com.android.browser:GuardService]: system_server
05-16 11:23:58.179   920   941 I am_low_memory: 35: system_server
05-16 11:24:14.366   920   920 I force_gc: mem: system_server
05-16 11:24:16.903   920   920 I free_storage_changed: 6497947648: system_server
05-16 11:24:29.306   920  2113 I battery_level: [62,3727,390]: system_server
05-16 11:24:59.368 20661 20661 I sqlite_mem_released: 0: com.android.keyguard
05-16 11:24:59.369 20661 20661 I force_gc: mem: com.android.keyguard
05-16 11:25:16.905   920   920 I free_storage_changed: 6495490048: system_server
05-16 11:25:34.380 21899 21899 I force_gc: mem: com.android.systemui
05-16 11:25:36.174   920   950 I am_proc_start: [0,12553,10088,com.redteamobile.roaming,broadcast,com.redteamobile.roaming/.receiver.MccChangeReceiver]: system_server
05-16 11:25:36.224   920  2111 I am_proc_bound: [0,12553,com.redteamobile.roaming]: system_server
05-16 11:25:36.365   920   966 I am_proc_died: [0,19833,com.oppo.market]: system_server
05-16 11:25:36.367   920   966 I am_schedule_service_restart: [0,com.oppo.market/a.a.a.zd,1000]: system_server
05-16 11:25:36.369   920   966 I am_low_memory: 35: system_server
05-16 11:25:37.406   920   949 I am_proc_start: [0,12590,10067,com.oppo.market,service,com.oppo.market/a.a.a.zd]: system_server
05-16 11:25:37.448   920  2187 I am_proc_bound: [0,12590,com.oppo.market]: system_server
05-16 11:25:37.594   920   963 I am_proc_died: [0,12553,com.redteamobile.roaming]: system_server
05-16 11:25:37.599   920   963 I am_low_memory: 35: system_server
05-16 11:25:38.316   920   946 I am_proc_start: [0,12632,10061,com.oppo.usercenter,content provider,com.oppo.usercenter/.common.db.UserCenterContentProvider]: system_server
05-16 11:25:38.364   920  2232 I am_proc_bound: [0,12632,com.oppo.usercenter]: system_server
05-16 11:25:38.888   920  2232 I am_proc_start: [0,12666,10067,com.oppo.market:dcs,service,com.oppo.market/com.oppo.cdo.domain.statis.service.StaticSetSSoIdService]: system_server
05-16 11:25:38.942   920  2111 I am_proc_bound: [0,12666,com.oppo.market:dcs]: system_server
05-16 11:25:39.910   920  2187 I am_proc_died: [0,12632,com.oppo.usercenter]: system_server
05-16 11:25:39.914   920  2187 I am_low_memory: 36: system_server
05-16 11:25:46.907   920   920 I free_storage_changed: 6491639808: system_server
05-16 11:25:56.332   920  1114 I netstats_mobile_sample: [0,0,0,0,0,0,0,0,0,0,0,0,-1]: system_server
05-16 11:25:56.332   920  1114 I netstats_wifi_sample: [243088647,1129157,116077337,652085,226314989,1100562,106111188,555543,226313437,1100556,106111084,555541,-1]: system_server
05-16 11:26:14.357   920   920 I force_gc: mem: system_server
05-16 11:26:16.907   920   920 I free_storage_changed: 6487871488: system_server
05-16 11:26:24.010   325   325 I sf_frame_dur: [com.android.systemui.ImageWallpaper,0,0,0,1,0,0,2]: /system/bin/surfaceflinger
05-16 11:26:24.010   325   325 I sf_frame_dur: [SurfaceView,8532,45646,1935,224,210,158,34]: /system/bin/surfaceflinger
05-16 11:26:24.010   325   325 I sf_frame_dur: [com.tencent.tmgp.WePop/com.tencent.tmgp.WePop.WePopActivity,0,0,0,0,0,0,2]: /system/bin/surfaceflinger
05-16 11:26:24.010   325   325 I sf_frame_dur: [,95,15,12,10,24,1298,134]: /system/bin/surfaceflinger
05-16 11:26:24.010   325   325 I sf_frame_dur: [StatusBar,622,695,117,41,51,94,649]: /system/bin/surfaceflinger
05-16 11:26:24.010   325   325 I sf_frame_dur: [Magnification Overlay,107,11,1,3,4,3,10]: /system/bin/surfaceflinger
05-16 11:26:24.010   325   325 I sf_frame_dur: [<win-anim>,856,49,13,12,10,7,23]: /system/bin/surfaceflinger
05-16 11:26:24.305   920  2113 I battery_level: [61,3712,400]: system_server
05-16 11:26:44.367 20661 20661 I sqlite_mem_released: 0: com.android.keyguard
05-16 11:26:44.367 20661 20661 I force_gc: mem: com.android.keyguard
05-16 11:26:46.909   920   920 I free_storage_changed: 6484127744: system_server
05-16 11:26:49.389 21899 21899 I force_gc: mem: com.android.systemui
05-16 11:27:09.362 21866 21866 I sqlite_mem_released: 0: com.amap.android.location
05-16 11:27:09.362 21866 21866 I force_gc: mem: com.amap.android.location
05-16 11:27:16.909   920   920 I free_storage_changed: 6478561280: system_server
05-16 11:27:54.351  2041  2041 I sqlite_mem_released: 90112: com.android.phone
05-16 11:27:54.351  2041  2041 I force_gc: mem: com.android.phone
05-16 11:28:24.313   920  2187 I battery_level: [60,3668,390]: system_server
05-16 11:28:24.367  2065  2065 I sqlite_mem_released: 0: com.mediatek.gba
05-16 11:28:24.368  2065  2065 I force_gc: mem: com.mediatek.gba
05-16 11:30:04.307   920   941 I battery_level: [59,3641,400]: system_server
05-16 11:30:25.048   920   920 I am_proc_start: [0,15576,10063,com.coloros.weather.service,service,com.coloros.weather.service/com.coloros.weather.logic.update.data.AutoUpdateWeatherService]: system_server
05-16 11:30:25.278   920  2113 I am_proc_bound: [0,15576,com.coloros.weather.service]: system_server
05-16 11:30:25.545   920  2163 I am_proc_died: [0,26428,com.android.browser:dcs]: system_server
05-16 11:30:25.548   920  2163 I am_schedule_service_restart: [0,com.android.browser/com.oppo.statistics.upload.UploadService,1000]: system_server
05-16 11:30:25.561   920  2163 I am_low_memory: 36: system_server
05-16 11:30:25.972   920  2186 I am_proc_died: [0,15576,com.coloros.weather.service]: system_server
05-16 11:30:25.977   920  2186 I am_low_memory: 35: system_server
05-16 11:30:56.036   920   950 I am_proc_start: [0,15960,10088,com.redteamobile.roaming,broadcast,com.redteamobile.roaming/.receiver.MccChangeReceiver]: system_server
05-16 11:30:56.368   920  2232 I am_proc_bound: [0,15960,com.redteamobile.roaming]: system_server
05-16 11:30:59.922   920  2186 I am_proc_died: [0,15960,com.redteamobile.roaming]: system_server
05-16 11:30:59.925   920  2186 I am_low_memory: 35: system_server
05-16 11:31:16.917   920   920 I free_storage_changed: 6473547776: system_server
05-16 11:31:46.917   920   920 I free_storage_changed: 6469746688: system_server
05-16 11:31:49.305   920   963 I battery_level: [58,3664,400]: system_server
05-16 11:32:14.377   920   920 I force_gc: mem: system_server
05-16 11:32:16.917   920   920 I free_storage_changed: 6466019328: system_server
05-16 11:32:26.972   920  1114 I netstats_mobile_sample: [0,0,0,0,0,0,0,0,0,0,0,0,-1]: system_server
05-16 11:32:26.973   920  1114 I netstats_wifi_sample: [244532601,1138538,116898502,655964,227619449,1109728,106872057,558780,227617919,1109722,106871953,558778,-1]: system_server
05-16 11:32:37.216   920   950 I am_proc_start: [0,17099,10088,com.redteamobile.roaming,broadcast,com.redteamobile.roaming/.receiver.MccChangeReceiver]: system_server
05-16 11:32:37.258   920  2161 I am_proc_bound: [0,17099,com.redteamobile.roaming]: system_server
05-16 11:32:37.545   920  2232 I am_proc_died: [0,17099,com.redteamobile.roaming]: system_server
05-16 11:32:37.553   920  2232 I am_low_memory: 35: system_server
