03-18 20:47:26.502 E/wificond(  704): Failed to get NL80211_STA_INFO_CNAHLOAD
03-18 20:47:26.505 I/chatty  ( 1187): uid=1000(system) ConnectivitySer expire 14 lines
03-18 20:47:26.559 I/chatty  ( 1187): uid=1000(system) WifiStateMachin expire 2 lines
03-18 20:47:26.597 I/chatty  ( 1187): uid=1000(system) WifiScanningSer expire 1 line
03-18 20:47:26.797 I/chatty  ( 1187): uid=1000(system) UsbDebuggingMan expire 1 line
03-18 20:47:26.872 V/ActivityThread( 1604): ActivityThread,callActivityOnCreate
03-18 20:47:26.914 D/ActivityThread( 1604): add activity client record, r= ActivityRecord{a773725 token=android.os.BinderProxy@160790f {com.android.systemui/com.android.systemui.usb.HwUsbDebuggingActivity}} token= android.os.BinderProxy@160790f
03-18 20:47:28.924 W/SocketListener(  528): sending broadcast to Pid = 1187, Uid = 1000 
03-18 20:47:29.233 I/chatty  ( 1187): uid=1000(system) Binder:1187_1E expire 6 lines
03-18 20:47:29.390 D/ActivityThread( 1604): Remove activity client record, r= ActivityRecord{a773725 token=android.os.BinderProxy@160790f {com.android.systemui/com.android.systemui.usb.HwUsbDebuggingActivity}} token= android.os.BinderProxy@160790f
03-18 20:47:29.523 E/wificond(  704): Failed to get NL80211_STA_INFO_CNAHLOAD
03-18 20:47:31.540 I/chatty  ( 1187): uid=1000(system) UEventObserver expire 10 lines
03-18 20:47:32.290 E/wificond(  704): Failed to get NL80211_STA_INFO_CNAHLOAD
03-18 20:47:32.303 I/chatty  (  704): uid=1010(wifi) /system/bin/wificond identical 11 lines
03-18 20:47:32.550 E/wificond(  704): Failed to get NL80211_STA_INFO_CNAHLOAD
03-18 20:47:32.554 I/chatty  ( 1187): uid=1000(system) ConnectivitySer expire 10 lines
03-18 20:47:35.586 E/wificond(  704): Failed to get NL80211_STA_INFO_CNAHLOAD
03-18 20:47:36.301 I/chatty  ( 1187): uid=1000(system) Binder:1187_D expire 10 lines
03-18 20:47:36.318 I/chatty  ( 1187): uid=1000(system) Binder:1187_5 expire 10 lines
03-18 20:47:38.562 I/chatty  ( 1187): uid=1000(system) watchdog expire 10 lines
03-18 20:47:38.614 E/wificond(  704): Failed to get NL80211_STA_INFO_CNAHLOAD
03-18 20:47:40.312 E/wificond(  704): Failed to get NL80211_STA_INFO_CNAHLOAD
03-18 20:47:41.308 I/chatty  ( 1187): uid=1000(system) Binder:1187_3 expire 5 lines
03-18 20:47:41.641 E/wificond(  704): Failed to get NL80211_STA_INFO_CNAHLOAD
03-18 20:47:44.675 E/wificond(  704): Failed to get NL80211_STA_INFO_CNAHLOAD
03-18 20:47:47.703 E/wificond(  704): Failed to get NL80211_STA_INFO_CNAHLOAD
03-18 20:47:50.737 E/wificond(  704): Failed to get NL80211_STA_INFO_CNAHLOAD
03-18 20:47:53.765 E/wificond(  704): Failed to get NL80211_STA_INFO_CNAHLOAD
03-18 20:47:56.331 E/wificond(  704): Failed to get NL80211_STA_INFO_CNAHLOAD
03-18 20:47:56.796 E/wificond(  704): Failed to get NL80211_STA_INFO_CNAHLOAD
03-18 20:47:59.832 E/wificond(  704): Failed to get NL80211_STA_INFO_CNAHLOAD
03-18 20:48:00.002 I/chatty  ( 1187): uid=1000 system_server expire 10 lines
03-18 20:48:00.804 W/SocketListener(  528): sending broadcast to Pid = 1187, Uid = 1000 
03-18 20:48:00.805 I/chatty  ( 1187): uid=1000(system) NetdConnector expire 10 lines
03-18 20:48:00.807 I/chatty  ( 1187): uid=1000(system) android.fg expire 10 lines
03-18 20:48:02.863 E/wificond(  704): Failed to get NL80211_STA_INFO_CNAHLOAD
03-18 20:48:05.896 E/wificond(  704): Failed to get NL80211_STA_INFO_CNAHLOAD
03-18 20:48:06.370 I/chatty  ( 1187): uid=1000(system) Binder:1187_1F expire 7 lines
03-18 20:48:08.925 E/wificond(  704): Failed to get NL80211_STA_INFO_CNAHLOAD
03-18 20:48:11.952 E/wificond(  704): Failed to get NL80211_STA_INFO_CNAHLOAD
03-18 20:48:14.984 E/wificond(  704): Failed to get NL80211_STA_INFO_CNAHLOAD
03-18 20:48:15.884 W/SocketListener(  528): sending broadcast to Pid = 1187, Uid = 1000 
03-18 20:48:18.010 E/wificond(  704): Failed to get NL80211_STA_INFO_CNAHLOAD
03-18 20:48:21.041 E/wificond(  704): Failed to get NL80211_STA_INFO_CNAHLOAD
03-18 20:48:24.070 E/wificond(  704): Failed to get NL80211_STA_INFO_CNAHLOAD
03-18 20:48:26.392 I/chatty  ( 1187): uid=1000(system) Binder:1187_5 expire 2 lines
03-18 20:48:27.100 E/wificond(  704): Failed to get NL80211_STA_INFO_CNAHLOAD
03-18 20:48:28.357 I/chatty  (  704): uid=1010(wifi) /system/bin/wificond identical 18 lines
03-18 20:48:30.129 E/wificond(  704): Failed to get NL80211_STA_INFO_CNAHLOAD
03-18 20:48:33.161 E/wificond(  704): Failed to get NL80211_STA_INFO_CNAHLOAD
03-18 20:48:36.373 E/wificond(  704): Failed to get NL80211_STA_INFO_CNAHLOAD
03-18 20:48:39.222 E/wificond(  704): Failed to get NL80211_STA_INFO_CNAHLOAD
03-18 20:48:40.207 I/chatty  ( 1187): uid=1000(system) Binder:1187_14 expire 4 lines
03-18 20:48:42.245 E/wificond(  704): Failed to get NL80211_STA_INFO_CNAHLOAD
03-18 20:48:45.272 E/wificond(  704): Failed to get NL80211_STA_INFO_CNAHLOAD
03-18 20:48:46.419 I/chatty  ( 1187): uid=1000(system) Binder:1187_2 expire 16 lines
03-18 20:48:47.264 W/SocketListener(  528): sending broadcast to Pid = 1187, Uid = 1000 
03-18 20:48:48.302 E/wificond(  704): Failed to get NL80211_STA_INFO_CNAHLOAD
03-18 20:48:51.323 E/wificond(  704): Failed to get NL80211_STA_INFO_CNAHLOAD
03-18 20:48:51.446 I/chatty  ( 1187): uid=1000(system) Binder:1187_15 expire 1 line
03-18 20:48:52.271 I/chatty  ( 1187): uid=1000(system) Binder:1187_D expire 1 line
03-18 20:48:52.271 I/chatty  ( 1187): uid=1000(system) Binder:1187_1C expire 1 line
03-18 20:48:52.374 E/wificond(  704): Failed to get NL80211_STA_INFO_CNAHLOAD
03-18 20:48:52.384 E/wificond(  704): Failed to get NL80211_STA_INFO_CNAHLOAD
03-18 20:48:52.778 I/chatty  ( 1187): uid=1000 system_server expire 10 lines
03-18 20:48:54.353 E/wificond(  704): Failed to get NL80211_STA_INFO_CNAHLOAD
03-18 20:48:56.739 I/chatty  ( 1187): uid=1000(system) batterystats-sy expire 2 lines
03-18 20:48:57.383 E/wificond(  704): Failed to get NL80211_STA_INFO_CNAHLOAD
03-18 20:49:00.103 I/chatty  ( 1187): uid=1000(system) Binder:1187_B expire 8 lines
03-18 20:49:00.389 E/wificond(  704): Failed to get NL80211_STA_INFO_CNAHLOAD
03-18 20:49:00.432 E/wificond(  704): Failed to get NL80211_STA_INFO_CNAHLOAD
03-18 20:49:03.458 E/wificond(  704): Failed to get NL80211_STA_INFO_CNAHLOAD
03-18 20:49:08.404 E/wificond(  704): Failed to get NL80211_STA_INFO_CNAHLOAD
03-18 20:49:09.515 E/wificond(  704): Failed to get NL80211_STA_INFO_CNAHLOAD
03-18 20:49:27.681 E/wificond(  704): Failed to get NL80211_STA_INFO_CNAHLOAD
03-18 20:49:30.707 E/wificond(  704): Failed to get NL80211_STA_INFO_CNAHLOAD
03-18 20:49:32.173 W/SocketListener(  528): sending broadcast to Pid = 1187, Uid = 1000 
03-18 20:49:32.364 I/chatty  ( 1187): uid=1000(system) UEventObserver expire 10 lines
03-18 20:49:32.382 I/chatty  ( 1187): uid=1000 system_server expire 11 lines
03-18 20:49:32.405 E/wificond(  704): Failed to get NL80211_STA_INFO_CNAHLOAD
03-18 20:49:33.738 I/chatty  (  704): uid=1010(wifi) /system/bin/wificond identical 11 lines
03-18 20:49:36.767 E/wificond(  704): Failed to get NL80211_STA_INFO_CNAHLOAD
03-18 20:49:39.799 E/wificond(  704): Failed to get NL80211_STA_INFO_CNAHLOAD
03-18 20:49:42.828 E/wificond(  704): Failed to get NL80211_STA_INFO_CNAHLOAD
03-18 20:49:43.825 W/SocketListener(  528): sending broadcast to Pid = 1187, Uid = 1000 
03-18 20:49:45.856 E/wificond(  704): Failed to get NL80211_STA_INFO_CNAHLOAD
03-18 20:49:57.980 E/wificond(  704): Failed to get NL80211_STA_INFO_CNAHLOAD
03-18 20:49:58.860 W/SocketListener(  528): sending broadcast to Pid = 1187, Uid = 1000 
03-18 20:49:58.863 I/chatty  ( 1187): uid=1000(system) NetdConnector expire 10 lines
03-18 20:50:00.112 I/chatty  ( 1187): uid=1000(system) Binder:1187_8 expire 2 lines
03-18 20:50:01.012 E/wificond(  704): Failed to get NL80211_STA_INFO_CNAHLOAD
03-18 20:50:04.038 E/wificond(  704): Failed to get NL80211_STA_INFO_CNAHLOAD
03-18 20:50:04.453 I/chatty  (  704): uid=1010(wifi) /system/bin/wificond identical 11 lines
03-18 20:50:07.066 E/wificond(  704): Failed to get NL80211_STA_INFO_CNAHLOAD
03-18 20:50:10.094 E/wificond(  704): Failed to get NL80211_STA_INFO_CNAHLOAD
03-18 20:50:22.202 E/wificond(  704): Failed to get NL80211_STA_INFO_CNAHLOAD
03-18 20:50:22.705 I/chatty  ( 1187): uid=1000(system) IpManager.wlan0 expire 1 line
03-18 20:50:22.879 I/chatty  ( 1187): uid=1000(system) WifiP2pService expire 6 lines
03-18 20:50:22.883 W/SocketListener(  528): sending broadcast to Pid = 1187, Uid = 1000 
03-18 20:50:22.886 I/chatty  ( 1187): uid=1000(system) DhcpClient expire 4 lines
03-18 20:50:22.914 E/wificond(  704): Failed to get NL80211_STA_INFO_CNAHLOAD
03-18 20:50:22.920 I/chatty  ( 1187): uid=1000(system) ConnectivitySer expire 8 lines
03-18 20:50:22.958 W/ContextImpl(15481): Calling a method in the system process without a qualified user: android.app.ContextImpl.startService:1656 android.content.ContextWrapper.startService:644 android.content.ContextWrapper.startService:644 com.android.settings.wifi.AccessPointConnectedReceiver.onReceive:28 android.app.ActivityThread.handleReceiver:3695 
03-18 20:50:22.971 I/chatty  ( 1187): uid=1000(system) ActivityManager expire 1 line
03-18 20:50:25.235 E/wificond(  704): Failed to get NL80211_STA_INFO_CNAHLOAD
03-18 20:50:28.475 E/wificond(  704): Failed to get NL80211_STA_INFO_CNAHLOAD
03-18 20:50:31.295 E/wificond(  704): Failed to get NL80211_STA_INFO_CNAHLOAD
03-18 20:50:34.325 E/wificond(  704): Failed to get NL80211_STA_INFO_CNAHLOAD
03-18 20:50:36.488 I/chatty  (  704): uid=1010(wifi) /system/bin/wificond identical 10 lines
03-18 20:50:37.353 E/wificond(  704): Failed to get NL80211_STA_INFO_CNAHLOAD
03-18 20:50:37.900 W/SocketListener(  528): sending broadcast to Pid = 1187, Uid = 1000 
03-18 20:50:37.903 I/chatty  ( 1187): uid=1000(system) NetdConnector expire 10 lines
03-18 20:50:40.384 E/wificond(  704): Failed to get NL80211_STA_INFO_CNAHLOAD
03-18 20:50:49.466 E/wificond(  704): Failed to get NL80211_STA_INFO_CNAHLOAD
03-18 20:50:49.730 W/SocketListener(  528): sending broadcast to Pid = 1187, Uid = 1000 
03-18 20:50:52.499 E/wificond(  704): Failed to get NL80211_STA_INFO_CNAHLOAD
03-18 20:50:58.562 E/wificond(  704): Failed to get NL80211_STA_INFO_CNAHLOAD
03-18 20:51:00.003 I/chatty  ( 1187): uid=1000 system_server expire 10 lines
03-18 20:51:00.105 I/chatty  ( 1187): uid=1000(system) Binder:1187_4 expire 10 lines
03-18 20:51:00.491 E/wificond(  704): Failed to get NL80211_STA_INFO_CNAHLOAD
03-18 20:51:01.589 E/wificond(  704): Failed to get NL80211_STA_INFO_CNAHLOAD
03-18 20:51:03.218 I/chatty  ( 1187): uid=1000(system) Binder:1187_1E expire 4 lines
03-18 20:51:04.621 E/wificond(  704): Failed to get NL80211_STA_INFO_CNAHLOAD
03-18 20:51:08.504 I/chatty  (  704): uid=1010(wifi) /system/bin/wificond identical 10 lines
03-18 20:51:08.521 E/wificond(  704): Failed to get NL80211_STA_INFO_CNAHLOAD
03-18 20:51:10.688 E/wificond(  704): Failed to get NL80211_STA_INFO_CNAHLOAD
03-18 20:51:19.772 E/wificond(  704): Failed to get NL80211_STA_INFO_CNAHLOAD
03-18 20:51:20.717 W/SocketListener(  528): sending broadcast to Pid = 1187, Uid = 1000 
03-18 20:51:22.800 E/wificond(  704): Failed to get NL80211_STA_INFO_CNAHLOAD
03-18 20:51:28.857 E/wificond(  704): Failed to get NL80211_STA_INFO_CNAHLOAD
03-18 20:51:30.609 I/chatty  ( 1187): uid=1000 system_server expire 10 lines
03-18 20:51:31.893 E/wificond(  704): Failed to get NL80211_STA_INFO_CNAHLOAD
03-18 20:51:32.535 E/wificond(  704): Failed to get NL80211_STA_INFO_CNAHLOAD
03-18 20:51:34.908 W/SocketListener(  528): sending broadcast to Pid = 1187, Uid = 1000 
03-18 20:51:34.918 E/wificond(  704): Failed to get NL80211_STA_INFO_CNAHLOAD
03-18 20:51:34.918 I/chatty  ( 1187): uid=1000(system) android.fg expire 6 lines
03-18 20:51:37.948 E/wificond(  704): Failed to get NL80211_STA_INFO_CNAHLOAD
03-18 20:51:40.528 E/wificond(  704): Failed to get NL80211_STA_INFO_CNAHLOAD
03-18 20:51:48.536 I/chatty  (  704): uid=1010(wifi) /system/bin/wificond identical 20 lines
03-18 20:51:48.550 E/wificond(  704): Failed to get NL80211_STA_INFO_CNAHLOAD
03-18 20:51:49.965 W/SocketListener(  528): sending broadcast to Pid = 1187, Uid = 1000 
03-18 20:51:50.072 E/wificond(  704): Failed to get NL80211_STA_INFO_CNAHLOAD
03-18 20:51:52.782 W/SocketListener(  528): sending broadcast to Pid = 1187, Uid = 1000 
03-18 20:51:52.784 I/chatty  ( 1187): uid=1000(system) NetdConnector expire 8 lines
03-18 20:51:53.088 E/wificond(  704): Failed to get NL80211_STA_INFO_CNAHLOAD
03-18 20:51:59.147 E/wificond(  704): Failed to get NL80211_STA_INFO_CNAHLOAD
03-18 20:52:02.177 E/wificond(  704): Failed to get NL80211_STA_INFO_CNAHLOAD
03-18 20:52:03.414 I/chatty  ( 1187): uid=1000(system) UEventObserver expire 4 lines
03-18 20:52:04.555 E/wificond(  704): Failed to get NL80211_STA_INFO_CNAHLOAD
03-18 20:52:05.206 E/wificond(  704): Failed to get NL80211_STA_INFO_CNAHLOAD
03-18 20:52:08.205 W/SocketListener(  528): sending broadcast to Pid = 1187, Uid = 1000 
03-18 20:52:08.230 E/wificond(  704): Failed to get NL80211_STA_INFO_CNAHLOAD
03-18 20:52:11.259 E/wificond(  704): Failed to get NL80211_STA_INFO_CNAHLOAD
03-18 20:52:29.443 E/wificond(  704): Failed to get NL80211_STA_INFO_CNAHLOAD
03-18 20:52:32.471 E/wificond(  704): Failed to get NL80211_STA_INFO_CNAHLOAD
03-18 20:52:33.082 W/SocketListener(  528): sending broadcast to Pid = 1187, Uid = 1000 
03-18 20:52:35.503 E/wificond(  704): Failed to get NL80211_STA_INFO_CNAHLOAD
03-18 20:52:36.606 I/chatty  (  704): uid=1010(wifi) /system/bin/wificond identical 8 lines
03-18 20:52:38.538 E/wificond(  704): Failed to get NL80211_STA_INFO_CNAHLOAD
03-18 20:52:38.583 I/chatty  ( 1187): uid=1000(system) watchdog expire 1 line
03-18 20:52:41.563 E/wificond(  704): Failed to get NL80211_STA_INFO_CNAHLOAD
03-18 20:52:47.635 E/wificond(  704): Failed to get NL80211_STA_INFO_CNAHLOAD
03-18 20:52:48.108 W/SocketListener(  528): sending broadcast to Pid = 1187, Uid = 1000 
03-18 20:52:50.668 E/wificond(  704): Failed to get NL80211_STA_INFO_CNAHLOAD
03-18 20:52:56.736 E/wificond(  704): Failed to get NL80211_STA_INFO_CNAHLOAD
03-18 20:52:57.734 I/chatty  ( 1187): uid=1000(system) android.ui expire 30 lines
03-18 20:52:57.737 I/chatty  ( 1187): uid=1000 system_server expire 10 lines
03-18 20:52:57.842 I/chatty  ( 1187): uid=1000(system) Binder:1187_1D expire 4 lines
03-18 20:52:57.862 I/ActivityThread(16759): ActivityThread.handleConfigurationChanged , new config = {1.0 ?mcc?mnc [zh_CN_#Hans] ldltr sw360dp w680dp h336dp 480dpi nrml long hdr land finger -keyb/v/h -nav/h appBounds=Rect(0, 0 - 2041, 1080) nonFullScreen=0 suim:1 s.498}, compat = null
03-18 20:52:57.865 I/chatty  ( 1187): uid=1000(system) Binder:1187_18 expire 11 lines
03-18 20:52:57.869 I/ActivityThread(15855): ActivityThread.handleConfigurationChanged , new config = {1.0 ?mcc?mnc [zh_CN_#Hans] ldltr sw360dp w680dp h336dp 480dpi nrml long hdr land finger -keyb/v/h -nav/h appBounds=Rect(0, 0 - 2041, 1080) nonFullScreen=0 suim:1 s.498}, compat = null
03-18 20:52:57.876 I/chatty  ( 1187): uid=1000(system) Binder:1187_D expire 6 lines
03-18 20:52:57.974 I/chatty  ( 1187): uid=1000(system) CryptdConnector expire 2 lines
03-18 20:52:58.037 I/chatty  ( 1187): uid=1000(system) Binder:1187_19 expire 10 lines
03-18 20:52:58.113 I/chatty  ( 1187): uid=1000(system) Binder:1187_1E expire 18 lines
03-18 20:52:58.130 I/chatty  ( 1187): uid=1000(system) android.anim expire 16 lines
03-18 20:52:58.132 D/HwBootanimService( 1917): Boot or Shutdown sound is Capable :true
03-18 20:52:58.226 D/VoldCmdListener(  462): sdlock poll
03-18 20:52:58.226 I/        (  462): poll
03-18 20:52:58.226 E/        (  462): failed to read dir
03-18 20:52:58.226 E/        (  462): failed to get lockable path
03-18 20:52:58.228 D/VoldCmdListener(  462): sdlock poll
03-18 20:52:58.228 I/        (  462): poll
03-18 20:52:58.228 E/        (  462): failed to read dir
03-18 20:52:58.228 E/        (  462): failed to get lockable path
03-18 20:52:59.769 E/wificond(  704): Failed to get NL80211_STA_INFO_CNAHLOAD
03-18 20:52:59.883 I/ActivityThread(16759): ActivityThread.handleConfigurationChanged , new config = {1.0 ?mcc?mnc [zh_CN_#Hans] ldltr sw360dp w360dp h656dp 480dpi nrml long hdr port finger -keyb/v/h -nav/h appBounds=Rect(0, 0 - 1080, 2040) nonFullScreen=0 suim:1 s.499}, compat = null
03-18 20:52:59.895 I/chatty  ( 1187): uid=1000(system) Binder:1187_1B expire 15 lines
03-18 20:52:59.910 I/ActivityThread(15855): ActivityThread.handleConfigurationChanged , new config = {1.0 ?mcc?mnc [zh_CN_#Hans] ldltr sw360dp w360dp h656dp 480dpi nrml long hdr port finger -keyb/v/h -nav/h appBounds=Rect(0, 0 - 1080, 2040) nonFullScreen=0 suim:1 s.499}, compat = null
03-18 20:52:59.982 I/chatty  ( 1187): uid=1000(system) Binder:1187_14 expire 17 lines
03-18 20:53:00.107 D/HwBootanimService( 1917): Boot or Shutdown sound is Capable :true
03-18 20:53:00.240 D/VoldCmdListener(  462): sdlock poll
03-18 20:53:00.240 I/        (  462): poll
03-18 20:53:00.240 E/        (  462): failed to read dir
03-18 20:53:00.240 E/        (  462): failed to get lockable path
03-18 20:53:00.242 D/VoldCmdListener(  462): sdlock poll
03-18 20:53:00.242 I/        (  462): poll
03-18 20:53:00.242 E/        (  462): failed to read dir
03-18 20:53:00.242 E/        (  462): failed to get lockable path
03-18 20:53:00.353 W/SocketListener(  528): sending broadcast to Pid = 1187, Uid = 1000 
03-18 20:53:00.355 I/chatty  ( 1187): uid=1000(system) NetdConnector expire 10 lines
03-18 20:53:00.357 I/chatty  ( 1187): uid=1000(system) android.fg expire 10 lines
03-18 20:53:00.611 E/wificond(  704): Failed to get NL80211_STA_INFO_CNAHLOAD
03-18 20:53:00.624 E/wificond(  704): Failed to get NL80211_STA_INFO_CNAHLOAD
03-18 20:53:02.796 E/wificond(  704): Failed to get NL80211_STA_INFO_CNAHLOAD
03-18 20:53:03.823 I/chatty  ( 1187): uid=1000(system) UEventObserver expire 10 lines
03-18 20:53:05.826 E/wificond(  704): Failed to get NL80211_STA_INFO_CNAHLOAD
03-18 20:53:08.585 I/chatty  ( 1187): uid=1000(system) watchdog expire 8 lines
03-18 20:53:08.622 E/wificond(  704): Failed to get NL80211_STA_INFO_CNAHLOAD
03-18 20:53:11.890 I/chatty  (  704): uid=1010(wifi) /system/bin/wificond identical 15 lines
03-18 20:53:14.923 E/wificond(  704): Failed to get NL80211_STA_INFO_CNAHLOAD
03-18 20:53:16.109 W/SocketListener(  528): sending broadcast to Pid = 1187, Uid = 1000 
03-18 20:53:16.123 I/chatty  ( 1187): uid=1000(system) Binder:1187_B expire 6 lines
03-18 20:53:16.627 E/wificond(  704): Failed to get NL80211_STA_INFO_CNAHLOAD
03-18 20:53:24.015 E/wificond(  704): Failed to get NL80211_STA_INFO_CNAHLOAD
03-18 20:53:24.431 I/chatty  ( 1187): uid=1000(system) Binder:1187_14 expire 5 lines
03-18 20:53:24.443 W/SocketListener(  528): sending broadcast to Pid = 1187, Uid = 1000 
03-18 20:53:24.630 E/wificond(  704): Failed to get NL80211_STA_INFO_CNAHLOAD
03-18 20:53:30.079 E/wificond(  704): Failed to get NL80211_STA_INFO_CNAHLOAD
03-18 20:53:32.637 E/wificond(  704): Failed to get NL80211_STA_INFO_CNAHLOAD
03-18 20:53:33.109 E/wificond(  704): Failed to get NL80211_STA_INFO_CNAHLOAD
03-18 20:53:36.128 E/wificond(  704): Failed to get NL80211_STA_INFO_CNAHLOAD
03-18 20:53:39.160 E/wificond(  704): Failed to get NL80211_STA_INFO_CNAHLOAD
03-18 20:53:48.672 E/wificond(  704): Failed to get NL80211_STA_INFO_CNAHLOAD
03-18 20:53:51.053 W/SocketListener(  528): sending broadcast to Pid = 1187, Uid = 1000 
03-18 20:53:51.066 I/chatty  ( 1187): uid=1000(system) Binder:1187_1B expire 9 lines
03-18 20:53:51.291 E/wificond(  704): Failed to get NL80211_STA_INFO_CNAHLOAD
03-18 20:53:56.683 I/chatty  (  704): uid=1010(wifi) /system/bin/wificond identical 15 lines
03-18 20:53:57.352 E/wificond(  704): Failed to get NL80211_STA_INFO_CNAHLOAD
03-18 20:54:00.003 I/chatty  ( 1187): uid=1000 system_server expire 10 lines
03-18 20:54:00.380 E/wificond(  704): Failed to get NL80211_STA_INFO_CNAHLOAD
03-18 20:54:03.413 E/wificond(  704): Failed to get NL80211_STA_INFO_CNAHLOAD
03-18 20:54:04.676 E/wificond(  704): Failed to get NL80211_STA_INFO_CNAHLOAD
03-18 20:54:06.447 E/wificond(  704): Failed to get NL80211_STA_INFO_CNAHLOAD
03-18 20:54:09.474 E/wificond(  704): Failed to get NL80211_STA_INFO_CNAHLOAD
03-18 20:54:28.707 E/wificond(  704): Failed to get NL80211_STA_INFO_CNAHLOAD
03-18 20:54:30.685 E/wificond(  704): Failed to get NL80211_STA_INFO_CNAHLOAD
03-18 20:54:33.717 E/wificond(  704): Failed to get NL80211_STA_INFO_CNAHLOAD
03-18 20:54:36.701 E/wificond(  704): Failed to get NL80211_STA_INFO_CNAHLOAD
03-18 20:54:36.713 I/chatty  (  704): uid=1010(wifi) /system/bin/wificond identical 10 lines
03-18 20:54:36.742 E/wificond(  704): Failed to get NL80211_STA_INFO_CNAHLOAD
03-18 20:54:39.772 E/wificond(  704): Failed to get NL80211_STA_INFO_CNAHLOAD
03-18 20:54:57.953 E/wificond(  704): Failed to get NL80211_STA_INFO_CNAHLOAD
03-18 20:54:58.475 W/SocketListener(  528): sending broadcast to Pid = 1187, Uid = 1000 
03-18 20:55:00.725 E/wificond(  704): Failed to get NL80211_STA_INFO_CNAHLOAD
03-18 20:55:00.979 I/chatty  (  704): uid=1010(wifi) /system/bin/wificond identical 11 lines
03-18 20:55:04.007 E/wificond(  704): Failed to get NL80211_STA_INFO_CNAHLOAD
03-18 20:55:04.675 I/chatty  ( 1187): uid=1000 system_server expire 10 lines
03-18 20:55:07.039 E/wificond(  704): Failed to get NL80211_STA_INFO_CNAHLOAD
03-18 20:55:08.731 E/wificond(  704): Failed to get NL80211_STA_INFO_CNAHLOAD
03-18 20:55:13.100 E/wificond(  704): Failed to get NL80211_STA_INFO_CNAHLOAD
03-18 20:55:13.869 W/SocketListener(  528): sending broadcast to Pid = 1187, Uid = 1000 
03-18 20:55:13.873 I/chatty  ( 1187): uid=1000(system) NetdConnector expire 10 lines
03-18 20:55:16.131 E/wificond(  704): Failed to get NL80211_STA_INFO_CNAHLOAD
03-18 20:55:28.258 E/wificond(  704): Failed to get NL80211_STA_INFO_CNAHLOAD
03-18 20:55:31.286 E/wificond(  704): Failed to get NL80211_STA_INFO_CNAHLOAD
03-18 20:55:32.770 I/chatty  (  704): uid=1010(wifi) /system/bin/wificond identical 13 lines
03-18 20:55:34.316 E/wificond(  704): Failed to get NL80211_STA_INFO_CNAHLOAD
03-18 20:55:34.859 I/chatty  ( 1187): uid=1000(system) UEventObserver expire 8 lines
03-18 20:55:37.346 E/wificond(  704): Failed to get NL80211_STA_INFO_CNAHLOAD
03-18 20:55:40.369 E/wificond(  704): Failed to get NL80211_STA_INFO_CNAHLOAD
03-18 20:55:58.551 E/wificond(  704): Failed to get NL80211_STA_INFO_CNAHLOAD
03-18 20:56:01.579 E/wificond(  704): Failed to get NL80211_STA_INFO_CNAHLOAD
03-18 20:56:04.774 I/chatty  (  704): uid=1010(wifi) /system/bin/wificond identical 12 lines
03-18 20:56:04.789 E/wificond(  704): Failed to get NL80211_STA_INFO_CNAHLOAD
03-18 20:56:05.662 W/SocketListener(  528): sending broadcast to Pid = 1187, Uid = 1000 
03-18 20:56:05.865 I/chatty  ( 1187): uid=1000(system) batterystats-sy expire 2 lines
03-18 20:56:07.632 E/wificond(  704): Failed to get NL80211_STA_INFO_CNAHLOAD
03-18 20:56:10.665 E/wificond(  704): Failed to get NL80211_STA_INFO_CNAHLOAD
03-18 20:56:13.693 E/wificond(  704): Failed to get NL80211_STA_INFO_CNAHLOAD
03-18 20:56:14.319 E//system/bin/storaged(  699): open file /data/storaged/storaged.txt failed!2
03-18 20:56:14.319 E//system/bin/storaged(  699): write(append)  diskstat data failed!ts:1552913774,read bytes:6064300032, write bytes: 4683083776
03-18 20:56:14.345 E//system/bin/storaged(  699): curr_io_stats:  size: 226
03-18 20:56:14.352 E//system/bin/storaged(  699): open file /data/storaged/storaged.txt failed!2
03-18 20:56:14.352 E//system/bin/storaged(  699): write(append)  uid data failed!
03-18 20:56:14.353 E//system/bin/storaged(  699): pid_info get_pids failed
03-18 20:56:16.719 E/wificond(  704): Failed to get NL80211_STA_INFO_CNAHLOAD
03-18 20:56:22.779 E/wificond(  704): Failed to get NL80211_STA_INFO_CNAHLOAD
03-18 20:56:25.211 I/chatty  ( 1187): uid=1000(system) StatisticsCHRMs expire 4 lines
03-18 20:56:25.807 E/wificond(  704): Failed to get NL80211_STA_INFO_CNAHLOAD
03-18 20:56:26.318 W/SocketListener(  528): sending broadcast to Pid = 1187, Uid = 1000 
03-18 20:56:28.791 E/wificond(  704): Failed to get NL80211_STA_INFO_CNAHLOAD
03-18 20:56:28.835 E/wificond(  704): Failed to get NL80211_STA_INFO_CNAHLOAD
03-18 20:56:31.866 E/wificond(  704): Failed to get NL80211_STA_INFO_CNAHLOAD
03-18 20:56:34.895 E/wificond(  704): Failed to get NL80211_STA_INFO_CNAHLOAD
03-18 20:56:35.304 I/chatty  ( 1187): uid=1000 system_server expire 4 lines
03-18 20:56:36.798 E/wificond(  704): Failed to get NL80211_STA_INFO_CNAHLOAD
03-18 20:56:37.924 E/wificond(  704): Failed to get NL80211_STA_INFO_CNAHLOAD
03-18 20:56:40.956 E/wificond(  704): Failed to get NL80211_STA_INFO_CNAHLOAD
03-18 20:56:47.027 E/wificond(  704): Failed to get NL80211_STA_INFO_CNAHLOAD
03-18 20:56:48.355 W/SocketListener(  528): sending broadcast to Pid = 1187, Uid = 1000 
03-18 20:56:50.061 E/wificond(  704): Failed to get NL80211_STA_INFO_CNAHLOAD
03-18 20:56:56.123 I/chatty  (  704): uid=1010(wifi) /system/bin/wificond identical 4 lines
03-18 20:56:59.153 E/wificond(  704): Failed to get NL80211_STA_INFO_CNAHLOAD
03-18 20:56:59.158 I/chatty  ( 1187): uid=1000(system) ConnectivitySer expire 9 lines
03-18 20:56:59.181 I/chatty  ( 1187): uid=1000(system) WifiStateMachin expire 2 lines
03-18 20:56:59.215 I/chatty  ( 1187): uid=1000(system) WifiScanningSer expire 1 line
03-18 20:57:00.816 E/wificond(  704): Failed to get NL80211_STA_INFO_CNAHLOAD
03-18 20:57:00.825 E/wificond(  704): Failed to get NL80211_STA_INFO_CNAHLOAD
03-18 20:57:01.467 W/SocketListener(  528): sending broadcast to Pid = 1187, Uid = 1000 
03-18 20:57:01.514 I/chatty  ( 1187): uid=1000(system) Binder:1187_8 expire 1 line
03-18 20:57:02.186 E/wificond(  704): Failed to get NL80211_STA_INFO_CNAHLOAD
03-18 20:57:03.437 W/SocketListener(  528): sending broadcast to Pid = 1187, Uid = 1000 
03-18 20:57:03.439 I/chatty  ( 1187): uid=1000(system) NetdConnector expire 2 lines
03-18 20:57:03.444 I/chatty  ( 1187): uid=1000(system) android.fg expire 10 lines
03-18 20:57:05.217 E/wificond(  704): Failed to get NL80211_STA_INFO_CNAHLOAD
03-18 20:57:05.506 I/chatty  ( 1187): uid=1000 system_server expire 10 lines
03-18 20:57:08.249 E/wificond(  704): Failed to get NL80211_STA_INFO_CNAHLOAD
03-18 20:57:08.601 I/chatty  ( 1187): uid=1000(system) watchdog expire 10 lines
03-18 20:57:08.821 E/wificond(  704): Failed to get NL80211_STA_INFO_CNAHLOAD
03-18 20:57:08.835 I/chatty  (  704): uid=1010(wifi) /system/bin/wificond identical 10 lines
03-18 20:57:11.281 E/wificond(  704): Failed to get NL80211_STA_INFO_CNAHLOAD
03-18 20:57:11.285 I/chatty  ( 1187): uid=1000(system) ConnectivitySer expire 18 lines
03-18 20:57:14.316 E/wificond(  704): Failed to get NL80211_STA_INFO_CNAHLOAD
03-18 20:57:17.341 E/wificond(  704): Failed to get NL80211_STA_INFO_CNAHLOAD
03-18 20:57:17.492 I/chatty  ( 1187): uid=1000(system) UEventObserver expire 10 lines
03-18 20:57:17.560 I/chatty  ( 1187): uid=1000(system) batterystats-sy expire 2 lines
03-18 20:57:20.372 E/wificond(  704): Failed to get NL80211_STA_INFO_CNAHLOAD
03-18 20:57:22.123 I/chatty  ( 1187): uid=1000(system) PowerManagerSer expire 2 lines
03-18 20:57:23.403 E/wificond(  704): Failed to get NL80211_STA_INFO_CNAHLOAD
03-18 20:57:26.433 E/wificond(  704): Failed to get NL80211_STA_INFO_CNAHLOAD
03-18 20:57:26.480 W/SocketListener(  528): sending broadcast to Pid = 1187, Uid = 1000 
03-18 20:57:26.483 I/chatty  ( 1187): uid=1000(system) NetdConnector expire 10 lines
03-18 20:57:26.496 I/chatty  ( 1187): uid=1000(system) Binder:1187_B expire 6 lines
03-18 20:57:29.466 E/wificond(  704): Failed to get NL80211_STA_INFO_CNAHLOAD
03-18 20:57:32.485 E/wificond(  704): Failed to get NL80211_STA_INFO_CNAHLOAD
03-18 20:57:35.518 E/wificond(  704): Failed to get NL80211_STA_INFO_CNAHLOAD
03-18 20:57:38.549 E/wificond(  704): Failed to get NL80211_STA_INFO_CNAHLOAD
03-18 20:57:40.847 E/wificond(  704): Failed to get NL80211_STA_INFO_CNAHLOAD
03-18 20:57:47.642 E/wificond(  704): Failed to get NL80211_STA_INFO_CNAHLOAD
03-18 20:57:47.661 W/SocketListener(  528): sending broadcast to Pid = 1187, Uid = 1000 
03-18 20:57:48.860 E/wificond(  704): Failed to get NL80211_STA_INFO_CNAHLOAD
03-18 20:57:56.876 I/chatty  (  704): uid=1010(wifi) /system/bin/wificond identical 11 lines
03-18 20:57:59.764 E/wificond(  704): Failed to get NL80211_STA_INFO_CNAHLOAD
03-18 20:58:00.110 I/chatty  ( 1187): uid=1000(system) Binder:1187_1B expire 10 lines
03-18 20:58:01.191 W/SocketListener(  528): sending broadcast to Pid = 1187, Uid = 1000 
03-18 20:58:01.201 I/chatty  ( 1187): uid=1000(system) Binder:1187_8 expire 11 lines
03-18 20:58:02.798 E/wificond(  704): Failed to get NL80211_STA_INFO_CNAHLOAD
03-18 20:58:05.830 E/wificond(  704): Failed to get NL80211_STA_INFO_CNAHLOAD
03-18 20:58:05.922 I/chatty  ( 1187): uid=1000 system_server expire 10 lines
03-18 20:58:08.861 E/wificond(  704): Failed to get NL80211_STA_INFO_CNAHLOAD
03-18 20:58:14.921 E/wificond(  704): Failed to get NL80211_STA_INFO_CNAHLOAD
03-18 20:58:16.718 W/SocketListener(  528): sending broadcast to Pid = 1187, Uid = 1000 
03-18 20:58:17.952 E/wificond(  704): Failed to get NL80211_STA_INFO_CNAHLOAD
03-18 20:58:28.910 I/chatty  (  704): uid=1010(wifi) /system/bin/wificond identical 15 lines
03-18 20:58:30.078 E/wificond(  704): Failed to get NL80211_STA_INFO_CNAHLOAD
03-18 20:58:32.400 W/SocketListener(  528): sending broadcast to Pid = 1187, Uid = 1000 
03-18 20:58:33.110 E/wificond(  704): Failed to get NL80211_STA_INFO_CNAHLOAD
03-18 20:58:36.141 E/wificond(  704): Failed to get NL80211_STA_INFO_CNAHLOAD
03-18 20:58:36.169 I/chatty  ( 1187): uid=1000(system) WifiStateMachin expire 4 lines
03-18 20:58:36.207 I/chatty  ( 1187): uid=1000(system) WifiScanningSer expire 2 lines
03-18 20:58:36.890 E/wificond(  704): Failed to get NL80211_STA_INFO_CNAHLOAD
03-18 20:58:36.901 E/wificond(  704): Failed to get NL80211_STA_INFO_CNAHLOAD
03-18 20:58:38.438 W/SocketListener(  528): sending broadcast to Pid = 1187, Uid = 1000 
03-18 20:58:38.441 I/chatty  ( 1187): uid=1000(system) NetdConnector expire 10 lines
03-18 20:58:39.169 E/wificond(  704): Failed to get NL80211_STA_INFO_CNAHLOAD
03-18 20:58:54.314 E/wificond(  704): Failed to get NL80211_STA_INFO_CNAHLOAD
03-18 20:58:56.525 W/SocketListener(  528): sending broadcast to Pid = 1187, Uid = 1000 
03-18 20:58:57.335 E/wificond(  704): Failed to get NL80211_STA_INFO_CNAHLOAD
03-18 20:58:58.487 W/SocketListener(  528): sending broadcast to Pid = 1187, Uid = 1000 
03-18 20:59:00.365 E/wificond(  704): Failed to get NL80211_STA_INFO_CNAHLOAD
03-18 20:59:00.931 I/chatty  (  704): uid=1010(wifi) /system/bin/wificond identical 13 lines
03-18 20:59:03.398 E/wificond(  704): Failed to get NL80211_STA_INFO_CNAHLOAD
03-18 20:59:03.402 I/chatty  ( 1187): uid=1000(system) ConnectivitySer expire 9 lines
03-18 20:59:06.426 E/wificond(  704): Failed to get NL80211_STA_INFO_CNAHLOAD
03-18 20:59:08.920 E/wificond(  704): Failed to get NL80211_STA_INFO_CNAHLOAD
03-18 20:59:27.637 E/wificond(  704): Failed to get NL80211_STA_INFO_CNAHLOAD
03-18 20:59:30.609 I/chatty  ( 1187): uid=1000 system_server expire 16 lines
03-18 20:59:30.663 E/wificond(  704): Failed to get NL80211_STA_INFO_CNAHLOAD
03-18 20:59:32.954 I/chatty  (  704): uid=1010(wifi) /system/bin/wificond identical 11 lines
03-18 20:59:33.698 E/wificond(  704): Failed to get NL80211_STA_INFO_CNAHLOAD
03-18 20:59:36.522 I/chatty  ( 1187): uid=1000(system) UEventObserver expire 10 lines
03-18 20:59:36.726 E/wificond(  704): Failed to get NL80211_STA_INFO_CNAHLOAD
03-18 20:59:39.755 E/wificond(  704): Failed to get NL80211_STA_INFO_CNAHLOAD
03-18 20:59:51.870 E/wificond(  704): Failed to get NL80211_STA_INFO_CNAHLOAD
03-18 20:59:54.797 W/SocketListener(  528): sending broadcast to Pid = 1187, Uid = 1000 
03-18 20:59:54.886 E/wificond(  704): Failed to get NL80211_STA_INFO_CNAHLOAD
03-18 20:59:57.913 E/wificond(  704): Failed to get NL80211_STA_INFO_CNAHLOAD
03-18 21:00:00.027 I/chatty  ( 1187): uid=1000(system) ActivityManager expire 2 lines
03-18 21:00:00.107 W/ContextImpl( 2778): Calling a method in the system process without a qualified user: android.app.ContextImpl.bindService:1736 android.content.ContextWrapper.bindService:678 com.huawei.nb.dataservice.dsclient.RemoteServiceConnection.open:90 com.huawei.nb.dataservice.dsclient.DataServiceProxy.connect:105 com.huawei.nb.dataservice.rsclient.internal.RemoteRuleService.start:27 
03-18 21:00:00.156 W/ContextImpl( 2778): Calling a method in the system process without a qualified user: android.app.ContextImpl.bindService:1736 android.content.ContextWrapper.bindService:678 com.huawei.nb.dataservice.dsclient.RemoteServiceConnection.open:90 com.huawei.nb.dataservice.dsclient.DataServiceProxy.connect:105 com.huawei.nb.dataservice.rsclient.internal.RemoteRuleService.start:27 
03-18 21:00:00.933 E/wificond(  704): Failed to get NL80211_STA_INFO_CNAHLOAD
03-18 21:00:04.967 I/chatty  (  704): uid=1010(wifi) /system/bin/wificond identical 12 lines
03-18 21:00:04.982 E/wificond(  704): Failed to get NL80211_STA_INFO_CNAHLOAD
03-18 21:00:06.994 E/wificond(  704): Failed to get NL80211_STA_INFO_CNAHLOAD
03-18 21:00:10.029 E/wificond(  704): Failed to get NL80211_STA_INFO_CNAHLOAD
03-18 21:00:11.789 W/SocketListener(  528): sending broadcast to Pid = 1187, Uid = 1000 
03-18 21:00:11.797 I/chatty  ( 1187): uid=1000(system) android.fg expire 10 lines
03-18 21:00:11.912 I/chatty  ( 1187): uid=1000(system) Binder:1187_1E expire 1 line
03-18 21:00:12.974 E/wificond(  704): Failed to get NL80211_STA_INFO_CNAHLOAD
03-18 21:00:28.996 E/wificond(  704): Failed to get NL80211_STA_INFO_CNAHLOAD
03-18 21:00:30.615 I/chatty  ( 1187): uid=1000 system_server expire 13 lines
03-18 21:00:31.249 E/wificond(  704): Failed to get NL80211_STA_INFO_CNAHLOAD
03-18 21:00:34.279 E/wificond(  704): Failed to get NL80211_STA_INFO_CNAHLOAD
03-18 21:00:36.986 E/wificond(  704): Failed to get NL80211_STA_INFO_CNAHLOAD
03-18 21:00:36.998 I/chatty  (  704): uid=1010(wifi) /system/bin/wificond identical 10 lines
03-18 21:00:37.305 E/wificond(  704): Failed to get NL80211_STA_INFO_CNAHLOAD
03-18 21:00:40.334 E/wificond(  704): Failed to get NL80211_STA_INFO_CNAHLOAD
03-18 21:00:58.508 E/wificond(  704): Failed to get NL80211_STA_INFO_CNAHLOAD
03-18 21:01:00.047 I/chatty  ( 1187): uid=1000(system) Binder:1187_1B expire 10 lines
03-18 21:01:01.000 E/wificond(  704): Failed to get NL80211_STA_INFO_CNAHLOAD
03-18 21:01:01.536 I/chatty  (  704): uid=1010(wifi) /system/bin/wificond identical 11 lines
03-18 21:01:04.569 E/wificond(  704): Failed to get NL80211_STA_INFO_CNAHLOAD
03-18 21:01:07.172 I/chatty  ( 1187): uid=1000 system_server expire 11 lines
03-18 21:01:07.597 E/wificond(  704): Failed to get NL80211_STA_INFO_CNAHLOAD
03-18 21:01:07.892 W/SocketListener(  528): sending broadcast to Pid = 1187, Uid = 1000 
03-18 21:01:07.894 I/chatty  ( 1187): uid=1000(system) NetdConnector expire 10 lines
03-18 21:01:09.001 E/wificond(  704): Failed to get NL80211_STA_INFO_CNAHLOAD
03-18 21:01:22.742 E/wificond(  704): Failed to get NL80211_STA_INFO_CNAHLOAD
03-18 21:01:22.828 W/SocketListener(  528): sending broadcast to Pid = 1187, Uid = 1000 
03-18 21:01:25.009 E/wificond(  704): Failed to get NL80211_STA_INFO_CNAHLOAD
03-18 21:01:25.024 E/wificond(  704): Failed to get NL80211_STA_INFO_CNAHLOAD
03-18 21:01:25.262 W/SocketListener(  528): sending broadcast to Pid = 1187, Uid = 1000 
03-18 21:01:25.277 I/chatty  ( 1187): uid=1000(system) Binder:1187_9 expire 1 line
03-18 21:01:25.772 E/wificond(  704): Failed to get NL80211_STA_INFO_CNAHLOAD
03-18 21:01:28.798 E/wificond(  704): Failed to get NL80211_STA_INFO_CNAHLOAD
03-18 21:01:31.825 E/wificond(  704): Failed to get NL80211_STA_INFO_CNAHLOAD
03-18 21:01:34.861 E/wificond(  704): Failed to get NL80211_STA_INFO_CNAHLOAD
03-18 21:01:37.887 E/wificond(  704): Failed to get NL80211_STA_INFO_CNAHLOAD
03-18 21:01:40.914 E/wificond(  704): Failed to get NL80211_STA_INFO_CNAHLOAD
03-18 21:01:50.002 I/chatty  (  704): uid=1010(wifi) /system/bin/wificond identical 11 lines
03-18 21:01:53.030 E/wificond(  704): Failed to get NL80211_STA_INFO_CNAHLOAD
03-18 21:01:53.323 W/SocketListener(  528): sending broadcast to Pid = 1187, Uid = 1000 
03-18 21:01:56.060 E/wificond(  704): Failed to get NL80211_STA_INFO_CNAHLOAD
03-18 21:01:59.087 E/wificond(  704): Failed to get NL80211_STA_INFO_CNAHLOAD
03-18 21:02:02.120 E/wificond(  704): Failed to get NL80211_STA_INFO_CNAHLOAD
03-18 21:02:05.149 E/wificond(  704): Failed to get NL80211_STA_INFO_CNAHLOAD
03-18 21:02:07.573 I/chatty  ( 1187): uid=1000(system) UEventObserver expire 6 lines
03-18 21:02:08.179 E/wificond(  704): Failed to get NL80211_STA_INFO_CNAHLOAD
03-18 21:02:08.623 I/chatty  ( 1187): uid=1000(system) watchdog expire 3 lines
03-18 21:02:11.210 E/wificond(  704): Failed to get NL80211_STA_INFO_CNAHLOAD
03-18 21:02:13.055 I/chatty  (  704): uid=1010(wifi) /system/bin/wificond identical 11 lines
03-18 21:02:13.069 E/wificond(  704): Failed to get NL80211_STA_INFO_CNAHLOAD
03-18 21:02:13.132 W/SocketListener(  528): sending broadcast to Pid = 1187, Uid = 1000 
03-18 21:02:13.143 I/chatty  ( 1187): uid=1000(system) Binder:1187_11 expire 3 lines
03-18 21:02:14.242 E/wificond(  704): Failed to get NL80211_STA_INFO_CNAHLOAD
03-18 21:02:29.408 E/wificond(  704): Failed to get NL80211_STA_INFO_CNAHLOAD
03-18 21:02:30.614 I/chatty  ( 1187): uid=1000 system_server expire 11 lines
03-18 21:02:32.443 E/wificond(  704): Failed to get NL80211_STA_INFO_CNAHLOAD
03-18 21:02:37.094 E/wificond(  704): Failed to get NL80211_STA_INFO_CNAHLOAD
03-18 21:02:38.509 E/wificond(  704): Failed to get NL80211_STA_INFO_CNAHLOAD
03-18 21:02:41.540 E/wificond(  704): Failed to get NL80211_STA_INFO_CNAHLOAD
03-18 21:02:56.696 I/chatty  (  704): uid=1010(wifi) /system/bin/wificond identical 15 lines
03-18 21:02:59.729 E/wificond(  704): Failed to get NL80211_STA_INFO_CNAHLOAD
03-18 21:03:00.115 I/chatty  ( 1187): uid=1000(system) android.display expire 1 line
03-18 21:03:00.116 I/chatty  ( 1187): uid=1000(system) Binder:1187_14 expire 2 lines
03-18 21:03:01.100 E/wificond(  704): Failed to get NL80211_STA_INFO_CNAHLOAD
03-18 21:03:01.116 E/wificond(  704): Failed to get NL80211_STA_INFO_CNAHLOAD
03-18 21:03:01.800 W/SocketListener(  528): sending broadcast to Pid = 1187, Uid = 1000 
03-18 21:03:01.801 I/chatty  ( 1187): uid=1000(system) NetdConnector expire 4 lines
03-18 21:03:02.763 E/wificond(  704): Failed to get NL80211_STA_INFO_CNAHLOAD
03-18 21:03:04.482 I/chatty  ( 1187): uid=1000(system) Binder:1187_1B expire 7 lines
03-18 21:03:05.798 E/wificond(  704): Failed to get NL80211_STA_INFO_CNAHLOAD
03-18 21:03:08.832 E/wificond(  704): Failed to get NL80211_STA_INFO_CNAHLOAD
03-18 21:03:17.929 E/wificond(  704): Failed to get NL80211_STA_INFO_CNAHLOAD
03-18 21:03:19.565 W/SocketListener(  528): sending broadcast to Pid = 1187, Uid = 1000 
03-18 21:03:19.646 I/chatty  ( 1187): uid=1000(system) Binder:1187_1 expire 7 lines
03-18 21:03:19.656 I/chatty  ( 1187): uid=1000(system) Binder:1187_1F expire 1 line
03-18 21:03:19.664 I/chatty  ( 1187): uid=1000(system) Binder:1187_D expire 4 lines
03-18 21:03:20.138 I/chatty  ( 1187): uid=1000 system_server expire 12 lines
03-18 21:03:20.961 E/wificond(  704): Failed to get NL80211_STA_INFO_CNAHLOAD
03-18 21:03:27.023 I/chatty  (  704): uid=1010(wifi) /system/bin/wificond identical 17 lines
03-18 21:03:30.057 E/wificond(  704): Failed to get NL80211_STA_INFO_CNAHLOAD
03-18 21:03:33.090 E/wificond(  704): Failed to get NL80211_STA_INFO_CNAHLOAD
03-18 21:03:36.119 E/wificond(  704): Failed to get NL80211_STA_INFO_CNAHLOAD
03-18 21:03:38.189 I/chatty  ( 1187): uid=1000(system) UEventObserver expire 10 lines
03-18 21:03:38.209 I/chatty  ( 1187): uid=1000 system_server expire 11 lines
03-18 21:03:38.629 I/chatty  ( 1187): uid=1000(system) watchdog expire 10 lines
03-18 21:03:39.154 E/wificond(  704): Failed to get NL80211_STA_INFO_CNAHLOAD
03-18 21:03:57.334 E/wificond(  704): Failed to get NL80211_STA_INFO_CNAHLOAD
03-18 21:03:58.182 I/chatty  ( 1187): uid=1000(system) batterystats-sy expire 2 lines
03-18 21:04:00.118 I/chatty  ( 1187): uid=1000(system) Binder:1187_5 expire 7 lines
03-18 21:04:00.359 E/wificond(  704): Failed to get NL80211_STA_INFO_CNAHLOAD
03-18 21:04:03.386 E/wificond(  704): Failed to get NL80211_STA_INFO_CNAHLOAD
03-18 21:04:05.171 I/chatty  (  704): uid=1010(wifi) /system/bin/wificond identical 13 lines
03-18 21:04:06.416 E/wificond(  704): Failed to get NL80211_STA_INFO_CNAHLOAD
03-18 21:04:09.447 E/wificond(  704): Failed to get NL80211_STA_INFO_CNAHLOAD
03-18 21:04:29.182 E/wificond(  704): Failed to get NL80211_STA_INFO_CNAHLOAD
03-18 21:04:30.616 I/chatty  ( 1187): uid=1000 system_server expire 11 lines
03-18 21:04:30.640 E/wificond(  704): Failed to get NL80211_STA_INFO_CNAHLOAD
03-18 21:04:37.181 I/chatty  (  704): uid=1010(wifi) /system/bin/wificond identical 12 lines
03-18 21:04:37.195 E/wificond(  704): Failed to get NL80211_STA_INFO_CNAHLOAD
03-18 21:04:39.730 E/wificond(  704): Failed to get NL80211_STA_INFO_CNAHLOAD
03-18 21:04:57.906 E/wificond(  704): Failed to get NL80211_STA_INFO_CNAHLOAD
03-18 21:04:58.472 W/SocketListener(  528): sending broadcast to Pid = 1187, Uid = 1000 
03-18 21:04:58.474 I/chatty  ( 1187): uid=1000(system) NetdConnector expire 12 lines
03-18 21:04:58.478 I/chatty  ( 1187): uid=1000(system) android.fg expire 10 lines
03-18 21:05:00.934 E/wificond(  704): Failed to get NL80211_STA_INFO_CNAHLOAD
03-18 21:05:03.963 I/chatty  (  704): uid=1010(wifi) /system/bin/wificond identical 10 lines
03-18 21:05:06.992 E/wificond(  704): Failed to get NL80211_STA_INFO_CNAHLOAD
03-18 21:05:09.217 E/wificond(  704): Failed to get NL80211_STA_INFO_CNAHLOAD
03-18 21:05:13.048 E/wificond(  704): Failed to get NL80211_STA_INFO_CNAHLOAD
03-18 21:05:13.550 W/SocketListener(  528): sending broadcast to Pid = 1187, Uid = 1000 
03-18 21:05:16.079 E/wificond(  704): Failed to get NL80211_STA_INFO_CNAHLOAD
03-18 21:05:22.135 E/wificond(  704): Failed to get NL80211_STA_INFO_CNAHLOAD
03-18 21:05:22.899 I/chatty  ( 1187): uid=1000(system) IpManager.wlan0 expire 1 line
03-18 21:05:23.085 I/chatty  ( 1187): uid=1000(system) WifiP2pService expire 6 lines
03-18 21:05:23.093 W/SocketListener(  528): sending broadcast to Pid = 1187, Uid = 1000 
03-18 21:05:23.094 I/chatty  ( 1187): uid=1000(system) DhcpClient expire 4 lines
03-18 21:05:23.119 I/chatty  ( 1187): uid=1000(system) ConnectivitySer expire 15 lines
03-18 21:05:23.129 E/wificond(  704): Failed to get NL80211_STA_INFO_CNAHLOAD
03-18 21:05:23.169 W/ContextImpl(15481): Calling a method in the system process without a qualified user: android.app.ContextImpl.startService:1656 android.content.ContextWrapper.startService:644 android.content.ContextWrapper.startService:644 com.android.settings.wifi.AccessPointConnectedReceiver.onReceive:28 android.app.ActivityThread.handleReceiver:3695 
03-18 21:05:23.185 I/chatty  ( 1187): uid=1000(system) ActivityManager expire 2 lines
03-18 21:05:25.164 E/wificond(  704): Failed to get NL80211_STA_INFO_CNAHLOAD
03-18 21:05:28.196 E/wificond(  704): Failed to get NL80211_STA_INFO_CNAHLOAD
03-18 21:05:30.615 I/chatty  ( 1187): uid=1000 system_server expire 12 lines
03-18 21:05:30.754 I/chatty  ( 1187): uid=1000(system) android.bg expire 1 line
03-18 21:05:31.224 E/wificond(  704): Failed to get NL80211_STA_INFO_CNAHLOAD
03-18 21:05:33.233 I/chatty  (  704): uid=1010(wifi) /system/bin/wificond identical 11 lines
03-18 21:05:34.256 E/wificond(  704): Failed to get NL80211_STA_INFO_CNAHLOAD
03-18 21:05:36.120 I/chatty  ( 1187): uid=1000(system) Binder:1187_3 expire 15 lines
03-18 21:05:37.288 E/wificond(  704): Failed to get NL80211_STA_INFO_CNAHLOAD
03-18 21:05:39.022 I/chatty  ( 1187): uid=1000(system) UEventObserver expire 10 lines
03-18 21:05:40.319 E/wificond(  704): Failed to get NL80211_STA_INFO_CNAHLOAD
03-18 21:05:49.404 E/wificond(  704): Failed to get NL80211_STA_INFO_CNAHLOAD
03-18 21:05:51.054 W/SocketListener(  528): sending broadcast to Pid = 1187, Uid = 1000 
03-18 21:05:51.057 I/chatty  ( 1187): uid=1000(system) NetdConnector expire 10 lines
03-18 21:05:52.432 E/wificond(  704): Failed to get NL80211_STA_INFO_CNAHLOAD
03-18 21:05:58.484 E/wificond(  704): Failed to get NL80211_STA_INFO_CNAHLOAD
03-18 21:06:00.123 I/chatty  ( 1187): uid=1000(system) Binder:1187_1D expire 4 lines
03-18 21:06:01.514 E/wificond(  704): Failed to get NL80211_STA_INFO_CNAHLOAD
03-18 21:06:05.254 I/chatty  (  704): uid=1010(wifi) /system/bin/wificond identical 12 lines
03-18 21:06:07.571 E/wificond(  704): Failed to get NL80211_STA_INFO_CNAHLOAD
03-18 21:06:10.220 I/chatty  ( 1187): uid=1000(system) Binder:1187_19 expire 8 lines
03-18 21:06:10.328 W/SocketListener(  528): sending broadcast to Pid = 1187, Uid = 1000 
03-18 21:06:10.329 I/chatty  ( 1187): uid=1000(system) Binder:1187_16 expire 1 line
03-18 21:06:10.336 I/chatty  ( 1187): uid=1000(system) Binder:1187_3 expire 2 lines
03-18 21:06:10.587 E/wificond(  704): Failed to get NL80211_STA_INFO_CNAHLOAD
03-18 21:06:16.635 E/wificond(  704): Failed to get NL80211_STA_INFO_CNAHLOAD
03-18 21:06:16.984 I/chatty  ( 1187): uid=1000(system) PowerManagerSer expire 2 lines
03-18 21:06:16.987 V/DeadZone( 1604): consuming errant click: (16.984274,28.04248)
03-18 21:06:19.662 E/wificond(  704): Failed to get NL80211_STA_INFO_CNAHLOAD
03-18 21:06:29.273 E/wificond(  704): Failed to get NL80211_STA_INFO_CNAHLOAD
03-18 21:06:30.609 I/chatty  ( 1187): uid=1000 system_server expire 10 lines
03-18 21:06:31.771 E/wificond(  704): Failed to get NL80211_STA_INFO_CNAHLOAD
03-18 21:06:37.282 I/chatty  (  704): uid=1010(wifi) /system/bin/wificond identical 12 lines
03-18 21:06:37.835 E/wificond(  704): Failed to get NL80211_STA_INFO_CNAHLOAD
03-18 21:06:40.653 W/SocketListener(  528): sending broadcast to Pid = 1187, Uid = 1000 
03-18 21:06:40.866 E/wificond(  704): Failed to get NL80211_STA_INFO_CNAHLOAD
03-18 21:06:59.058 E/wificond(  704): Failed to get NL80211_STA_INFO_CNAHLOAD
03-18 21:06:59.062 I/chatty  ( 1187): uid=1000(system) ConnectivitySer expire 18 lines
03-18 21:06:59.088 I/chatty  ( 1187): uid=1000(system) WifiStateMachin expire 2 lines
03-18 21:06:59.124 I/chatty  ( 1187): uid=1000(system) WifiScanningSer expire 1 line
03-18 21:07:01.286 E/wificond(  704): Failed to get NL80211_STA_INFO_CNAHLOAD
03-18 21:07:01.297 E/wificond(  704): Failed to get NL80211_STA_INFO_CNAHLOAD
03-18 21:07:01.398 W/SocketListener(  528): sending broadcast to Pid = 1187, Uid = 1000 
03-18 21:07:02.089 E/wificond(  704): Failed to get NL80211_STA_INFO_CNAHLOAD
03-18 21:07:05.121 E/wificond(  704): Failed to get NL80211_STA_INFO_CNAHLOAD
03-18 21:07:06.130 W/SocketListener(  528): sending broadcast to Pid = 1187, Uid = 1000 
03-18 21:07:08.150 E/wificond(  704): Failed to get NL80211_STA_INFO_CNAHLOAD
03-18 21:07:09.301 E/wificond(  704): Failed to get NL80211_STA_INFO_CNAHLOAD
03-18 21:07:09.316 E/wificond(  704): Failed to get NL80211_STA_INFO_CNAHLOAD
03-18 21:07:11.181 E/wificond(  704): Failed to get NL80211_STA_INFO_CNAHLOAD
03-18 21:07:20.260 I/chatty  (  704): uid=1010(wifi) /system/bin/wificond identical 10 lines
03-18 21:07:23.289 E/wificond(  704): Failed to get NL80211_STA_INFO_CNAHLOAD
03-18 21:07:23.404 W/SocketListener(  528): sending broadcast to Pid = 1187, Uid = 1000 
03-18 21:07:23.405 I/chatty  ( 1187): uid=1000(system) NetdConnector expire 6 lines
03-18 21:07:25.311 E/wificond(  704): Failed to get NL80211_STA_INFO_CNAHLOAD
03-18 21:07:29.349 E/wificond(  704): Failed to get NL80211_STA_INFO_CNAHLOAD
03-18 21:07:32.382 E/wificond(  704): Failed to get NL80211_STA_INFO_CNAHLOAD
03-18 21:07:38.438 E/wificond(  704): Failed to get NL80211_STA_INFO_CNAHLOAD
03-18 21:07:39.871 I/chatty  ( 1187): uid=1000 system_server expire 10 lines
03-18 21:07:41.320 E/wificond(  704): Failed to get NL80211_STA_INFO_CNAHLOAD
03-18 21:07:53.583 I/chatty  (  704): uid=1010(wifi) /system/bin/wificond identical 11 lines
03-18 21:07:56.617 E/wificond(  704): Failed to get NL80211_STA_INFO_CNAHLOAD
03-18 21:07:56.619 W/SocketListener(  528): sending broadcast to Pid = 1187, Uid = 1000 
03-18 21:07:57.335 E/wificond(  704): Failed to get NL80211_STA_INFO_CNAHLOAD
03-18 21:07:59.644 E/wificond(  704): Failed to get NL80211_STA_INFO_CNAHLOAD
03-18 21:08:02.672 E/wificond(  704): Failed to get NL80211_STA_INFO_CNAHLOAD
03-18 21:08:05.706 E/wificond(  704): Failed to get NL80211_STA_INFO_CNAHLOAD
03-18 21:08:08.735 E/wificond(  704): Failed to get NL80211_STA_INFO_CNAHLOAD
03-18 21:08:10.067 I/chatty  ( 1187): uid=1000(system) UEventObserver expire 8 lines
03-18 21:08:11.761 E/wificond(  704): Failed to get NL80211_STA_INFO_CNAHLOAD
03-18 21:08:13.359 I/chatty  (  704): uid=1010(wifi) /system/bin/wificond identical 13 lines
03-18 21:08:14.792 E/wificond(  704): Failed to get NL80211_STA_INFO_CNAHLOAD
03-18 21:08:17.229 W/SocketListener(  528): sending broadcast to Pid = 1187, Uid = 1000 
03-18 21:08:17.236 I/chatty  ( 1187): uid=1000(system) android.fg expire 1 line
03-18 21:08:17.820 E/wificond(  704): Failed to get NL80211_STA_INFO_CNAHLOAD
03-18 21:08:21.364 E/wificond(  704): Failed to get NL80211_STA_INFO_CNAHLOAD
03-18 21:08:23.874 V/DeadZone( 1604): consuming errant click: (32.969475,23.044922)
03-18 21:08:23.877 E/wificond(  704): Failed to get NL80211_STA_INFO_CNAHLOAD
03-18 21:08:29.933 E/wificond(  704): Failed to get NL80211_STA_INFO_CNAHLOAD
03-18 21:08:32.959 E/wificond(  704): Failed to get NL80211_STA_INFO_CNAHLOAD
03-18 21:08:37.376 E/wificond(  704): Failed to get NL80211_STA_INFO_CNAHLOAD
03-18 21:08:38.650 I/chatty  ( 1187): uid=1000(system) watchdog expire 3 lines
03-18 21:08:39.021 E/wificond(  704): Failed to get NL80211_STA_INFO_CNAHLOAD
03-18 21:08:42.052 E/wificond(  704): Failed to get NL80211_STA_INFO_CNAHLOAD
03-18 21:08:51.141 E/wificond(  704): Failed to get NL80211_STA_INFO_CNAHLOAD
