--------- beginning of crash
03-15 17:32:09.865 E/AndroidRuntime( 8190): FATAL EXCEPTION: main
03-15 17:32:09.865 E/AndroidRuntime( 8190): Process: com.tencent.android.rd, PID: 8190
03-15 17:32:09.865 E/AndroidRuntime( 8190): java.lang.RuntimeException: Unable to start activity ComponentInfo{com.tencent.android.rd/com.tencent.android.rd.ProductDetailActivity}: java.lang.NullPointerException: Attempt to invoke interface method 'java.lang.String android.content.SharedPreferences.getString(java.lang.String, java.lang.String)' on a null object reference
03-15 17:32:09.865 E/AndroidRuntime( 8190): 	at android.app.ActivityThread.performLaunchActivity(ActivityThread.java:3194)
03-15 17:32:09.865 E/AndroidRuntime( 8190): 	at android.app.ActivityThread.handleLaunchActivity(ActivityThread.java:3302)
03-15 17:32:09.865 E/AndroidRuntime( 8190): 	at android.app.ActivityThread.-wrap12(Unknown Source:0)
03-15 17:32:09.865 E/AndroidRuntime( 8190): 	at android.app.ActivityThread$H.handleMessage(ActivityThread.java:1891)
03-15 17:32:09.865 E/AndroidRuntime( 8190): 	at android.os.Handler.dispatchMessage(Handler.java:108)
03-15 17:32:09.865 E/AndroidRuntime( 8190): 	at android.os.Looper.loop(Looper.java:166)
03-15 17:32:09.865 E/AndroidRuntime( 8190): 	at android.app.ActivityThread.main(ActivityThread.java:7425)
03-15 17:32:09.865 E/AndroidRuntime( 8190): 	at java.lang.reflect.Method.invoke(Native Method)
03-15 17:32:09.865 E/AndroidRuntime( 8190): 	at com.android.internal.os.Zygote$MethodAndArgsCaller.run(Zygote.java:245)
03-15 17:32:09.865 E/AndroidRuntime( 8190): 	at com.android.internal.os.ZygoteInit.main(ZygoteInit.java:921)
03-15 17:32:09.865 E/AndroidRuntime( 8190): Caused by: java.lang.NullPointerException: Attempt to invoke interface method 'java.lang.String android.content.SharedPreferences.getString(java.lang.String, java.lang.String)' on a null object reference
03-15 17:32:09.865 E/AndroidRuntime( 8190): 	at com.tencent.android.rd.ProductDetailCiFragment.getSavePlanId(ProductDetailCiFragment.java:159)
03-15 17:32:09.865 E/AndroidRuntime( 8190): 	at com.tencent.android.rd.ProductDetailCiFragment.setProduct(ProductDetailCiFragment.java:116)
03-15 17:32:09.865 E/AndroidRuntime( 8190): 	at com.tencent.android.rd.ProductDetailActivity.initViewPager(ProductDetailActivity.java:134)
03-15 17:32:09.865 E/AndroidRuntime( 8190): 	at com.tencent.android.rd.ProductDetailActivity.onCreate(ProductDetailActivity.java:96)
03-15 17:32:09.865 E/AndroidRuntime( 8190): 	at android.app.Activity.performCreate(Activity.java:7372)
03-15 17:32:09.865 E/AndroidRuntime( 8190): 	at android.app.Instrumentation.callActivityOnCreate(Instrumentation.java:1218)
03-15 17:32:09.865 E/AndroidRuntime( 8190): 	at android.app.ActivityThread.performLaunchActivity(ActivityThread.java:3147)
03-15 17:32:09.865 E/AndroidRuntime( 8190): 	... 9 more
03-15 17:32:11.395 E/AndroidRuntime(15008): FATAL EXCEPTION: main
03-15 17:32:11.395 E/AndroidRuntime(15008): Process: com.tencent.android.rd, PID: 15008
03-15 17:32:11.395 E/AndroidRuntime(15008): java.lang.RuntimeException: Unable to start activity ComponentInfo{com.tencent.android.rd/com.tencent.android.rd.ProductDetailActivity}: java.lang.NullPointerException: Attempt to invoke interface method 'java.lang.String android.content.SharedPreferences.getString(java.lang.String, java.lang.String)' on a null object reference
03-15 17:32:11.395 E/AndroidRuntime(15008): 	at android.app.ActivityThread.performLaunchActivity(ActivityThread.java:3194)
03-15 17:32:11.395 E/AndroidRuntime(15008): 	at android.app.ActivityThread.handleLaunchActivity(ActivityThread.java:3302)
03-15 17:32:11.395 E/AndroidRuntime(15008): 	at android.app.ActivityThread.-wrap12(Unknown Source:0)
03-15 17:32:11.395 E/AndroidRuntime(15008): 	at android.app.ActivityThread$H.handleMessage(ActivityThread.java:1891)
03-15 17:32:11.395 E/AndroidRuntime(15008): 	at android.os.Handler.dispatchMessage(Handler.java:108)
03-15 17:32:11.395 E/AndroidRuntime(15008): 	at android.os.Looper.loop(Looper.java:166)
03-15 17:32:11.395 E/AndroidRuntime(15008): 	at android.app.ActivityThread.main(ActivityThread.java:7425)
03-15 17:32:11.395 E/AndroidRuntime(15008): 	at java.lang.reflect.Method.invoke(Native Method)
03-15 17:32:11.395 E/AndroidRuntime(15008): 	at com.android.internal.os.Zygote$MethodAndArgsCaller.run(Zygote.java:245)
03-15 17:32:11.395 E/AndroidRuntime(15008): 	at com.android.internal.os.ZygoteInit.main(ZygoteInit.java:921)
03-15 17:32:11.395 E/AndroidRuntime(15008): Caused by: java.lang.NullPointerException: Attempt to invoke interface method 'java.lang.String android.content.SharedPreferences.getString(java.lang.String, java.lang.String)' on a null object reference
03-15 17:32:11.395 E/AndroidRuntime(15008): 	at com.tencent.android.rd.ProductDetailCiFragment.getSavePlanId(ProductDetailCiFragment.java:159)
03-15 17:32:11.395 E/AndroidRuntime(15008): 	at com.tencent.android.rd.ProductDetailCiFragment.setProduct(ProductDetailCiFragment.java:116)
03-15 17:32:11.395 E/AndroidRuntime(15008): 	at com.tencent.android.rd.ProductDetailActivity.initViewPager(ProductDetailActivity.java:134)
03-15 17:32:11.395 E/AndroidRuntime(15008): 	at com.tencent.android.rd.ProductDetailActivity.onCreate(ProductDetailActivity.java:96)
03-15 17:32:11.395 E/AndroidRuntime(15008): 	at android.app.Activity.performCreate(Activity.java:7372)
03-15 17:32:11.395 E/AndroidRuntime(15008): 	at android.app.Instrumentation.callActivityOnCreate(Instrumentation.java:1218)
03-15 17:32:11.395 E/AndroidRuntime(15008): 	at android.app.ActivityThread.performLaunchActivity(ActivityThread.java:3147)
03-15 17:32:11.395 E/AndroidRuntime(15008): 	... 9 more
--------- beginning of system
03-18 20:18:38.373 E/wificond(  704): Failed to get NL80211_STA_INFO_CNAHLOAD
03-18 20:18:41.387 E/wificond(  704): Failed to get NL80211_STA_INFO_CNAHLOAD
03-18 20:18:43.498 E/wificond(  704): Failed to get NL80211_STA_INFO_CNAHLOAD
03-18 20:18:43.502 E/wificond(  704): Failed to get NL80211_STA_INFO_CNAHLOAD
03-18 20:18:43.792 I/chatty  ( 1187): uid=1000(system) HwUsbHDBManager expire 13 lines
03-18 20:18:44.398 E/wificond(  704): Failed to get NL80211_STA_INFO_CNAHLOAD
03-18 20:18:47.411 E/wificond(  704): Failed to get NL80211_STA_INFO_CNAHLOAD
03-18 20:18:50.435 E/wificond(  704): Failed to get NL80211_STA_INFO_CNAHLOAD
03-18 20:18:51.503 E/wificond(  704): Failed to get NL80211_STA_INFO_CNAHLOAD
03-18 20:18:51.508 E/wificond(  704): Failed to get NL80211_STA_INFO_CNAHLOAD
03-18 20:18:52.863 I/chatty  ( 1187): uid=1000(system) keyAppHanderThr expire 2 lines
03-18 20:18:52.897 I/chatty  ( 1187): uid=1000(system) Binder:1187_E expire 10 lines
03-18 20:18:52.923 I/chatty  ( 1187): uid=1000(system) Binder:1187_17 expire 2 lines
03-18 20:18:52.928 I/ActivityThread(12521): ActivityThread.handleConfigurationChanged , new config = {1.0 ?mcc?mnc [zh_CN_#Hans] ldltr sw360dp w680dp h336dp 480dpi nrml long hdr land finger -keyb/v/h -nav/h appBounds=Rect(0, 0 - 2041, 1080) nonFullScreen=0 suim:1 s.488}, compat = null
03-18 20:18:52.931 I/chatty  ( 1187): uid=1000(system) Binder:1187_13 expire 3 lines
03-18 20:18:52.992 I/chatty  ( 1187): uid=1000(system) Binder:1187_6 expire 2 lines
03-18 20:18:53.003 I/chatty  ( 1187): uid=1000(system) Binder:1187_5 expire 2 lines
03-18 20:18:53.013 I/ActivityThread(31068): ActivityThread.handleConfigurationChanged , new config = {1.0 ?mcc?mnc [zh_CN_#Hans] ldltr sw360dp w680dp h336dp 480dpi nrml long hdr land finger -keyb/v/h -nav/h appBounds=Rect(0, 0 - 2041, 1080) nonFullScreen=0 suim:1 s.488}, compat = null
03-18 20:18:53.451 E/wificond(  704): Failed to get NL80211_STA_INFO_CNAHLOAD
03-18 20:18:54.591 I/chatty  ( 1187): uid=1000(system) PowerManagerSer expire 2 lines
03-18 20:18:56.464 E/wificond(  704): Failed to get NL80211_STA_INFO_CNAHLOAD
03-18 20:18:56.808 I/chatty  ( 1187): uid=1000(system) HwUsbHDBManager expire 11 lines
03-18 20:18:59.479 E/wificond(  704): Failed to get NL80211_STA_INFO_CNAHLOAD
03-18 20:18:59.510 I/chatty  (  704): uid=1010(wifi) /system/bin/wificond identical 2 lines
03-18 20:18:59.514 E/wificond(  704): Failed to get NL80211_STA_INFO_CNAHLOAD
03-18 20:19:00.002 I/chatty  ( 1187): uid=1000 system_server expire 29 lines
03-18 20:19:02.492 E/wificond(  704): Failed to get NL80211_STA_INFO_CNAHLOAD
03-18 20:19:05.505 E/wificond(  704): Failed to get NL80211_STA_INFO_CNAHLOAD
03-18 20:19:07.518 E/wificond(  704): Failed to get NL80211_STA_INFO_CNAHLOAD
03-18 20:19:07.524 E/wificond(  704): Failed to get NL80211_STA_INFO_CNAHLOAD
03-18 20:19:07.822 I/chatty  ( 1187): uid=1000(system) HwUsbHDBManager expire 13 lines
03-18 20:19:08.435 I/chatty  ( 1187): uid=1000(system) watchdog expire 2 lines
03-18 20:19:08.516 E/wificond(  704): Failed to get NL80211_STA_INFO_CNAHLOAD
03-18 20:19:11.533 E/wificond(  704): Failed to get NL80211_STA_INFO_CNAHLOAD
03-18 20:19:14.545 E/wificond(  704): Failed to get NL80211_STA_INFO_CNAHLOAD
03-18 20:19:15.522 E/wificond(  704): Failed to get NL80211_STA_INFO_CNAHLOAD
03-18 20:19:15.527 E/wificond(  704): Failed to get NL80211_STA_INFO_CNAHLOAD
03-18 20:19:17.556 E/wificond(  704): Failed to get NL80211_STA_INFO_CNAHLOAD
03-18 20:19:20.569 E/wificond(  704): Failed to get NL80211_STA_INFO_CNAHLOAD
03-18 20:19:20.844 I/chatty  ( 1187): uid=1000(system) HwUsbHDBManager expire 11 lines
03-18 20:19:23.531 E/wificond(  704): Failed to get NL80211_STA_INFO_CNAHLOAD
03-18 20:19:23.581 E/wificond(  704): Failed to get NL80211_STA_INFO_CNAHLOAD
03-18 20:19:26.595 E/wificond(  704): Failed to get NL80211_STA_INFO_CNAHLOAD
03-18 20:19:29.605 E/wificond(  704): Failed to get NL80211_STA_INFO_CNAHLOAD
03-18 20:19:31.534 E/wificond(  704): Failed to get NL80211_STA_INFO_CNAHLOAD
03-18 20:19:31.538 E/wificond(  704): Failed to get NL80211_STA_INFO_CNAHLOAD
03-18 20:19:31.562 I/chatty  ( 1187): uid=1000(system) Binder:1187_F expire 2 lines
03-18 20:19:31.566 I/chatty  ( 1187): uid=1000(system) AudioService expire 1 line
03-18 20:19:31.860 I/chatty  ( 1187): uid=1000(system) HwUsbHDBManager expire 13 lines
03-18 20:19:32.618 E/wificond(  704): Failed to get NL80211_STA_INFO_CNAHLOAD
03-18 20:19:33.876 I/chatty  ( 1187): uid=1000(system) UEventObserver expire 2 lines
03-18 20:19:33.890 I/chatty  ( 1187): uid=1000(system) batterystats-sy expire 2 lines
03-18 20:19:35.630 E/wificond(  704): Failed to get NL80211_STA_INFO_CNAHLOAD
03-18 20:19:38.644 E/wificond(  704): Failed to get NL80211_STA_INFO_CNAHLOAD
03-18 20:19:38.852 I/chatty  ( 1187): uid=1000 system_server expire 90 lines
03-18 20:19:38.884 I/HwCoreAppHelperService( 1917): LocalReceiver receives:android.intent.action.PACKAGE_RESTARTED,pkg:com.huawei.appmarket,uid:10100
03-18 20:19:38.892 I/chatty  ( 1187): uid=1000(system) AlarmManager expire 2 lines
03-18 20:19:38.932 D/ActivityThread( 9200): ActivityThread,attachApplication
03-18 20:19:38.952 I/chatty  ( 1187): uid=1000(system) Binder:1187_E expire 1 line
03-18 20:19:38.965 I/HwCoreAppHelperService( 1917): LocalReceiver receives:android.intent.action.PACKAGE_RESTARTED,pkg:com.huawei.indexsearch,uid:1000
03-18 20:19:38.978 I/HwCoreAppHelperService( 1917): LocalReceiver receives:android.intent.action.PACKAGE_RESTARTED,pkg:com.huawei.android.pushagent,uid:10070
03-18 20:19:38.994 I/HwCoreAppHelperService( 1917): LocalReceiver receives:android.intent.action.PACKAGE_RESTARTED,pkg:com.huawei.android.instantshare,uid:1000
03-18 20:19:39.541 E/wificond(  704): Failed to get NL80211_STA_INFO_CNAHLOAD
03-18 20:19:39.547 E/wificond(  704): Failed to get NL80211_STA_INFO_CNAHLOAD
03-18 20:19:39.585 I/chatty  ( 1187): uid=1000(system) Binder:1187_19 expire 5 lines
03-18 20:19:39.586 I/chatty  ( 1187): uid=1000(system) ConnectivitySer expire 8 lines
03-18 20:19:41.539 I/chatty  ( 1187): uid=1000 system_server expire 35 lines
03-18 20:19:41.545 I/HwCoreAppHelperService( 1917): LocalReceiver receives:android.intent.action.PACKAGE_RESTARTED,pkg:com.huawei.appmarket,uid:10100
03-18 20:19:41.598 I/chatty  ( 1187): uid=1000(system) Binder:1187_15 expire 1 line
03-18 20:19:41.603 I/HwCoreAppHelperService( 1917): LocalReceiver receives:android.intent.action.PACKAGE_RESTARTED,pkg:com.huawei.android.instantonline,uid:10066
03-18 20:19:41.604 I/HwCoreAppHelperService( 1917): LocalReceiver receives:android.intent.action.PACKAGE_RESTARTED,pkg:com.google.android.ext.services,uid:10020
03-18 20:19:41.604 I/HwCoreAppHelperService( 1917): LocalReceiver receives:android.intent.action.PACKAGE_RESTARTED,pkg:com.android.providers.media,uid:10011
03-18 20:19:41.607 I/HwCoreAppHelperService( 1917): LocalReceiver receives:android.intent.action.PACKAGE_RESTARTED,pkg:com.android.providers.downloads,uid:10011
03-18 20:19:41.621 I/HwCoreAppHelperService( 1917): LocalReceiver receives:android.intent.action.PACKAGE_RESTARTED,pkg:com.android.printspooler,uid:10090
03-18 20:19:41.631 I/HwCoreAppHelperService( 1917): LocalReceiver receives:android.intent.action.PACKAGE_RESTARTED,pkg:com.android.packageinstaller,uid:10040
03-18 20:19:41.643 I/HwCoreAppHelperService( 1917): LocalReceiver receives:android.intent.action.PACKAGE_RESTARTED,pkg:com.android.mtp,uid:10011
03-18 20:19:41.657 E/wificond(  704): Failed to get NL80211_STA_INFO_CNAHLOAD
03-18 20:19:41.697 I/chatty  ( 1187): uid=1000(system) android.display expire 3 lines
03-18 20:19:43.909 I/HwCoreAppHelperService( 1917): LocalReceiver receives:android.intent.action.PACKAGE_RESTARTED,pkg:com.android.keychain,uid:1000
03-18 20:19:43.948 I/HwCoreAppHelperService( 1917): LocalReceiver receives:android.intent.action.PACKAGE_RESTARTED,pkg:com.android.documentsui,uid:10012
03-18 20:19:43.951 I/HwCoreAppHelperService( 1917): LocalReceiver receives:android.intent.action.PACKAGE_RESTARTED,pkg:com.android.defcontainer,uid:10010
03-18 20:19:43.954 I/HwCoreAppHelperService( 1917): LocalReceiver receives:android.intent.action.PACKAGE_RESTARTED,pkg:com.android.settings,uid:1000
03-18 20:19:43.962 I/chatty  ( 1187): uid=1000 system_server expire 16 lines
03-18 20:19:43.971 I/chatty  ( 1187): uid=1000(system) Binder:1187_4 expire 9 lines
03-18 20:19:43.993 I/chatty  ( 1187): uid=1000 system_server expire 57 lines
03-18 20:19:44.006 I/HwCoreAppHelperService( 1917): LocalReceiver receives:android.intent.action.PACKAGE_RESTARTED,pkg:myworkspace.mobile.clients.android,uid:10144
03-18 20:19:44.010 I/HwCoreAppHelperService( 1917): LocalReceiver receives:android.intent.action.PACKAGE_RESTARTED,pkg:com.huawei.cryptosms.service,uid:1000
03-18 20:19:44.016 I/chatty  ( 1187): uid=1000(system) Binder:1187_1B expire 2 lines
03-18 20:19:44.016 I/chatty  ( 1187): uid=1000(system) Binder:1187_9 expire 1 line
03-18 20:19:44.017 I/chatty  ( 1187): uid=1000(system) ConnectivitySer expire 10 lines
03-18 20:19:44.053 I/chatty  ( 1187): uid=1000(system) Binder:1187_6 expire 5 lines
03-18 20:19:44.075 D/ActivityThread( 9248): ActivityThread,attachApplication
03-18 20:19:44.143 I/        ( 9248): RegisterNatives OK!
03-18 20:19:44.671 E/wificond(  704): Failed to get NL80211_STA_INFO_CNAHLOAD
03-18 20:19:44.879 I/chatty  ( 1187): uid=1000(system) HwUsbHDBManager expire 11 lines
03-18 20:19:44.973 I/chatty  ( 1187): uid=1000(system) Binder:1187_13 expire 8 lines
03-18 20:19:46.082 I/HwCoreAppHelperService( 1917): LocalReceiver receives:android.intent.action.PACKAGE_RESTARTED,pkg:com.huawei.cryptosms.service,uid:1000
03-18 20:19:46.119 D/ActivityThread( 9269): ActivityThread,attachApplication
03-18 20:19:46.173 I/        ( 9269): RegisterNatives OK!
03-18 20:19:47.547 E/wificond(  704): Failed to get NL80211_STA_INFO_CNAHLOAD
03-18 20:19:47.552 I/chatty  (  704): uid=1010(wifi) /system/bin/wificond identical 1 line
03-18 20:19:47.682 E/wificond(  704): Failed to get NL80211_STA_INFO_CNAHLOAD
03-18 20:19:49.845 I/chatty  ( 1187): uid=1000(system) Binder:1187_11 expire 9 lines
03-18 20:19:50.696 E/wificond(  704): Failed to get NL80211_STA_INFO_CNAHLOAD
03-18 20:19:51.077 I/chatty  ( 1187): uid=1000(system) Binder:1187_16 expire 3 lines
03-18 20:19:51.366 I/chatty  ( 1187): uid=1000(system) Binder:1187_5 expire 8 lines
03-18 20:19:51.982 I/chatty  ( 1187): uid=1000(system) Binder:1187_F expire 6 lines
03-18 20:19:52.094 I/chatty  ( 1187): uid=1000(system) ActivityManager expire 9 lines
03-18 20:19:52.135 D/ActivityThread( 9290): ActivityThread,attachApplication
03-18 20:19:52.925 I/chatty  ( 1187): uid=1000(system) Binder:1187_1F expire 15 lines
03-18 20:19:53.549 I/chatty  ( 1187): uid=1000(system) android.ui expire 1 line
03-18 20:19:53.709 E/wificond(  704): Failed to get NL80211_STA_INFO_CNAHLOAD
03-18 20:19:54.125 D/ActivityThread( 9329): ActivityThread,attachApplication
03-18 20:19:54.386 I/chatty  ( 1187): uid=1000(system) Binder:1187_15 expire 13 lines
03-18 20:19:55.082 E/ActivityThread( 9329): Failed to find provider info for com.tencent.mm.coolassist.debugprovider
03-18 20:19:55.554 E/wificond(  704): Failed to get NL80211_STA_INFO_CNAHLOAD
03-18 20:19:55.559 E/wificond(  704): Failed to get NL80211_STA_INFO_CNAHLOAD
03-18 20:19:55.893 I/chatty  ( 1187): uid=1000(system) HwUsbHDBManager expire 7 lines
03-18 20:19:56.722 E/wificond(  704): Failed to get NL80211_STA_INFO_CNAHLOAD
03-18 20:19:57.449 I/chatty  ( 1187): uid=1000(system) android.bg expire 1 line
03-18 20:19:57.957 I/chatty  ( 1187): uid=1000 system_server expire 22 lines
03-18 20:19:58.145 I/chatty  ( 1187): uid=1000(system) Binder:1187_C expire 5 lines
03-18 20:19:58.147 I/chatty  ( 1187): uid=1000(system) Binder:1187_B expire 1 line
03-18 20:19:59.238 D/ActivityThread( 9417): ActivityThread,attachApplication
03-18 20:19:59.457 I/chatty  ( 1187): uid=1000(system) Binder:1187_D expire 4 lines
03-18 20:19:59.736 E/wificond(  704): Failed to get NL80211_STA_INFO_CNAHLOAD
03-18 20:20:00.542 I/chatty  ( 1187): uid=1000 system_server expire 4 lines
03-18 20:20:00.577 I/chatty  ( 1187): uid=1000(system) Binder:1187_1A expire 1 line
03-18 20:20:00.579 I/chatty  ( 1187): uid=1000 system_server expire 4 lines
03-18 20:20:00.593 I/chatty  ( 1187): uid=1000(system) Binder:1187_12 expire 1 line
03-18 20:20:00.607 I/chatty  ( 1187): uid=1000(system) PowerManagerSer expire 1 line
03-18 20:20:01.804 I/chatty  ( 1187): uid=1000(system) Binder:1187_1E expire 7 lines
03-18 20:20:01.868 I/chatty  ( 1187): uid=1000(system) Binder:1187_14 expire 4 lines
03-18 20:20:01.875 I/chatty  ( 1187): uid=1000(system) Binder:1187_17 expire 6 lines
03-18 20:20:02.162 D/ActivityThread( 9541): ActivityThread,attachApplication
03-18 20:20:02.303 I/chatty  ( 1187): uid=1000(system) Binder:1187_1D expire 4 lines
03-18 20:20:02.801 I/chatty  ( 1187): uid=1000 system_server expire 49 lines
03-18 20:20:02.824 E/wificond(  704): Failed to get NL80211_STA_INFO_CNAHLOAD
03-18 20:20:02.861 I/chatty  ( 1187): uid=1000(system) Binder:1187_15 expire 9 lines
03-18 20:20:02.902 I/chatty  ( 1187): uid=1000(system) HwUsbHDBManager expire 6 lines
03-18 20:20:02.997 D/ActivityThread( 9557): ActivityThread,attachApplication
03-18 20:20:03.457 I/chatty  ( 1187): uid=1000(system) Binder:1187_17 expire 1 line
03-18 20:20:03.457 I/chatty  ( 1187): uid=1000(system) Binder:1187_3 expire 3 lines
03-18 20:20:03.504 I/chatty  ( 1187): uid=1000(system) Binder:1187_D expire 4 lines
03-18 20:20:03.505 I/chatty  ( 1187): uid=1000(system) Binder:1187_19 expire 22 lines
03-18 20:20:03.518 I/chatty  ( 1187): uid=1000(system) android.display expire 3 lines
03-18 20:20:03.578 E/wificond(  704): Failed to get NL80211_STA_INFO_CNAHLOAD
03-18 20:20:03.587 E/wificond(  704): Failed to get NL80211_STA_INFO_CNAHLOAD
03-18 20:20:03.789 I/chatty  ( 1187): uid=1000(system) Binder:1187_6 expire 20 lines
03-18 20:20:03.809 I/chatty  ( 1187): uid=1000(system) Binder:1187_11 expire 29 lines
03-18 20:20:03.836 I/chatty  ( 1187): uid=1000(system) ActivityManager expire 26 lines
03-18 20:20:03.836 D/ActivityThread( 9587): ActivityThread,attachApplication
03-18 20:20:03.861 D/ActivityThread( 9601): ActivityThread,attachApplication
03-18 20:20:04.067 D/ActivityThread( 9636): ActivityThread,attachApplication
03-18 20:20:04.102 I/chatty  ( 1187): uid=1000(system) Binder:1187_1 expire 15 lines
03-18 20:20:04.164 I/chatty  ( 1187): uid=1000(system) Binder:1187_C expire 2 lines
03-18 20:20:04.439 D/ActivityThread( 9663): ActivityThread,attachApplication
03-18 20:20:05.261 I/chatty  ( 1187): uid=1000(system) Binder:1187_2 expire 2 lines
03-18 20:20:05.723 I/chatty  ( 1187): uid=1000(system) ConnectivitySer expire 30 lines
03-18 20:20:05.777 D/ActivityThread( 9695): ActivityThread,attachApplication
03-18 20:20:05.840 E/wificond(  704): Failed to get NL80211_STA_INFO_CNAHLOAD
03-18 20:20:06.721 I/chatty  ( 1187): uid=1000(system) Binder:1187_F expire 6 lines
03-18 20:20:06.766 D/ActivityThread( 9758): ActivityThread,attachApplication
03-18 20:20:07.023 I/chatty  ( 1187): uid=1000(system) Binder:1187_4 expire 6 lines
03-18 20:20:07.109 I/chatty  ( 1187): uid=1000(system) Binder:1187_1F expire 6 lines
03-18 20:20:07.146 D/ActivityThread( 9788): ActivityThread,attachApplication
03-18 20:20:07.388 D/ActivityThread( 9811): ActivityThread,attachApplication
03-18 20:20:07.600 I/chatty  ( 1187): uid=1000(system) Binder:1187_7 expire 5 lines
03-18 20:20:07.638 D/ActivityThread( 9839): ActivityThread,attachApplication
03-18 20:20:07.658 I/chatty  ( 1187): uid=1000(system) Binder:1187_8 expire 4 lines
03-18 20:20:07.793 I/chatty  ( 1187): uid=1000(system) Binder:1187_1E expire 5 lines
03-18 20:20:08.004 I/chatty  ( 1187): uid=1000(system) Binder:1187_1C expire 1 line
03-18 20:20:08.030 D/ActivityThread( 9885): ActivityThread,attachApplication
03-18 20:20:08.218 I/chatty  ( 1187): uid=1000(system) Binder:1187_10 expire 19 lines
03-18 20:20:08.223 I/chatty  ( 1187): uid=1000(system) ActivityManager expire 30 lines
03-18 20:20:08.246 D/ActivityThread( 9908): ActivityThread,attachApplication
03-18 20:20:08.296 I/chatty  ( 1187): uid=1000 system_server expire 42 lines
03-18 20:20:08.423 I/chatty  ( 1187): uid=1000(system) ConnectivitySer expire 49 lines
03-18 20:20:08.445 I/chatty  ( 1187): uid=1000(system) watchdog expire 1 line
03-18 20:20:08.537 I/chatty  ( 1187): uid=1000(system) Binder:1187_B expire 4 lines
03-18 20:20:08.549 D/ActivityThread( 9954): ActivityThread,attachApplication
03-18 20:20:08.721 I/chatty  ( 1187): uid=1000(system) Binder:1187_5 expire 20 lines
03-18 20:20:08.758 D/ActivityThread( 9978): ActivityThread,attachApplication
03-18 20:20:08.764 I/chatty  ( 1187): uid=1000(system) Binder:1187_4 expire 6 lines
03-18 20:20:08.855 E/wificond(  704): Failed to get NL80211_STA_INFO_CNAHLOAD
03-18 20:20:08.911 I/chatty  ( 1187): uid=1000(system) HwUsbHDBManager expire 4 lines
03-18 20:20:08.940 I/chatty  ( 1187): uid=1000(system) Binder:1187_17 expire 3 lines
03-18 20:20:08.958 I/chatty  ( 1187): uid=1000(system) Binder:1187_19 expire 8 lines
03-18 20:20:08.992 D/ActivityThread(10005): ActivityThread,attachApplication
03-18 20:20:09.107 I/chatty  ( 1187): uid=1000(system) Binder:1187_18 expire 16 lines
03-18 20:20:09.176 I/chatty  ( 1187): uid=1000(system) Binder:1187_6 expire 6 lines
03-18 20:20:09.754 D/ActivityThread(10066): ActivityThread,attachApplication
03-18 20:20:09.917 I/chatty  ( 1187): uid=1000(system) Binder:1187_12 expire 2 lines
03-18 20:20:10.004 I/chatty  ( 1187): uid=1000(system) Binder:1187_9 expire 6 lines
03-18 20:20:10.004 I/chatty  ( 1187): uid=1000(system) Binder:1187_1A expire 11 lines
03-18 20:20:10.040 D/ActivityThread(10103): ActivityThread,attachApplication
03-18 20:20:10.218 I/chatty  ( 1187): uid=1000(system) Binder:1187_D expire 2 lines
03-18 20:20:10.375 D/ActivityThread(10148): ActivityThread,attachApplication
03-18 20:20:10.605 D/ActivityThread(10173): ActivityThread,attachApplication
03-18 20:20:10.813 I/chatty  ( 1187): uid=1000(system) Binder:1187_11 expire 6 lines
03-18 20:20:11.596 E/wificond(  704): Failed to get NL80211_STA_INFO_CNAHLOAD
03-18 20:20:11.616 E/wificond(  704): Failed to get NL80211_STA_INFO_CNAHLOAD
03-18 20:20:11.872 I/chatty  ( 1187): uid=1000(system) android.bg expire 1 line
03-18 20:20:11.873 E/wificond(  704): Failed to get NL80211_STA_INFO_CNAHLOAD
03-18 20:20:12.056 D/ActivityThread(10235): ActivityThread,attachApplication
03-18 20:20:12.056 I/chatty  ( 1187): uid=1000(system) android.ui expire 1 line
03-18 20:20:12.596 I/chatty  ( 1187): uid=1000(system) android.display expire 1 line
03-18 20:20:12.608 I/chatty  ( 1187): uid=1000(system) Binder:1187_3 expire 1 line
03-18 20:20:12.614 D/ActivityThread(10252): ActivityThread,attachApplication
03-18 20:20:12.615 I/chatty  ( 1187): uid=1000(system) Binder:1187_8 expire 14 lines
03-18 20:20:12.616 I/chatty  ( 1187): uid=1000(system) android.anim expire 24 lines
03-18 20:20:12.626 I/chatty  ( 1187): uid=1000(system) Binder:1187_8 expire 27 lines
03-18 20:20:12.627 I/chatty  ( 1187): uid=1000(system) Binder:1187_5 expire 30 lines
03-18 20:20:12.639 I/chatty  ( 1187): uid=1000(system) Binder:1187_3 expire 35 lines
03-18 20:20:12.640 I/chatty  ( 1187): uid=1000(system) PowerManagerSer expire 16 lines
03-18 20:20:12.645 I/chatty  ( 1187): uid=1000(system) Binder:1187_11 expire 16 lines
03-18 20:20:12.645 I/HwNetworkPolicyManager( 1849): getHwUidPolicy uid = 10068 policy = 0
03-18 20:20:12.647 I/chatty  ( 1187): uid=1000(system) android.ui expire 5 lines
03-18 20:20:12.868 D/ActivityThread(10276): ActivityThread,attachApplication
03-18 20:20:12.916 I/chatty  ( 1187): uid=1000(system) HwUsbHDBManager expire 2 lines
03-18 20:20:13.089 I/chatty  ( 1187): uid=1000 system_server expire 9 lines
03-18 20:20:13.310 V/ActivityThread(10235): ActivityThread,callActivityOnCreate
03-18 20:20:13.335 I/chatty  ( 1187): uid=1000(system) Binder:1187_6 expire 15 lines
03-18 20:20:13.370 I/chatty  ( 1187): uid=1000(system) Binder:1187_1B expire 63 lines
03-18 20:20:13.505 D/ActivityThread(10308): ActivityThread,attachApplication
03-18 20:20:13.519 D/ActivityThread(10235): add activity client record, r= ActivityRecord{27fb3e5 token=android.os.BinderProxy@7b3d64c {com.huawei.android.launcher/com.huawei.android.launcher.unihome.UniHomeLauncher}} token= android.os.BinderProxy@7b3d64c
03-18 20:20:13.651 D/ActivityThread(10333): ActivityThread,attachApplication
03-18 20:20:13.713 I/CommandQueue( 1604): updateBarBgColor
03-18 20:20:13.713 D/CommandQueue( 1604): CommandQueue, setBarBackgroundColor
03-18 20:20:13.726 D/ActivityThread(10350): ActivityThread,attachApplication
03-18 20:20:13.782 I/chatty  ( 1187): uid=1000(system) LocationThread expire 2 lines
03-18 20:20:13.802 D/ActivityThread(10382): ActivityThread,attachApplication
03-18 20:20:13.891 D/ActivityThread(10411): ActivityThread,attachApplication
03-18 20:20:13.944 I/chatty  ( 1187): uid=1000(system) Binder:1187_10 expire 8 lines
03-18 20:20:14.057 D/ActivityThread(10375): ActivityThread,attachApplication
03-18 20:20:14.192 D/ActivityThread(10460): ActivityThread,attachApplication
03-18 20:20:14.232 I/chatty  ( 1187): uid=1000(system) InputReader expire 2 lines
03-18 20:20:14.326 I/chatty  ( 1187): uid=1000(system) android.bg expire 2 lines
03-18 20:20:14.338 I/chatty  ( 1187): uid=1000(system) ActivityManager expire 8 lines
03-18 20:20:14.375 D/ActivityThread(10497): ActivityThread,attachApplication
03-18 20:20:14.484 V/ActivityThread(10235): Finishing stop of ActivityRecord{27fb3e5 token=android.os.BinderProxy@7b3d64c {com.huawei.android.launcher/com.huawei.android.launcher.unihome.UniHomeLauncher}}
03-18 20:20:14.662 I/chatty  ( 1187): uid=1000(system) Binder:1187_5 expire 15 lines
03-18 20:20:14.677 D/ActivityThread(10547): ActivityThread,attachApplication
03-18 20:20:14.678 I/chatty  ( 1187): uid=1000(system) Binder:1187_3 expire 11 lines
03-18 20:20:14.683 I/chatty  ( 1187): uid=1000(system) PowerManagerSer expire 19 lines
03-18 20:20:14.685 I/chatty  ( 1187): uid=1000(system) PhotonicModulat expire 4 lines
03-18 20:20:14.688 I/chatty  ( 1187): uid=1000(system) android.display expire 13 lines
03-18 20:20:14.694 D/ActivityThread(10565): ActivityThread,attachApplication
03-18 20:20:14.698 I/chatty  ( 1187): uid=1000 system_server expire 27 lines
03-18 20:20:14.701 I/chatty  ( 1187): uid=1000(system) Binder:1187_1B expire 1 line
03-18 20:20:14.709 I/chatty  ( 1187): uid=1000(system) Binder:1187_11 expire 26 lines
03-18 20:20:14.726 I/chatty  ( 1187): uid=1000(system) Binder:1187_6 expire 24 lines
03-18 20:20:14.748 D/ActivityThread(10591): ActivityThread,attachApplication
03-18 20:20:14.779 I/chatty  ( 1187): uid=1000(system) WifiP2pService expire 15 lines
03-18 20:20:14.817 I/chatty  ( 1187): uid=1000(system) Binder:1187_20 expire 6 lines
03-18 20:20:14.840 I/chatty  ( 1187): uid=1000(system) NetdConnector expire 4 lines
03-18 20:20:14.841 I/        (10591): RegisterNatives OK!
03-18 20:20:14.886 I/chatty  ( 1187): uid=1000(system) android.ui expire 14 lines
03-18 20:20:14.900 V/KeyguardStatusView( 1604): refresh statusview showing:true
03-18 20:20:14.913 V/KeyguardDisplayManager( 1604): show
03-18 20:20:14.919 I/chatty  ( 1187): uid=1000(system) HwUsbHDBManager expire 4 lines
03-18 20:20:14.949 I/chatty  ( 1187): uid=1000(system) LazyTaskWriterT expire 1 line
03-18 20:20:14.950 V/ActivityThread(10235): Handle window ActivityRecord{27fb3e5 token=android.os.BinderProxy@7b3d64c {com.huawei.android.launcher/com.huawei.android.launcher.unihome.UniHomeLauncher}} visibility: false
03-18 20:20:14.951 D/AntiBruteForceProcessor( 1917): RemainingAuthenticateNum = 5
03-18 20:20:14.962 I/chatty  ( 1187): uid=1000(system) android.anim expire 10 lines
03-18 20:20:15.018 I/chatty  ( 1187): uid=1000(system) Binder:1187_1C expire 10 lines
03-18 20:20:15.389 I/chatty  ( 1187): uid=1000(system) HwDeviceUsageCo expire 1 line
03-18 20:20:15.480 I/chatty  ( 1187): uid=1000(system) InputReader expire 6 lines
03-18 20:20:15.495 D/ActivityThread(10652): ActivityThread,attachApplication
03-18 20:20:15.993 I/chatty  ( 1187): uid=1000(system) ConnectivitySer expire 5 lines
03-18 20:20:16.052 W/ContextImpl( 2778): Calling a method in the system process without a qualified user: android.app.ContextImpl.bindService:1736 android.content.ContextWrapper.bindService:678 com.huawei.nb.dataservice.dsclient.RemoteServiceConnection.open:90 com.huawei.nb.dataservice.dsclient.DataServiceProxy.connect:105 com.huawei.nb.dataservice.rsclient.internal.RemoteRuleService.start:27 
03-18 20:20:16.092 I/chatty  ( 1187): uid=1000(system) StorageManagerS expire 2 lines
03-18 20:20:16.095 I/vold    (  462): TrimTask running tasks: 0
03-18 20:20:16.096 I/chatty  ( 1187): uid=1000(system) VoldConnector expire 1 line
03-18 20:20:16.122 E/wificond(  704): Failed to get NL80211_STA_INFO_CNAHLOAD
03-18 20:20:16.260 D/ActivityThread(10703): ActivityThread,attachApplication
03-18 20:20:16.460 W/ContextImpl( 2778): Calling a method in the system process without a qualified user: android.app.ContextImpl.bindService:1736 android.content.ContextWrapper.bindService:678 com.huawei.nb.dataservice.dsclient.RemoteServiceConnection.open:90 com.huawei.nb.dataservice.dsclient.DataServiceProxy.connect:105 com.huawei.nb.dataservice.rsclient.internal.RemoteRuleService.start:27 
03-18 20:20:17.075 I/chatty  ( 1187): uid=1000(system) Binder:1187_8 expire 82 lines
03-18 20:20:17.193 V/KeyguardDisplayManager( 1604): hide
03-18 20:20:17.238 D/ActivityThread(10768): ActivityThread,attachApplication
03-18 20:20:17.602 D/ActivityThread(10788): ActivityThread,attachApplication
03-18 20:20:18.728 D/ActivityThread(10869): ActivityThread,attachApplication
03-18 20:20:18.813 I/chatty  ( 1187): uid=1000(system) Binder:1187_1C expire 1 line
03-18 20:20:18.814 I/CommandQueue( 1604): updateBarBgColor
03-18 20:20:18.814 D/CommandQueue( 1604): CommandQueue, setBarBackgroundColor
03-18 20:20:18.817 I/chatty  ( 1187): uid=1000(system) ActivityManager expire 7 lines
03-18 20:20:18.820 I/chatty  ( 1187): uid=1000(system) Binder:1187_11 expire 37 lines
03-18 20:20:18.820 D/ActivityThread(10895): ActivityThread,attachApplication
03-18 20:20:18.864 I/chatty  ( 1187): uid=1000(system) Binder:1187_3 expire 59 lines
03-18 20:20:18.878 I/chatty  ( 1187): uid=1000(system) Binder:1187_5 expire 5 lines
03-18 20:20:18.905 I/CommandQueue( 1604): updateBarBgColor
03-18 20:20:18.905 D/CommandQueue( 1604): CommandQueue, setBarBackgroundColor
03-18 20:20:18.915 D/ActivityThread(10943): ActivityThread,attachApplication
03-18 20:20:18.916 I/chatty  ( 1187): uid=1000(system) Binder:1187_6 expire 3 lines
03-18 20:20:18.925 I/chatty  ( 1187): uid=1000(system) HwUsbHDBManager expire 5 lines
03-18 20:20:19.042 D/ActivityThread(10969): ActivityThread,attachApplication
03-18 20:20:19.136 E/wificond(  704): Failed to get NL80211_STA_INFO_CNAHLOAD
03-18 20:20:19.176 I/chatty  ( 1187): uid=1000(system) Binder:1187_20 expire 13 lines
03-18 20:20:19.177 I/chatty  ( 1187): uid=1000(system) PowerManagerSer expire 1 line
03-18 20:20:19.224 D/ActivityThread(11015): ActivityThread,attachApplication
03-18 20:20:19.403 I/chatty  ( 1187): uid=1000 system_server expire 4 lines
03-18 20:20:19.418 I/chatty  ( 1187): uid=1000(system) WifiScanningSer expire 1 line
03-18 20:20:19.591 E/wificond(  704): Failed to get NL80211_STA_INFO_CNAHLOAD
03-18 20:20:19.597 E/wificond(  704): Failed to get NL80211_STA_INFO_CNAHLOAD
03-18 20:20:19.801 D/ActivityThread(11072): ActivityThread,attachApplication
03-18 20:20:20.568 I/chatty  ( 1187): uid=1000(system) android.anim expire 22 lines
03-18 20:20:20.607 D/ActivityThread(11102): ActivityThread,attachApplication
03-18 20:20:20.636 I/HwNetworkPolicyManager( 1849): getHwUidPolicy uid = 10184 policy = 0
03-18 20:20:20.639 I/chatty  ( 1187): uid=1000(system) android.ui expire 3 lines
03-18 20:20:20.749 V/ActivityThread(11102): ActivityThread,callActivityOnCreate
03-18 20:20:20.820 D/ActivityThread(11102): add activity client record, r= ActivityRecord{c73a1bc token=android.os.BinderProxy@3dc7ab7 {com.tencent.tmgp.WePop/com.tencent.ifm.MainActivity}} token= android.os.BinderProxy@3dc7ab7
03-18 20:20:20.915 I/CommandQueue( 1604): updateBarBgColor
03-18 20:20:20.916 D/CommandQueue( 1604): CommandQueue, setBarBackgroundColor
03-18 20:20:21.769 W/SocketListener(  528): sending broadcast to Pid = 1187, Uid = 1000 
03-18 20:20:21.769 I/chatty  ( 1187): uid=1000(system) NetdConnector expire 8 lines
03-18 20:20:21.773 I/chatty  ( 1187): uid=1000(system) android.fg expire 1 line
03-18 20:20:21.823 D/ActivityThread(11149): ActivityThread,attachApplication
03-18 20:20:22.154 E/wificond(  704): Failed to get NL80211_STA_INFO_CNAHLOAD
03-18 20:20:22.158 D/ActivityThread(11166): ActivityThread,attachApplication
03-18 20:20:22.318 I/chatty  ( 1187): uid=1000(system) IpManager.wlan0 expire 1 line
03-18 20:20:22.443 D/ActivityThread(11187): ActivityThread,attachApplication
03-18 20:20:22.482 I/chatty  ( 1187): uid=1000(system) WifiP2pService expire 6 lines
03-18 20:20:22.496 I/chatty  ( 1187): uid=1000(system) DhcpClient expire 4 lines
03-18 20:20:22.515 I/chatty  ( 1187): uid=1000(system) ConnectivitySer expire 9 lines
03-18 20:20:22.518 E/wificond(  704): Failed to get NL80211_STA_INFO_CNAHLOAD
03-18 20:20:22.555 I/chatty  ( 1187): uid=1000(system) Binder:1187_10 expire 9 lines
03-18 20:20:22.604 W/ContextImpl(11149): Calling a method in the system process without a qualified user: android.app.ContextImpl.startService:1656 android.content.ContextWrapper.startService:644 android.content.ContextWrapper.startService:644 com.android.settings.wifi.AccessPointConnectedReceiver.onReceive:28 android.app.ActivityThread.handleReceiver:3695 
03-18 20:20:22.727 I/chatty  ( 1187): uid=1000 system_server expire 4 lines
03-18 20:20:22.746 I/chatty  ( 1187): uid=1000 system_server expire 4 lines
03-18 20:20:22.905 D/ActivityThread(11282): ActivityThread,attachApplication
03-18 20:20:22.934 I/HwNetworkPolicyManager( 1849): getHwUidPolicy uid = 10144 policy = 0
03-18 20:20:23.248 I/chatty  ( 1187): uid=1000(system) android.anim expire 35 lines
03-18 20:20:23.281 V/ActivityThread(11282): ActivityThread,callActivityOnCreate
03-18 20:20:23.284 I/chatty  ( 1187): uid=1000(system) Binder:1187_11 expire 6 lines
03-18 20:20:23.659 I/chatty  ( 1187): uid=1000(system) Binder:1187_5 expire 9 lines
03-18 20:20:23.675 D/ActivityThread(11380): ActivityThread,attachApplication
03-18 20:20:23.829 D/ActivityThread(11404): ActivityThread,attachApplication
03-18 20:20:23.870 I/chatty  ( 1187): uid=1000(system) Binder:1187_8 expire 39 lines
03-18 20:20:23.929 I/chatty  ( 1187): uid=1000(system) HwUsbHDBManager expire 4 lines
03-18 20:20:24.107 I/chatty  ( 1187): uid=1000(system) ConnectivitySer expire 15 lines
03-18 20:20:24.267 D/ActivityThread(11282): add activity client record, r= ActivityRecord{7255b5a token=android.os.BinderProxy@b340b53 {myworkspace.mobile.clients.android/com.tencent.moa.auth.activity.MOA3rdAuthActivity}} token= android.os.BinderProxy@b340b53
03-18 20:20:24.334 I/chatty  ( 1187): uid=1000(system) Binder:1187_20 expire 13 lines
03-18 20:20:24.368 I/chatty  ( 1187): uid=1000(system) android.ui expire 3 lines
03-18 20:20:24.559 I/chatty  ( 1187): uid=1000(system) LazyTaskWriterT expire 1 line
03-18 20:20:25.168 E/wificond(  704): Failed to get NL80211_STA_INFO_CNAHLOAD
03-18 20:20:25.427 I/chatty  ( 1187): uid=1000 system_server expire 2 lines
03-18 20:20:26.259 I/HwNetworkPolicyManager( 1849): getHwUidPolicy uid = 10184 policy = 0
03-18 20:20:26.275 I/chatty  ( 1187): uid=1000(system) Binder:1187_3 expire 31 lines
03-18 20:20:26.315 I/chatty  ( 1187): uid=1000(system) Binder:1187_1C expire 4 lines
03-18 20:20:26.825 D/ActivityThread(11282): Remove activity client record, r= ActivityRecord{7255b5a token=android.os.BinderProxy@b340b53 {myworkspace.mobile.clients.android/com.tencent.moa.auth.activity.MOA3rdAuthActivity}} token= android.os.BinderProxy@b340b53
03-18 20:20:26.850 I/chatty  ( 1187): uid=1000(system) Binder:1187_6 expire 34 lines
03-18 20:20:27.288 I/chatty  ( 1187): uid=1000(system) Binder:1187_C expire 53 lines
03-18 20:20:27.324 V/ActivityThread(11102): ActivityThread,callActivityOnCreate
03-18 20:20:27.358 I/chatty  ( 1187): uid=1000(system) Binder:1187_14 expire 4 lines
03-18 20:20:27.498 I/chatty  ( 1187): uid=1000(system) PowerManagerSer expire 10 lines
03-18 20:20:27.504 I/chatty  ( 1187): uid=1000(system) Binder:1187_6 expire 27 lines
03-18 20:20:27.594 E/wificond(  704): Failed to get NL80211_STA_INFO_CNAHLOAD
03-18 20:20:27.599 E/wificond(  704): Failed to get NL80211_STA_INFO_CNAHLOAD
03-18 20:20:27.941 I/chatty  ( 1187): uid=1000(system) HwUsbHDBManager expire 13 lines
03-18 20:20:28.188 E/wificond(  704): Failed to get NL80211_STA_INFO_CNAHLOAD
03-18 20:20:28.309 I/chatty  ( 1187): uid=1000(system) Binder:1187_5 expire 2 lines
03-18 20:20:29.088 I/chatty  ( 1187): uid=1000(system) ThirdAppHandler expire 11 lines
03-18 20:20:29.122 D/ActivityThread(11832): ActivityThread,attachApplication
03-18 20:20:29.122 I/chatty  ( 1187): uid=1000(system) Binder:1187_8 expire 13 lines
03-18 20:20:29.226 I/chatty  ( 1187): uid=1000(system) android.display expire 4 lines
03-18 20:20:29.536 I/chatty  ( 1187): uid=1000(system) AudioService expire 1 line
03-18 20:20:29.555 D/ActivityThread(11102): add activity client record, r= ActivityRecord{8fe58af token=android.os.BinderProxy@4f83dff {com.tencent.tmgp.WePop/com.tencent.tmgp.WePop.WePopActivity}} token= android.os.BinderProxy@4f83dff
03-18 20:20:29.570 I/chatty  ( 1187): uid=1000(system) Binder:1187_14 expire 16 lines
03-18 20:20:29.705 I/chatty  ( 1187): uid=1000(system) android.anim expire 10 lines
03-18 20:20:29.713 I/chatty  ( 1187): uid=1000 system_server expire 8 lines
03-18 20:20:29.744 I/chatty  ( 1187): uid=1000(system) Binder:1187_C expire 26 lines
03-18 20:20:29.870 D/ActivityThread(11102): Remove activity client record, r= ActivityRecord{c73a1bc token=android.os.BinderProxy@3dc7ab7 {com.tencent.tmgp.WePop/com.tencent.ifm.MainActivity}} token= android.os.BinderProxy@3dc7ab7
03-18 20:20:30.868 I/chatty  ( 1187): uid=1000(system) LazyTaskWriterT expire 1 line
03-18 20:20:31.108 D/ActivityThread(11953): ActivityThread,attachApplication
03-18 20:20:31.199 E/wificond(  704): Failed to get NL80211_STA_INFO_CNAHLOAD
03-18 20:20:32.083 I/chatty  ( 1187): uid=1000(system) android.ui expire 10 lines
03-18 20:20:32.675 I/chatty  ( 1187): uid=1000(system) ActivityManager expire 2 lines
03-18 20:20:32.700 D/ActivityThread(12068): ActivityThread,attachApplication
03-18 20:20:33.919 I/chatty  ( 1187): uid=1000(system) Binder:1187_9 expire 10 lines
03-18 20:20:34.211 E/wificond(  704): Failed to get NL80211_STA_INFO_CNAHLOAD
03-18 20:20:35.601 E/wificond(  704): Failed to get NL80211_STA_INFO_CNAHLOAD
03-18 20:20:35.605 E/wificond(  704): Failed to get NL80211_STA_INFO_CNAHLOAD
03-18 20:20:35.736 E/ActivityThread(11832): Failed to find provider info for com.tencent.mm.coolassist.debugprovider
03-18 20:20:37.223 E/wificond(  704): Failed to get NL80211_STA_INFO_CNAHLOAD
03-18 20:20:38.454 I/chatty  ( 1187): uid=1000(system) watchdog expire 2 lines
03-18 20:20:40.236 E/wificond(  704): Failed to get NL80211_STA_INFO_CNAHLOAD
03-18 20:20:40.966 I/chatty  ( 1187): uid=1000(system) HwUsbHDBManager expire 11 lines
03-18 20:20:43.247 E/wificond(  704): Failed to get NL80211_STA_INFO_CNAHLOAD
03-18 20:20:43.607 I/chatty  (  704): uid=1010(wifi) /system/bin/wificond identical 2 lines
03-18 20:20:43.611 E/wificond(  704): Failed to get NL80211_STA_INFO_CNAHLOAD
03-18 20:20:43.653 I/chatty  ( 1187): uid=1000(system) Binder:1187_14 expire 1 line
03-18 20:20:43.654 I/chatty  ( 1187): uid=1000(system) ConnectivitySer expire 11 lines
03-18 20:20:46.259 E/wificond(  704): Failed to get NL80211_STA_INFO_CNAHLOAD
03-18 20:20:49.278 E/wificond(  704): Failed to get NL80211_STA_INFO_CNAHLOAD
03-18 20:20:51.624 E/wificond(  704): Failed to get NL80211_STA_INFO_CNAHLOAD
03-18 20:20:51.635 E/wificond(  704): Failed to get NL80211_STA_INFO_CNAHLOAD
03-18 20:20:51.983 I/chatty  ( 1187): uid=1000(system) HwUsbHDBManager expire 13 lines
03-18 20:20:52.288 E/wificond(  704): Failed to get NL80211_STA_INFO_CNAHLOAD
03-18 20:20:52.910 I/chatty  ( 1187): uid=1000(system) Binder:1187_6 expire 14 lines
03-18 20:20:55.302 E/wificond(  704): Failed to get NL80211_STA_INFO_CNAHLOAD
03-18 20:20:58.322 E/wificond(  704): Failed to get NL80211_STA_INFO_CNAHLOAD
03-18 20:20:58.324 I/chatty  ( 1187): uid=1000(system) ConnectivitySer expire 2 lines
03-18 20:20:59.344 I/chatty  ( 1187): uid=1000(system) Binder:1187_9 expire 5 lines
03-18 20:20:59.624 E/wificond(  704): Failed to get NL80211_STA_INFO_CNAHLOAD
03-18 20:20:59.645 E/wificond(  704): Failed to get NL80211_STA_INFO_CNAHLOAD
03-18 20:21:01.345 E/wificond(  704): Failed to get NL80211_STA_INFO_CNAHLOAD
03-18 20:21:02.887 I/chatty  ( 1187): uid=1000(system) Binder:1187_C expire 6 lines
03-18 20:21:04.369 E/wificond(  704): Failed to get NL80211_STA_INFO_CNAHLOAD
03-18 20:21:05.001 I/chatty  ( 1187): uid=1000(system) HwUsbHDBManager expire 11 lines
03-18 20:21:07.385 E/wificond(  704): Failed to get NL80211_STA_INFO_CNAHLOAD
03-18 20:21:07.627 E/wificond(  704): Failed to get NL80211_STA_INFO_CNAHLOAD
03-18 20:21:07.679 I/chatty  ( 1187): uid=1000(system) LocationThread expire 4 lines
03-18 20:21:07.717 D/ActivityThread(12641): ActivityThread,attachApplication
03-18 20:21:07.837 I/chatty  ( 1187): uid=1000(system) WifiScanningSer expire 1 line
03-18 20:21:08.869 W/ContextImpl(12641): Calling a method in the system process without a qualified user: android.app.ContextImpl.bindService:1736 android.content.ContextWrapper.bindService:678 com.here.odnp.util.OdnpContext.bindService:65 com.here.services.internal.ServiceUtil$ServiceInfo.bind:85 com.here.services.internal.ServiceUtil.bindLocationService:141 
03-18 20:21:09.119 W/ContextImpl(12641): Calling a method in the system process without a qualified user: android.app.ContextImpl.bindService:1736 android.content.ContextWrapper.bindService:678 com.here.services.location.internal.PositioningClient.bindService:681 com.here.services.location.internal.PositioningClient.connect:513 com.here.services.location.internal.LocationServicesController.connect:32 
03-18 20:21:09.122 W/ContextImpl(12641): Calling a method in the system process without a qualified user: android.app.ContextImpl.bindService:1736 android.content.ContextWrapper.bindService:678 com.here.odnp.util.OdnpContext.bindService:65 com.here.services.radiomap.internal.RadioMapManagerClient.bindService:472 com.here.services.radiomap.internal.RadioMapManagerClient.connect:453 
03-18 20:21:10.204 W/SocketListener(  528): sending broadcast to Pid = 1187, Uid = 1000 
03-18 20:21:10.206 I/chatty  ( 1187): uid=1000(system) NetdConnector expire 4 lines
03-18 20:21:10.209 I/chatty  ( 1187): uid=1000(system) android.fg expire 1 line
03-18 20:21:10.397 E/wificond(  704): Failed to get NL80211_STA_INFO_CNAHLOAD
03-18 20:21:13.416 E/wificond(  704): Failed to get NL80211_STA_INFO_CNAHLOAD
03-18 20:21:14.039 I/chatty  ( 1187): uid=1000(system) UEventObserver expire 2 lines
03-18 20:21:14.063 I/chatty  ( 1187): uid=1000(system) batterystats-sy expire 2 lines
03-18 20:21:15.634 E/wificond(  704): Failed to get NL80211_STA_INFO_CNAHLOAD
03-18 20:21:15.644 E/wificond(  704): Failed to get NL80211_STA_INFO_CNAHLOAD
03-18 20:21:16.016 I/chatty  ( 1187): uid=1000(system) HwUsbHDBManager expire 13 lines
03-18 20:21:16.438 E/wificond(  704): Failed to get NL80211_STA_INFO_CNAHLOAD
03-18 20:21:19.459 E/wificond(  704): Failed to get NL80211_STA_INFO_CNAHLOAD
03-18 20:21:22.480 E/wificond(  704): Failed to get NL80211_STA_INFO_CNAHLOAD
03-18 20:21:23.644 E/wificond(  704): Failed to get NL80211_STA_INFO_CNAHLOAD
03-18 20:21:23.656 E/wificond(  704): Failed to get NL80211_STA_INFO_CNAHLOAD
03-18 20:21:23.660 W/SocketListener(  528): sending broadcast to Pid = 1187, Uid = 1000 
03-18 20:21:23.665 I/chatty  ( 1187): uid=1000(system) android.fg expire 2 lines
03-18 20:21:25.512 E/wificond(  704): Failed to get NL80211_STA_INFO_CNAHLOAD
03-18 20:21:25.659 I/chatty  ( 1187): uid=1000(system) Binder:1187_6 expire 9 lines
03-18 20:21:25.660 I/chatty  ( 1187): uid=1000(system) PowerManagerSer expire 3 lines
03-18 20:21:28.536 E/wificond(  704): Failed to get NL80211_STA_INFO_CNAHLOAD
03-18 20:21:29.033 I/chatty  ( 1187): uid=1000(system) HwUsbHDBManager expire 11 lines
03-18 20:21:30.434 I/chatty  ( 1187): uid=1000(system) Binder:1187_C expire 1 line
03-18 20:21:31.556 E/wificond(  704): Failed to get NL80211_STA_INFO_CNAHLOAD
03-18 20:21:31.652 I/chatty  (  704): uid=1010(wifi) /system/bin/wificond identical 8 lines
03-18 20:21:31.665 E/wificond(  704): Failed to get NL80211_STA_INFO_CNAHLOAD
03-18 20:21:32.102 I/chatty  ( 1187): uid=1000(system) ActivityManager expire 4 lines
03-18 20:21:32.142 D/ActivityThread(12695): ActivityThread,attachApplication
03-18 20:21:32.205 I/chatty  ( 1187): uid=1000 system_server expire 11 lines
03-18 20:21:34.583 E/wificond(  704): Failed to get NL80211_STA_INFO_CNAHLOAD
03-18 20:21:37.599 E/wificond(  704): Failed to get NL80211_STA_INFO_CNAHLOAD
03-18 20:21:38.459 I/chatty  ( 1187): uid=1000(system) watchdog expire 7 lines
03-18 20:21:39.655 E/wificond(  704): Failed to get NL80211_STA_INFO_CNAHLOAD
03-18 20:21:39.665 E/wificond(  704): Failed to get NL80211_STA_INFO_CNAHLOAD
03-18 20:21:40.048 I/chatty  ( 1187): uid=1000(system) HwUsbHDBManager expire 13 lines
03-18 20:21:40.622 E/wificond(  704): Failed to get NL80211_STA_INFO_CNAHLOAD
03-18 20:21:42.194 I/chatty  ( 1187): uid=1000(system) android.bg expire 1 line
03-18 20:21:42.481 I/chatty  ( 1187): uid=1000(system) Binder:1187_8 expire 5 lines
03-18 20:21:43.646 E/wificond(  704): Failed to get NL80211_STA_INFO_CNAHLOAD
03-18 20:21:45.462 I/chatty  ( 1187): uid=1000(system) Binder:1187_9 expire 5 lines
03-18 20:21:46.663 E/wificond(  704): Failed to get NL80211_STA_INFO_CNAHLOAD
03-18 20:21:47.667 E/wificond(  704): Failed to get NL80211_STA_INFO_CNAHLOAD
03-18 20:21:47.677 E/wificond(  704): Failed to get NL80211_STA_INFO_CNAHLOAD
03-18 20:21:49.680 E/wificond(  704): Failed to get NL80211_STA_INFO_CNAHLOAD
03-18 20:21:52.708 E/wificond(  704): Failed to get NL80211_STA_INFO_CNAHLOAD
03-18 20:21:53.068 I/chatty  ( 1187): uid=1000(system) HwUsbHDBManager expire 11 lines
03-18 20:21:55.676 E/wificond(  704): Failed to get NL80211_STA_INFO_CNAHLOAD
03-18 20:21:55.731 E/wificond(  704): Failed to get NL80211_STA_INFO_CNAHLOAD
03-18 20:21:58.745 E/wificond(  704): Failed to get NL80211_STA_INFO_CNAHLOAD
03-18 20:22:01.763 E/wificond(  704): Failed to get NL80211_STA_INFO_CNAHLOAD
03-18 20:22:03.677 E/wificond(  704): Failed to get NL80211_STA_INFO_CNAHLOAD
03-18 20:22:03.682 E/wificond(  704): Failed to get NL80211_STA_INFO_CNAHLOAD
03-18 20:22:04.086 I/chatty  ( 1187): uid=1000(system) HwUsbHDBManager expire 13 lines
03-18 20:22:04.783 E/wificond(  704): Failed to get NL80211_STA_INFO_CNAHLOAD
03-18 20:22:07.805 E/wificond(  704): Failed to get NL80211_STA_INFO_CNAHLOAD
03-18 20:22:10.826 E/wificond(  704): Failed to get NL80211_STA_INFO_CNAHLOAD
03-18 20:22:11.686 E/wificond(  704): Failed to get NL80211_STA_INFO_CNAHLOAD
03-18 20:22:11.696 E/wificond(  704): Failed to get NL80211_STA_INFO_CNAHLOAD
03-18 20:22:13.843 E/wificond(  704): Failed to get NL80211_STA_INFO_CNAHLOAD
03-18 20:22:16.865 E/wificond(  704): Failed to get NL80211_STA_INFO_CNAHLOAD
03-18 20:22:17.104 I/chatty  ( 1187): uid=1000(system) HwUsbHDBManager expire 11 lines
03-18 20:22:19.689 E/wificond(  704): Failed to get NL80211_STA_INFO_CNAHLOAD
03-18 20:22:19.883 E/wificond(  704): Failed to get NL80211_STA_INFO_CNAHLOAD
03-18 20:22:22.905 E/wificond(  704): Failed to get NL80211_STA_INFO_CNAHLOAD
03-18 20:22:25.925 E/wificond(  704): Failed to get NL80211_STA_INFO_CNAHLOAD
03-18 20:22:27.702 E/wificond(  704): Failed to get NL80211_STA_INFO_CNAHLOAD
03-18 20:22:27.711 E/wificond(  704): Failed to get NL80211_STA_INFO_CNAHLOAD
03-18 20:22:28.122 I/chatty  ( 1187): uid=1000(system) HwUsbHDBManager expire 13 lines
03-18 20:22:28.945 E/wificond(  704): Failed to get NL80211_STA_INFO_CNAHLOAD
