03-18 21:21:00.263 E/wificond(  704): Failed to get NL80211_STA_INFO_CNAHLOAD
03-18 21:21:01.750 E/wificond(  704): Failed to get NL80211_STA_INFO_CNAHLOAD
03-18 21:21:03.276 E/wificond(  704): Failed to get NL80211_STA_INFO_CNAHLOAD
03-18 21:21:06.305 E/wificond(  704): Failed to get NL80211_STA_INFO_CNAHLOAD
03-18 21:21:07.399 I/chatty  ( 1187): uid=1000(system) Binder:1187_8 expire 10 lines
03-18 21:21:09.334 E/wificond(  704): Failed to get NL80211_STA_INFO_CNAHLOAD
03-18 21:21:21.441 E/wificond(  704): Failed to get NL80211_STA_INFO_CNAHLOAD
03-18 21:21:22.361 I/chatty  ( 1187): uid=1000 system_server expire 10 lines
03-18 21:21:22.432 I/chatty  ( 1187): uid=1000(system) Binder:1187_18 expire 5 lines
03-18 21:21:24.473 E/wificond(  704): Failed to get NL80211_STA_INFO_CNAHLOAD
03-18 21:21:33.764 I/chatty  (  704): uid=1010(wifi) /system/bin/wificond identical 17 lines
03-18 21:21:33.771 E/wificond(  704): Failed to get NL80211_STA_INFO_CNAHLOAD
03-18 21:21:36.577 E/wificond(  704): Failed to get NL80211_STA_INFO_CNAHLOAD
03-18 21:21:38.700 I/chatty  ( 1187): uid=1000(system) watchdog expire 5 lines
03-18 21:21:39.603 E/wificond(  704): Failed to get NL80211_STA_INFO_CNAHLOAD
03-18 21:21:57.802 E/wificond(  704): Failed to get NL80211_STA_INFO_CNAHLOAD
03-18 21:22:00.782 E/wificond(  704): Failed to get NL80211_STA_INFO_CNAHLOAD
03-18 21:22:01.849 I/chatty  ( 1187): uid=1000 system_server expire 17 lines
03-18 21:22:03.802 E/wificond(  704): Failed to get NL80211_STA_INFO_CNAHLOAD
03-18 21:22:05.793 E/wificond(  704): Failed to get NL80211_STA_INFO_CNAHLOAD
03-18 21:22:05.799 I/chatty  (  704): uid=1010(wifi) /system/bin/wificond identical 14 lines
03-18 21:22:06.826 E/wificond(  704): Failed to get NL80211_STA_INFO_CNAHLOAD
03-18 21:22:09.853 E/wificond(  704): Failed to get NL80211_STA_INFO_CNAHLOAD
03-18 21:22:34.057 E/wificond(  704): Failed to get NL80211_STA_INFO_CNAHLOAD
03-18 21:22:37.081 E/wificond(  704): Failed to get NL80211_STA_INFO_CNAHLOAD
03-18 21:22:37.811 I/chatty  (  704): uid=1010(wifi) /system/bin/wificond identical 10 lines
03-18 21:22:37.818 E/wificond(  704): Failed to get NL80211_STA_INFO_CNAHLOAD
03-18 21:22:40.097 E/wificond(  704): Failed to get NL80211_STA_INFO_CNAHLOAD
03-18 21:22:58.184 E/wificond(  704): Failed to get NL80211_STA_INFO_CNAHLOAD
03-18 21:23:00.049 I/chatty  ( 1187): uid=1000(system) Binder:1187_8 expire 1 line
03-18 21:23:00.075 I/chatty  ( 1187): uid=1000(system) Binder:1187_4 expire 3 lines
03-18 21:23:00.107 I/chatty  ( 1187): uid=1000(system) Binder:1187_B expire 2 lines
03-18 21:23:01.199 E/wificond(  704): Failed to get NL80211_STA_INFO_CNAHLOAD
03-18 21:23:01.835 I/chatty  (  704): uid=1010(wifi) /system/bin/wificond identical 13 lines
03-18 21:23:01.843 E/wificond(  704): Failed to get NL80211_STA_INFO_CNAHLOAD
03-18 21:23:01.851 I/chatty  ( 1187): uid=1000 system_server expire 6 lines
03-18 21:23:04.226 E/wificond(  704): Failed to get NL80211_STA_INFO_CNAHLOAD
03-18 21:23:04.908 I/chatty  ( 1187): uid=1000(system) UEventObserver expire 8 lines
03-18 21:23:07.240 E/wificond(  704): Failed to get NL80211_STA_INFO_CNAHLOAD
03-18 21:23:09.844 E/wificond(  704): Failed to get NL80211_STA_INFO_CNAHLOAD
03-18 21:23:31.350 E/wificond(  704): Failed to get NL80211_STA_INFO_CNAHLOAD
03-18 21:23:33.867 E/wificond(  704): Failed to get NL80211_STA_INFO_CNAHLOAD
03-18 21:23:33.874 I/chatty  (  704): uid=1010(wifi) /system/bin/wificond identical 12 lines
03-18 21:23:34.362 E/wificond(  704): Failed to get NL80211_STA_INFO_CNAHLOAD
03-18 21:23:37.375 E/wificond(  704): Failed to get NL80211_STA_INFO_CNAHLOAD
03-18 21:23:40.388 E/wificond(  704): Failed to get NL80211_STA_INFO_CNAHLOAD
03-18 21:23:58.469 E/wificond(  704): Failed to get NL80211_STA_INFO_CNAHLOAD
03-18 21:24:00.127 I/chatty  ( 1187): uid=1000(system) Binder:1187_4 expire 7 lines
03-18 21:24:01.485 E/wificond(  704): Failed to get NL80211_STA_INFO_CNAHLOAD
03-18 21:24:01.843 I/chatty  ( 1187): uid=1000 system_server expire 12 lines
03-18 21:24:04.500 E/wificond(  704): Failed to get NL80211_STA_INFO_CNAHLOAD
03-18 21:24:05.898 E/wificond(  704): Failed to get NL80211_STA_INFO_CNAHLOAD
03-18 21:24:05.905 I/chatty  (  704): uid=1010(wifi) /system/bin/wificond identical 11 lines
03-18 21:24:07.514 E/wificond(  704): Failed to get NL80211_STA_INFO_CNAHLOAD
03-18 21:24:08.708 I/chatty  ( 1187): uid=1000(system) watchdog expire 2 lines
03-18 21:24:10.526 E/wificond(  704): Failed to get NL80211_STA_INFO_CNAHLOAD
03-18 21:24:25.600 E/wificond(  704): Failed to get NL80211_STA_INFO_CNAHLOAD
03-18 21:24:26.958 I/chatty  ( 1187): uid=1000(system) Binder:1187_B expire 8 lines
03-18 21:24:27.757 I/chatty  ( 1187): uid=1000(system) ActivityManager expire 10 lines
03-18 21:24:27.855 D/ActivityThread(25209): ActivityThread,attachApplication
03-18 21:24:28.612 E/wificond(  704): Failed to get NL80211_STA_INFO_CNAHLOAD
03-18 21:24:31.627 E/wificond(  704): Failed to get NL80211_STA_INFO_CNAHLOAD
03-18 21:24:32.794 I/chatty  ( 1187): uid=1000(system) Binder:1187_1E expire 4 lines
03-18 21:24:33.299 I/chatty  ( 1187): uid=1000 system_server expire 26 lines
03-18 21:24:33.647 I/chatty  ( 1187): uid=1000(system) Binder:1187_8 expire 6 lines
03-18 21:24:34.153 I/chatty  ( 1187): uid=1000(system) Binder:1187_1D expire 13 lines
03-18 21:24:34.193 I/chatty  ( 1187): uid=1000(system) Binder:1187_20 expire 2 lines
03-18 21:24:34.406 I/chatty  ( 1187): uid=1000(system) Binder:1187_14 expire 15 lines
03-18 21:24:34.419 I/chatty  ( 1187): uid=1000(system) ConnectivitySer expire 4 lines
03-18 21:24:34.643 E/wificond(  704): Failed to get NL80211_STA_INFO_CNAHLOAD
03-18 21:24:35.224 I/chatty  ( 1187): uid=1000(system) Binder:1187_1B expire 2 lines
03-18 21:24:35.609 I/chatty  ( 1187): uid=1000(system) Binder:1187_D expire 12 lines
03-18 21:24:36.254 I/chatty  ( 1187): uid=1000(system) Binder:1187_18 expire 8 lines
03-18 21:24:36.757 I/chatty  ( 1187): uid=1000(system) Binder:1187_A expire 7 lines
03-18 21:24:37.396 D/ActivityThread(25279): ActivityThread,attachApplication
03-18 21:24:37.425 I/chatty  ( 1187): uid=1000(system) keyAppHanderThr expire 1 line
03-18 21:24:37.558 I/chatty  ( 1187): uid=1000(system) Binder:1187_1C expire 11 lines
03-18 21:24:37.559 I/chatty  ( 1187): uid=1000(system) Binder:1187_2 expire 4 lines
03-18 21:24:37.600 I/chatty  ( 1187): uid=1000(system) Binder:1187_6 expire 4 lines
03-18 21:24:37.626 I/chatty  ( 1187): uid=1000(system) android.display expire 5 lines
03-18 21:24:37.660 E/wificond(  704): Failed to get NL80211_STA_INFO_CNAHLOAD
03-18 21:24:37.929 I/chatty  (  704): uid=1010(wifi) /system/bin/wificond identical 1 line
03-18 21:24:37.936 E/wificond(  704): Failed to get NL80211_STA_INFO_CNAHLOAD
03-18 21:24:38.598 D/ActivityThread(25304): ActivityThread,attachApplication
03-18 21:24:38.696 E/ActivityThread(25279): Failed to find provider info for com.tencent.mm.coolassist.debugprovider
03-18 21:24:40.676 E/wificond(  704): Failed to get NL80211_STA_INFO_CNAHLOAD
03-18 21:24:43.692 E/wificond(  704): Failed to get NL80211_STA_INFO_CNAHLOAD
03-18 21:24:44.048 I/chatty  ( 1187): uid=1000(system) Binder:1187_E expire 7 lines
03-18 21:24:44.054 I/chatty  ( 1187): uid=1000(system) Binder:1187_17 expire 6 lines
03-18 21:24:44.440 I/chatty  ( 1187): uid=1000 system_server expire 32 lines
03-18 21:24:45.934 E/wificond(  704): Failed to get NL80211_STA_INFO_CNAHLOAD
03-18 21:24:45.940 E/wificond(  704): Failed to get NL80211_STA_INFO_CNAHLOAD
03-18 21:24:46.705 E/wificond(  704): Failed to get NL80211_STA_INFO_CNAHLOAD
03-18 21:24:48.087 D/ActivityThread(25420): ActivityThread,attachApplication
03-18 21:24:48.713 I/chatty  ( 1187): uid=1000(system) Binder:1187_15 expire 2 lines
03-18 21:24:49.721 E/wificond(  704): Failed to get NL80211_STA_INFO_CNAHLOAD
03-18 21:24:50.066 E/ActivityThread(25420): Failed to find provider info for com.tencent.mm.coolassist.debugprovider
03-18 21:24:51.245 I/chatty  ( 1187): uid=1000(system) Binder:1187_F expire 7 lines
03-18 21:24:51.281 I/chatty  ( 1187): uid=1000(system) Binder:1187_16 expire 6 lines
03-18 21:24:51.799 D/ActivityThread(25472): ActivityThread,attachApplication
03-18 21:24:52.086 I/chatty  ( 1187): uid=1000(system) Binder:1187_12 expire 13 lines
03-18 21:24:52.350 I/chatty  ( 1187): uid=1000(system) Binder:1187_1A expire 13 lines
03-18 21:24:52.450 D/ActivityThread(25493): ActivityThread,attachApplication
03-18 21:24:52.728 D/ActivityThread(25518): ActivityThread,attachApplication
03-18 21:24:52.728 I/chatty  ( 1187): uid=1000(system) Binder:1187_19 expire 1 line
03-18 21:24:52.744 E/wificond(  704): Failed to get NL80211_STA_INFO_CNAHLOAD
03-18 21:24:53.417 I/chatty  ( 1187): uid=1000(system) PowerManagerSer expire 1 line
03-18 21:24:53.491 I/chatty  ( 1187): uid=1000(system) android.display expire 2 lines
03-18 21:24:53.496 I/chatty  ( 1187): uid=1000 system_server expire 51 lines
03-18 21:24:53.514 I/chatty  ( 1187): uid=1000(system) Binder:1187_12 expire 8 lines
03-18 21:24:53.942 E/wificond(  704): Failed to get NL80211_STA_INFO_CNAHLOAD
03-18 21:24:53.950 E/wificond(  704): Failed to get NL80211_STA_INFO_CNAHLOAD
03-18 21:24:55.745 I/chatty  ( 1187): uid=1000(system) Binder:1187_C expire 7 lines
03-18 21:24:55.748 I/chatty  ( 1187): uid=1000(system) Binder:1187_14 expire 1 line
03-18 21:24:55.760 I/chatty  ( 1187): uid=1000(system) ConnectivitySer expire 51 lines
03-18 21:24:55.763 E/wificond(  704): Failed to get NL80211_STA_INFO_CNAHLOAD
03-18 21:24:55.768 I/chatty  ( 1187): uid=1000(system) ActivityManager expire 34 lines
03-18 21:24:55.844 I/chatty  ( 1187): uid=1000(system) Binder:1187_17 expire 12 lines
03-18 21:24:55.848 D/ActivityThread(25581): ActivityThread,attachApplication
03-18 21:24:55.857 I/chatty  ( 1187): uid=1000(system) Binder:1187_13 expire 2 lines
03-18 21:24:57.152 D/ActivityThread(25631): ActivityThread,attachApplication
03-18 21:24:58.162 D/ActivityThread(25672): ActivityThread,attachApplication
03-18 21:24:58.488 D/ActivityThread(25697): ActivityThread,attachApplication
03-18 21:24:58.659 I/chatty  ( 1187): uid=1000(system) Binder:1187_1C expire 14 lines
03-18 21:24:58.818 E/wificond(  704): Failed to get NL80211_STA_INFO_CNAHLOAD
03-18 21:24:58.849 I/chatty  ( 1187): uid=1000(system) Binder:1187_E expire 19 lines
03-18 21:24:59.230 D/ActivityThread(25748): ActivityThread,attachApplication
03-18 21:24:59.231 I/chatty  ( 1187): uid=1000(system) Binder:1187_3 expire 1 line
03-18 21:24:59.268 I/chatty  ( 1187): uid=1000(system) Binder:1187_1B expire 1 line
03-18 21:24:59.269 I/chatty  ( 1187): uid=1000(system) Binder:1187_8 expire 14 lines
03-18 21:24:59.314 D/ActivityThread(25765): ActivityThread,attachApplication
03-18 21:24:59.724 I/chatty  ( 1187): uid=1000(system) Binder:1187_1D expire 6 lines
03-18 21:24:59.761 D/ActivityThread(25825): ActivityThread,attachApplication
03-18 21:25:00.022 I/chatty  ( 1187): uid=1000(system) Binder:1187_2 expire 5 lines
03-18 21:25:01.465 I/chatty  ( 1187): uid=1000(system) Binder:1187_A expire 3 lines
03-18 21:25:01.877 E/wificond(  704): Failed to get NL80211_STA_INFO_CNAHLOAD
03-18 21:25:01.941 D/ActivityThread(25929): ActivityThread,attachApplication
03-18 21:25:01.948 E/wificond(  704): Failed to get NL80211_STA_INFO_CNAHLOAD
03-18 21:25:01.955 E/wificond(  704): Failed to get NL80211_STA_INFO_CNAHLOAD
03-18 21:25:02.280 I/chatty  ( 1187): uid=1000(system) Binder:1187_20 expire 5 lines
03-18 21:25:02.545 I/chatty  ( 1187): uid=1000(system) Binder:1187_1E expire 5 lines
03-18 21:25:03.113 I/chatty  ( 1187): uid=1000(system) Binder:1187_15 expire 10 lines
03-18 21:25:03.159 D/ActivityThread(25967): ActivityThread,attachApplication
03-18 21:25:03.323 D/ActivityThread(25984): ActivityThread,attachApplication
03-18 21:25:03.488 D/ActivityThread(26018): ActivityThread,attachApplication
03-18 21:25:03.773 I/chatty  ( 1187): uid=1000(system) Binder:1187_F expire 5 lines
03-18 21:25:03.821 D/ActivityThread(26056): ActivityThread,attachApplication
03-18 21:25:03.940 I/chatty  ( 1187): uid=1000 system_server expire 36 lines
03-18 21:25:04.011 I/chatty  ( 1187): uid=1000(system) Binder:1187_1A expire 2 lines
03-18 21:25:04.012 I/chatty  ( 1187): uid=1000(system) ConnectivitySer expire 54 lines
03-18 21:25:04.257 I/chatty  ( 1187): uid=1000(system) Binder:1187_1E expire 11 lines
03-18 21:25:04.268 I/chatty  ( 1187): uid=1000(system) ActivityManager expire 62 lines
03-18 21:25:04.306 D/ActivityThread(26103): ActivityThread,attachApplication
03-18 21:25:04.540 I/chatty  ( 1187): uid=1000(system) Binder:1187_1 expire 7 lines
03-18 21:25:04.583 D/ActivityThread(26127): ActivityThread,attachApplication
03-18 21:25:04.834 D/ActivityThread(26154): ActivityThread,attachApplication
03-18 21:25:04.900 E/wificond(  704): Failed to get NL80211_STA_INFO_CNAHLOAD
03-18 21:25:05.144 I/chatty  ( 1187): uid=1000(system) Binder:1187_20 expire 1 line
03-18 21:25:05.145 I/chatty  ( 1187): uid=1000(system) Binder:1187_4 expire 12 lines
03-18 21:25:05.175 D/ActivityThread(26197): ActivityThread,attachApplication
03-18 21:25:05.429 D/ActivityThread(26219): ActivityThread,attachApplication
03-18 21:25:05.603 I/chatty  ( 1187): uid=1000(system) Binder:1187_C expire 2 lines
03-18 21:25:05.676 I/chatty  ( 1187): uid=1000(system) Binder:1187_8 expire 12 lines
03-18 21:25:05.720 D/ActivityThread(26248): ActivityThread,attachApplication
03-18 21:25:05.756 I/chatty  ( 1187): uid=1000(system) UEventObserver expire 2 lines
03-18 21:25:05.933 I/chatty  ( 1187): uid=1000(system) Binder:1187_1D expire 17 lines
03-18 21:25:05.969 D/ActivityThread(26274): ActivityThread,attachApplication
03-18 21:25:06.257 D/ActivityThread(26307): ActivityThread,attachApplication
03-18 21:25:06.496 I/chatty  ( 1187): uid=1000(system) Binder:1187_14 expire 5 lines
03-18 21:25:06.528 D/ActivityThread(26338): ActivityThread,attachApplication
03-18 21:25:06.764 I/chatty  ( 1187): uid=1000(system) Binder:1187_10 expire 16 lines
03-18 21:25:06.795 D/ActivityThread(26363): ActivityThread,attachApplication
03-18 21:25:07.042 D/ActivityThread(26388): ActivityThread,attachApplication
03-18 21:25:07.297 D/ActivityThread(26413): ActivityThread,attachApplication
03-18 21:25:07.477 I/chatty  ( 1187): uid=1000(system) Binder:1187_A expire 6 lines
03-18 21:25:07.572 I/chatty  ( 1187): uid=1000(system) LocationThread expire 2 lines
03-18 21:25:07.604 D/ActivityThread(26451): ActivityThread,attachApplication
03-18 21:25:07.639 D/ActivityThread(26464): ActivityThread,attachApplication
03-18 21:25:07.913 E/wificond(  704): Failed to get NL80211_STA_INFO_CNAHLOAD
03-18 21:25:07.959 D/ActivityThread(26501): ActivityThread,attachApplication
03-18 21:25:07.975 D/ActivityThread(26514): ActivityThread,attachApplication
03-18 21:25:07.976 I/chatty  ( 1187): uid=1000(system) Binder:1187_1B expire 8 lines
03-18 21:25:08.294 D/ActivityThread(26550): ActivityThread,attachApplication
03-18 21:25:08.486 D/ActivityThread(26569): ActivityThread,attachApplication
03-18 21:25:08.541 I/chatty  ( 1187): uid=1000(system) Binder:1187_1 expire 2 lines
03-18 21:25:08.652 I/chatty  ( 1187): uid=1000(system) Binder:1187_1E expire 1 line
03-18 21:25:08.652 I/chatty  ( 1187): uid=1000(system) Binder:1187_4 expire 6 lines
03-18 21:25:08.652 I/chatty  ( 1187): uid=1000(system) ConnectivitySer expire 63 lines
03-18 21:25:08.658 I/chatty  ( 1187): uid=1000(system) ActivityManager expire 56 lines
03-18 21:25:08.665 I/chatty  ( 1187): uid=1000 system_server expire 34 lines
03-18 21:25:08.686 D/ActivityThread(26600): ActivityThread,attachApplication
03-18 21:25:08.715 I/chatty  ( 1187): uid=1000(system) watchdog expire 1 line
03-18 21:25:08.875 I/chatty  ( 1187): uid=1000(system) Binder:1187_C expire 7 lines
03-18 21:25:09.115 I/chatty  ( 1187): uid=1000(system) Binder:1187_1D expire 16 lines
03-18 21:25:09.150 D/ActivityThread(26656): ActivityThread,attachApplication
03-18 21:25:09.469 I/chatty  ( 1187): uid=1000(system) Binder:1187_14 expire 33 lines
03-18 21:25:09.546 D/ActivityThread(26707): ActivityThread,attachApplication
03-18 21:25:09.803 D/ActivityThread(26729): ActivityThread,attachApplication
03-18 21:25:09.983 E/wificond(  704): Failed to get NL80211_STA_INFO_CNAHLOAD
03-18 21:25:10.005 I/chatty  ( 1187): uid=1000(system) Binder:1187_15 expire 9 lines
03-18 21:25:10.015 E/wificond(  704): Failed to get NL80211_STA_INFO_CNAHLOAD
03-18 21:25:10.046 D/ActivityThread(26755): ActivityThread,attachApplication
03-18 21:25:10.182 I/chatty  ( 1187): uid=1000(system) UEventObserver expire 2 lines
03-18 21:25:10.248 I/chatty  ( 1187): uid=1000(system) Binder:1187_1A expire 8 lines
03-18 21:25:10.292 I/chatty  ( 1187): uid=1000(system) Binder:1187_F expire 1 line
03-18 21:25:10.292 I/chatty  ( 1187): uid=1000(system) batterystats-sy expire 2 lines
03-18 21:25:10.341 D/ActivityThread(26783): ActivityThread,attachApplication
03-18 21:25:10.673 D/ActivityThread(26814): ActivityThread,attachApplication
03-18 21:25:10.933 E/wificond(  704): Failed to get NL80211_STA_INFO_CNAHLOAD
03-18 21:25:10.943 D/ActivityThread(26839): ActivityThread,attachApplication
03-18 21:25:11.296 D/ActivityThread(26881): ActivityThread,attachApplication
03-18 21:25:11.545 I/chatty  ( 1187): uid=1000(system) Binder:1187_8 expire 1 line
03-18 21:25:11.545 I/chatty  ( 1187): uid=1000(system) Binder:1187_16 expire 7 lines
03-18 21:25:11.578 D/ActivityThread(26909): ActivityThread,attachApplication
03-18 21:25:11.861 D/ActivityThread(26940): ActivityThread,attachApplication
03-18 21:25:12.160 D/ActivityThread(26965): ActivityThread,attachApplication
03-18 21:25:12.331 I/chatty  ( 1187): uid=1000(system) Binder:1187_7 expire 2 lines
03-18 21:25:12.497 D/ActivityThread(27004): ActivityThread,attachApplication
03-18 21:25:12.613 I/chatty  ( 1187): uid=1000(system) LocationThread expire 2 lines
03-18 21:25:12.645 D/ActivityThread(27021): ActivityThread,attachApplication
03-18 21:25:12.729 D/ActivityThread(27043): ActivityThread,attachApplication
03-18 21:25:12.896 I/chatty  ( 1187): uid=1000(system) Binder:1187_2 expire 1 line
03-18 21:25:12.909 I/chatty  ( 1187): uid=1000(system) Binder:1187_14 expire 10 lines
03-18 21:25:12.960 I/chatty  ( 1187): uid=1000 system_server expire 25 lines
03-18 21:25:13.033 I/chatty  ( 1187): uid=1000(system) ConnectivitySer expire 39 lines
03-18 21:25:13.040 I/chatty  ( 1187): uid=1000(system) ActivityManager expire 22 lines
03-18 21:25:13.070 D/ActivityThread(27097): ActivityThread,attachApplication
03-18 21:25:13.165 I/chatty  ( 1187): uid=1000(system) LocationThread expire 4 lines
03-18 21:25:13.200 D/ActivityThread(27116): ActivityThread,attachApplication
03-18 21:25:13.368 I/chatty  ( 1187): uid=1000(system) Binder:1187_1C expire 14 lines
03-18 21:25:13.369 I/chatty  ( 1187): uid=1000(system) Binder:1187_E expire 5 lines
03-18 21:25:13.411 D/ActivityThread(27173): ActivityThread,attachApplication
03-18 21:25:13.469 I/chatty  ( 1187): uid=1000(system) Binder:1187_4 expire 13 lines
03-18 21:25:13.591 D/ActivityThread(27191): ActivityThread,attachApplication
03-18 21:25:13.820 I/chatty  ( 1187): uid=1000(system) Binder:1187_3 expire 1 line
03-18 21:25:13.864 D/ActivityThread(27234): ActivityThread,attachApplication
03-18 21:25:13.958 E/wificond(  704): Failed to get NL80211_STA_INFO_CNAHLOAD
03-18 21:25:14.060 I/chatty  ( 1187): uid=1000(system) Binder:1187_C expire 2 lines
03-18 21:25:14.158 I/chatty  ( 1187): uid=1000(system) Binder:1187_10 expire 5 lines
03-18 21:25:14.206 D/ActivityThread(27274): ActivityThread,attachApplication
03-18 21:25:14.399 I/chatty  ( 1187): uid=1000(system) Binder:1187_A expire 2 lines
03-18 21:25:14.653 I/chatty  ( 1187): uid=1000(system) Binder:1187_8 expire 47 lines
03-18 21:25:14.706 D/ActivityThread(27324): ActivityThread,attachApplication
03-18 21:25:16.300 I/chatty  ( 1187): uid=1000(system) Binder:1187_16 expire 1 line
03-18 21:25:16.301 I/chatty  ( 1187): uid=1000(system) Binder:1187_9 expire 1 line
03-18 21:25:16.309 I/chatty  ( 1187): uid=1000(system) Binder:1187_1B expire 37 lines
03-18 21:25:16.599 D/ActivityThread(27391): ActivityThread,attachApplication
03-18 21:25:16.944 I/chatty  ( 1187): uid=1000(system) android.display expire 1 line
03-18 21:25:16.944 I/chatty  ( 1187): uid=1000(system) android.ui expire 2 lines
03-18 21:25:16.960 I/chatty  ( 1187): uid=1000(system) android.anim expire 6 lines
03-18 21:25:16.983 E/wificond(  704): Failed to get NL80211_STA_INFO_CNAHLOAD
03-18 21:25:16.985 I/chatty  ( 1187): uid=1000(system) Binder:1187_11 expire 14 lines
03-18 21:25:16.989 I/HwNetworkPolicyManager( 1849): getHwUidPolicy uid = 10068 policy = 0
03-18 21:25:16.995 I/chatty  ( 1187): uid=1000(system) PowerManagerSer expire 2 lines
03-18 21:25:17.232 D/ActivityThread(27415): ActivityThread,attachApplication
03-18 21:25:17.549 V/ActivityThread(27391): ActivityThread,callActivityOnCreate
03-18 21:25:17.659 D/ActivityThread(27446): ActivityThread,attachApplication
03-18 21:25:17.702 D/ActivityThread(27466): ActivityThread,attachApplication
03-18 21:25:17.710 I/chatty  ( 1187): uid=1000(system) android.bg expire 2 lines
03-18 21:25:17.712 D/ActivityThread(27391): add activity client record, r= ActivityRecord{27fb3e5 token=android.os.BinderProxy@7b3d64c {com.huawei.android.launcher/com.huawei.android.launcher.unihome.UniHomeLauncher}} token= android.os.BinderProxy@7b3d64c
03-18 21:25:17.928 D/ActivityThread(27503): ActivityThread,attachApplication
03-18 21:25:17.945 I/CommandQueue( 1604): updateBarBgColor
03-18 21:25:17.945 D/CommandQueue( 1604): CommandQueue, setBarBackgroundColor
03-18 21:25:17.960 D/ActivityThread(27520): ActivityThread,attachApplication
03-18 21:25:17.985 E/wificond(  704): Failed to get NL80211_STA_INFO_CNAHLOAD
03-18 21:25:17.996 E/wificond(  704): Failed to get NL80211_STA_INFO_CNAHLOAD
03-18 21:25:18.009 D/ActivityThread(27553): ActivityThread,attachApplication
03-18 21:25:18.050 V/WindowManager( 1187): Adding Window{52ce30c u0 AssistPreviewPanel} to WindowToken{8928455 android.os.BinderProxy@7453e3f}
03-18 21:25:18.050 V/WindowManager( 1187): addWindow: New client android.os.BinderProxy@7453e3f: window=Window{52ce30c u0 AssistPreviewPanel} Callers=com.android.server.wm.HwWindowManagerService.addWindow:573 com.android.server.wm.Session.addToDisplay:199 android.view.IWindowSession$Stub.onTransact:124 com.android.server.wm.Session.onTransact:161 android.os.Binder.execTransact:675 
03-18 21:25:18.107 I/ActivityManager( 1187): Start proc 27582:com.baidu.input_huawei/u0a55 for service com.baidu.input_huawei/.ImeService
03-18 21:25:18.108 I/ActivityManager( 1187): Need to start process com.android.calendar for provider ContentProviderInfo{name=com.android.calendar.Recess className=com.android.calendar.hap.HolidayRecessContentProvider}, callerApp: ProcessRecord{5336726 27503:com.huawei.intelligent:intelligentService/u0a29}
03-18 21:25:18.108 V/ActivityManager( 1187): startProcess: name=com.android.calendar app=null knownToBeDead=false thread=null pid=-1
03-18 21:25:18.116 I/ActivityManager( 1187): Start proc 27587:com.android.calendar/u0a14 for content provider com.android.calendar/.hap.HolidayRecessContentProvider
03-18 21:25:18.116 V/ActivityManager_MU( 1187): Waiting to start provider ContentProviderRecord{e410736 u0 com.android.calendar/.hap.HolidayRecessContentProvider} launchingApp=ProcessRecord{d4b23f8 27587:com.android.calendar/u0a14} caller pid= 27503
03-18 21:25:18.122 D/CountryDetector( 1187): isValidCountryIso: CN
03-18 21:25:18.126 D/WindowManager( 1187): finishDrawingWindow: Window{19b7305 u0 com.huawei.android.launcher/com.huawei.android.launcher.unihome.UniHomeLauncher} mDrawState=DRAW_PENDING
03-18 21:25:18.129 D/ActivityThread(27587): ActivityThread,attachApplication
03-18 21:25:18.129 D/ActivityManager( 1187): ActivityManagerService,attachApplication,callingPid = 27587
03-18 21:25:18.132 W/HwAlarmManagerService( 1187): isContainsAppUidInWorksource-->happend NameNotFoundException
03-18 21:25:18.154 I/HwAlarmManagerService( 1187): hwSetAlarm listenerTag: *job.delay*
03-18 21:25:18.154 I/JobScheduler.Time( 1187): mNextDelayExpiredElapsedMillis: 887018216
03-18 21:25:18.189 D/JobServiceContext( 1187): Scheduling time out for 'com.huawei.placerecognition.service.PlaceRecognitionService' jId: 7, in 18 s
03-18 21:25:18.207 D/JobServiceContext( 1187): handleServiceBound for 6447e72 #u0a29/7 com.huawei.intelligent/com.huawei.placerecognition.service.PlaceRecognitionService
03-18 21:25:18.207 D/JobServiceContext( 1187): Job cancelled while waiting for bind to complete. JobStatus{6447e72 #u0a29/7 com.huawei.intelligent/com.huawei.placerecognition.service.PlaceRecognitionService u=0 s=10029 TIME=none:+14m59s913ms PERSISTED READY}
03-18 21:25:18.221 D/JobServiceContext( 1187): Scheduling time out for 'com.huawei.placerecognition.service.PlaceRecognitionService' jId: 7, in 18 s
03-18 21:25:18.224 D/JobServiceContext( 1187): handleServiceBound for e8aa804 #u0a29/7 com.huawei.intelligent/com.huawei.placerecognition.service.PlaceRecognitionService
03-18 21:25:18.224 D/JobServiceContext( 1187): Scheduling time out for 'com.huawei.placerecognition.service.PlaceRecognitionService' jId: 7, in 8 s
03-18 21:25:18.226 D/JobServiceContext( 1187): doCallback of : JobStatus{e8aa804 #u0a29/7 com.huawei.intelligent/com.huawei.placerecognition.service.PlaceRecognitionService u=0 s=10029 TIME=none:+14m59s978ms PERSISTED READY} v:VERB_STARTING
03-18 21:25:18.226 D/JobServiceContext( 1187): Scheduling time out for 'com.huawei.placerecognition.service.PlaceRecognitionService' jId: 7, in 600 s
03-18 21:25:18.382 V/WindowManager( 1187): Adding Window{aff70f u0 AssistPreviewPanel} to WindowToken{cccf39c android.os.BinderProxy@585e46e}
03-18 21:25:18.382 V/WindowManager( 1187): addWindow: New client android.os.BinderProxy@585e46e: window=Window{aff70f u0 AssistPreviewPanel} Callers=com.android.server.wm.HwWindowManagerService.addWindow:573 com.android.server.wm.Session.addToDisplay:199 android.view.IWindowSession$Stub.onTransact:124 com.android.server.wm.Session.onTransact:161 android.os.Binder.execTransact:675 
03-18 21:25:18.397 D/WindowManager( 1187): finishDrawingWindow: Window{ffde3fd u0 NavigationBar} mDrawState=DRAW_PENDING
03-18 21:25:18.457 V/ActivityManager( 1187): Successfully start provider ContentProviderRecord{4b24057 u0 com.android.providers.contacts/.ContactsProvider2} launchingApp=ProcessRecord{8b9e5d6 27553:android.process.acore/u0a4} caller pid= 27415
03-18 21:25:18.471 V/ActivityManager( 1187): Successfully start provider ContentProviderRecord{e410736 u0 com.android.calendar/.hap.HolidayRecessContentProvider} launchingApp=ProcessRecord{d4b23f8 27587:com.android.calendar/u0a14} caller pid= 27503
03-18 21:25:18.504 I/ActivityManager( 1187): Need to start process com.android.providers.calendar for provider ContentProviderInfo{name=com.android.calendar className=com.android.providers.calendar.CalendarProvider2}, callerApp: ProcessRecord{d4b23f8 27587:com.android.calendar/u0a14}
03-18 21:25:18.504 V/ActivityManager( 1187): startProcess: name=com.android.providers.calendar app=null knownToBeDead=false thread=null pid=-1
03-18 21:25:18.519 I/ActivityManager( 1187): Start proc 27635:com.android.providers.calendar/u0a6 for content provider com.android.providers.calendar/.CalendarProvider2
03-18 21:25:18.520 V/ActivityManager_MU( 1187): Waiting to start provider ContentProviderRecord{a521346 u0 com.android.providers.calendar/.CalendarProvider2} launchingApp=ProcessRecord{8208321 27635:com.android.providers.calendar/u0a6} caller pid= 27587
03-18 21:25:18.532 D/ActivityThread(27635): ActivityThread,attachApplication
03-18 21:25:18.533 D/ActivityManager( 1187): ActivityManagerService,attachApplication,callingPid = 27635
03-18 21:25:18.540 D/ActivityThread(27582): ActivityThread,attachApplication
03-18 21:25:18.542 D/ActivityManager( 1187): ActivityManagerService,attachApplication,callingPid = 27582
03-18 21:25:18.546 D/WindowManager( 1187): finishDrawingWindow: Window{ffde3fd u0 NavigationBar} mDrawState=HAS_DRAWN
03-18 21:25:18.556 I/ActivityManager( 1187): Need to start process com.huawei.hidisk for provider ContentProviderInfo{name=com.huawei.android.hicloud.loginProvider className=com.huawei.android.hicloud.common.provider.HicloudLoginProvider}, callerApp: ProcessRecord{8b9e5d6 27553:android.process.acore/u0a4}
03-18 21:25:18.556 V/ActivityManager( 1187): startProcess: name=com.huawei.hidisk app=null knownToBeDead=false thread=null pid=-1
03-18 21:25:18.565 I/ActivityManager( 1187): Start proc 27653:com.huawei.hidisk/1001 for content provider com.huawei.hidisk/com.huawei.android.hicloud.common.provider.HicloudLoginProvider
03-18 21:25:18.566 V/ActivityManager_MU( 1187): Waiting to start provider ContentProviderRecord{dea451e u0 com.huawei.hidisk/com.huawei.android.hicloud.common.provider.HicloudLoginProvider} launchingApp=ProcessRecord{e057559 27653:com.huawei.hidisk/1001} caller pid= 27553
03-18 21:25:18.567 W/BroadcastQueue( 1187): Permission Denial: broadcasting Intent { act=android.net.conn.CONNECTIVITY_CHANGE flg=0x4000010 (has extras) } from null (pid=-1, uid=-1) requires com.huawei.android.totemweather.permission.ACCESS_WEATHERCLOCK_PROVIDER due to registered receiver BroadcastFilter{80f0e15 u0 ReceiverList{f827bcc 27391 com.huawei.android.launcher/10068/u0 remote:102c1ff}}
03-18 21:25:18.593 D/ActivityThread(27653): ActivityThread,attachApplication
03-18 21:25:18.593 D/ActivityManager( 1187): ActivityManagerService,attachApplication,callingPid = 27653
03-18 21:25:18.611 V/ActivityManager( 1187): startProcess: name=com.huawei.android.totemweather app=null knownToBeDead=true thread=null pid=-1
03-18 21:25:18.617 W/WindowManager( 1187): Window freeze timeout expired.
03-18 21:25:18.618 W/WindowManager( 1187): Force clearing orientation change: Window{eb408d5 u0 StatusBar}
03-18 21:25:18.619 I/ActivityManager( 1187): Start proc 27673:com.huawei.android.totemweather/u0a36 for service com.huawei.android.totemweather/.aidl.WeatherDataService
03-18 21:25:18.635 D/ActivityThread(27673): ActivityThread,attachApplication
03-18 21:25:18.635 D/ActivityManager( 1187): ActivityManagerService,attachApplication,callingPid = 27673
03-18 21:25:18.644 I/WindowManager( 1187): orientation change is complete, call stopFreezingDisplayLocked
03-18 21:25:18.644 I/WindowManager( 1187): Screen frozen for +2s26ms due to Window{eb408d5 u0 StatusBar}
03-18 21:25:18.671 D/HwActivityManagerService( 1187): process has started, packageName:com.huawei.android.launcher, processName:com.huawei.android.launcher
03-18 21:25:18.680 I/ActivityManager( 1187): Start proc 27691:com.android.mms/u0a45 for start application com.android.mms
03-18 21:25:18.697 V/ActivityManager( 1187): Successfully start provider ContentProviderRecord{a521346 u0 com.android.providers.calendar/.CalendarProvider2} launchingApp=ProcessRecord{8208321 27635:com.android.providers.calendar/u0a6} caller pid= 27587
03-18 21:25:18.704 D/ActivityThread(27691): ActivityThread,attachApplication
03-18 21:25:18.705 D/ActivityManager( 1187): ActivityManagerService,attachApplication,callingPid = 27691
03-18 21:25:18.739 D/WindowManager( 1187): finishDrawingWindow: Window{eb408d5 u0 StatusBar} mDrawState=DRAW_PENDING
03-18 21:25:18.800 V/WindowManager( 1187): removeIfPossible: Window{45b40fc u0 DividerMenusView} callers=com.android.server.wm.WindowState.removeIfPossible:1914 com.android.server.wm.WindowManagerService.removeWindow:2031 com.android.server.wm.Session.remove:218 android.view.IWindowSession$Stub.onTransact:242 com.android.server.wm.Session.onTransact:161 
03-18 21:25:18.802 V/WindowManager( 1187): postWindowRemoveCleanupLocked: Window{45b40fc u0 DividerMenusView}
03-18 21:25:18.802 V/WindowManager( 1187): Removing Window{45b40fc u0 DividerMenusView} from WindowToken{78fa385 android.os.BinderProxy@73b9def}
03-18 21:25:18.810 V/WindowManager( 1187): removeIfPossible: Window{39970e8 u0 DockedStackDivider} callers=com.android.server.wm.WindowState.removeIfPossible:1914 com.android.server.wm.WindowManagerService.removeWindow:2031 com.android.server.wm.Session.remove:218 android.view.IWindowSession$Stub.onTransact:242 com.android.server.wm.Session.onTransact:161 
03-18 21:25:18.812 V/WindowManager( 1187): postWindowRemoveCleanupLocked: Window{39970e8 u0 DockedStackDivider}
03-18 21:25:18.812 V/WindowManager( 1187): Removing Window{39970e8 u0 DockedStackDivider} from WindowToken{42bf301 android.os.BinderProxy@a4e2a0b}
03-18 21:25:18.821 V/WindowManager( 1187): removeIfPossible: Window{2b35be7 u0 com.android.systemui} callers=com.android.server.wm.WindowState.removeIfPossible:1914 com.android.server.wm.WindowManagerService.removeWindow:2031 com.android.server.wm.Session.remove:218 android.view.IWindowSession$Stub.onTransact:242 com.android.server.wm.Session.onTransact:161 
03-18 21:25:18.822 V/WindowManager( 1187): postWindowRemoveCleanupLocked: Window{2b35be7 u0 com.android.systemui}
03-18 21:25:18.822 V/WindowManager( 1187): Removing Window{2b35be7 u0 com.android.systemui} from WindowToken{808b394 android.os.BinderProxy@e86f5a6}
03-18 21:25:18.827 V/WindowManager( 1187): removeIfPossible: Window{2b5e0df u0 AssistPreviewPanel} callers=com.android.server.wm.WindowState.removeIfPossible:1914 com.android.server.wm.WindowManagerService.removeWindow:2031 com.android.server.wm.Session.remove:218 android.view.IWindowSession$Stub.onTransact:242 com.android.server.wm.Session.onTransact:161 
03-18 21:25:18.827 V/WindowManager( 1187): postWindowRemoveCleanupLocked: Window{2b5e0df u0 AssistPreviewPanel}
03-18 21:25:18.827 V/WindowManager( 1187): Removing Window{2b5e0df u0 AssistPreviewPanel} from WindowToken{d6ee12c android.os.BinderProxy@6cd137e}
03-18 21:25:18.857 V/WindowManager( 1187): removeIfPossible: Window{52ce30c u0 AssistPreviewPanel} callers=com.android.server.wm.WindowState.removeIfPossible:1914 com.android.server.wm.WindowManagerService.removeWindow:2031 com.android.server.wm.Session.remove:218 android.view.IWindowSession$Stub.onTransact:242 com.android.server.wm.Session.onTransact:161 
03-18 21:25:18.858 V/WindowManager( 1187): postWindowRemoveCleanupLocked: Window{52ce30c u0 AssistPreviewPanel}
03-18 21:25:18.858 V/WindowManager( 1187): Removing Window{52ce30c u0 AssistPreviewPanel} from WindowToken{8928455 android.os.BinderProxy@7453e3f}
03-18 21:25:18.871 D/WindowManager( 1187): finishDrawingWindow: Window{ffde3fd u0 NavigationBar} mDrawState=HAS_DRAWN
03-18 21:25:18.887 D/WindowManager( 1187): finishDrawingWindow: Window{eb408d5 u0 StatusBar} mDrawState=HAS_DRAWN
03-18 21:25:18.890 I/WindowManager( 1187): rotationForOrientationLw(orient=1, last=0); user=0 
03-18 21:25:18.890 D/WindowManager( 1187): face_rotation: isIntelliServiceEnabled: ro swtich off
03-18 21:25:18.890 D/HwPhoneWindowManager( 1187): face_rotation: not enabled,use sensor real
03-18 21:25:18.890 D/HwPhoneWindowManager( 1187): face_rotation:real sensor rotation = -1
03-18 21:25:18.890 D/HwPhoneWindowManager( 1187): face_rotation: rotation = 0
03-18 21:25:18.890 I/WindowManager( 1187): Selected orientation 1, got rotation 0 which has compatible metrics
03-18 21:25:18.906 V/ActivityManager( 1187): Successfully start provider ContentProviderRecord{dea451e u0 com.huawei.hidisk/com.huawei.android.hicloud.common.provider.HicloudLoginProvider} launchingApp=ProcessRecord{e057559 27653:com.huawei.hidisk/1001} caller pid= 27553
03-18 21:25:19.032 D/ConnectivityService( 1187): listenForNetwork for uid/pid:1001/27653 NetworkRequest [ LISTEN id=629, [ Capabilities: INTERNET&NOT_RESTRICTED&TRUSTED&NOT_VPN] ]
03-18 21:25:19.032 D/ConnectivityService( 1187): rematching NetworkAgentInfo [WIFI () - 123]
03-18 21:25:19.032 D/ConnectivityService( 1187):  network has: [ Transports: WIFI Capabilities: NOT_METERED&INTERNET&NOT_RESTRICTED&TRUSTED&NOT_VPN&VALIDATED&FOREGROUND LinkUpBandwidth>=1048576Kbps LinkDnBandwidth>=1048576Kbps SignalStrength: -57]
03-18 21:25:19.032 D/ConnectivityService( 1187): Network NetworkAgentInfo [WIFI () - 123] was already satisfying request 3. No change.
03-18 21:25:19.032 D/ConnectivityService( 1187): Network NetworkAgentInfo [WIFI () - 123] was already satisfying request 4. No change.
03-18 21:25:19.032 D/ConnectivityService( 1187): Network NetworkAgentInfo [WIFI () - 123] was already satisfying request 1. No change.
03-18 21:25:19.336 I/ActivityManager( 1187): Need to start process com.android.gallery3d for provider ContentProviderInfo{name=com.huawei.gallery.provider className=com.huawei.gallery.provider.GalleryProvider}, callerApp: ProcessRecord{e057559 27653:com.huawei.hidisk/1001}
03-18 21:25:19.336 V/ActivityManager( 1187): startProcess: name=com.android.gallery3d app=null knownToBeDead=false thread=null pid=-1
03-18 21:25:19.352 I/ActivityManager( 1187): Start proc 27749:com.android.gallery3d/u0a25 for content provider com.android.gallery3d/com.huawei.gallery.provider.GalleryProvider
03-18 21:25:19.357 V/ActivityManager_MU( 1187): Waiting to start provider ContentProviderRecord{eafdd30 u0 com.android.gallery3d/com.huawei.gallery.provider.GalleryProvider} launchingApp=ProcessRecord{ea9f8c4 27749:com.android.gallery3d/u0a25} caller pid= 27653
03-18 21:25:19.369 D/ActivityThread(27749): ActivityThread,attachApplication
03-18 21:25:19.370 D/ActivityManager( 1187): ActivityManagerService,attachApplication,callingPid = 27749
03-18 21:25:19.445 E/TaskPersister( 1187): File error accessing recents directory (directory doesn't exist?).
03-18 21:25:19.540 V/ActivityManager( 1187): Successfully start provider ContentProviderRecord{eafdd30 u0 com.android.gallery3d/com.huawei.gallery.provider.GalleryProvider} launchingApp=ProcessRecord{ea9f8c4 27749:com.android.gallery3d/u0a25} caller pid= 27653
03-18 21:25:19.624 D/CountryDetector( 1187): isValidCountryIso: CN
03-18 21:25:19.728 W/BroadcastQueue( 1187): Permission Denial: broadcasting Intent { act=android.net.conn.CONNECTIVITY_CHANGE flg=0x4000010 (has extras) } from null (pid=-1, uid=-1) requires com.huawei.cg.permission.SERVICE due to registered receiver BroadcastFilter{fd61bf2 u0 ReceiverList{579d2fd 27653 com.huawei.hidisk/1001/u0 remote:90b2354}}
03-18 21:25:19.728 W/BroadcastQueue( 1187): Permission Denial: broadcasting Intent { act=android.intent.action.BATTERY_CHANGED flg=0x60000010 (has extras) } from null (pid=-1, uid=-1) requires com.huawei.cg.permission.SERVICE due to registered receiver BroadcastFilter{fd61bf2 u0 ReceiverList{579d2fd 27653 com.huawei.hidisk/1001/u0 remote:90b2354}}
03-18 21:25:19.789 W/SettingsProvider( 1187): You shouldn't change private system settings, name = android.{F46B117B-CBC7-4ac2-8F3C-43C1649DC760}
03-18 21:25:19.947 W/BroadcastQueue( 1187): Permission Denial: broadcasting Intent { act=android.intent.action.ACTION_DEFAULT_DATA_SUBSCRIPTION_CHANGED flg=0x21000010 (has extras) } from null (pid=-1, uid=-1) requires com.android.contacts.huawei.permission.REFRESH_DRAFT due to registered receiver BroadcastFilter{38093dd u0 ReceiverList{6a2dbb4 27691 com.android.mms/10045/u0 remote:77a9087}}
03-18 21:25:20.021 E/wificond(  704): Failed to get NL80211_STA_INFO_CNAHLOAD
03-18 21:25:20.053 V/ActivityManager( 1187): startProcess: name=com.huawei.cryptosms.service app=null knownToBeDead=true thread=null pid=-1
03-18 21:25:20.070 I/ActivityManager( 1187): Start proc 27829:com.huawei.cryptosms.service/1000 for service com.huawei.cryptosms.service/.CryptoService
03-18 21:25:20.089 D/ActivityThread(27829): ActivityThread,attachApplication
03-18 21:25:20.089 D/ActivityManager( 1187): ActivityManagerService,attachApplication,callingPid = 27829
03-18 21:25:20.186 W/BroadcastQueue( 1187): Permission Denial: broadcasting Intent { act=android.net.conn.CONNECTIVITY_CHANGE flg=0x4000010 (has extras) } from null (pid=-1, uid=-1) requires com.baidu.input_huawei.permission.REGISTERRECEIVE due to registered receiver BroadcastFilter{4dc3e0a u0 ReceiverList{d9b335f 27582 com.baidu.input_huawei/10055/u0 remote:4821ffe}}
03-18 21:25:20.226 I/        (27829): RegisterNatives OK!
03-18 21:25:20.318 W/SettingsProvider( 1187): You shouldn't change private system settings, name = com.baidu.deviceid.v2
03-18 21:25:20.319 W/SettingsProvider( 1187): You shouldn't change private system settings, name = com.baidu.deviceid
03-18 21:25:20.320 W/SettingsProvider( 1187): You shouldn't change private system settings, name = bd_setting_i
03-18 21:25:20.640 W/ActivityManager( 1187): Permission Denial: opening provider com.android.providers.contacts.ContactsProvider2 from ProcessRecord{8740a5e 27582:com.baidu.input_huawei/u0a55} (pid=27582, uid=10055) requires android.permission.READ_CONTACTS or android.permission.WRITE_CONTACTS
03-18 21:25:22.861 I/HwWallpaperService( 1187): setCurrOffsets:540,0,0,540
03-18 21:25:22.889 I/ActivityManager( 1187): Need to start process com.huawei.parentcontrol for provider ContentProviderInfo{name=com.huawei.parentcontrol className=com.huawei.parentcontrol.provider.ContentProviders}, callerApp: ProcessRecord{11395c7 27391:com.huawei.android.launcher/u0a68}
03-18 21:25:22.889 V/ActivityManager( 1187): startProcess: name=com.huawei.parentcontrol app=null knownToBeDead=false thread=null pid=-1
03-18 21:25:22.908 I/ActivityManager( 1187): Start proc 27871:com.huawei.parentcontrol/u0a72 for content provider com.huawei.parentcontrol/.provider.ContentProviders
03-18 21:25:22.909 V/ActivityManager_MU( 1187): Waiting to start provider ContentProviderRecord{fcb896a u0 com.huawei.parentcontrol/.provider.ContentProviders} launchingApp=ProcessRecord{8832b55 27871:com.huawei.parentcontrol/u0a72} caller pid= 27391
03-18 21:25:22.927 D/ActivityThread(27871): ActivityThread,attachApplication
03-18 21:25:22.928 D/ActivityManager( 1187): ActivityManagerService,attachApplication,callingPid = 27871
03-18 21:25:22.942 I/ActivityManager( 1187): Need to start process android.process.media for provider ContentProviderInfo{name=media className=com.android.providers.media.MediaProvider}, callerApp: ProcessRecord{ea9f8c4 27749:com.android.gallery3d/u0a25}
03-18 21:25:22.942 V/ActivityManager( 1187): startProcess: name=android.process.media app=null knownToBeDead=false thread=null pid=-1
03-18 21:25:22.963 I/ActivityManager( 1187): Start proc 27887:android.process.media/u0a11 for content provider com.android.providers.media/.MediaProvider
03-18 21:25:22.965 V/ActivityManager_MU( 1187): Waiting to start provider ContentProviderRecord{90d236 u0 com.android.providers.media/.MediaProvider} launchingApp=ProcessRecord{39827d1 27887:android.process.media/u0a11} caller pid= 27749
03-18 21:25:22.976 D/ActivityThread(27887): ActivityThread,attachApplication
03-18 21:25:22.977 D/ActivityManager( 1187): ActivityManagerService,attachApplication,callingPid = 27887
03-18 21:25:23.038 V/ActivityManager( 1187): Successfully start provider ContentProviderRecord{fcb896a u0 com.huawei.parentcontrol/.provider.ContentProviders} launchingApp=ProcessRecord{8832b55 27871:com.huawei.parentcontrol/u0a72} caller pid= 27391
03-18 21:25:23.047 E/wificond(  704): Failed to get NL80211_STA_INFO_CNAHLOAD
03-18 21:25:23.220 I/ActivityManager( 1187): Need to start process com.huawei.android.thememanager for provider ContentProviderInfo{name=com.huawei.android.thememanager.ContentProvider className=com.huawei.android.thememanager.downloader.ThemeManagerProvider}, callerApp: ProcessRecord{11395c7 27391:com.huawei.android.launcher/u0a68}
03-18 21:25:23.220 V/ActivityManager( 1187): startProcess: name=com.huawei.android.thememanager app=null knownToBeDead=false thread=null pid=-1
03-18 21:25:23.243 I/ActivityManager( 1187): Start proc 27907:com.huawei.android.thememanager/u0a79 for content provider com.huawei.android.thememanager/.downloader.ThemeManagerProvider
03-18 21:25:23.244 V/ActivityManager_MU( 1187): Waiting to start provider ContentProviderRecord{c26700d u0 com.huawei.android.thememanager/.downloader.ThemeManagerProvider} launchingApp=ProcessRecord{fe2caa4 27907:com.huawei.android.thememanager/u0a79} caller pid= 27391
03-18 21:25:23.256 D/ActivityThread(27907): ActivityThread,attachApplication
03-18 21:25:23.256 D/ActivityManager( 1187): ActivityManagerService,attachApplication,callingPid = 27907
03-18 21:25:23.320 V/ActivityManager( 1187): Successfully start provider ContentProviderRecord{90d236 u0 com.android.providers.media/.MediaProvider} launchingApp=ProcessRecord{39827d1 27887:android.process.media/u0a11} caller pid= 27749
03-18 21:25:23.343 V/ActivityManager( 1187): Successfully start provider ContentProviderRecord{c26700d u0 com.huawei.android.thememanager/.downloader.ThemeManagerProvider} launchingApp=ProcessRecord{fe2caa4 27907:com.huawei.android.thememanager/u0a79} caller pid= 27391
03-18 21:25:23.404 I/ActivityManager( 1187): Need to start process com.huawei.appmarket for provider ContentProviderInfo{name=com.huawei.appmarket.appinfos className=com.huawei.appmarket.support.storage.DbProvider}, callerApp: ProcessRecord{11395c7 27391:com.huawei.android.launcher/u0a68}
03-18 21:25:23.404 V/ActivityManager( 1187): startProcess: name=com.huawei.appmarket app=null knownToBeDead=false thread=null pid=-1
03-18 21:25:23.423 I/ActivityManager( 1187): Start proc 27934:com.huawei.appmarket/u0a100 for content provider com.huawei.appmarket/.support.storage.DbProvider
03-18 21:25:23.423 V/ActivityManager_MU( 1187): Waiting to start provider ContentProviderRecord{545a396 u0 com.huawei.appmarket/.support.storage.DbProvider} launchingApp=ProcessRecord{981e2b1 27934:com.huawei.appmarket/u0a100} caller pid= 27391
03-18 21:25:23.441 D/ActivityThread(27934): ActivityThread,attachApplication
03-18 21:25:23.442 D/ActivityManager( 1187): ActivityManagerService,attachApplication,callingPid = 27934
03-18 21:25:23.485 D/JobServiceContext( 1187): doCallback of : JobStatus{e8aa804 #u0a29/7 com.huawei.intelligent/com.huawei.placerecognition.service.PlaceRecognitionService u=0 s=10029 TIME=none:+14m54s719ms PERSISTED READY} v:VERB_EXECUTING
03-18 21:25:23.493 D/JobServiceContext( 1187): Scheduling time out for '.shortcuts.ContactsJobService' jId: 1, in 18 s
03-18 21:25:23.507 D/JobServiceContext( 1187): handleServiceBound for 7e7f74c #u0a45/1 com.android.mms/.shortcuts.ContactsJobService
03-18 21:25:23.507 D/JobServiceContext( 1187): Scheduling time out for '.shortcuts.ContactsJobService' jId: 1, in 8 s
03-18 21:25:23.567 D/JobServiceContext( 1187): doCallback of : JobStatus{7e7f74c #u0a45/1 com.android.mms/.shortcuts.ContactsJobService u=0 s=10045 URIS=[android.app.job.JobInfo$TriggerContentUri@f6a93fc1] READY} v:VERB_STARTING
03-18 21:25:23.567 D/JobServiceContext( 1187): Scheduling time out for '.shortcuts.ContactsJobService' jId: 1, in 600 s
03-18 21:25:23.590 D/JobServiceContext( 1187): Scheduling time out for '.shortcuts.ContactsJobService' jId: 1, in 8 s
03-18 21:25:23.591 D/JobServiceContext( 1187): doCallback of : JobStatus{7e7f74c #u0a45/1 com.android.mms/.shortcuts.ContactsJobService u=0 s=10045 URIS=[android.app.job.JobInfo$TriggerContentUri@f6a93fc1] READY} v:VERB_STOPPING
03-18 21:25:23.596 D/JobServiceContext( 1187): Scheduling time out for '.ContactsJobService' jId: 1, in 18 s
03-18 21:25:23.604 D/JobServiceContext( 1187): Stale callback received, ignoring.
03-18 21:25:23.608 D/JobServiceContext( 1187): handleServiceBound for 21edb77 #u0a4/1 com.android.contacts/.ContactsJobService
03-18 21:25:23.609 D/JobServiceContext( 1187): Scheduling time out for '.ContactsJobService' jId: 1, in 8 s
03-18 21:25:23.616 D/JobServiceContext( 1187): doCallback of : JobStatus{21edb77 #u0a4/1 com.android.contacts/.ContactsJobService u=0 s=10004 URIS=[android.app.job.JobInfo$TriggerContentUri@f6a93fc1] READY} v:VERB_STARTING
03-18 21:25:23.616 D/JobServiceContext( 1187): Scheduling time out for '.ContactsJobService' jId: 1, in 600 s
03-18 21:25:23.646 V/ActivityManager( 1187): Successfully start provider ContentProviderRecord{545a396 u0 com.huawei.appmarket/.support.storage.DbProvider} launchingApp=ProcessRecord{981e2b1 27934:com.huawei.appmarket/u0a100} caller pid= 27391
03-18 21:25:23.699 D/JobServiceContext( 1187): Scheduling time out for '.ContactsJobService' jId: 1, in 8 s
03-18 21:25:23.700 D/JobServiceContext( 1187): doCallback of : JobStatus{21edb77 #u0a4/1 com.android.contacts/.ContactsJobService u=0 s=10004 URIS=[android.app.job.JobInfo$TriggerContentUri@f6a93fc1] READY} v:VERB_STOPPING
03-18 21:25:23.704 D/JobServiceContext( 1187): Stale callback received, ignoring.
03-18 21:25:23.985 D/HwBatteryService( 1187): onUEvent fcpStatus = 0,scpStatus =0,ovpStatus=0
03-18 21:25:23.989 I/UsbDeviceManager( 1187): water_intrused state= 0
03-18 21:25:24.016 W/PowerUI ( 1604): unknown intent: Intent { act=android.intent.action.ACTION_POWER_DISCONNECTED flg=0x4000010 (has extras) }
03-18 21:25:24.029 D/PickUpWakeScreenManager( 1187): isPickupSensorSupport isSensorSupport = true
03-18 21:25:24.032 D/NetdConnector( 1187): SND -> {4814 firewall enable_chain standby}
03-18 21:25:24.036 E/BatteryStatsService( 1187): no controller energy info supplied
03-18 21:25:24.048 D/WifiService( 1187): onReceive, action:android.intent.action.BATTERY_CHANGED
03-18 21:25:24.048 D/WifiService( 1187): ACTION_BATTERY_CHANGED pluggedType: 0
03-18 21:25:24.052 I/Telecom-ChargingStatusManager( 1187): onChargingStatusChanged, mIsCharging: true -> false
03-18 21:25:24.081 V/ActivityManager( 1187): startProcess: name=com.google.android.gms app=null knownToBeDead=true thread=null pid=-1
03-18 21:25:24.093 E/BatteryStatsService( 1187): modem info is invalid: ModemActivityInfo{ mTimestamp=0 mSleepTimeMs=0 mIdleTimeMs=0 mTxTimeMs[]=[0, 0, 0, 0, 0] mRxTimeMs=0 mEnergyUsed=0}
03-18 21:25:24.108 I/ActivityManager( 1187): Start proc 27979:com.google.android.gms/u0a19 for broadcast com.google.android.gms/com.google.android.libraries.social.autobackup.AutoBackupEnvironment$BatteryReceiver
03-18 21:25:24.110 D/NetdConnector( 1187): RCV <- {200 4814 Firewall command succeeded}
03-18 21:25:24.111 D/NetdConnector( 1187): RCV <- {200 4814 Firewall command succeeded}
