03-18 21:25:24.124 D/ActivityThread(27979): ActivityThread,attachApplication
03-18 21:25:24.125 D/ActivityManager( 1187): ActivityManagerService,attachApplication,callingPid = 27979
03-18 21:25:24.594 I/ActivityManager( 1187): Need to start process com.google.process.gapps for provider ContentProviderInfo{name=com.google.android.gsf.gservices className=com.google.android.gsf.gservices.GservicesProvider}, callerApp: ProcessRecord{f1a58a0 27979:com.google.android.gms/u0a19}
03-18 21:25:24.594 V/ActivityManager( 1187): startProcess: name=com.google.process.gapps app=null knownToBeDead=false thread=null pid=-1
03-18 21:25:24.619 I/ActivityManager( 1187): Start proc 28002:com.google.process.gapps/u0a19 for content provider com.google.android.gsf/.gservices.GservicesProvider
03-18 21:25:24.620 V/ActivityManager_MU( 1187): Waiting to start provider ContentProviderRecord{5db02a u0 com.google.android.gsf/.gservices.GservicesProvider} launchingApp=ProcessRecord{c7eb515 28002:com.google.process.gapps/u0a19} caller pid= 27979
03-18 21:25:24.645 D/ActivityThread(28002): ActivityThread,attachApplication
03-18 21:25:24.646 D/ActivityManager( 1187): ActivityManagerService,attachApplication,callingPid = 28002
03-18 21:25:24.964 V/ActivityManager( 1187): Successfully start provider ContentProviderRecord{5db02a u0 com.google.android.gsf/.gservices.GservicesProvider} launchingApp=ProcessRecord{c7eb515 28002:com.google.process.gapps/u0a19} caller pid= 27979
03-18 21:25:24.973 I/ActivityManager( 1187): Need to start process com.google.android.gms.persistent for provider ContentProviderInfo{name=com.google.android.gms.instantapps.provider.api className=com.google.android.gms.instantapps.routing.InstantAppsContentProvider}, callerApp: ProcessRecord{f1a58a0 27979:com.google.android.gms/u0a19}
03-18 21:25:24.973 V/ActivityManager( 1187): startProcess: name=com.google.android.gms.persistent app=null knownToBeDead=false thread=null pid=-1
03-18 21:25:24.994 I/ActivityManager( 1187): Start proc 28021:com.google.android.gms.persistent/u0a19 for content provider com.google.android.gms/.instantapps.routing.InstantAppsContentProvider
03-18 21:25:24.995 V/ActivityManager_MU( 1187): Waiting to start provider ContentProviderRecord{635bb64 u0 com.google.android.gms/.instantapps.routing.InstantAppsContentProvider} launchingApp=ProcessRecord{5f360f7 28021:com.google.android.gms.persistent/u0a19} caller pid= 27979
03-18 21:25:25.019 I/UsbDeviceManager( 1187): Setting USB config to hisuite,mtp,mass_storage
03-18 21:25:25.020 D/ActivityThread(28021): ActivityThread,attachApplication
03-18 21:25:25.022 D/ActivityManager( 1187): ActivityManagerService,attachApplication,callingPid = 28021
03-18 21:25:25.038 E/HwUsbHDBManager( 1187): Wrong message: count=-1
03-18 21:25:25.043 E/HwUsbHDBManager( 1187): open Socket lock failed
03-18 21:25:25.083 V/BroadcastQueue( 1187): Finished with ordered broadcast BroadcastRecord{75171cd u-1 android.hardware.usb.action.USB_STATE}
03-18 21:25:25.125 V/BroadcastQueue( 1187): Finished with ordered broadcast BroadcastRecord{731593 u-1 android.hardware.usb.action.USB_STATE}
03-18 21:25:25.155 V/ActivityManager( 1187): Successfully start provider ContentProviderRecord{635bb64 u0 com.google.android.gms/.instantapps.routing.InstantAppsContentProvider} launchingApp=ProcessRecord{5f360f7 28021:com.google.android.gms.persistent/u0a19} caller pid= 27979
03-18 21:25:25.520 W/HwAlarmManagerService( 1187): isContainsAppUidInWorksource-->happend NameNotFoundException
03-18 21:25:25.532 W/HwAlarmManagerService( 1187): isContainsAppUidInWorksource-->happend NameNotFoundException
03-18 21:25:25.590 I/chatty  ( 1187): uid=1000(system) Binder:1187_C identical 2 lines
03-18 21:25:25.658 W/HwAlarmManagerService( 1187): isContainsAppUidInWorksource-->happend NameNotFoundException
03-18 21:25:25.787 W/HwAlarmManagerService( 1187): isContainsAppUidInWorksource-->happend NameNotFoundException
03-18 21:25:25.818 W/HwAlarmManagerService( 1187): isContainsAppUidInWorksource-->happend NameNotFoundException
03-18 21:25:25.839 V/BroadcastQueue( 1187): Finished with ordered broadcast BroadcastRecord{fbef75d u-1 android.intent.action.ACTION_POWER_DISCONNECTED}
03-18 21:25:25.840 V/ActivityManager( 1187): startProcess: name=com.huawei.android.hwouc app=null knownToBeDead=true thread=null pid=-1
03-18 21:25:25.862 I/ActivityManager( 1187): Start proc 28083:com.huawei.android.hwouc/u0a69 for broadcast com.huawei.android.hwouc/.biz.impl.reveiver.PowerConnectedReceiver
03-18 21:25:25.878 D/ActivityThread(28083): ActivityThread,attachApplication
03-18 21:25:25.878 D/ActivityManager( 1187): ActivityManagerService,attachApplication,callingPid = 28083
03-18 21:25:25.954 W/HwAlarmManagerService( 1187): isContainsAppUidInWorksource-->happend NameNotFoundException
03-18 21:25:25.958 W/HwAlarmManagerService( 1187): isContainsAppUidInWorksource-->happend NameNotFoundException
03-18 21:25:25.959 D/BackupTransportManager( 1187): Bound to transport: com.google.android.gms/.backup.component.D2dTransportService
03-18 21:25:25.962 W/HwAlarmManagerService( 1187): isContainsAppUidInWorksource-->happend NameNotFoundException
03-18 21:25:25.966 I/chatty  ( 1187): uid=1000(system) Binder:1187_C identical 1 line
03-18 21:25:25.969 W/HwAlarmManagerService( 1187): isContainsAppUidInWorksource-->happend NameNotFoundException
03-18 21:25:25.988 E/wificond(  704): Failed to get NL80211_STA_INFO_CNAHLOAD
03-18 21:25:25.999 E/wificond(  704): Failed to get NL80211_STA_INFO_CNAHLOAD
03-18 21:25:26.027 D/BackupTransportManager( 1187): Bound to transport: com.google.android.gms/.backup.BackupTransportService
03-18 21:25:26.051 E/HwUsbHDBManager( 1187): open Socket lock failed
03-18 21:25:26.075 E/wificond(  704): Failed to get NL80211_STA_INFO_CNAHLOAD
03-18 21:25:26.764 V/BroadcastQueue( 1187): Finished with ordered broadcast BroadcastRecord{6538bb5 u-1 android.intent.action.ACTION_POWER_DISCONNECTED}
03-18 21:25:26.773 V/BroadcastQueue( 1187): Finished with ordered broadcast BroadcastRecord{df145b2 u0 com.google.android.gms.gcm.ACTION_SCHEDULE}
03-18 21:25:26.781 V/BroadcastQueue( 1187): Finished with ordered broadcast BroadcastRecord{21c6d3c u0 com.google.android.gms.gcm.ACTION_SCHEDULE}
03-18 21:25:26.788 V/BroadcastQueue( 1187): Finished with ordered broadcast BroadcastRecord{7cafac5 u0 com.google.android.gms.gcm.ACTION_SCHEDULE}
03-18 21:25:26.800 V/BroadcastQueue( 1187): Finished with ordered broadcast BroadcastRecord{332fc1a u0 com.google.android.gms.gcm.ACTION_SCHEDULE}
03-18 21:25:26.822 W/HwAlarmManagerService( 1187): isContainsAppUidInWorksource-->happend NameNotFoundException
03-18 21:25:26.839 W/HwAlarmManagerService( 1187): isContainsAppUidInWorksource-->happend NameNotFoundException
03-18 21:25:26.852 W/HwAlarmManagerService( 1187): isContainsAppUidInWorksource-->happend NameNotFoundException
03-18 21:25:27.002 V/ActivityManager( 1187): startProcess: name=com.android.gallery3d:search app=null knownToBeDead=true thread=null pid=-1
03-18 21:25:27.024 I/ActivityManager( 1187): Start proc 28156:com.android.gallery3d:search/u0a25 for service com.android.gallery3d/com.huawei.gallery.search.SearchService
03-18 21:25:27.051 E/HwUsbHDBManager( 1187): open Socket lock failed
03-18 21:25:27.052 D/ActivityThread(28156): ActivityThread,attachApplication
03-18 21:25:27.053 D/ActivityManager( 1187): ActivityManagerService,attachApplication,callingPid = 28156
03-18 21:25:27.400 D/ConnectivityService( 1187): Returning blocked NetworkInfo to uid=10025
03-18 21:25:28.052 E/HwUsbHDBManager( 1187): open Socket lock failed
03-18 21:25:29.053 E/HwUsbHDBManager( 1187): open Socket lock failed
03-18 21:25:29.115 E/wificond(  704): Failed to get NL80211_STA_INFO_CNAHLOAD
03-18 21:25:30.055 E/HwUsbHDBManager( 1187): open Socket lock failed
03-18 21:25:31.057 E/HwUsbHDBManager( 1187): open Socket lock failed
03-18 21:25:31.207 E/wificond(  704): Failed to get NL80211_STA_INFO_CNAHLOAD
03-18 21:25:32.058 E/HwUsbHDBManager( 1187): open Socket lock failed
03-18 21:25:32.145 E/wificond(  704): Failed to get NL80211_STA_INFO_CNAHLOAD
03-18 21:25:33.060 E/HwUsbHDBManager( 1187): open Socket lock failed
03-18 21:25:33.235 I/HwNormalizedSpline( 1187): DayMode:getBrightnessLevel lux =21.0, mDefaultBrightnessFromLux =31.195
03-18 21:25:33.249 I/DisplayPowerController( 1187): mPowerRequest.useSmartBacklight : true
03-18 21:25:33.443 I/HwNormalizedAutomaticBrightnessController( 1187): ThermalMode set auto MaxBrightness=216
03-18 21:25:33.447 I/DisplayPowerController( 1187): mPowerRequest.useSmartBacklight : true
03-18 21:25:34.003 E/wificond(  704): Failed to get NL80211_STA_INFO_CNAHLOAD
03-18 21:25:34.027 E/wificond(  704): Failed to get NL80211_STA_INFO_CNAHLOAD
03-18 21:25:34.061 E/HwUsbHDBManager( 1187): open Socket lock failed
03-18 21:25:35.057 D/SmartHeartBeat( 1187): setAlarmsPending ...
03-18 21:25:35.063 E/HwUsbHDBManager( 1187): open Socket lock failed
03-18 21:25:35.087 D/SmartHeartBeat( 1187): setAlarmsPending ...
03-18 21:25:35.172 E/wificond(  704): Failed to get NL80211_STA_INFO_CNAHLOAD
03-18 21:25:36.064 E/HwUsbHDBManager( 1187): open Socket lock failed
03-18 21:25:36.361 I/DisplayPowerController( 1187): mPowerRequest.useSmartBacklight : true
03-18 21:25:37.065 E/HwUsbHDBManager( 1187): open Socket lock failed
03-18 21:25:38.067 E/HwUsbHDBManager( 1187): open Socket lock failed
03-18 21:25:38.205 E/wificond(  704): Failed to get NL80211_STA_INFO_CNAHLOAD
03-18 21:25:38.723 W/Watchdog( 1187): hungtask: writing kick
03-18 21:25:39.068 E/HwUsbHDBManager( 1187): open Socket lock failed
03-18 21:25:40.070 I/chatty  ( 1187): uid=1000(system) HwUsbHDBManager identical 1 line
03-18 21:25:41.072 E/HwUsbHDBManager( 1187): open Socket lock failed
03-18 21:25:41.241 E/wificond(  704): Failed to get NL80211_STA_INFO_CNAHLOAD
03-18 21:25:42.010 I/chatty  (  704): uid=1010(wifi) /system/bin/wificond identical 1 line
03-18 21:25:42.025 E/wificond(  704): Failed to get NL80211_STA_INFO_CNAHLOAD
03-18 21:25:42.073 E/HwUsbHDBManager( 1187): open Socket lock failed
03-18 21:25:43.075 I/chatty  ( 1187): uid=1000(system) HwUsbHDBManager identical 1 line
03-18 21:25:44.076 E/HwUsbHDBManager( 1187): open Socket lock failed
03-18 21:25:44.275 E/wificond(  704): Failed to get NL80211_STA_INFO_CNAHLOAD
03-18 21:25:45.078 E/HwUsbHDBManager( 1187): open Socket lock failed
03-18 21:25:45.486 W/SocketListener(  528): sending broadcast to Pid = 1187, Uid = 1000 
03-18 21:25:45.489 D/NetdConnector( 1187): RCV <- {613 IfaceClass idle 1 886612632811836}
03-18 21:25:45.490 D/NetdConnector( 1187): RCV <- {613 IfaceClass idle 1 886612632811836}
03-18 21:25:45.495 D/NetdConnector( 1187): RCV unsolicited event from native daemon, event = 613
03-18 21:25:45.508 V/BroadcastQueue( 1187): Finished with ordered broadcast BroadcastRecord{904ade9 u-1 android.net.conn.DATA_ACTIVITY_CHANGE}
03-18 21:25:45.841 W/SocketListener(  528): sending broadcast to Pid = 1187, Uid = 1000 
03-18 21:25:45.843 D/NetdConnector( 1187): RCV <- {613 IfaceClass active 1 886612989014440 0}
03-18 21:25:45.845 D/NetdConnector( 1187): RCV <- {613 IfaceClass active 1 886612989014440 0}
03-18 21:25:45.847 D/NetdConnector( 1187): RCV unsolicited event from native daemon, event = 613
03-18 21:25:45.854 V/BroadcastQueue( 1187): Finished with ordered broadcast BroadcastRecord{f313a6e u-1 android.net.conn.DATA_ACTIVITY_CHANGE}
03-18 21:25:46.079 E/HwUsbHDBManager( 1187): open Socket lock failed
03-18 21:25:47.081 E/HwUsbHDBManager( 1187): open Socket lock failed
03-18 21:25:47.305 E/wificond(  704): Failed to get NL80211_STA_INFO_CNAHLOAD
03-18 21:25:48.082 E/HwUsbHDBManager( 1187): open Socket lock failed
03-18 21:25:48.465 I/HwNormalizedAutomaticBrightnessController( 1187): ThermalMode set auto MaxBrightness=255
03-18 21:25:48.466 I/DisplayPowerController( 1187): mPowerRequest.useSmartBacklight : true
03-18 21:25:49.084 E/HwUsbHDBManager( 1187): open Socket lock failed
03-18 21:25:50.023 E/wificond(  704): Failed to get NL80211_STA_INFO_CNAHLOAD
03-18 21:25:50.040 E/wificond(  704): Failed to get NL80211_STA_INFO_CNAHLOAD
03-18 21:25:50.085 E/HwUsbHDBManager( 1187): open Socket lock failed
03-18 21:25:50.344 E/wificond(  704): Failed to get NL80211_STA_INFO_CNAHLOAD
03-18 21:25:51.086 E/HwUsbHDBManager( 1187): open Socket lock failed
03-18 21:25:52.088 E/HwUsbHDBManager( 1187): open Socket lock failed
03-18 21:25:52.597 V/BroadcastQueue( 1187): Finished with ordered broadcast BroadcastRecord{3713fa5 u0 com.tencent.android.tpush.service.channel.heartbeatIntent}
03-18 21:25:52.603 V/BroadcastQueue( 1187): Finished with ordered broadcast BroadcastRecord{73a8f7a u0 com.tencent.mobileqq:MSF_141922948}
03-18 21:25:52.603 D/SmartHeartBeat( 1187): setAlarmsPending ...
03-18 21:25:52.608 D/SmartHeartBeat( 1187): setAlarmsPending ...
03-18 21:25:53.090 E/HwUsbHDBManager( 1187): open Socket lock failed
03-18 21:25:53.378 E/wificond(  704): Failed to get NL80211_STA_INFO_CNAHLOAD
03-18 21:25:54.091 E/HwUsbHDBManager( 1187): open Socket lock failed
03-18 21:25:55.093 I/chatty  ( 1187): uid=1000(system) HwUsbHDBManager identical 1 line
03-18 21:25:56.094 E/HwUsbHDBManager( 1187): open Socket lock failed
03-18 21:25:56.414 E/wificond(  704): Failed to get NL80211_STA_INFO_CNAHLOAD
03-18 21:25:57.096 E/HwUsbHDBManager( 1187): open Socket lock failed
03-18 21:25:57.939 V/ActivityManager( 1187): startProcess: name=com.tencent.tmgp.WePop:xg_service_v3 app=null knownToBeDead=true thread=null pid=-1
03-18 21:25:57.965 I/ActivityManager( 1187): Start proc 28205:com.tencent.tmgp.WePop:xg_service_v3/u0a184 for service com.tencent.tmgp.WePop/com.tencent.android.tpush.service.XGPushServiceV3
03-18 21:25:57.970 D/SmartHeartBeat( 1187): setAlarmsPending ...
03-18 21:25:58.008 D/ActivityThread(28205): ActivityThread,attachApplication
03-18 21:25:58.010 D/ActivityManager( 1187): ActivityManagerService,attachApplication,callingPid = 28205
03-18 21:25:58.020 E/wificond(  704): Failed to get NL80211_STA_INFO_CNAHLOAD
03-18 21:25:58.030 E/wificond(  704): Failed to get NL80211_STA_INFO_CNAHLOAD
03-18 21:25:58.097 E/HwUsbHDBManager( 1187): open Socket lock failed
03-18 21:25:58.267 I/ActivityManager( 1187): Need to start process com.tencent.tmgp.WePop for provider ContentProviderInfo{name=com.tencent.tmgp.WePop.TPUSH_PROVIDER className=com.tencent.android.tpush.SettingsContentProvider}, callerApp: ProcessRecord{e02732b 28205:com.tencent.tmgp.WePop:xg_service_v3/u0a184}
03-18 21:25:58.267 V/ActivityManager( 1187): startProcess: name=com.tencent.tmgp.WePop app=null knownToBeDead=false thread=null pid=-1
03-18 21:25:58.283 I/ActivityManager( 1187): Start proc 28227:com.tencent.tmgp.WePop/u0a184 for content provider com.tencent.tmgp.WePop/com.tencent.android.tpush.SettingsContentProvider
03-18 21:25:58.286 V/ActivityManager_MU( 1187): Waiting to start provider ContentProviderRecord{f793d2 u0 com.tencent.tmgp.WePop/com.tencent.android.tpush.SettingsContentProvider} launchingApp=ProcessRecord{7522946 28227:com.tencent.tmgp.WePop/u0a184} caller pid= 28205
03-18 21:25:58.297 D/ActivityThread(28227): ActivityThread,attachApplication
03-18 21:25:58.298 D/ActivityManager( 1187): ActivityManagerService,attachApplication,callingPid = 28227
03-18 21:25:58.378 V/ActivityManager( 1187): Successfully start provider ContentProviderRecord{f793d2 u0 com.tencent.tmgp.WePop/com.tencent.android.tpush.SettingsContentProvider} launchingApp=ProcessRecord{7522946 28227:com.tencent.tmgp.WePop/u0a184} caller pid= 28205
03-18 21:25:58.648 V/ActivityManager( 1187): Attempted to start a foreground service (ComponentInfo{com.tencent.tmgp.WePop/com.tencent.android.tpush.service.XGPushServiceV3}) with a broken notification (no icon: Notification(channel=null pri=0 contentView=null vibrate=null sound=null defaults=0x0 flags=0x40 color=0x00000000 vis=PRIVATE))
03-18 21:25:58.650 V/ActivityManager( 1187): startProcess: name=com.tencent.tmgp.WePop:xg_service_v4 app=null knownToBeDead=true thread=null pid=-1
03-18 21:25:58.669 I/ActivityManager( 1187): Start proc 28250:com.tencent.tmgp.WePop:xg_service_v4/u0a184 for service com.tencent.tmgp.WePop/com.tencent.android.tpush.service.XGDaemonService
03-18 21:25:58.693 D/ActivityThread(28250): ActivityThread,attachApplication
03-18 21:25:58.694 D/ActivityManager( 1187): ActivityManagerService,attachApplication,callingPid = 28250
03-18 21:25:58.770 V/ActivityManager( 1187): Attempted to start a foreground service (ComponentInfo{com.tencent.tmgp.WePop/com.tencent.android.tpush.service.XGDaemonService}) with a broken notification (no icon: Notification(channel=null pri=0 contentView=null vibrate=null sound=null defaults=0x0 flags=0x40 color=0x00000000 vis=PRIVATE))
03-18 21:25:59.098 E/HwUsbHDBManager( 1187): open Socket lock failed
03-18 21:25:59.429 E/wificond(  704): Failed to get NL80211_STA_INFO_CNAHLOAD
03-18 21:26:00.004 V/AlarmManager( 1187): Received TIME_TICK alarm; rescheduling
03-18 21:26:00.010 I/HwAlarmManagerService( 1187): hwSetAlarm listenerTag: time_tick
03-18 21:26:00.089 V/BroadcastQueue( 1187): Finished with ordered broadcast BroadcastRecord{c24c6ef u-1 android.intent.action.TIME_TICK}
03-18 21:26:00.099 E/HwUsbHDBManager( 1187): open Socket lock failed
--------- beginning of main
03-18 21:26:00.112 W/ExpandableNotificationRow( 1604): setActionsBackground,null == view,mPublicLayout
03-18 21:26:00.112 W/ExpandableNotificationRow( 1604): setActionsBackground,null == view,mPrivateLayout
03-18 21:26:00.112 W/ExpandableNotificationRow( 1604): setActionsBackground,null == view,mPublicLayout
03-18 21:26:00.112 W/ExpandableNotificationRow( 1604): setActionsBackground,null == view,mPrivateLayout
03-18 21:26:00.113 W/ExpandableNotificationRow( 1604): setActionsBackground,null == view,mPublicLayout
03-18 21:26:00.113 W/ExpandableNotificationRow( 1604): setActionsBackground,null == view,mPrivateLayout
03-18 21:26:00.114 W/ExpandableNotificationRow( 1604): setActionsBackground,null == view,mPublicLayout
03-18 21:26:00.114 W/ExpandableNotificationRow( 1604): setActionsBackground,null == view,mPrivateLayout
03-18 21:26:00.114 W/ExpandableNotificationRow( 1604): setActionsBackground,null == view,mPublicLayout
03-18 21:26:00.114 W/ExpandableNotificationRow( 1604): setActionsBackground,null == view,mPrivateLayout
03-18 21:26:00.114 W/ExpandableNotificationRow( 1604): setActionsBackground,null == view,mPublicLayout
03-18 21:26:00.114 W/ExpandableNotificationRow( 1604): setActionsBackground,null == view,mPrivateLayout
03-18 21:26:00.115 W/ExpandableNotificationRow( 1604): setActionsBackground,null == view,mPublicLayout
03-18 21:26:00.115 W/ExpandableNotificationRow( 1604): setActionsBackground,null == view,mPrivateLayout
03-18 21:26:00.115 W/ExpandableNotificationRow( 1604): setActionsBackground,null == view,mPublicLayout
03-18 21:26:00.115 W/ExpandableNotificationRow( 1604): setActionsBackground,null == view,mPrivateLayout
03-18 21:26:00.116 W/ExpandableNotificationRow( 1604): setActionsBackground,null == view,mPublicLayout
03-18 21:26:00.116 W/ExpandableNotificationRow( 1604): setActionsBackground,null == view,mPrivateLayout
03-18 21:26:00.116 W/ExpandableNotificationRow( 1604): setActionsBackground,null == view,mPublicLayout
03-18 21:26:00.116 W/ExpandableNotificationRow( 1604): setActionsBackground,null == view,mPrivateLayout
03-18 21:26:00.117 W/HwKeyguardDragHelper( 1604): AnimationBlocked
03-18 21:26:00.148 D/WeatherHelper( 1604): City info empty
03-18 21:26:00.150 D/DateTimeView( 1604): Change to single clock mode!
03-18 21:26:00.153 D/WeatherHelper( 1604): City info empty
03-18 21:26:00.153 D/WeatherHelper( 1604): City info empty
03-18 21:26:00.155 D/DateTimeView( 1604): Change to single clock mode!
03-18 21:26:00.157 D/WeatherHelper( 1604): City info empty
03-18 21:26:00.913 W/ResourceType( 1604): No package identifier when getting value for resource number 0x00000000
03-18 21:26:00.914 E/HwNotchUtils( 1604): setIconForView iconId is not found
03-18 21:26:00.914 W/ResourceType( 1604): No package identifier when getting value for resource number 0x00000000
03-18 21:26:00.914 E/HwNotchUtils( 1604): setIconForView iconId is not found
03-18 21:26:01.100 I/chatty  ( 1187): uid=1000(system) HwUsbHDBManager identical 1 line
03-18 21:26:02.102 E/HwUsbHDBManager( 1187): open Socket lock failed
03-18 21:26:02.264 I/chatty  ( 1187): uid=1000(system) LocationThread expire 4 lines
03-18 21:26:02.278 W/ContextImpl( 1187): Calling a method in the system process without a qualified user: android.app.ContextImpl.startService:1656 com.android.server.HwLocationManagerService.startLBSService:799 com.android.server.HwLocationManagerService.hwLocationHandleMessage:294 com.android.server.LocationManagerService$LocationWorkerHandler.handleMessage:3328 android.os.Handler.dispatchMessage:108 
03-18 21:26:02.279 V/ActivityManager( 1187): startProcess: name=com.huawei.lbs app=null knownToBeDead=true thread=null pid=-1
03-18 21:26:02.313 I/ActivityManager( 1187): Start proc 28284:com.huawei.lbs/1000 for service com.huawei.lbs/.HwLBSService
03-18 21:26:02.315 I/        (28284): power log dlsym ok
03-18 21:26:02.320 W/ContextImpl( 1187): Calling a method in the system process without a qualified user: android.app.ContextImpl.bindService:1736 com.android.server.HwLocationManagerService.bindLBSService:813 com.android.server.HwLocationManagerService.hwLocationHandleMessage:295 com.android.server.LocationManagerService$LocationWorkerHandler.handleMessage:3328 android.os.Handler.dispatchMessage:108 
03-18 21:26:02.323 I/chatty  (28284): uid=1000(system) com.huawei.lbs identical 31 lines
03-18 21:26:02.347 D/ActivityThread(28284): ActivityThread,attachApplication
03-18 21:26:02.348 D/ActivityManager( 1187): ActivityManagerService,attachApplication,callingPid = 28284
03-18 21:26:02.373 W//system/bin/hwservicemanager(  444): Cannot open /odm/manifest_BLA-AL00.xml
03-18 21:26:02.374 W//system/bin/hwservicemanager(  444): Cannot open /odm/manifest.xml
03-18 21:26:02.431 W//system/bin/hwservicemanager(  444): Cannot open /odm/manifest_BLA-AL00.xml
03-18 21:26:02.431 W//system/bin/hwservicemanager(  444): Cannot open /odm/manifest.xml
03-18 21:26:02.435 E/WifiHAL (  599): enter wifi_get_link_stats
03-18 21:26:02.461 E/wificond(  704): Failed to get NL80211_STA_INFO_CNAHLOAD
03-18 21:26:02.462 I/chatty  ( 1187): uid=1000(system) WifiStateMachin expire 28 lines
03-18 21:26:02.462 I/chatty  ( 1187): uid=1000(system) HwWifiCHRStateM expire 17 lines
03-18 21:26:02.523 D/WifiService( 1187): startScan, pid:28284, uid:1000, appName:com.huawei.lbs
03-18 21:26:02.526 I/chatty  ( 1187): uid=1000(system) Binder:1187_8 expire 20 lines
03-18 21:26:02.554 I/WifiHAL (  599): Got channel list with 13 channels
03-18 21:26:02.562 I/WifiHAL (  599): Got channel list with 9 channels
03-18 21:26:02.564 I/WifiHAL (  599): Got channel list with 4 channels
03-18 21:26:02.586 D/wpa_supp(12297): nl80211: Drv Event 33 (NL80211_CMD_TRIGGER_SCAN) received for wlan0
03-18 21:26:02.586 D/wpa_supp(12297): wlan0: nl80211: Scan trigger
03-18 21:26:02.594 D/wpa_supp(12297): wlan0: Event SCAN_STARTED (47) received
03-18 21:26:02.594 D/wpa_supp(12297): wlan0: External program started a scan
03-18 21:26:02.595 I/HwAlarmManagerService( 1187): hwSetAlarm listenerTag: WificondScannerImpl Scan Timeout
03-18 21:26:02.603 W//system/bin/hwservicemanager(  444): Cannot open /odm/manifest_BLA-AL00.xml
03-18 21:26:02.603 W//system/bin/hwservicemanager(  444): Cannot open /odm/manifest.xml
03-18 21:26:02.617 I/FusionDaemon(  728): (registerLbsServiceCallback:61):FusdLbs: registerLbsServiceCallback.
03-18 21:26:02.625 I/chatty  ( 1187): uid=1000 system_server expire 40 lines
03-18 21:26:02.627 I/FusionDaemon(  728): (sendNetworkRoamingState:150):FusdLbs: sendNetworkRoamingState.
03-18 21:26:02.629 D/NcDft_ServiceImpl( 1902): notifyNcDftEvent domain is : 0 ;eventID is: 25 ;List is [0, 1, 1.5.1.8]
03-18 21:26:02.629 I/chatty  (28284): uid=1000(system) higeo_device_st expire 2 lines
03-18 21:26:02.629 D/NcDft_HwLBSService.HiGeoSessionEvent( 1902): setLbsVersion:1.5.1.8
03-18 21:26:03.103 E/HwUsbHDBManager( 1187): open Socket lock failed
03-18 21:26:03.466 E/Thermal-daemon(  703): [shell_temp] temp_new :33  temp_old :32
03-18 21:26:03.468 E/Thermal-daemon(  703): Report temperature: [shell_temp] temp :33  report_threshold:1
03-18 21:26:03.472 E/Thermal-daemon(  703): [ap] temp_new :37  temp_old :38
03-18 21:26:03.473 E/Thermal-daemon(  703): Report temperature: [ap] temp :37  report_threshold:1
03-18 21:26:03.473 I/chatty  ( 1930): uid=1000(system) thermal-core-th expire 7 lines
03-18 21:26:03.583 I/chatty  (28284): uid=1000(system) wifilocation_ha expire 1 line
03-18 21:26:03.597 D/HwLBSService.WiFiLocationController(28284): openHerePositionConnection ,isTestMode:false,Here Service Version:1.14.1
03-18 21:26:03.616 W/ContextImpl(28284): Calling a method in the system process without a qualified user: android.app.ContextImpl.bindService:1736 android.content.ContextWrapper.bindService:678 com.here.odnp.util.OdnpContext.bindService:65 com.here.services.internal.ServiceUtil$ServiceInfo.bind:85 com.here.services.internal.ServiceUtil.bindLocationService:141 
03-18 21:26:03.766 W/libc    (  528): Set property "hw.wifi.dns_stat" to "3133,741,14020,1,119646"
03-18 21:26:03.919 W/Thread-5(28284): type=1400 audit(0.0:6495): avc: denied { read } for name="u:object_r:serialno_prop:s0" dev="tmpfs" ino=14395 scontext=u:r:system_app:s0 tcontext=u:object_r:serialno_prop:s0 tclass=file permissive=0
03-18 21:26:03.926 E/libc    (28284): Access denied finding property "ro.serialno"
03-18 21:26:03.927 W/Thread-5(28284): type=1400 audit(0.0:6496): avc: denied { read } for name="u:object_r:serialno_prop:s0" dev="tmpfs" ino=14395 scontext=u:r:system_app:s0 tcontext=u:object_r:serialno_prop:s0 tclass=file permissive=0
03-18 21:26:03.933 E/libc    (28284): Access denied finding property "ro.serialno"
03-18 21:26:03.939 W/Thread-5(28284): type=1400 audit(0.0:6497): avc: denied { read } for name="u:object_r:serialno_prop:s0" dev="tmpfs" ino=14395 scontext=u:r:system_app:s0 tcontext=u:object_r:serialno_prop:s0 tclass=file permissive=0
03-18 21:26:03.939 W/Thread-5(28284): type=1400 audit(0.0:6498): avc: denied { read } for name="u:object_r:serialno_prop:s0" dev="tmpfs" ino=14395 scontext=u:r:system_app:s0 tcontext=u:object_r:serialno_prop:s0 tclass=file permissive=0
03-18 21:26:03.939 W/Thread-5(28284): type=1400 audit(0.0:6499): avc: denied { read } for name="u:object_r:serialno_prop:s0" dev="tmpfs" ino=14395 scontext=u:r:system_app:s0 tcontext=u:object_r:serialno_prop:s0 tclass=file permissive=0
03-18 21:26:03.943 E/libc    (28284): Access denied finding property "ro.serialno"
03-18 21:26:03.945 E/libc    (28284): Access denied finding property "ro.serialno"
03-18 21:26:03.946 E/libc    (28284): Access denied finding property "ro.serialno"
03-18 21:26:03.963 W/Thread-5(28284): type=1400 audit(0.0:6500): avc: denied { read } for name="u:object_r:serialno_prop:s0" dev="tmpfs" ino=14395 scontext=u:r:system_app:s0 tcontext=u:object_r:serialno_prop:s0 tclass=file permissive=0
03-18 21:26:03.963 W/Thread-5(28284): type=1400 audit(0.0:6501): avc: denied { read } for name="u:object_r:serialno_prop:s0" dev="tmpfs" ino=14395 scontext=u:r:system_app:s0 tcontext=u:object_r:serialno_prop:s0 tclass=file permissive=0
03-18 21:26:03.970 E/libc    (28284): Access denied finding property "ro.serialno"
03-18 21:26:03.971 E/libc    (28284): Access denied finding property "ro.serialno"
03-18 21:26:04.033 D/TelephonyManager(28284): getCellLocation calling app is com.huawei.lbs
03-18 21:26:04.035 W/PhoneInterfaceManager( 1943): shouldBlockLocation running ...
03-18 21:26:04.035 I/PhoneInterfaceManager( 1943): shouldBlockLocation  ret:false
03-18 21:26:04.042 W/ContextImpl(28284): Calling a method in the system process without a qualified user: android.app.ContextImpl.bindService:1736 android.content.ContextWrapper.bindService:678 com.here.services.location.internal.PositioningClient.bindService:681 com.here.services.location.internal.PositioningClient.connect:513 com.here.services.location.internal.LocationServicesController.connect:32 
03-18 21:26:04.045 W/ContextImpl(28284): Calling a method in the system process without a qualified user: android.app.ContextImpl.bindService:1736 android.content.ContextWrapper.bindService:678 com.here.odnp.util.OdnpContext.bindService:65 com.here.services.radiomap.internal.RadioMapManagerClient.bindService:472 com.here.services.radiomap.internal.RadioMapManagerClient.connect:453 
03-18 21:26:04.051 D/HwLBSService.WiFiLocationController(28284): Here Service has Connected
03-18 21:26:04.052 D/HwLBSService.HWRadioMapManager(28284): initHereRadioMapServices
03-18 21:26:04.052 D/HwLBSService.HWRadioMapManager(28284): requestCurrentLocationUpdates
03-18 21:26:04.052 D/HwLBSService.HWRadioMapManager(28284): mRadioMapManagerHandler no message MSG_GPS_LOCATION_UPDATED_TIMEOUT.
03-18 21:26:04.104 E/HwUsbHDBManager( 1187): open Socket lock failed
03-18 21:26:04.848 D/wpa_supp(12297): nl80211: Drv Event 34 (NL80211_CMD_NEW_SCAN_RESULTS) received for wlan0
03-18 21:26:04.848 D/wpa_supp(12297): wlan0: nl80211: New scan results available
03-18 21:26:04.849 D/wpa_supp(12297): nl80211: Scan probed for SSID ''
03-18 21:26:04.849 D/wpa_supp(12297): nl80211: Scan included frequencies: 2412 2417 2422 2427 2432 2437 2442 2447 2452 2457 2462 2467 2472 5180 5200 5220 5240 5260 5280 5300 5320 5745 5765 5785 5805 5825
03-18 21:26:04.849 D/wpa_supp(12297): wlan0: Event SCAN_RESULTS (3) received
03-18 21:26:04.852 W/SocketListener(  528): sending broadcast to Pid = 1187, Uid = 1000 
03-18 21:26:04.854 D/NetdConnector( 1187): RCV <- {600 Iface linkstate wlan0 up}
03-18 21:26:04.857 D/NetdConnector( 1187): RCV <- {600 Iface linkstate wlan0 up}
03-18 21:26:04.858 D/wpa_supp(12297): nl80211: Received scan results (56 BSSes)
03-18 21:26:04.859 D/wpa_supp(12297): nl80211: Scan results indicate BSS status with 00:**:**:**:c6:7d as associated
03-18 21:26:04.859 D/NetdConnector( 1187): RCV unsolicited event from native daemon, event = 600
03-18 21:26:04.864 D/wpa_supp(12297): wlan0: BSS: Start scan result update 66
03-18 21:26:04.869 D/wpa_supp(12297): BSS: last_scan_res_used=56/128
03-18 21:26:04.869 D/wpa_supp(12297): wlan0: New scan results available (own=0 ext=1)
03-18 21:26:04.869 D/wpa_supp(12297): wlan0: Do not use results from externally requested scan operation for network selection
03-18 21:26:04.869 D/wpa_supp(12297): p2p-dev-wlan0: Updating scan results from sibling
03-18 21:26:04.870 D/wpa_supp(12297): nl80211: Received scan results (56 BSSes)
03-18 21:26:04.871 D/wpa_supp(12297): p2p-dev-wlan0: BSS: Start scan result update 50
03-18 21:26:04.872 D/wpa_supp(12297): BSS: last_scan_res_used=56/128
03-18 21:26:04.873 D/wpa_supp(12297): p2p-dev-wlan0: New scan results available (own=0 ext=1)
03-18 21:26:04.873 D/wpa_supp(12297): p2p-dev-wlan0: Do not use results from externally requested scan operation for network selection
03-18 21:26:04.882 I/chatty  ( 1187): uid=1000(system) WifiScanningSer expire 12 lines
03-18 21:26:04.924 D/ConnectSwitchReceiver(27520): onReceive() begin
03-18 21:26:04.925 D/ConnectSwitchReceiver(27520): is not CMCC
03-18 21:26:04.927 V/BroadcastQueue( 1187): Finished with ordered broadcast BroadcastRecord{a74c2eb u-1 android.net.wifi.SCAN_RESULTS}
03-18 21:26:04.934 I/chatty  ( 1187): uid=1000(system) HwIntelligenceS expire 1 line
03-18 21:26:05.105 E/HwUsbHDBManager( 1187): open Socket lock failed
03-18 21:26:05.465 E/WifiHAL (  599): enter wifi_get_link_stats
03-18 21:26:05.492 E/wificond(  704): Failed to get NL80211_STA_INFO_CNAHLOAD
03-18 21:26:05.879 E/WifiHAL (  599): enter wifi_get_link_stats
03-18 21:26:05.891 E/BatteryStatsService( 1187): no controller energy info supplied
03-18 21:26:05.914 E/BatteryStatsService( 1187): modem info is invalid: ModemActivityInfo{ mTimestamp=0 mSleepTimeMs=0 mIdleTimeMs=0 mTxTimeMs[]=[0, 0, 0, 0, 0] mRxTimeMs=0 mEnergyUsed=0}
03-18 21:26:06.032 E/wificond(  704): Failed to get NL80211_STA_INFO_CNAHLOAD
03-18 21:26:06.044 E/wificond(  704): Failed to get NL80211_STA_INFO_CNAHLOAD
03-18 21:26:06.046 I/chatty  ( 1187): uid=1000(system) HuaweiWifiWatch expire 33 lines
03-18 21:26:06.048 I/chatty  ( 1187): uid=1000(system) wifipro_uid_tcp expire 4 lines
03-18 21:26:06.106 E/HwUsbHDBManager( 1187): open Socket lock failed
03-18 21:26:07.108 I/chatty  ( 1187): uid=1000(system) HwUsbHDBManager identical 1 line
03-18 21:26:08.110 E/HwUsbHDBManager( 1187): open Socket lock failed
03-18 21:26:08.474 E/Thermal-daemon(  703): [shell_temp] temp_new :32  temp_old :33
03-18 21:26:08.476 E/Thermal-daemon(  703): Report temperature: [shell_temp] temp :32  report_threshold:1
03-18 21:26:08.477 E/Thermal-daemon(  703): [pa_0] temp_new :35  temp_old :36
03-18 21:26:08.477 I/chatty  ( 1930): uid=1000(system) Binder:1930_A expire 13 lines
03-18 21:26:08.477 E/Thermal-daemon(  703): Report temperature: [pa_0] temp :35  report_threshold:1
03-18 21:26:08.504 E/WifiHAL (  599): enter wifi_get_link_stats
03-18 21:26:08.538 E/wificond(  704): Failed to get NL80211_STA_INFO_CNAHLOAD
03-18 21:26:08.728 W/Watchdog( 1187): hungtask: writing kick
03-18 21:26:09.113 E/HwUsbHDBManager( 1187): open Socket lock failed
03-18 21:26:10.115 I/chatty  ( 1187): uid=1000(system) HwUsbHDBManager identical 1 line
03-18 21:26:11.118 E/HwUsbHDBManager( 1187): open Socket lock failed
03-18 21:26:11.547 E/WifiHAL (  599): enter wifi_get_link_stats
03-18 21:26:11.570 E/wificond(  704): Failed to get NL80211_STA_INFO_CNAHLOAD
03-18 21:26:12.121 E/HwUsbHDBManager( 1187): open Socket lock failed
03-18 21:26:13.124 E/HwUsbHDBManager( 1187): open Socket lock failed
03-18 21:26:13.482 E/Thermal-daemon(  703): [charger_ic] temp_new :35  temp_old :36
03-18 21:26:13.484 E/Thermal-daemon(  703): Report temperature: [charger_ic] temp :35  report_threshold:1
03-18 21:26:14.044 E/wificond(  704): Failed to get NL80211_STA_INFO_CNAHLOAD
03-18 21:26:14.044 I/chatty  ( 1187): uid=1000(system) WifiStateMachin expire 19 lines
03-18 21:26:14.045 I/chatty  ( 1187): uid=1000(system) HwWifiCHRStateM expire 21 lines
03-18 21:26:14.056 E/wificond(  704): Failed to get NL80211_STA_INFO_CNAHLOAD
03-18 21:26:14.057 I/chatty  ( 1187): uid=1000 system_server expire 49 lines
03-18 21:26:14.126 E/HwUsbHDBManager( 1187): open Socket lock failed
03-18 21:26:14.369 E//system/bin/storaged(  699): pid_info get_pids failed
03-18 21:26:14.479 W/SocketListener(  528): sending broadcast to Pid = 1187, Uid = 1000 
03-18 21:26:14.482 D/NetdConnector( 1187): RCV <- {613 IfaceClass idle 1 886641624297248}
03-18 21:26:14.485 D/NetdConnector( 1187): RCV <- {613 IfaceClass idle 1 886641624297248}
03-18 21:26:14.487 D/NetdConnector( 1187): RCV unsolicited event from native daemon, event = 613
03-18 21:26:14.492 E/WifiHAL (  599): enter wifi_get_link_stats
03-18 21:26:14.493 V/BroadcastQueue( 1187): Finished with ordered broadcast BroadcastRecord{3dcc848 u-1 android.net.conn.DATA_ACTIVITY_CHANGE}
03-18 21:26:14.574 E/WifiHAL (  599): enter wifi_get_link_stats
03-18 21:26:14.601 E/wificond(  704): Failed to get NL80211_STA_INFO_CNAHLOAD
03-18 21:26:15.129 E/HwUsbHDBManager( 1187): open Socket lock failed
03-18 21:26:16.131 E/HwUsbHDBManager( 1187): open Socket lock failed
03-18 21:26:16.503 I/ArData  (  553): (ar_data_netlink_cb:789):cmd[2].length[40]
03-18 21:26:16.657 W/SocketListener(  528): sending broadcast to Pid = 1187, Uid = 1000 
03-18 21:26:16.659 D/NetdConnector( 1187): RCV <- {613 IfaceClass active 1 886643805072768 0}
03-18 21:26:16.661 D/NetdConnector( 1187): RCV <- {613 IfaceClass active 1 886643805072768 0}
03-18 21:26:16.663 D/NetdConnector( 1187): RCV unsolicited event from native daemon, event = 613
03-18 21:26:16.667 E/WifiHAL (  599): enter wifi_get_link_stats
03-18 21:26:16.668 V/BroadcastQueue( 1187): Finished with ordered broadcast BroadcastRecord{9b766e1 u-1 android.net.conn.DATA_ACTIVITY_CHANGE}
03-18 21:26:17.133 E/HwUsbHDBManager( 1187): open Socket lock failed
03-18 21:26:17.182 I/chatty  ( 1187): uid=1000(system) WiFiArpStateMac expire 22 lines
03-18 21:26:17.606 E/WifiHAL (  599): enter wifi_get_link_stats
03-18 21:26:17.630 E/wificond(  704): Failed to get NL80211_STA_INFO_CNAHLOAD
03-18 21:26:17.965 W/ResourceType( 1604): No package identifier when getting value for resource number 0x00000000
03-18 21:26:17.965 E/HwNotchUtils( 1604): setIconForView iconId is not found
03-18 21:26:17.966 W/ResourceType( 1604): No package identifier when getting value for resource number 0x00000000
03-18 21:26:17.966 E/HwNotchUtils( 1604): setIconForView iconId is not found
03-18 21:26:18.136 E/HwUsbHDBManager( 1187): open Socket lock failed
03-18 21:26:18.491 E/Thermal-daemon(  703): [ap] temp_new :36  temp_old :37
03-18 21:26:18.493 E/Thermal-daemon(  703): Report temperature: [ap] temp :36  report_threshold:1
03-18 21:26:18.726 I/XINGE   (28205): [XGService] pullupXGServices com.tencent.tmgp.speedmobile
03-18 21:26:18.791 W/ActivityManager( 1187): Permission Denial: service asks to run as user -2 but is calling from user 0; this requires android.permission.INTERACT_ACROSS_USERS_FULL or android.permission.INTERACT_ACROSS_USERS
03-18 21:26:18.855 I/XINGE   (28205): [XGService] pullupXGServices com.tencent.rdm
03-18 21:26:18.953 I/XINGE   (28205): [XGService] pullupXGServices com.tencent.tmgp.WePop
03-18 21:26:18.954 I/XINGE   (28205): [XGService] pullupXGServices com.tencent.tmgp.WePopTest
03-18 21:26:18.997 I/chatty  ( 1187): uid=1000(system) Binder:1187_8 identical 2 lines
03-18 21:26:19.052 I/XINGE   (28205): [XGService] pullupXGServices myworkspace.mobile.clients.android
03-18 21:26:19.095 W/ActivityManager( 1187): Permission Denial: service asks to run as user -2 but is calling from user 0; this requires android.permission.INTERACT_ACROSS_USERS_FULL or android.permission.INTERACT_ACROSS_USERS
03-18 21:26:19.138 E/HwUsbHDBManager( 1187): open Socket lock failed
03-18 21:26:19.232 I/chatty  ( 1187): uid=1000(system) HwWifiStatStore expire 20 lines
03-18 21:26:19.412 D/ApkThreadFactory(27691): XThreadFactory create: ApkThreadFactory-3. @java.util.concurrent.ThreadPoolExecutor$Worker@a411dce[State = -1, empty queue] @in thread 3817 call from -->com.huawei.cspcommon.ex.ThreadEx$XThreadFactory:newThread(ThreadEx.java:173)
03-18 21:26:20.140 E/HwUsbHDBManager( 1187): open Socket lock failed
03-18 21:26:20.637 E/WifiHAL (  599): enter wifi_get_link_stats
03-18 21:26:20.665 E/wificond(  704): Failed to get NL80211_STA_INFO_CNAHLOAD
03-18 21:26:21.144 E/HwUsbHDBManager( 1187): open Socket lock failed
03-18 21:26:21.797 I/zygote64( 1902): Background concurrent copying GC freed 29494(1828KB) AllocSpace objects, 58(1160KB) LOS objects, 71% free, 2MB/8MB, paused 16.018ms total 120.975ms
03-18 21:26:22.051 E/wificond(  704): Failed to get NL80211_STA_INFO_CNAHLOAD
03-18 21:26:22.067 E/wificond(  704): Failed to get NL80211_STA_INFO_CNAHLOAD
03-18 21:26:22.068 I/chatty  ( 1187): uid=1000(system) HuaweiWifiWatch expire 58 lines
03-18 21:26:22.146 E/HwUsbHDBManager( 1187): open Socket lock failed
03-18 21:26:23.148 E/HwUsbHDBManager( 1187): open Socket lock failed
03-18 21:26:23.670 E/WifiHAL (  599): enter wifi_get_link_stats
03-18 21:26:23.698 E/wificond(  704): Failed to get NL80211_STA_INFO_CNAHLOAD
03-18 21:26:24.150 E/HwUsbHDBManager( 1187): open Socket lock failed
03-18 21:26:25.153 E/HwUsbHDBManager( 1187): open Socket lock failed
03-18 21:26:25.266 I/chatty  ( 1187): uid=1000(system) StatisticsCHRMs expire 5 lines
03-18 21:26:25.279 W/ContextImpl( 1187): Calling a method in the system process without a qualified user: android.app.ContextImpl.startService:1656 com.huawei.chrfile.client.NcLogCollectManager.bindToService:145 com.huawei.chrfile.client.NcLogCollectManager.getUserType:124 com.huawei.connectivitylog.LogManager.isCommercialUser:153 java.lang.reflect.Method.invoke:-2 
03-18 21:26:25.280 W/ActivityManager( 1187): Unable to start service Intent { act=com.huawei.chrfile.service.INcLogCollect cmp=com.huawei.imonitor/com.huawei.chrfile.service.NcLogCollectService } U=0: not found
03-18 21:26:25.281 W/ContextImpl( 1187): Calling a method in the system process without a qualified user: android.app.ContextImpl.bindService:1736 com.huawei.chrfile.client.NcLogCollectManager.bindToService:151 com.huawei.chrfile.client.NcLogCollectManager.getUserType:124 com.huawei.connectivitylog.LogManager.isCommercialUser:153 java.lang.reflect.Method.invoke:-2 
03-18 21:26:25.281 W/ActivityManager( 1187): Unable to start service Intent { act=com.huawei.chrfile.service.INcLogCollect cmp=com.huawei.imonitor/com.huawei.chrfile.service.NcLogCollectService } U=0: not found
03-18 21:26:26.155 E/HwUsbHDBManager( 1187): open Socket lock failed
03-18 21:26:26.705 E/WifiHAL (  599): enter wifi_get_link_stats
03-18 21:26:26.732 E/wificond(  704): Failed to get NL80211_STA_INFO_CNAHLOAD
03-18 21:26:26.758 I/zygote64( 2778): Background concurrent copying GC freed 14137(726KB) AllocSpace objects, 0(0B) LOS objects, 89% free, 716KB/6MB, paused 13.639ms total 77.178ms
03-18 21:26:27.157 E/HwUsbHDBManager( 1187): open Socket lock failed
03-18 21:26:27.256 I/AppLogManager(27653): PrintWoker poll timeout , shutdown
03-18 21:26:28.081 I/chatty  ( 1187): uid=1000 system_server expire 61 lines
03-18 21:26:28.160 E/HwUsbHDBManager( 1187): open Socket lock failed
03-18 21:26:28.511 I/chatty  ( 1930): uid=1000(system) actions handler expire 29 lines
03-18 21:26:28.520 D/SmartHeartBeat( 1187): setAlarmsPending ...
03-18 21:26:28.522 I/chatty  ( 1187): uid=1000(system) Binder:1187_8 expire 9 lines
03-18 21:26:28.524 I/Pged-IPgedBinderService(  708): ****action is 1, pid num is 5***
03-18 21:26:28.524 I/Pged-Freezer(  708): freezePids
03-18 21:26:28.524 I/Pged-Freezer(  708): Freeze process: 28205
03-18 21:26:28.526 I/Pged-Freezer(  708): Freeze process: 28227
03-18 21:26:28.528 I/Pged-Freezer(  708): Freeze process: 28250
03-18 21:26:28.529 I/Pged-Freezer(  708): Freeze process: 28325
03-18 21:26:28.545 I/Netd    (  528): Destroyed 2 sockets for UidRanges{ 10184 } skip={} in 6.3 ms
03-18 21:26:28.555 I/AwareLog(  708): HibSTrategy::HibStrategySwapCandidateProcessAdd packagename com.tencent.tmgp.WePop
03-18 21:26:28.624 I/AwareLog(  708): HiberManagerService::do_reclaim ok, pid=28205
03-18 21:26:28.625 I/AwareLog(  708): HiberManagerService::getReclaimResult:reclaim_kb=9688, swap_kb=5656, swap_us=67630
03-18 21:26:28.660 I/AwareLog(  708): HiberManagerService::do_reclaim ok, pid=28227
03-18 21:26:28.661 I/AwareLog(  708): HiberManagerService::getReclaimResult:reclaim_kb=4900, swap_kb=3464, swap_us=35785
03-18 21:26:28.661 I/AwareLog(  708): HibStrategy::HibStrategySwapCandidateProcessRemove packagename is com.tencent.tmgp.WePop
03-18 21:26:28.661 I/AwareLog(  708): HiberManagerService::sendMessagetoHiberTask successful
03-18 21:26:29.162 E/HwUsbHDBManager( 1187): open Socket lock failed
03-18 21:26:29.739 E/WifiHAL (  599): enter wifi_get_link_stats
03-18 21:26:29.769 E/wificond(  704): Failed to get NL80211_STA_INFO_CNAHLOAD
03-18 21:26:29.770 I/chatty  ( 1187): uid=1000(system) WifiStateMachin expire 19 lines
03-18 21:26:29.771 I/chatty  ( 1187): uid=1000(system) HwWifiCHRStateM expire 27 lines
03-18 21:26:30.004 W/ResourceType( 1604): No package identifier when getting value for resource number 0x00000000
03-18 21:26:30.005 E/HwNotchUtils( 1604): setIconForView iconId is not found
03-18 21:26:30.005 W/ResourceType( 1604): No package identifier when getting value for resource number 0x00000000
03-18 21:26:30.005 E/HwNotchUtils( 1604): setIconForView iconId is not found
03-18 21:26:30.058 I/chatty  (  704): uid=1010(wifi) /system/bin/wificond identical 1 line
03-18 21:26:30.072 E/wificond(  704): Failed to get NL80211_STA_INFO_CNAHLOAD
03-18 21:26:30.164 E/HwUsbHDBManager( 1187): open Socket lock failed
03-18 21:26:31.166 I/chatty  ( 1187): uid=1000(system) HwUsbHDBManager identical 1 line
03-18 21:26:31.759 I/zygote  ( 2790): Background concurrent copying GC freed 5264(338KB) AllocSpace objects, 0(0B) LOS objects, 88% free, 789KB/6MB, paused 12.485ms total 70.036ms
03-18 21:26:32.170 E/HwUsbHDBManager( 1187): open Socket lock failed
03-18 21:26:32.775 E/WifiHAL (  599): enter wifi_get_link_stats
03-18 21:26:32.803 E/wificond(  704): Failed to get NL80211_STA_INFO_CNAHLOAD
03-18 21:26:33.173 E/HwUsbHDBManager( 1187): open Socket lock failed
03-18 21:26:34.083 D/HwLBSService.WiFiLocationController(28284): mCrowdsourcingDisabled generate fileX.bin message has come.
03-18 21:26:34.084 D/HwLBSService(28284): mCrowdsourcingDisabled filePath:/data/data/com.huawei.lbs/app_data/, exists fileX.bin:false
03-18 21:26:34.085 D/HwLBSService.WiFiLocationController(28284): mCrowdsourcingDisabled Crowdsourcing disable, not fileX.bin
03-18 21:26:34.175 I/chatty  ( 1187): uid=1000(system) HwUsbHDBManager identical 1 line
03-18 21:26:35.177 E/HwUsbHDBManager( 1187): open Socket lock failed
03-18 21:26:35.812 E/WifiHAL (  599): enter wifi_get_link_stats
03-18 21:26:35.839 E/wificond(  704): Failed to get NL80211_STA_INFO_CNAHLOAD
03-18 21:26:36.181 E/HwUsbHDBManager( 1187): open Socket lock failed
03-18 21:26:36.744 I/zygote64( 2809): Background concurrent copying GC freed 8213(371KB) AllocSpace objects, 4(80KB) LOS objects, 91% free, 601KB/6MB, paused 13.519ms total 52.422ms
03-18 21:26:37.182 E/HwUsbHDBManager( 1187): open Socket lock failed
03-18 21:26:38.068 E/wificond(  704): Failed to get NL80211_STA_INFO_CNAHLOAD
03-18 21:26:38.083 E/wificond(  704): Failed to get NL80211_STA_INFO_CNAHLOAD
03-18 21:26:38.184 E/HwUsbHDBManager( 1187): open Socket lock failed
03-18 21:26:38.731 W/Watchdog( 1187): hungtask: writing kick
03-18 21:26:38.843 E/WifiHAL (  599): enter wifi_get_link_stats
03-18 21:26:38.870 E/wificond(  704): Failed to get NL80211_STA_INFO_CNAHLOAD
03-18 21:26:39.186 E/HwUsbHDBManager( 1187): open Socket lock failed
03-18 21:26:39.510 D/ApkThreadFactory(27691): XThreadFactory create: ApkThreadFactory-4. @java.util.concurrent.ThreadPoolExecutor$Worker@39e1be8[State = -1, empty queue] @in thread 3817 call from -->com.huawei.cspcommon.ex.ThreadEx$XThreadFactory:newThread(ThreadEx.java:173)
03-18 21:26:40.188 I/chatty  ( 1187): uid=1000(system) HwUsbHDBManager identical 1 line
03-18 21:26:41.190 E/HwUsbHDBManager( 1187): open Socket lock failed
03-18 21:26:41.728 I/zygote64( 2816): Background concurrent copying GC freed 7242(314KB) AllocSpace objects, 0(0B) LOS objects, 92% free, 477KB/6MB, paused 5.489ms total 30.286ms
03-18 21:26:41.877 E/WifiHAL (  599): enter wifi_get_link_stats
03-18 21:26:41.905 E/wificond(  704): Failed to get NL80211_STA_INFO_CNAHLOAD
03-18 21:26:42.191 E/HwUsbHDBManager( 1187): open Socket lock failed
03-18 21:26:43.194 E/HwUsbHDBManager( 1187): open Socket lock failed
03-18 21:26:43.512 E/Thermal-daemon(  703): [battery] temp_new :33  temp_old :34
03-18 21:26:43.514 E/Thermal-daemon(  703): Report temperature: [battery] temp :33  report_threshold:1
03-18 21:26:43.517 E/Thermal-daemon(  703): [charger_ic] temp_new :34  temp_old :35
03-18 21:26:43.518 E/Thermal-daemon(  703): Report temperature: [charger_ic] temp :34  report_threshold:1
03-18 21:26:43.518 E/Thermal-daemon(  703): [ap] temp_new :35  temp_old :36
03-18 21:26:43.519 E/Thermal-daemon(  703): Report temperature: [ap] temp :35  report_threshold:1
03-18 21:26:43.597 W/SocketListener(  528): sending broadcast to Pid = 1187, Uid = 1000 
03-18 21:26:43.602 D/NetdConnector( 1187): RCV <- {613 IfaceClass idle 1 886670744259222}
03-18 21:26:43.605 D/NetdConnector( 1187): RCV <- {613 IfaceClass idle 1 886670744259222}
03-18 21:26:43.606 D/NetdConnector( 1187): RCV unsolicited event from native daemon, event = 613
03-18 21:26:43.611 E/WifiHAL (  599): enter wifi_get_link_stats
03-18 21:26:43.615 V/BroadcastQueue( 1187): Finished with ordered broadcast BroadcastRecord{1ce6292 u-1 android.net.conn.DATA_ACTIVITY_CHANGE}
03-18 21:26:44.197 E/HwUsbHDBManager( 1187): open Socket lock failed
03-18 21:26:44.292 I/chatty  ( 1187): uid=1000(system) android.display expire 12 lines
03-18 21:26:44.911 E/WifiHAL (  599): enter wifi_get_link_stats
03-18 21:26:44.941 E/wificond(  704): Failed to get NL80211_STA_INFO_CNAHLOAD
03-18 21:26:44.941 I/chatty  ( 1187): uid=1000(system) WifiStateMachin expire 19 lines
03-18 21:26:45.200 E/HwUsbHDBManager( 1187): open Socket lock failed
03-18 21:26:45.453 D/emcomd  (  676): [EMCOMD_NET] smartcare_samping_kernel# write 0 to /proc/sys/net/core/netmeasure
03-18 21:26:45.454 D/emcomd  (  676): [EMCOMD_NET] smartcare_report_sample# send sampling state 0 to service
03-18 21:26:45.454 D/emcomd  (  676): [EMCOMD_Socket] sendResponse# 
03-18 21:26:45.454 D/emcomd  (  676): [EMCOMD_Socket] sendResponse# Send Response to 10
03-18 21:26:45.455 D/emcomd  (  676): [EMCOMD_NET] smartcare_samping_stop# reset timer for smartcare_samping_start 10
03-18 21:26:45.455 I/chatty  ( 1187): uid=1000(system) DaemonClientRec expire 16 lines
03-18 21:26:45.476 I/chatty  ( 1187): uid=1000(system) infoProcessorth expire 2 lines
03-18 21:26:45.479 I/chatty  ( 1187): uid=1000(system) EmcomThread expire 6 lines
03-18 21:26:46.078 E/wificond(  704): Failed to get NL80211_STA_INFO_CNAHLOAD
03-18 21:26:46.093 E/wificond(  704): Failed to get NL80211_STA_INFO_CNAHLOAD
03-18 21:26:46.097 I/chatty  ( 1187): uid=1000 system_server expire 44 lines
03-18 21:26:46.202 E/HwUsbHDBManager( 1187): open Socket lock failed
03-18 21:26:47.205 E/HwUsbHDBManager( 1187): open Socket lock failed
03-18 21:26:47.950 E/WifiHAL (  599): enter wifi_get_link_stats
03-18 21:26:47.978 E/wificond(  704): Failed to get NL80211_STA_INFO_CNAHLOAD
03-18 21:26:47.979 I/chatty  ( 1187): uid=1000(system) HwWifiCHRStateM expire 15 lines
03-18 21:26:48.207 E/HwUsbHDBManager( 1187): open Socket lock failed
03-18 21:26:48.268 I/chatty  ( 1187): uid=1000(system) WiFiArpStateMac expire 12 lines
03-18 21:26:48.522 E/Thermal-daemon(  703): [pa_0] temp_new :34  temp_old :35
