04-03 16:46:37.495 W/ActivityThread( 3824): ClassLoader.loadClass: The class loader returned by Thread.getContextClassLoader() may fail for processes that host multiple applications. You should explicitly specify a context class loader. For example: Thread.setContextClassLoader(getClass().getClassLoader());
04-03 16:46:37.515 W/ContextImpl( 5441): Calling a method in the system process without a qualified user: android.app.ContextImpl.startService:1529 android.content.ContextWrapper.startService:494 miui.core.SdkManager$1.run:189 android.os.Handler.handleCallback:733 android.os.Handler.dispatchMessage:95 
04-03 16:46:37.515 I/ActivityManager( 1321): Killing 5149:com.miui.virtualsim/1001 (adj 15): empty #9
04-03 16:46:37.555 W/BroadcastQueue( 1321): System app: "com.android.fileexplorer" started by broadcast Intent { act=android.net.conn.CONNECTIVITY_CHANGE flg=0x4000010 (has extras) }
04-03 16:46:37.575 I/ActivityManager( 1321): Start proc com.android.fileexplorer for broadcast com.android.fileexplorer/.monitor.service.BootReceiver: pid=5468 uid=10038 gids={50038, 3003, 1028, 1015, 1023}
04-03 16:46:37.575 I/ActivityManager( 1321): Delaying start of: ServiceRecord{43751138 u0 com.miui.cloudservice/.sync.SyncTagManagerService}
04-03 16:46:37.655 I/ActivityManager( 1321): Start proc com.miui.cloudservice:sync for service com.miui.cloudservice/.sync.SyncTagManagerService: pid=5486 uid=10033 gids={50033, 3003, 1028, 1015, 2001}
04-03 16:46:37.695 W/BroadcastQueue( 1321): System app: "com.mipay.wallet" started by broadcast Intent { act=android.net.conn.CONNECTIVITY_CHANGE flg=0x4000010 (has extras) }
04-03 16:46:37.715 I/ActivityManager( 1321): Start proc com.mipay.wallet for broadcast com.mipay.wallet/com.mipay.bill.BillReceiver: pid=5506 uid=10054 gids={50054, 3002, 3001, 3003, 1028, 1015}
04-03 16:46:37.715 I/ActivityManager( 1321): Killing 5185:com.xiaomi.account/u0a75 (adj 15): empty #9
04-03 16:46:37.735 I/ActivityManager( 1321): Start proc com.cleanmaster.sdk for service com.cleanmaster.sdk/com.cleanmaster.CleanService: pid=5522 uid=10047 gids={50047, 1028, 1015, 3003}
04-03 16:46:37.835 I/ActivityManager( 1321): Killing 4507:com.android.calendar/u0a3 (adj 15): empty #9
04-03 16:46:37.845 I/ActivityManager( 1321): Killing 5209:com.xiaomi.market/u0a78 (adj 15): empty #9
04-03 16:46:37.915 I/ActivityManager( 1321): Killing 5266:com.xiaomi.gamecenter.sdk.service/u0a9 (adj 15): empty #9
04-03 16:46:37.925 W/BroadcastQueue( 1321): System app: "com.android.updater" started by broadcast Intent { act=android.net.conn.CONNECTIVITY_CHANGE flg=0x4000010 (has extras) }
04-03 16:46:37.945 I/ActivityManager( 1321): Start proc com.android.updater for broadcast com.android.updater/.DailyCheckReceiver: pid=5558 uid=9802 gids={49802, 3003, 1028, 1015, 2001, 1007}
04-03 16:46:38.045 W/BroadcastQueue( 1321): System app: "com.miui.virtualsim" started by broadcast Intent { act=android.net.conn.CONNECTIVITY_CHANGE flg=0x4000010 (has extras) }
04-03 16:46:38.065 I/ActivityManager( 1321): Start proc com.miui.virtualsim for broadcast com.miui.virtualsim/.receiver.ConnectivityChangedReceiver: pid=5574 uid=1001 gids={41001, 3004, 3009, 3005, 1006, 3002, 3001, 3003, 1028, 1015, 1007}
04-03 16:46:38.135 I/ActivityManager( 1321): Process com.android.updater (pid 5558) has died.
04-03 16:46:38.265 W/BroadcastQueue( 1321): System app: "com.xiaomi.account" started by broadcast Intent { act=android.net.conn.CONNECTIVITY_CHANGE flg=0x4000010 (has extras) }
04-03 16:46:38.275 I/ActivityManager( 1321): Start proc com.xiaomi.account for broadcast com.xiaomi.account/.GreenConnectivityReceiver: pid=5608 uid=10075 gids={50075, 3003, 1028, 1015, 3002}
04-03 16:46:38.275 I/ActivityManager( 1321): Killing 5234:com.miui.video/u0a56 (adj 15): empty #9
04-03 16:46:38.415 I/ActivityManager( 1321): START u0 {act=android.intent.action.MAIN cmp=com.tencent.tmgp.WePop/.WePopActivity} from pid 4656
04-03 16:46:38.465 I/ActivityManager( 1321): Config changes=480 {1.15 ?mcc?mnc zh_CN ldltr sw360dp w640dp h340dp 480dpi nrml long land finger -keyb/v/h -nav/h s.7 themeChanged=0 themeChangedFlags=0}
04-03 16:46:38.575 I/ActivityManager( 1321): Killing 5377:com.miui.weather2/u0a22 (adj 15): empty #9
04-03 16:46:38.595 W/BroadcastQueue( 1321): System app: "com.xiaomi.market" started by broadcast Intent { act=android.net.conn.CONNECTIVITY_CHANGE flg=0x4000010 (has extras) }
04-03 16:46:38.625 I/ActivityManager( 1321): Start proc com.xiaomi.market for broadcast com.xiaomi.market/.data.ConnectivityChangedReceiver: pid=5639 uid=10078 gids={50078, 1028, 1015, 3003}
04-03 16:46:38.765 I/ActivityManager( 1321): Killing 5400:com.xiaomi.pass/u0a111 (adj 15): empty #9
04-03 16:46:39.375 W/BroadcastQueue( 1321): System app: "com.miui.mipub" started by broadcast Intent { act=android.net.conn.CONNECTIVITY_CHANGE flg=0x4000010 (has extras) }
04-03 16:46:39.395 I/ActivityManager( 1321): Start proc com.miui.mipub for broadcast com.miui.mipub/.mixin.forward.MipubPushBroadcastReceiver: pid=5687 uid=10032 gids={50032, 3003, 1028, 1015, 1007}
04-03 16:46:39.605 I/ActivityManager( 1321): Killing 5441:com.miui.bugreport:remote/1000 (adj 15): empty #9
04-03 16:46:40.435 W/WindowManager( 1321): Window freeze timeout expired.
04-03 16:46:40.435 W/WindowManager( 1321): Force clearing orientation change: Window{438b5660 u0 com.tencent.tmgp.WePop/com.tencent.ifm.MainActivity}
04-03 16:46:40.435 W/WindowManager( 1321): Force clearing orientation change: Window{43bc0f58 u0 com.android.systemui.ImageWallpaper}
04-03 16:46:40.765 I/ActivityManager( 1321): Start proc com.tencent.tmgp.WePop:xg_service_v3 for service com.tencent.tmgp.WePop/com.tencent.android.tpush.service.XGPushServiceV3: pid=5791 uid=10024 gids={50024, 3003, 1028, 1015, 3002, 3001}
04-03 16:46:41.025 W/BroadcastQueue( 1321): Unable to launch app com.screeclibinvoke/10569 for broadcast Intent { act=android.net.conn.CONNECTIVITY_CHANGE flg=0x4000010 (has extras) }: process is not permitted to autostart
04-03 16:46:41.025 W/BroadcastQueue( 1321): Unable to launch app com.screeclibinvoke/10569 for broadcast Intent { act=android.net.conn.CONNECTIVITY_CHANGE flg=0x4000010 (has extras) }: process is not permitted to autostart
04-03 16:46:41.035 W/BroadcastQueue( 1321): Unable to launch app com.tencent.android.qqdownloader/10025 for broadcast Intent { act=android.intent.action.TIME_SET flg=0x24000010 }: process is not permitted to autostart
04-03 16:46:41.035 W/BroadcastQueue( 1321): System app: "com.android.calendar" started by broadcast Intent { act=android.intent.action.TIME_SET flg=0x24000010 }
04-03 16:46:41.045 I/ActivityManager( 1321): Start proc com.android.calendar for broadcast com.android.calendar/.widget.MonthWidgetProvider: pid=5824 uid=10003 gids={50003, 3003, 1028, 1015}
04-03 16:46:41.055 I/WindowManager( 1321): Screen frozen for +2s618ms due to AppWindowToken{442202d8 token=Token{4411a078 ActivityRecord{435e5968 u0 com.tencent.tmgp.WePop/.WePopActivity t3}}}
04-03 16:46:41.075 W/ActivityManager( 1321): Duplicate finish request for ActivityRecord{43f85e40 u0 com.tencent.tmgp.WePop/com.tencent.ifm.MainActivity t3 f}
04-03 16:46:41.235 I/ActivityManager( 1321): Start proc com.android.providers.calendar for content provider com.android.providers.calendar/.CalendarProvider2: pid=5852 uid=10004 gids={50004, 3003, 1028, 1015, 2001}
04-03 16:46:41.235 W/BroadcastQueue( 1321): System app: "com.android.deskclock" started by broadcast Intent { act=android.intent.action.TIME_SET flg=0x24000010 }
04-03 16:46:41.255 I/ActivityManager( 1321): Start proc com.android.deskclock for broadcast com.android.deskclock/.AlarmInitReceiver: pid=5865 uid=10034 gids={50034, 3003, 2001, 1028, 1015}
04-03 16:46:41.315 I/ActivityManager( 1321): Killing 5486:com.miui.cloudservice:sync/u0a33 (adj 15): empty #9
04-03 16:46:41.315 I/ActivityManager( 1321): Killing 5468:com.android.fileexplorer/u0a38 (adj 15): empty #10
04-03 16:46:41.585 W/BroadcastQueue( 1321): System app: "com.miui.backup" started by broadcast Intent { act=android.intent.action.TIME_SET flg=0x24000010 }
04-03 16:46:41.605 I/ActivityManager( 1321): Start proc com.miui.backup for broadcast com.miui.backup/.auto.AutoBackupReceiver: pid=5911 uid=9800 gids={49800, 1028, 1015, 3003, 1023}
04-03 16:46:41.615 I/ActivityManager( 1321): Killing 5506:com.mipay.wallet/u0a54 (adj 15): empty #9
04-03 16:46:41.675 I/ActivityManager( 1321): Killing 5522:com.cleanmaster.sdk/u0a47 (adj 15): empty #9
04-03 16:46:41.675 W/ContextImpl( 2283): Calling a method in the system process without a qualified user: android.app.ContextImpl.startService:1529 android.content.ContextWrapper.startService:494 android.content.ContextWrapper.startService:494 com.miui.powercenter.provider.DateResetReceiver.R:31 com.miui.powercenter.provider.DateResetReceiver.onReceive:24 
04-03 16:46:41.675 W/ContextImpl( 2283): Calling a method in the system process without a qualified user: android.app.ContextImpl.startService:1529 android.content.ContextWrapper.startService:494 android.content.ContextWrapper.startService:494 com.miui.powercenter.provider.DateResetReceiver.R:34 com.miui.powercenter.provider.DateResetReceiver.onReceive:24 
04-03 16:46:41.685 W/BroadcastQueue( 1321): System app: "com.qualcomm.timeservice" started by broadcast Intent { act=android.intent.action.TIME_SET flg=0x24000010 }
04-03 16:46:41.695 I/ActivityManager( 1321): Start proc com.qualcomm.timeservice for broadcast com.qualcomm.timeservice/.TimeServiceBroadcastReceiver: pid=5928 uid=1000 gids={41000, 3003, 1028, 1015, 1023, 3002, 3001, 3005, 1021, 3004, 1000, 3009, 1010, 1007, 3006, 3007, 2001, 1035}
04-03 16:46:41.765 W/ActivityManager( 1321): Scheduling restart of crashed service com.cleanmaster.sdk/com.cleanmaster.CleanService in 1000ms
04-03 16:46:41.795 I/ActivityManager( 1321): Killing 5574:com.miui.virtualsim/1001 (adj 15): empty #9
04-03 16:46:44.035 W/BroadcastQueue( 1321): System app: "com.miui.virtualsim" started by broadcast Intent { act=android.intent.action.ANY_DATA_STATE flg=0x10 (has extras) }
04-03 16:46:44.055 I/ActivityManager( 1321): Start proc com.miui.virtualsim for broadcast com.miui.virtualsim/.receiver.ConnectivityChangedReceiver: pid=5991 uid=1001 gids={41001, 3004, 3009, 3005, 1006, 3002, 3001, 3003, 1028, 1015, 1007}
04-03 16:46:44.245 W/BroadcastQueue( 1321): Unable to launch app com.tencent.android.qqdownloader/10025 for broadcast Intent { act=android.net.sip.SIP_SERVICE_UP flg=0x10 }: process is not permitted to autostart
04-03 16:46:44.245 I/ActivityManager( 1321): Killing 5608:com.xiaomi.account/u0a75 (adj 15): empty #9
04-03 16:46:44.315 W/BroadcastQueue( 1321): System app: "com.miui.cloudbackup" started by broadcast Intent { act=launcher_progress_manager_ready flg=0x10 }
04-03 16:46:44.335 I/ActivityManager( 1321): Start proc com.miui.cloudbackup for broadcast com.miui.cloudbackup/.receiver.MiuiHomeReadyReceiver: pid=6044 uid=10073 gids={50073, 1028, 1015, 3003}
04-03 16:46:44.465 I/ActivityManager( 1321): Killing 5639:com.xiaomi.market/u0a78 (adj 15): empty #9
04-03 16:46:44.475 I/ActivityManager( 1321): Delay finish: com.android.providers.downloads/.DownloadPushMessageReceiver
04-03 16:46:44.475 I/ActivityManager( 1321): Resuming delayed broadcast
04-03 16:46:44.485 I/ActivityManager( 1321): Delay finish: com.miui.virtualsim/.push.MiPushMessageReceiver
04-03 16:46:44.495 I/ActivityManager( 1321): Resuming delayed broadcast
04-03 16:46:44.495 W/ContextImpl( 3002): Calling a method in the system process without a qualified user: android.app.ContextImpl.startService:1529 android.content.ContextWrapper.startService:494 android.content.ContextWrapper.startService:494 com.xiaomi.mipush.sdk.PushMessageReceiver.onReceive:18 android.app.ActivityThread.handleReceiver:2424 
04-03 16:46:44.505 W/ContextImpl( 3002): Calling a method in the system process without a qualified user: android.app.ContextImpl.sendBroadcast:1173 android.content.ContextWrapper.sendBroadcast:365 com.xiaomi.mipush.sdk.PushMessageHelper.sendCommandMessageBroadcast:90 com.xiaomi.mipush.sdk.MiPushClient.setCommand:590 com.xiaomi.mipush.sdk.MiPushClient.setAlias:466 
04-03 16:46:44.505 W/ContextImpl( 2283): Calling a method in the system process without a qualified user: android.app.ContextImpl.startService:1529 android.content.ContextWrapper.startService:494 android.content.ContextWrapper.startService:494 com.xiaomi.mipush.sdk.f.onReceive:18 android.app.ActivityThread.handleReceiver:2424 
04-03 16:46:44.515 I/ActivityManager( 1321): Delay finish: com.miui.securitycenter/com.miui.monthreport.MonthReportPushReceiver
04-03 16:46:44.525 I/ActivityManager( 1321): Resuming delayed broadcast
04-03 16:46:44.535 I/ActivityManager( 1321): Start proc com.tencent.mobileqq for broadcast com.tencent.mobileqq/mqq.app.QQBroadcastReceiver: pid=6069 uid=10497 gids={50497, 1028, 1015, 3003, 3002, 3001}
04-03 16:46:45.795 W/BroadcastQueue( 1321): Unable to launch app com.tencent.android.qqdownloader/10025 for broadcast Intent { act=android.intent.action.ALARM_CHANGED flg=0x10 (has extras) }: process is not permitted to autostart
04-03 16:46:45.795 I/ActivityManager( 1321): Killing 5687:com.miui.mipub/u0a32 (adj 15): empty #9
04-03 16:46:45.795 W/BroadcastQueue( 1321): Unable to launch app com.tencent.android.qqdownloader/10025 for broadcast Intent { act=android.intent.action.ALARM_CHANGED flg=0x10 (has extras) }: process is not permitted to autostart
04-03 16:46:45.835 I/ActivityManager( 1321): Start proc com.tencent.mm for broadcast com.tencent.mm/.booter.BluetoothReceiver: pid=6141 uid=10496 gids={50496, 3003, 1028, 1015, 3002, 3001}
04-03 16:46:46.055 W/ContextImpl( 1601): Calling a method in the system process without a qualified user: android.app.ContextImpl.sendBroadcast:1173 android.content.ContextWrapper.sendBroadcast:365 com.android.systemui.statusbar.phone.PhoneStatusBar.updateAppMessage:1588 com.android.systemui.statusbar.phone.PhoneStatusBar.updateAppMessage:1580 com.android.systemui.statusbar.phone.PhoneStatusBar.removeNotification:2339 
04-03 16:46:47.595 I/ActivityManager( 1321): Waited long enough for: ServiceRecord{43f245a8 u0 com.tencent.mm/.booter.CoreService}
04-03 16:46:47.625 E/ActivityThread( 6141): Failed to find provider info for com.tencent.mm.coolassist.debugprovider
04-03 16:46:48.965 I/ActivityManager( 1321): Waited long enough for: ServiceRecord{44079868 u0 com.android.fileexplorer/.monitor.service.FileObserverService}
04-03 16:46:51.575 E/ActivityThread( 6141): Failed to find provider info for com.google.android.gms.phenotype
04-03 16:46:57.765 W/BroadcastQueue( 1321): Unable to launch app com.tencent.android.qqdownloader/10025 for broadcast Intent { act=com.xiaomi.push.service_started flg=0x10 }: process is not permitted to autostart
04-03 16:46:57.765 W/BroadcastQueue( 1321): Permission Denial: broadcasting Intent { act=com.xiaomi.push.service_started flg=0x10 } from com.android.calendar (pid=3352, uid=10003) requires com.xiaomi.permission.SEND_PUSH due to receiver com.android.mms/com.xiaomi.mms.transaction.MxPushMessageReceiver
04-03 16:46:57.765 W/BroadcastQueue( 1321): Permission Denial: broadcasting Intent { act=com.xiaomi.push.service_started flg=0x10 } from com.android.calendar (pid=3352, uid=10003) requires com.xiaomi.permission.SEND_PUSH due to receiver com.miui.cloudservice/.push.PushServiceStartedReceiver
04-03 16:46:57.765 W/BroadcastQueue( 1321): System app: "com.miui.mipub" started by broadcast Intent { act=com.xiaomi.push.service_started flg=0x10 }
04-03 16:46:57.785 I/ActivityManager( 1321): Start proc com.miui.mipub for broadcast com.miui.mipub/.mixin.forward.MipubPushBroadcastReceiver: pid=6675 uid=10032 gids={50032, 3003, 1028, 1015, 1007}
04-03 16:46:58.325 W/BroadcastQueue( 1321): Permission Denial: broadcasting Intent { act=android.intent.action.MEDIA_SCANNER_STARTED dat=file:///system/media flg=0x10 } from com.android.providers.downloads (pid=3385, uid=10007) is not exported from uid 10497 due to receiver com.tencent.mobileqq/.msf.core.NetConnInfoCenter
04-03 16:46:58.325 W/BroadcastQueue( 1321): Permission Denial: broadcasting Intent { act=android.intent.action.MEDIA_SCANNER_FINISHED dat=file:///system/media flg=0x10 } from com.android.providers.downloads (pid=3385, uid=10007) is not exported from uid 10497 due to receiver com.tencent.mobileqq/.msf.core.NetConnInfoCenter
04-03 16:46:58.335 W/BroadcastQueue( 1321): Permission Denial: broadcasting Intent { act=android.intent.action.MEDIA_SCANNER_STARTED dat=file:///storage/emulated/0 flg=0x10 } from com.android.providers.downloads (pid=3385, uid=10007) is not exported from uid 10497 due to receiver com.tencent.mobileqq/.msf.core.NetConnInfoCenter
04-03 16:46:58.365 W/ContextImpl( 3002): Calling a method in the system process without a qualified user: android.app.ContextImpl.sendBroadcast:1173 android.content.ContextWrapper.sendBroadcast:365 com.miui.networkassistant.service.tm.TrafficManageService.broadCastDataUsageUpdated:832 com.miui.networkassistant.service.tm.TrafficManageService$8.onReceive:1058 android.app.LoadedApk$ReceiverDispatcher$Args.run:761 
04-03 16:46:58.435 W/ContextImpl( 3002): Calling a method in the system process without a qualified user: android.app.ContextImpl.sendBroadcast:1173 android.content.ContextWrapper.sendBroadcast:365 com.miui.networkassistant.service.tm.TrafficManageService.broadCastDataUsageUpdated:832 com.miui.networkassistant.service.tm.TrafficManageService$1.handleMessage:732 android.os.Handler.dispatchMessage:98 
04-03 16:46:58.445 W/ContextImpl( 2283): Calling a method in the system process without a qualified user: android.app.ContextImpl.bindService:1593 android.content.ContextWrapper.bindService:517 com.miui.a.d.ks:85 com.miui.a.d.a:63 com.miui.a.d.b:73 
04-03 16:46:58.475 I/ActivityManager( 1321): Start proc com.miui.guardprovider for service com.miui.guardprovider/.manager.AntiVirusService: pid=6718 uid=10042 gids={50042, 3003, 1028, 1015}
04-03 16:46:58.515 W/BroadcastQueue( 1321): Unable to launch app com.tencent.android.qqdownloader/10025 for broadcast Intent { act=miui.intent.action.NETWORK_CONNECTED flg=0x10 }: process is not permitted to autostart
04-03 16:46:58.595 W/BroadcastQueue( 1321): Unable to launch app com.tencent.android.qqdownloader/10025 for broadcast Intent { act=com.xiaomi.push.service_started flg=0x10 }: process is not permitted to autostart
04-03 16:46:58.615 I/ActivityManager( 1321): Delay finish: com.miui.cloudservice/.push.PushServiceStartedReceiver
04-03 16:46:58.645 I/ActivityManager( 1321): Resuming delayed broadcast
04-03 16:46:58.655 I/ActivityManager( 1321): Delay finish: com.miui.mipub/.mixin.forward.MipubPushBroadcastReceiver
04-03 16:46:58.675 I/ActivityManager( 1321): Resuming delayed broadcast
04-03 16:46:59.065 W/BroadcastQueue( 1321): Unable to launch app com.tencent.android.qqdownloader/10025 for broadcast Intent { act=android.intent.action.USER_PRESENT flg=0x24000010 }: process is not permitted to autostart
04-03 16:46:59.205 W/BroadcastQueue( 1321): System app: "com.android.fileexplorer" started by broadcast Intent { act=android.intent.action.USER_PRESENT flg=0x24000010 }
04-03 16:46:59.225 I/ActivityManager( 1321): Start proc com.android.fileexplorer for broadcast com.android.fileexplorer/.monitor.service.BootReceiver: pid=6800 uid=10038 gids={50038, 3003, 1028, 1015, 1023}
04-03 16:46:59.685 W/BroadcastQueue( 1321): Unable to launch app com.screeclibinvoke/10569 for broadcast Intent { act=android.intent.action.USER_PRESENT flg=0x24000010 }: process is not permitted to autostart
04-03 16:46:59.685 I/ActivityManager( 1321): Killing 5865:com.android.deskclock/u0a34 (adj 4): empty #9
04-03 16:46:59.685 W/BroadcastQueue( 1321): Unable to launch app com.tencent.android.qqdownloader/10025 for broadcast Intent { act=android.intent.action.USER_PRESENT flg=0x24000010 }: process is not permitted to autostart
04-03 16:46:59.695 W/BroadcastQueue( 1321): Unable to launch app com.tencent.android.qqdownloader/10025 for broadcast Intent { act=com.kingroot.common.ACTION_TOP_ACTIVITY_CHANGED flg=0x10 (has extras) }: process is not permitted to autostart
04-03 16:46:59.695 W/BroadcastQueue( 1321): Unable to launch app com.tencent.android.qqdownloader/10025 for broadcast Intent { act=com.kingroot.common.ACTION_SWITCH_IN_DESKTOP flg=0x10 }: process is not permitted to autostart
04-03 16:46:59.705 W/BroadcastQueue( 1321): Unable to launch app com.tencent.android.qqdownloader/10025 for broadcast Intent { act=com.kingroot.common.ACTION_TOP_APP_CHANGED flg=0x10 (has extras) }: process is not permitted to autostart
04-03 16:46:59.725 W/BroadcastQueue( 1321): Unable to launch app com.tencent.android.qqdownloader/10025 for broadcast Intent { act=com.kingroot.common.ACTION_TOP_ACTIVITY_CHANGED flg=0x10 (has extras) }: process is not permitted to autostart
04-03 16:46:59.725 W/BroadcastQueue( 1321): Unable to launch app com.tencent.android.qqdownloader/10025 for broadcast Intent { act=com.kingroot.common.ACTION_SWITCH_OUT_DESKTOP flg=0x10 }: process is not permitted to autostart
04-03 16:46:59.735 W/BroadcastQueue( 1321): Unable to launch app com.tencent.android.qqdownloader/10025 for broadcast Intent { act=com.kingroot.common.ACTION_TOP_APP_CHANGED flg=0x10 (has extras) }: process is not permitted to autostart
04-03 16:46:59.755 W/BroadcastQueue( 1321): Unable to launch app com.tencent.android.qqdownloader/10025 for broadcast Intent { act=com.kingroot.common.ACTION_NEW_APP_STARTED flg=0x10 (has extras) }: process is not permitted to autostart
04-03 16:46:59.815 W/BroadcastQueue( 1321): Unable to launch app com.tencent.android.qqdownloader/10025 for broadcast Intent { act=com.kingroot.common.ACTION_TOP_ACTIVITY_CHANGED flg=0x10 (has extras) }: process is not permitted to autostart
04-03 16:46:59.825 W/BroadcastQueue( 1321): Unable to launch app com.tencent.android.qqdownloader/10025 for broadcast Intent { act=com.kingroot.common.ACTION_TOP_APP_CHANGED flg=0x10 (has extras) }: process is not permitted to autostart
04-03 16:46:59.835 D/ConnectivityService( 1321): Sampling interval elapsed, updating statistics ..
04-03 16:46:59.845 W/BroadcastQueue( 1321): Permission Denial: broadcasting Intent { act=android.intent.action.MEDIA_SCANNER_FINISHED dat=file:///storage/emulated/0 flg=0x10 } from com.android.providers.downloads (pid=3385, uid=10007) is not exported from uid 10497 due to receiver com.tencent.mobileqq/.msf.core.NetConnInfoCenter
04-03 16:46:59.855 W/ContextImpl( 1742): Calling a method in the system process without a qualified user: android.app.ContextImpl.startService:1529 android.content.ContextWrapper.startService:494 android.content.ContextWrapper.startService:494 com.xiaomi.mipush.sdk.PushServiceReceiver.onReceive:17 android.app.ActivityThread.handleReceiver:2424 
04-03 16:46:59.855 W/BroadcastQueue( 1321): Unable to launch app com.tencent.android.qqdownloader/10025 for broadcast Intent { act=com.kingroot.common.ACTION_NOTIFY_IN_SELF_APP_MAIN flg=0x10 }: process is not permitted to autostart
04-03 16:46:59.865 W/BroadcastQueue( 1321): System app: "com.kingroot.kinguser" started by broadcast Intent { act=com.kingroot.master.action.MAIN_EXIT_CHECK flg=0x10 pkg=com.kingroot.kinguser }
04-03 16:46:59.885 I/ActivityManager( 1321): Start proc com.kingroot.kinguser for broadcast com.kingroot.kinguser/com.kingroot.common.framework.main.MainExitReceiver: pid=6861 uid=10118 gids={50118, 3003, 1028, 1015, 3002}
04-03 16:46:59.885 D/ConnectivityService( 1321): Done.
04-03 16:46:59.885 D/ConnectivityService( 1321): Setting timer for 720seconds
04-03 16:46:59.885 W/ContextImpl( 1742): Calling a method in the system process without a qualified user: android.app.ContextImpl.startService:1529 android.content.ContextWrapper.startService:494 com.xiaomi.mipush.sdk.j.a:94 com.xiaomi.mipush.sdk.MiPushClient.bW:367 com.xiaomi.mipush.sdk.i.a:441 
04-03 16:47:00.005 I/ActivityManager( 1321): Start proc com.cleanmaster.sdk for service com.cleanmaster.sdk/com.cleanmaster.CleanService: pid=6877 uid=10047 gids={50047, 1028, 1015, 3003}
04-03 16:47:00.525 I/ActivityManager( 1321): Killing 5911:com.miui.backup/9800 (adj 15): empty #9
04-03 16:47:01.075 W/BroadcastQueue( 1321): System app: "com.miui.video" started by broadcast Intent { act=com.xiaomi.mipush.RECEIVE_MESSAGE flg=0x10 pkg=com.miui.video (has extras) }
04-03 16:47:01.095 I/ActivityManager( 1321): Start proc com.miui.video for broadcast com.miui.video/.push.MediaPushMessageReceiver: pid=6937 uid=10056 gids={50056, 1028, 1015, 3003, 1023, 3002}
04-03 16:47:01.185 I/ActivityManager( 1321): Killing 5928:com.qualcomm.timeservice/1000 (adj 15): empty #9
04-03 16:47:01.405 W/IntentResolver( 1321): resolveIntent: multiple matches, only some with CATEGORY_DEFAULT
04-03 16:47:02.095 I/ActivityManager( 1321): Killing 5824:com.android.calendar/u0a3 (adj 15): empty #9
04-03 16:47:02.905 W/BroadcastQueue( 1321): Unable to launch app com.tencent.android.qqdownloader/10025 for broadcast Intent { act=com.kingroot.common.ACTION_TOP_ACTIVITY_CHANGED flg=0x10 (has extras) }: process is not permitted to autostart
04-03 16:47:02.905 W/BroadcastQueue( 1321): Unable to launch app com.tencent.android.qqdownloader/10025 for broadcast Intent { act=com.kingroot.common.ACTION_TOP_APP_CHANGED flg=0x10 (has extras) }: process is not permitted to autostart
04-03 16:47:02.945 I/ActivityManager( 1321): Delay finish: com.miui.virtualsim/.push.MiPushMessageReceiver
04-03 16:47:03.055 I/ActivityManager( 1321): Resuming delayed broadcast
04-03 16:47:03.055 W/BroadcastQueue( 1321): Permission Denial: receiving Intent { act=com.tencent.mm.plugin.openapi.Intent.ACTION_HANDLE_APP_REGISTER flg=0x10 (has extras) } to com.tencent.android.qqdownloader/com.tencent.kidprotect.BootReceiver requires com.tencent.mm.permission.MM_MESSAGE due to sender com.tencent.tmgp.WePop (uid 10024)
04-03 16:47:03.505 W/BroadcastQueue( 1321): System app: "com.mipay.wallet" started by broadcast Intent { act=com.xiaomi.mipush.RECEIVE_MESSAGE flg=0x10 pkg=com.mipay.wallet (has extras) }
04-03 16:47:03.545 I/ActivityManager( 1321): Start proc com.mipay.wallet for broadcast com.mipay.wallet/com.mipay.push.MipayPushMessageReceiver: pid=7025 uid=10054 gids={50054, 3002, 3001, 3003, 1028, 1015}
04-03 16:47:04.135 I/ActivityManager( 1321): Killing 6044:com.miui.cloudbackup/u0a73 (adj 15): empty #9
04-03 16:47:04.235 W/BroadcastQueue( 1321): Unable to launch app com.tencent.android.qqdownloader/10025 for broadcast Intent { act=com.kingroot.common.ACTION_TOP_ACTIVITY_CHANGED flg=0x10 (has extras) }: process is not permitted to autostart
04-03 16:47:04.235 W/BroadcastQueue( 1321): Unable to launch app com.tencent.android.qqdownloader/10025 for broadcast Intent { act=android.intent.action.ALARM_CHANGED flg=0x10 (has extras) }: process is not permitted to autostart
04-03 16:47:04.245 W/BroadcastQueue( 1321): Unable to launch app com.tencent.android.qqdownloader/10025 for broadcast Intent { act=com.android.calendar.APPWIDGET_UPDATE flg=0x10 }: process is not permitted to autostart
04-03 16:47:04.245 W/BroadcastQueue( 1321): System app: "com.android.calendar" started by broadcast Intent { act=com.android.calendar.APPWIDGET_UPDATE flg=0x10 }
04-03 16:47:04.275 I/ActivityManager( 1321): Start proc com.android.calendar for broadcast com.android.calendar/.widget.AgendaWidgetProvider: pid=7065 uid=10003 gids={50003, 3003, 1028, 1015}
04-03 16:47:04.605 I/ActivityManager( 1321): Killing 5852:com.android.providers.calendar/u0a4 (adj 15): empty #9
04-03 16:47:04.715 I/ActivityThread( 7065): Removing dead content provider:android.content.ContentProviderProxy@436242c0
04-03 16:47:04.725 I/ActivityManager( 1321): Start proc com.android.providers.calendar for content provider com.android.providers.calendar/.CalendarProvider2: pid=7087 uid=10004 gids={50004, 3003, 1028, 1015, 2001}
04-03 16:47:04.815 I/ActivityManager( 1321): Killing 6800:com.android.fileexplorer/u0a38 (adj 15): empty #9
04-03 16:47:04.815 I/ActivityManager( 1321): Killing 6675:com.miui.mipub/u0a32 (adj 15): empty #10
04-03 16:47:04.845 W/ContextImpl( 3002): Calling a method in the system process without a qualified user: android.app.ContextImpl.startService:1529 android.content.ContextWrapper.startService:494 android.content.ContextWrapper.startService:494 com.xiaomi.mipush.sdk.PushMessageReceiver.onReceive:18 android.app.ActivityThread.handleReceiver:2424 
04-03 16:47:04.845 W/BroadcastQueue( 1321): Unable to launch app com.tencent.android.qqdownloader/10025 for broadcast Intent { act=mqq.intent.action.LAUNCH_com.tencent.mobileqq flg=0x10 }: process is not permitted to autostart
04-03 16:47:04.855 W/BroadcastQueue( 1321): Unable to launch app com.tencent.android.qqdownloader/10025 for broadcast Intent { act=com.tencent.process.stopping flg=0x10 (has extras) }: process is not permitted to autostart
04-03 16:47:04.855 W/BroadcastQueue( 1321): Unable to launch app com.tencent.android.qqdownloader/10025 for broadcast Intent { act=com.tencent.mobileqq.openapi.ACTION_LOGIN flg=0x10 (has extras) }: process is not permitted to autostart
04-03 16:47:04.885 W/BroadcastQueue( 1321): Unable to launch app com.tencent.android.qqdownloader/10025 for broadcast Intent { act=com.tencent.redpoint.broadcast.push.av flg=0x10 }: process is not permitted to autostart
04-03 16:47:04.895 W/BroadcastQueue( 1321): Unable to launch app com.tencent.android.qqdownloader/10025 for broadcast Intent { act=com.tencent.mobileqq.activity.NotifyPushSettingActivity.ConfigPCActive flg=0x10 (has extras) }: process is not permitted to autostart
04-03 16:47:04.895 W/BroadcastQueue( 1321): Unable to launch app com.tencent.android.qqdownloader/10025 for broadcast Intent { act=com.tencent.redpoint.broadcast.push.av flg=0x10 }: process is not permitted to autostart
04-03 16:47:04.955 W/ContextImpl( 1742): Calling a method in the system process without a qualified user: android.app.ContextImpl.startService:1529 android.content.ContextWrapper.startService:494 android.content.ContextWrapper.startService:494 com.xiaomi.mipush.sdk.PushServiceReceiver.onReceive:17 android.app.ActivityThread.handleReceiver:2424 
04-03 16:47:04.985 I/ActivityManager( 1321): Delay finish: com.android.fileexplorer/cn.kuaipan.android.service.impl.MiPushMessageReceiver
04-03 16:47:05.015 I/ActivityManager( 1321): Resuming delayed broadcast
04-03 16:47:05.075 W/BroadcastQueue( 1321): Unable to launch app com.tencent.android.qqdownloader/10025 for broadcast Intent { act=com.kingroot.common.ACTION_NOTIFY_IN_SELF_APP_MAIN flg=0x10 }: process is not permitted to autostart
04-03 16:47:09.125 W/BroadcastQueue( 1321): Unable to launch app com.tencent.android.qqdownloader/10025 for broadcast Intent { act=com.kingroot.common.ACTION_NOTIFY_OUT_SELF_APP_BY_MAIN flg=0x10 }: process is not permitted to autostart
04-03 16:47:09.155 I/ActivityManager( 1321): Process com.kingroot.kinguser (pid 6861) has died.
04-03 16:47:17.105 I/ActivityManager( 1321): Killing 6718:com.miui.guardprovider/u0a42 (adj 15): kill background
04-03 16:47:45.975 I/ActivityManager( 1321): START u0 {act=android.intent.action.MAIN cat=[android.intent.category.HOME] flg=0x10200000 cmp=com.miui.home/.launcher.Launcher} from pid 1321
04-03 16:47:46.205 I/ActivityManager( 1321): Config changes=480 {1.15 ?mcc?mnc zh_CN ldltr sw360dp w360dp h620dp 480dpi nrml long port finger -keyb/v/h -nav/h s.8 themeChanged=0 themeChangedFlags=0}
04-03 16:47:46.275 V/LocationPolicy( 1321): onForegroundActivitiesChanged
04-03 16:47:46.435 I/WindowManager( 1321): Screen frozen for +245ms due to Window{43afadb0 u0 com.miui.home/com.miui.home.launcher.Launcher}
04-03 16:47:46.455 W/BroadcastQueue( 1321): Unable to launch app com.tencent.android.qqdownloader/10025 for broadcast Intent { act=com.kingroot.common.ACTION_TOP_ACTIVITY_CHANGED flg=0x10 (has extras) }: process is not permitted to autostart
04-03 16:47:46.455 W/BroadcastQueue( 1321): Unable to launch app com.tencent.android.qqdownloader/10025 for broadcast Intent { act=com.kingroot.common.ACTION_SWITCH_IN_DESKTOP flg=0x10 }: process is not permitted to autostart
04-03 16:47:46.465 W/BroadcastQueue( 1321): Unable to launch app com.tencent.android.qqdownloader/10025 for broadcast Intent { act=com.kingroot.common.ACTION_TOP_APP_CHANGED flg=0x10 (has extras) }: process is not permitted to autostart
04-03 16:47:46.665 V/LocationPolicy( 1321): onForegroundActivitiesChanged
04-03 16:47:47.605 I/ActivityManager( 1321): START u0 {act=android.intent.action.MAIN cat=[android.intent.category.LAUNCHER] flg=0x10200000 cmp=com.screeclibinvoke/.component.activity.AppStartActivity bnds=[571,96][763,288]} from pid 1945
04-03 16:47:47.655 I/ActivityManager( 1321): Start proc com.screeclibinvoke for activity com.screeclibinvoke/.component.activity.AppStartActivity: pid=7437 uid=10569 gids={50569, 3003, 3002, 3001, 1028, 1015}
04-03 16:47:47.715 V/LocationPolicy( 1321): onForegroundActivitiesChanged
04-03 16:47:47.735 V/LocationPolicy( 1321): onForegroundActivitiesChanged
04-03 16:47:48.825 W/BackupManagerService( 1321): dataChanged but no participant pkg='com.android.providers.settings' uid=10569
04-03 16:47:50.305 I/ActivityManager( 1321): Start proc com.screeclibinvoke:pushcore for service com.screeclibinvoke/cn.jpush.android.service.PushService: pid=7526 uid=10569 gids={50569, 3003, 3002, 3001, 1028, 1015}
04-03 16:47:50.635 W/ActivityManager( 1321): Unable to start service Intent { act=com.google.android.gms.ads.identifier.service.START pkg=com.google.android.gms } U=0: not found
04-03 16:47:52.145 W/ActivityManager( 1321): Unbind failed: could not find connection for android.os.BinderProxy@435fa228
04-03 16:47:53.375 I/ActivityManager( 1321): Start proc com.tencent.android.qqdownloader:live for service com.tencent.android.qqdownloader/cn.jpush.yyb.YYBJPushDaemonService: pid=7685 uid=10025 gids={50025, 3003, 3002, 1028, 1015, 3001}
04-03 16:47:53.555 V/NotificationService( 1321): notifications are disabled by AppOps for com.screeclibinvoke
04-03 16:47:53.555 E/NotificationService( 1321): Suppressing notification from package com.screeclibinvoke by user request.
04-03 16:47:53.555 V/NotificationService( 1321): notifications are disabled by AppOps for com.screeclibinvoke
04-03 16:47:53.555 E/NotificationService( 1321): Suppressing notification from package com.screeclibinvoke by user request.
04-03 16:47:54.225 I/ActivityManager( 1321): Start proc com.tencent.android.qqdownloader:daemon for content provider com.tencent.android.qqdownloader/com.tencent.assistant.db.contentprovider.AstSettingsProvider: pid=7771 uid=10025 gids={50025, 3003, 3002, 1028, 1015, 3001}
04-03 16:47:54.465 W/BroadcastQueue( 1321): Unable to launch app com.tencent.android.qqdownloader/10025 for broadcast Intent { act=com.kingroot.common.ACTION_TOP_ACTIVITY_CHANGED flg=0x10 (has extras) }: process is not permitted to autostart
04-03 16:47:54.475 W/BroadcastQueue( 1321): Unable to launch app com.tencent.android.qqdownloader/10025 for broadcast Intent { act=com.kingroot.common.ACTION_SWITCH_OUT_DESKTOP flg=0x10 }: process is not permitted to autostart
04-03 16:47:54.485 W/BroadcastQueue( 1321): Unable to launch app com.tencent.android.qqdownloader/10025 for broadcast Intent { act=com.kingroot.common.ACTION_TOP_APP_CHANGED flg=0x10 (has extras) }: process is not permitted to autostart
04-03 16:47:54.495 W/BroadcastQueue( 1321): Unable to launch app com.tencent.android.qqdownloader/10025 for broadcast Intent { act=com.kingroot.common.ACTION_NEW_APP_STARTED flg=0x10 (has extras) }: process is not permitted to autostart
04-03 16:47:55.825 I/ActivityManager( 1321): Start proc com.tencent.android.qqdownloader for service com.tencent.android.qqdownloader/com.tencent.assistant.main.MainService: pid=7850 uid=10025 gids={50025, 3003, 3002, 1028, 1015, 3001}
04-03 16:47:56.745 W/ContextImpl( 1742): Calling a method in the system process without a qualified user: android.app.ContextImpl.startService:1529 android.content.ContextWrapper.startService:494 android.content.ContextWrapper.startService:494 com.android.settings.MiuiSettingsReceiver.onReceive:111 android.app.ActivityThread.handleReceiver:2424 
04-03 16:47:56.755 W/BroadcastQueue( 1321): System app: "com.qualcomm.msapm" started by broadcast Intent { act=android.net.wifi.SCAN_RESULTS flg=0x4000010 }
04-03 16:47:56.765 I/ActivityManager( 1321): Start proc com.qualcomm.services.location for broadcast com.qualcomm.msapm/.MSAPMReceiver: pid=7899 uid=1000 gids={41000, 3003, 1028, 1015, 1023, 3002, 3001, 3005, 1021, 3004, 1000, 3009, 1010, 1007, 3006, 3007, 2001, 1035}
04-03 16:47:57.345 I/ActivityManager( 1321): Start proc com.tencent.android.qqdownloader:tools for service com.tencent.android.qqdownloader/com.tencent.assistant.tools.ToolService: pid=7928 uid=10025 gids={50025, 3003, 3002, 1028, 1015, 3001}
04-03 16:47:57.865 W/InputMethodManagerService( 1321): Window already focused, ignoring focus gain of: com.android.internal.view.IInputMethodClient$Stub$Proxy@43afb9b0 attribute=null, token = android.os.BinderProxy@43c641b0
04-03 16:47:58.565 I/ActivityManager( 1321): START u0 {flg=0x10000000 cmp=com.screeclibinvoke/.component.activity.MainActivity} from pid 7437
04-03 16:47:59.235 V/NotificationService( 1321): notifications are disabled by AppOps for com.screeclibinvoke
04-03 16:47:59.235 E/NotificationService( 1321): Suppressing notification from package com.screeclibinvoke by user request.
04-03 16:48:00.635 W/FileUtils( 7771): Failed to chmod(/storage/emulated/0/tencent/alliance_sdk/.alliance_sdk_global): libcore.io.ErrnoException: chmod failed: EPERM (Operation not permitted)
04-03 16:48:01.495 V/NotificationService( 1321): notifications are disabled by AppOps for com.screeclibinvoke
04-03 16:48:01.495 E/NotificationService( 1321): Suppressing toast from package com.screeclibinvoke by user request.
04-03 16:48:01.495 I/ActivityManager( 1321): START u0 {act=android.intent.action.MAIN cat=[android.intent.category.HOME] flg=0x10000000 cmp=com.miui.home/.launcher.Launcher} from pid 7437
04-03 16:48:01.515 V/NotificationService( 1321): notifications are disabled by AppOps for com.screeclibinvoke
04-03 16:48:01.515 E/NotificationService( 1321): Suppressing notification from package com.screeclibinvoke by user request.
04-03 16:48:01.545 V/LocationPolicy( 1321): onForegroundActivitiesChanged
04-03 16:48:01.995 V/LocationPolicy( 1321): onForegroundActivitiesChanged
04-03 16:48:02.445 I/ActivityManager( 1321): START u0 {act=android.intent.action.MAIN cat=[android.intent.category.LAUNCHER] flg=0x10200000 cmp=com.tencent.tmgp.WePop/com.tencent.ifm.MainActivity bnds=[571,390][763,582]} from pid 1945
04-03 16:48:02.515 I/ActivityManager( 1321): Config changes=480 {1.15 ?mcc?mnc zh_CN ldltr sw360dp w640dp h340dp 480dpi nrml long land finger -keyb/v/h -nav/h s.9 themeChanged=0 themeChangedFlags=0}
04-03 16:48:02.655 V/LocationPolicy( 1321): onForegroundActivitiesChanged
04-03 16:48:03.255 V/LocationPolicy( 1321): onForegroundActivitiesChanged
04-03 16:48:03.285 I/WindowManager( 1321): Screen frozen for +812ms due to Window{4394ef28 u0 StatusBar}
04-03 16:48:12.455 I/ActivityManager( 1321): Start proc com.tencent.android.qqdownloader:connect for service com.tencent.android.qqdownloader/com.qq.AppService.IPCService: pid=8186 uid=10025 gids={50025, 3003, 3002, 1028, 1015, 3001}
04-03 16:48:12.645 D/WifiService( 1321): uid=10025 wifi scan blocked
04-03 16:48:14.155 I/ActivityManager( 1321): Process com.tencent.android.qqdownloader:live (pid 7685) has died.
04-03 16:48:14.155 W/ActivityManager( 1321): Scheduling restart of crashed service com.tencent.android.qqdownloader/cn.jpush.yyb.YYBJPushDaemonService in 1000ms
04-03 16:48:15.175 I/ActivityManager( 1321): Start proc com.tencent.android.qqdownloader:live for service com.tencent.android.qqdownloader/cn.jpush.yyb.YYBJPushDaemonService: pid=8254 uid=10025 gids={50025, 3003, 3002, 1028, 1015, 3001}
04-03 16:48:16.925 I/ActivityManager( 1321): Start proc com.tencent.android.qqdownloader:web for service com.tencent.android.qqdownloader/com.tencent.assistant.web.InitService: pid=8284 uid=10025 gids={50025, 3003, 3002, 1028, 1015, 3001}
04-03 16:48:33.355 I/ActivityManager( 1321): START u0 {flg=0x10000000 cmp=com.kingroot.kinguser/.activitys.SuNotifyActivity} from pid 8533
04-03 16:48:33.495 V/LocationPolicy( 1321): onForegroundActivitiesChanged
04-03 16:48:33.555 W/InputMethodManagerService( 1321): Window already focused, ignoring focus gain of: com.android.internal.view.IInputMethodClient$Stub$Proxy@43923168 attribute=null, token = android.os.BinderProxy@43963cc0
04-03 16:48:33.625 V/LocationPolicy( 1321): onForegroundActivitiesChanged
04-03 16:48:35.595 I/ActivityManager( 1321): Process com.tencent.android.qqdownloader:live (pid 8254) has died.
04-03 16:48:35.595 W/ActivityManager( 1321): Scheduling restart of crashed service com.tencent.android.qqdownloader/cn.jpush.yyb.YYBJPushDaemonService in 4000ms
04-03 16:48:39.605 I/ActivityManager( 1321): Start proc com.tencent.android.qqdownloader:live for service com.tencent.android.qqdownloader/cn.jpush.yyb.YYBJPushDaemonService: pid=8624 uid=10025 gids={50025, 3003, 3002, 1028, 1015, 3001}
04-03 16:48:40.005 I/PreinstallApp( 1321): No updated system preinstall apps need to install
04-03 16:48:59.815 I/ActivityManager( 1321): Process com.tencent.android.qqdownloader:live (pid 8624) has died.
04-03 16:48:59.815 W/ActivityManager( 1321): Scheduling restart of crashed service com.tencent.android.qqdownloader/cn.jpush.yyb.YYBJPushDaemonService in 16000ms
04-03 16:49:15.835 I/ActivityManager( 1321): Start proc com.tencent.android.qqdownloader:live for service com.tencent.android.qqdownloader/cn.jpush.yyb.YYBJPushDaemonService: pid=8709 uid=10025 gids={50025, 3003, 3002, 1028, 1015, 3001}
04-03 16:49:17.665 W/BroadcastQueue( 1321): System app: "com.android.fileexplorer" started by broadcast Intent { act=com.android.fileexplorer.EXPIRE flg=0x14 (has extras) }
04-03 16:49:17.675 I/ActivityManager( 1321): Start proc com.android.fileexplorer for broadcast com.android.fileexplorer/.monitor.service.BootReceiver: pid=8730 uid=10038 gids={50038, 3003, 1028, 1015, 1023}
04-03 16:49:18.585 I/ActivityManager( 1321): Killing 7087:com.android.providers.calendar/u0a4 (adj 15): empty #9
04-03 16:49:36.055 I/ActivityManager( 1321): Process com.tencent.android.qqdownloader:live (pid 8709) has died.
04-03 16:49:36.055 W/ActivityManager( 1321): Scheduling restart of crashed service com.tencent.android.qqdownloader/cn.jpush.yyb.YYBJPushDaemonService in 64000ms
04-03 16:50:40.065 I/ActivityManager( 1321): Start proc com.tencent.android.qqdownloader:live for service com.tencent.android.qqdownloader/cn.jpush.yyb.YYBJPushDaemonService: pid=8789 uid=10025 gids={50025, 3003, 3002, 1028, 1015, 3001}
04-03 16:51:00.295 I/ActivityManager( 1321): Process com.tencent.android.qqdownloader:live (pid 8789) has died.
04-03 16:51:00.295 W/ActivityManager( 1321): Scheduling restart of crashed service com.tencent.android.qqdownloader/cn.jpush.yyb.YYBJPushDaemonService in 256000ms
04-03 16:51:26.795 D/JobScheduler.Time( 1321): Just received alarm: android.content.jobscheduler.JOB_DELAY_EXPIRED
04-03 16:51:26.795 D/JobScheduler.Time( 1321): Setting android.content.jobscheduler.JOB_DELAY_EXPIRED for: 3331803
04-03 16:51:26.795 V/JobSchedulerService( 1321): isReadyToBeExecutedLocked: com.miui.analytics/.internal.JobSchedulerService jId=1, u0 ready=true pending=false active=false userRunning=true
04-03 16:51:26.795 V/JobSchedulerService( 1321): isReadyToBeExecutedLocked: com.android.calendar/com.miui.calendar.job.AdJobService jId=3, u0 ready=false pending=false active=false userRunning=true
04-03 16:51:26.795 V/JobSchedulerService( 1321): isReadyToBeExecutedLocked: com.android.calendar/com.miui.calendar.job.LimitJobService jId=2, u0 ready=false pending=false active=false userRunning=true
04-03 16:51:26.795 V/JobSchedulerService( 1321): isReadyToBeExecutedLocked: com.android.calendar/com.miui.calendar.job.RemoteJobService jId=1, u0 ready=false pending=false active=false userRunning=true
04-03 16:51:26.795 V/JobSchedulerService( 1321): isReadyToBeExecutedLocked: com.miui.weather2/.service.ScheduleCheckService jId=100256, u0 ready=false pending=false active=false userRunning=true
04-03 16:51:26.795 V/JobSchedulerService( 1321): isReadyToBeExecutedLocked: com.android.calendar/com.miui.calendar.job.StatJobService jId=4, u0 ready=false pending=false active=false userRunning=true
04-03 16:51:26.795 D/JobSchedulerService( 1321): maybeQueueReadyJobsForExecutionLockedH: Not running anything.
04-03 16:51:26.795 D/JobSchedulerService( 1321): idle=0 connectivity=1 charging=0 tot=1
04-03 16:51:26.795 D/JobSchedulerService( 1321): pending queue: 0 jobs.
04-03 16:52:45.005 W/ContextImpl( 1321): Calling a method in the system process without a qualified user: android.app.ContextImpl.sendBroadcast:1173 com.android.internal.policy.impl.BaseMiuiPhoneWindowManager.interceptKeyBeforeQueueingInternal:811 com.android.internal.policy.impl.MiuiPhoneWindowManager.interceptKeyBeforeQueueing:45 com.android.server.wm.InputMonitor.interceptKeyBeforeQueueing:381 com.android.server.input.InputManagerService.interceptKeyBeforeQueueing:1394 
04-03 16:52:45.345 W/ContextImpl( 1321): Calling a method in the system process without a qualified user: android.app.ContextImpl.sendBroadcast:1173 com.android.internal.policy.impl.BaseMiuiPhoneWindowManager.interceptKeyBeforeQueueingInternal:811 com.android.internal.policy.impl.MiuiPhoneWindowManager.interceptKeyBeforeQueueing:45 com.android.server.wm.InputMonitor.interceptKeyBeforeQueueing:381 com.android.server.input.InputManagerService.interceptKeyBeforeQueueing:1394 
04-03 16:52:46.685 W/ContextImpl( 1321): Calling a method in the system process without a qualified user: android.app.ContextImpl.sendBroadcast:1173 com.android.internal.policy.impl.BaseMiuiPhoneWindowManager.interceptKeyBeforeQueueingInternal:811 com.android.internal.policy.impl.MiuiPhoneWindowManager.interceptKeyBeforeQueueing:45 com.android.server.wm.InputMonitor.interceptKeyBeforeQueueing:381 com.android.server.input.InputManagerService.interceptKeyBeforeQueueing:1394 
04-03 16:52:48.035 W/ContextImpl( 1321): Calling a method in the system process without a qualified user: android.app.ContextImpl.sendBroadcast:1173 com.android.internal.policy.impl.BaseMiuiPhoneWindowManager.interceptKeyBeforeQueueingInternal:811 com.android.internal.policy.impl.MiuiPhoneWindowManager.interceptKeyBeforeQueueing:45 com.android.server.wm.InputMonitor.interceptKeyBeforeQueueing:381 com.android.server.input.InputManagerService.interceptKeyBeforeQueueing:1394 
04-03 16:52:49.065 W/ContextImpl( 1321): Calling a method in the system process without a qualified user: android.app.ContextImpl.sendBroadcast:1173 com.android.internal.policy.impl.BaseMiuiPhoneWindowManager.interceptKeyBeforeQueueingInternal:811 com.android.internal.policy.impl.MiuiPhoneWindowManager.interceptKeyBeforeQueueing:45 com.android.server.wm.InputMonitor.interceptKeyBeforeQueueing:381 com.android.server.input.InputManagerService.interceptKeyBeforeQueueing:1394 
04-03 16:53:53.995 I/LocationManagerInjector( 1321): com.screeclibinvoke(10569) Request[POWER_NONE passive fastest=+1s0ms] is blocked by policy
04-03 16:53:56.225 W/ContextImpl( 1742): Calling a method in the system process without a qualified user: android.app.ContextImpl.startService:1529 android.content.ContextWrapper.startService:494 android.content.ContextWrapper.startService:494 com.android.settings.MiuiSettingsReceiver.onReceive:111 android.app.ActivityThread.handleReceiver:2424 
04-03 16:54:04.175 W/ContextImpl( 1742): Calling a method in the system process without a qualified user: android.app.ContextImpl.startService:1529 android.content.ContextWrapper.startService:494 android.content.ContextWrapper.startService:494 com.android.settings.MiuiSettingsReceiver.onReceive:111 android.app.ActivityThread.handleReceiver:2424 
04-03 16:54:12.255 W/ContextImpl( 1742): Calling a method in the system process without a qualified user: android.app.ContextImpl.startService:1529 android.content.ContextWrapper.startService:494 android.content.ContextWrapper.startService:494 com.android.settings.MiuiSettingsReceiver.onReceive:111 android.app.ActivityThread.handleReceiver:2424 
04-03 16:54:17.345 V/NotificationService( 1321): notifications are disabled by AppOps for com.screeclibinvoke
04-03 16:54:17.345 E/NotificationService( 1321): Suppressing notification from package com.screeclibinvoke by user request.
04-03 16:54:17.355 V/NotificationService( 1321): notifications are disabled by AppOps for com.screeclibinvoke
04-03 16:54:17.355 E/NotificationService( 1321): Suppressing notification from package com.screeclibinvoke by user request.
04-03 16:54:18.415 V/NotificationService( 1321): notifications are disabled by AppOps for com.screeclibinvoke
04-03 16:54:18.415 E/NotificationService( 1321): Suppressing notification from package com.screeclibinvoke by user request.
04-03 16:54:55.775 I/ActivityManager( 1321): Process com.tencent.tmgp.WePop (pid 4656) has died.
04-03 16:54:55.775 I/WindowState( 1321): WIN DEATH: Window{43b53788 u0 SurfaceView}
04-03 16:54:55.795 W/ActivityManager( 1321): Force removing ActivityRecord{435e5968 u0 com.tencent.tmgp.WePop/.WePopActivity t3}: app died, no saved state
04-03 16:54:55.805 I/WindowState( 1321): WIN DEATH: Window{43a75f68 u0 com.tencent.tmgp.WePop/com.tencent.tmgp.WePop.WePopActivity}
04-03 16:54:56.055 I/ActivityManager( 1321): Config changes=480 {1.15 ?mcc?mnc zh_CN ldltr sw360dp w360dp h620dp 480dpi nrml long port finger -keyb/v/h -nav/h s.10 themeChanged=0 themeChangedFlags=0}
