04-03 16:59:43.555 D/PowerCalculator( 2084): computePackageForegroundLocked, packageName: com.android.settings oldPackageForeground: false packageForeground: false
04-03 16:59:43.555 D/PowerCalculator( 2084): computePackageForegroundLocked, packageName: com.tencent.android.qqdownloader oldPackageForeground: false packageForeground: true
04-03 16:59:43.555 D/PowerCalculator( 2084): updatePowerForPackage: packageName: com.tencent.android.qqdownloader packageForeground: true
04-03 16:59:43.555 D/PowerCalculator( 2084): computePackageForegroundLocked, packageName: com.tencent.tmgp.WePop oldPackageForeground: false packageForeground: false
04-03 16:59:43.565 I/Timeline( 1321): Timeline: App_transition_ready time:888232
04-03 16:59:43.565 D/ProcessObserver( 2084): onForegroundActivitiesChanged, pid: 7771 uid: 10025 foregroundActivities: true
04-03 16:59:43.565 V/LocationPolicy( 1321): onForegroundActivitiesChanged
04-03 16:59:43.595 I/Timeline( 7771): Timeline: Activity_launch_request time:888262
04-03 16:59:43.595 W/AD-PLUGIN-AppInstallActivateManager( 1961): Two apps are same
04-03 16:59:43.605 I/ActivityManager( 1321): START u0 {flg=0x10000000 cmp=com.tencent.android.qqdownloader/com.tencent.assistant.activity.SplashImplActivity} from pid 7771
04-03 16:59:43.615 D/PowerKeeperEventLogManager( 2084): notifyForegroundCompomentChanged ComponentInfo{com.tencent.android.qqdownloader/com.tencent.assistant.activity.SplashImplActivity}
04-03 16:59:43.615 D/PowerKeeperStateMachine( 2084): eventMessage id:100 name:foreground
04-03 16:59:43.615 I/Timeline( 1321): Timeline: App_transition_ready time:888289
04-03 16:59:43.625 D/PowerCalculator( 2084): computePackageForeground: packageName = com.tencent.android.qqdownloader
04-03 16:59:43.625 D/PowerCalculator( 2084): computePackageForegroundLocked, packageName: com.kingroot.kinguser oldPackageForeground: false packageForeground: false
04-03 16:59:43.625 D/PowerCalculator( 2084): computePackageForegroundLocked, packageName: com.screeclibinvoke oldPackageForeground: false packageForeground: false
04-03 16:59:43.625 D/PowerCalculator( 2084): computePackageForegroundLocked, packageName: com.miui.home oldPackageForeground: false packageForeground: false
04-03 16:59:43.625 D/PowerCalculator( 2084): computePackageForegroundLocked, packageName: com.android.settings oldPackageForeground: false packageForeground: false
04-03 16:59:43.625 D/PowerCalculator( 2084): computePackageForegroundLocked, packageName: com.tencent.android.qqdownloader oldPackageForeground: true packageForeground: true
04-03 16:59:43.625 D/PowerCalculator( 2084): computePackageForegroundLocked, packageName: com.tencent.tmgp.WePop oldPackageForeground: false packageForeground: false
04-03 16:59:43.625 D/ProcessObserver( 2084): onForegroundActivitiesChanged, pid: 7850 uid: 10025 foregroundActivities: true
04-03 16:59:43.625 D/ProcessObserver( 2084): onForegroundActivitiesChanged, pid: 7771 uid: 10025 foregroundActivities: false
04-03 16:59:43.625 I/Timeline( 1321): Timeline: App_transition_ready time:888295
04-03 16:59:43.625 V/LocationPolicy( 1321): onForegroundActivitiesChanged
04-03 16:59:43.625 V/LocationPolicy( 1321): onForegroundActivitiesChanged
04-03 16:59:43.655 I/XiaomiFirewall( 3002): firewall pkgName:com.tencent.android.qqdownloader, result:0
04-03 16:59:43.785 D/dalvikvm( 7850): GC_FOR_ALLOC freed 3550K, 19% free 34847K/42860K, paused 114ms, total 114ms
04-03 16:59:43.795 E/dalvikvm( 7850): Could not find class 'android.app.ActivityManager$TaskDescription', referenced from method com.tencent.pangu.module.LauncherIconEngine.a
04-03 16:59:43.795 W/dalvikvm( 7850): VFY: unable to resolve new-instance 44 (Landroid/app/ActivityManager$TaskDescription;) in Lcom/tencent/pangu/module/LauncherIconEngine;
04-03 16:59:43.795 D/dalvikvm( 7850): VFY: replacing opcode 0x22 at 0x0033
04-03 16:59:43.805 D/dalvikvm( 7850): DexOpt: unable to opt direct call 0x00c8 at 0x37 in Lcom/tencent/pangu/module/LauncherIconEngine;.a
04-03 16:59:43.805 I/dalvikvm( 7850): Could not find method android.view.Window.getStatusBarColor, referenced from method com.tencent.assistant.activity.ei.a
04-03 16:59:43.805 W/dalvikvm( 7850): VFY: unable to resolve virtual method 4103: Landroid/view/Window;.getStatusBarColor ()I
04-03 16:59:43.805 D/dalvikvm( 7850): VFY: replacing opcode 0x6e at 0x0017
04-03 16:59:43.805 I/dalvikvm( 7850): Could not find method android.view.Window.setStatusBarColor, referenced from method com.tencent.assistant.activity.ei.a
04-03 16:59:43.805 W/dalvikvm( 7850): VFY: unable to resolve virtual method 4117: Landroid/view/Window;.setStatusBarColor (I)V
04-03 16:59:43.805 D/dalvikvm( 7850): VFY: replacing opcode 0x6e at 0x0028
04-03 16:59:43.835 I/Timeline( 7850): Timeline: Activity_launch_request time:888509
04-03 16:59:43.845 W/AD-PLUGIN-AppInstallActivateManager( 1961): Two apps are same
04-03 16:59:43.845 I/ActivityManager( 1321): START u0 {flg=0x4000000 cmp=com.tencent.android.qqdownloader/com.tencent.assistantv2.activity.MainActivity (has extras)} from pid 7850
04-03 16:59:43.885 D/PowerKeeperEventLogManager( 2084): notifyForegroundCompomentChanged ComponentInfo{com.tencent.android.qqdownloader/com.tencent.assistantv2.activity.MainActivity}
04-03 16:59:43.885 D/PowerKeeperStateMachine( 2084): eventMessage id:100 name:foreground
04-03 16:59:43.885 D/PowerCalculator( 2084): computePackageForeground: packageName = com.tencent.android.qqdownloader
04-03 16:59:43.885 D/PowerCalculator( 2084): computePackageForegroundLocked, packageName: com.kingroot.kinguser oldPackageForeground: false packageForeground: false
04-03 16:59:43.885 D/PowerCalculator( 2084): computePackageForegroundLocked, packageName: com.screeclibinvoke oldPackageForeground: false packageForeground: false
04-03 16:59:43.885 D/PowerCalculator( 2084): computePackageForegroundLocked, packageName: com.miui.home oldPackageForeground: false packageForeground: false
04-03 16:59:43.885 D/PowerCalculator( 2084): computePackageForegroundLocked, packageName: com.android.settings oldPackageForeground: false packageForeground: false
04-03 16:59:43.885 D/PowerCalculator( 2084): computePackageForegroundLocked, packageName: com.tencent.android.qqdownloader oldPackageForeground: true packageForeground: true
04-03 16:59:43.885 D/PowerCalculator( 2084): computePackageForegroundLocked, packageName: com.tencent.tmgp.WePop oldPackageForeground: false packageForeground: false
04-03 16:59:43.885 I/Timeline( 1321): Timeline: App_transition_ready time:888553
04-03 16:59:43.895 I/Timeline( 1321): Timeline: App_transition_ready time:888567
04-03 16:59:43.905 I/XiaomiFirewall( 3002): firewall pkgName:com.tencent.android.qqdownloader, result:0
04-03 16:59:43.915 D/OpenGLRenderer( 7850): Enabling debug mode 0
04-03 16:59:43.945 E/ColumnCounter( 7850): processFlag: market, [main:1] h.a(26): setPeriod, invalid period: 0
04-03 16:59:43.945 E/ColumnSubscribeManager( 7850): processFlag: market, [main:1] ColumnSubscribeManager.<init>(118): invalid statlimit: 0
04-03 16:59:44.035 W/AD-PLUGIN-AppInstallActivateManager( 1961): unRegisterSplashPackageUpdatedListener
04-03 16:59:44.075 D/dalvikvm( 7850): GC_FOR_ALLOC freed 1251K, 18% free 35211K/42860K, paused 96ms, total 96ms
04-03 16:59:44.085 I/dalvikvm-heap( 7850): Grow heap (frag case) to 44.317MB for 2002336-byte allocation
04-03 16:59:44.105 E/QCALOG  (  322): [MessageQ] ProcessNewMessage: [XTWiFi-PE] unknown deliver target [OS-Agent]
04-03 16:59:44.175 D/wpa_supplicant( 1676): RX ctrl_iface - hexdump(len=11): 53 49 47 4e 41 4c 5f 50 4f 4c 4c
04-03 16:59:44.175 D/wpa_supplicant( 1676): wlan0: Control interface command 'SIGNAL_POLL'
04-03 16:59:44.175 D/wpa_supplicant( 1676): nl80211: survey data missing!
04-03 16:59:44.215 D/dalvikvm( 7850): GC_FOR_ALLOC freed 186K, 17% free 37831K/45120K, paused 73ms, total 73ms
04-03 16:59:44.335 E/workflow_WorkflowManager( 7850): onResume >> set isInFront to true.
04-03 16:59:44.375 I/Timeline( 1321): Timeline: App_transition_ready time:889041
04-03 16:59:44.385 I/Timeline( 1321): Timeline: App_transition_ready time:889052
04-03 16:59:44.385 I/Timeline( 1321): Timeline: App_transition_ready time:889058
04-03 16:59:44.475 D/dalvikvm( 7850): GC_FOR_ALLOC freed 405K, 16% free 38834K/46036K, paused 78ms, total 78ms
04-03 16:59:44.485 I/ThermalEngine(  379): Sensor:batt_temp:363 mC
04-03 16:59:44.515 E/FoundTabBannerView( 7850): processFlag: market, [main:1] FoundTabBannerView.e(154): entrance is null or empty!
04-03 16:59:44.565 I/dalvikvm( 7850): Jit: resizing JitTable from 8192 to 16384
04-03 16:59:44.575 I/dalvikvm( 7771): Jit: resizing JitTable from 8192 to 16384
04-03 16:59:44.685 I/Timeline( 1321): Timeline: App_transition_ready time:889350
04-03 16:59:44.705 E/dalvikvm( 7850): Could not find class 'android.app.usage.UsageStatsManager', referenced from method com.tencent.assistant.manager.ProcessManager.getFrontAppByUsageStat
04-03 16:59:44.705 W/dalvikvm( 7850): VFY: unable to resolve check-cast 78 (Landroid/app/usage/UsageStatsManager;) in Lcom/tencent/assistant/manager/ProcessManager;
04-03 16:59:44.705 D/dalvikvm( 7850): VFY: replacing opcode 0x1f at 0x0016
04-03 16:59:44.705 E/dalvikvm( 7850): Could not find class 'android.app.usage.UsageStats', referenced from method com.tencent.assistant.manager.ProcessManager.getFrontAppByUsageStat
04-03 16:59:44.705 W/dalvikvm( 7850): VFY: unable to resolve check-cast 77 (Landroid/app/usage/UsageStats;) in Lcom/tencent/assistant/manager/ProcessManager;
04-03 16:59:44.705 D/dalvikvm( 7850): VFY: replacing opcode 0x1f at 0x0040
04-03 16:59:44.705 E/dalvikvm( 7850): Could not find class 'android.app.usage.UsageStats', referenced from method com.tencent.assistant.manager.ProcessManager.getFrontAppByUsageStat
04-03 16:59:44.705 W/dalvikvm( 7850): VFY: unable to resolve check-cast 77 (Landroid/app/usage/UsageStats;) in Lcom/tencent/assistant/manager/ProcessManager;
04-03 16:59:44.705 D/dalvikvm( 7850): VFY: replacing opcode 0x1f at 0x0059
04-03 16:59:44.815 E/FoundTabBannerView( 7850): processFlag: market, [main:1] FoundTabBannerView.e(154): entrance is null or empty!
04-03 16:59:44.955 D/dalvikvm( 7850): GC_FOR_ALLOC freed 2397K, 15% free 39514K/46172K, paused 126ms, total 126ms
04-03 16:59:44.955 I/dalvikvm-heap( 7850): Grow heap (frag case) to 48.518MB for 2002336-byte allocation
04-03 16:59:45.055 I/XiaomiFirewall( 3002): firewall pkgName:com.tencent.android.qqdownloader, result:0
04-03 16:59:45.105 E/FoundTopBannerView( 7850): processFlag: market, [main:1] FoundTopBannerView.b(56): refreshTopBanner, banner list is null or empty.
04-03 16:59:45.235 I/ThermalEngine(  379): Sensor:tsens_tz_sensor5:55000 mC
04-03 16:59:45.235 I/ThermalEngine(  379): Sensor:tsens_tz_sensor5:55000 mC
04-03 16:59:45.235 I/ThermalEngine(  379): TM Id 'CPU0_MONITOR' Sensor 'cpu0' - alarm raised 1 at 55.0 degC
04-03 16:59:45.235 I/ThermalEngine(  379): ACTION: CPU - Setting CPU[0] to 1728000
04-03 16:59:45.235 I/ThermalEngine(  379): Mitigation:CPU[0]:1728000 Khz
04-03 16:59:45.235 I/ThermalEngine(  379): ACTION: CPU - Setting CPU[1] to 1728000
04-03 16:59:45.235 I/ThermalEngine(  379): Mitigation:CPU[1]:1728000 Khz
04-03 16:59:45.235 I/ThermalEngine(  379): ACTION: CPU - Setting CPU[2] to 1728000
04-03 16:59:45.235 I/ThermalEngine(  379): Mitigation:CPU[2]:1728000 Khz
04-03 16:59:45.235 I/ThermalEngine(  379): ACTION: CPU - Setting CPU[3] to 1728000
04-03 16:59:45.235 I/ThermalEngine(  379): Mitigation:CPU[3]:1728000 Khz
04-03 16:59:45.295 I/Timeline( 1321): Timeline: App_transition_ready time:889968
04-03 16:59:45.305 I/Timeline( 1321): Timeline: Activity_windows_visible id: ActivityRecord{43649380 u0 com.tencent.android.qqdownloader/com.tencent.assistant.activity.SplashImplActivity t11} time:889979
04-03 16:59:45.315 I/ActivityManager( 1321): Displayed com.tencent.android.qqdownloader/com.tencent.assistantv2.activity.MainActivity: +1s430ms (total +1s759ms)
04-03 16:59:45.315 I/Timeline( 1321): Timeline: Activity_windows_visible id: ActivityRecord{4368a5a0 u0 com.tencent.android.qqdownloader/com.tencent.assistantv2.activity.MainActivity t11} time:889980
04-03 16:59:45.315 I/Timeline( 1321): Timeline: App_transition_stopped time:889985
04-03 16:59:45.325 E/QCALOG  (  322): [MessageQ] ProcessNewMessage: [XT-CS] unknown deliver target [OS-Agent]
04-03 16:59:45.335 E/QCALOG  (  322): [MessageQ] ProcessNewMessage: [XTWWAN-PE] unknown deliver target [OS-Agent]
04-03 16:59:45.485 I/ThermalEngine(  379): Sensor:batt_temp:362 mC
04-03 16:59:45.555 D/dalvikvm( 7850): GC_FOR_ALLOC freed 3489K, 12% free 42803K/48488K, paused 124ms, total 124ms
04-03 16:59:45.695 D/dalvikvm( 7850): GC_FOR_ALLOC freed 65K, 12% free 44716K/50396K, paused 109ms, total 112ms
04-03 16:59:45.885 D/dalvikvm( 7850): GC_FOR_ALLOC freed 136K, 11% free 46681K/52168K, paused 111ms, total 114ms
04-03 16:59:46.055 D/dalvikvm( 7850): GC_FOR_ALLOC freed 237K, 10% free 48577K/53940K, paused 97ms, total 97ms
04-03 16:59:46.215 D/dalvikvm( 7850): GC_FOR_ALLOC freed 106K, 10% free 50398K/55712K, paused 102ms, total 102ms
04-03 16:59:46.275 I/Choreographer( 7850): Skipped 62 frames!  The application may be doing too much work on its main thread.
04-03 16:59:46.485 I/ThermalEngine(  379): Sensor:batt_temp:362 mC
04-03 16:59:46.555 D/WhetstoneService( 1910): deal background too Frequently, ingore
04-03 16:59:46.715 I/Timeline( 7850): Timeline: Activity_launch_request time:891389
04-03 16:59:46.735 W/AD-PLUGIN-AppInstallActivateManager( 1961): Two apps are same
04-03 16:59:46.735 I/ActivityManager( 1321): START u0 {flg=0x34000000 cmp=com.tencent.android.qqdownloader/com.tencent.assistant.activity.BrowserActivity (has extras)} from pid 7850
04-03 16:59:46.765 W/WhetstoneService( 1910): {WhetstonePackageInfo#PacakgeName:com.tencent.android.qqdownloaderFlag:1024 [,SOFT_RESET] Type:0[] }not support ZRAM
04-03 16:59:46.765 I/ActivityManager( 1321): Start proc com.tencent.android.qqdownloader:web for service com.tencent.android.qqdownloader/com.tencent.assistant.web.InitService: pid=10476 uid=10025 gids={50025, 3003, 3002, 1028, 1015, 3001}
04-03 16:59:46.775 I/BootReceiver( 7850): getSwitchValue LOAD_PLUGIN_IN_BOOT_RECEIVER = false
04-03 16:59:46.775 I/BootReceiver( 7850): BootReceiver action = com.kingroot.common.ACTION_TOP_ACTIVITY_CHANGED, isProtectWorking = false
04-03 16:59:46.795 D/PowerKeeperEventLogManager( 2084): notifyForegroundCompomentChanged ComponentInfo{com.tencent.android.qqdownloader/com.tencent.assistant.activity.BrowserActivity}
04-03 16:59:46.795 D/PowerKeeperStateMachine( 2084): eventMessage id:100 name:foreground
04-03 16:59:46.795 D/PowerCalculator( 2084): computePackageForeground: packageName = com.tencent.android.qqdownloader
04-03 16:59:46.795 D/PowerCalculator( 2084): computePackageForegroundLocked, packageName: com.kingroot.kinguser oldPackageForeground: false packageForeground: false
04-03 16:59:46.795 D/PowerCalculator( 2084): computePackageForegroundLocked, packageName: com.screeclibinvoke oldPackageForeground: false packageForeground: false
04-03 16:59:46.795 D/PowerCalculator( 2084): computePackageForegroundLocked, packageName: com.miui.home oldPackageForeground: false packageForeground: false
04-03 16:59:46.795 D/PowerCalculator( 2084): computePackageForegroundLocked, packageName: com.android.settings oldPackageForeground: false packageForeground: false
04-03 16:59:46.795 D/PowerCalculator( 2084): computePackageForegroundLocked, packageName: com.tencent.android.qqdownloader oldPackageForeground: true packageForeground: true
04-03 16:59:46.795 D/PowerCalculator( 2084): computePackageForegroundLocked, packageName: com.tencent.tmgp.WePop oldPackageForeground: false packageForeground: false
04-03 16:59:46.805 I/Timeline( 1321): Timeline: App_transition_ready time:891474
04-03 16:59:46.815 D/ProcessObserver( 2084): onForegroundActivitiesChanged, pid: 10476 uid: 10025 foregroundActivities: true
04-03 16:59:46.815 V/LocationPolicy( 1321): onForegroundActivitiesChanged
04-03 16:59:46.845 D/ProcessObserver( 2084): onForegroundActivitiesChanged, pid: 1945 uid: 10012 foregroundActivities: false
04-03 16:59:46.845 V/LocationPolicy( 1321): onForegroundActivitiesChanged
04-03 16:59:46.855 D/Tinker.DefaultAppLike(10476): onBaseContextAttached:
04-03 16:59:46.885 W/Tinker.Tinker(10476): tinker patch directory: /data/data/com.tencent.android.qqdownloader/tinker
04-03 16:59:46.885 I/Tinker.Tinker(10476): try to install tinker, isEnable: true, version: 1.9.9
04-03 16:59:46.885 I/Tinker.TinkerLoadResult(10476): parseTinkerResult loadCode:-1, process name:com.tencent.android.qqdownloader:web, main process:true, systemOTA:false, fingerPrint:Xiaomi/cancro_wc_lte/cancro:4.4.4/KTU84P/5.10.8:user/release-keys, oatDir:null, useInterpretMode:false
04-03 16:59:46.885 W/Tinker.TinkerLoadResult(10476): tinker is disable, just return
04-03 16:59:46.885 I/Tinker.DefaultLoadReporter(10476): patch loadReporter onLoadResult: patch load result, path:/data/data/com.tencent.android.qqdownloader/tinker, code: -1, cost: 0ms
04-03 16:59:46.885 W/Tinker.Tinker(10476): tinker load fail!
04-03 16:59:46.885 I/Tinker.ComponentHotplug(10476): method install() is not invoked, ignore ensuring operations.
04-03 16:59:46.895 D/Tinker.DefaultAppLike(10476): onCreate
04-03 16:59:47.055 I/dalvikvm(10476): Could not find method android.provider.Settings$System.canWrite, referenced from method com.tencent.assistant.manager.permission.PermissionManager.canWriteSystemSettings
04-03 16:59:47.055 W/dalvikvm(10476): VFY: unable to resolve static method 1372: Landroid/provider/Settings$System;.canWrite (Landroid/content/Context;)Z
04-03 16:59:47.055 D/dalvikvm(10476): VFY: replacing opcode 0x71 at 0x0004
04-03 16:59:47.055 I/dalvikvm(10476): Could not find method android.app.NotificationManager.areNotificationsEnabled, referenced from method com.tencent.assistant.manager.permission.PermissionManager.areNotificationsEnabled
04-03 16:59:47.055 W/dalvikvm(10476): VFY: unable to resolve virtual method 351: Landroid/app/NotificationManager;.areNotificationsEnabled ()Z
04-03 16:59:47.055 D/dalvikvm(10476): VFY: replacing opcode 0x6e at 0x000a
04-03 16:59:47.055 I/dalvikvm(10476): Could not find method android.provider.Settings.canDrawOverlays, referenced from method com.tencent.assistant.manager.permission.PermissionManager.doRealRequestPermission
04-03 16:59:47.055 W/dalvikvm(10476): VFY: unable to resolve static method 1376: Landroid/provider/Settings;.canDrawOverlays (Landroid/content/Context;)Z
04-03 16:59:47.055 D/dalvikvm(10476): VFY: replacing opcode 0x71 at 0x003d
04-03 16:59:47.055 I/dalvikvm(10476): Could not find method android.provider.Settings.canDrawOverlays, referenced from method com.tencent.assistant.manager.permission.PermissionManager.getPermissionState
04-03 16:59:47.055 W/dalvikvm(10476): VFY: unable to resolve static method 1376: Landroid/provider/Settings;.canDrawOverlays (Landroid/content/Context;)Z
04-03 16:59:47.055 D/dalvikvm(10476): VFY: replacing opcode 0x71 at 0x008b
04-03 16:59:47.055 I/dalvikvm(10476): Could not find method android.app.Application.checkSelfPermission, referenced from method com.tencent.assistant.manager.permission.PermissionManager.hasPermission
04-03 16:59:47.055 W/dalvikvm(10476): VFY: unable to resolve virtual method 226: Landroid/app/Application;.checkSelfPermission (Ljava/lang/String;)I
04-03 16:59:47.055 D/dalvikvm(10476): VFY: replacing opcode 0x6e at 0x0019
04-03 16:59:47.065 I/dalvikvm(10476): Could not find method android.app.Activity.requestPermissions, referenced from method com.tencent.assistant.manager.permission.PermissionManager.requestAfterExplanation
04-03 16:59:47.065 W/dalvikvm(10476): VFY: unable to resolve virtual method 182: Landroid/app/Activity;.requestPermissions ([Ljava/lang/String;I)V
04-03 16:59:47.065 D/dalvikvm(10476): VFY: replacing opcode 0x6e at 0x008d
04-03 16:59:47.065 I/dalvikvm(10476): Could not find method android.app.Activity.shouldShowRequestPermissionRationale, referenced from method com.tencent.assistant.manager.permission.PermissionManager.shouldShowRequestPermissionRationale
04-03 16:59:47.065 W/dalvikvm(10476): VFY: unable to resolve virtual method 194: Landroid/app/Activity;.shouldShowRequestPermissionRationale (Ljava/lang/String;)Z
04-03 16:59:47.065 D/dalvikvm(10476): VFY: replacing opcode 0x6e at 0x0010
04-03 16:59:47.075 D/dalvikvm( 7850): GC_FOR_ALLOC freed 4415K, 8% free 55100K/59568K, paused 123ms, total 123ms
04-03 16:59:47.085 D/dalvikvm(10476): Trying to load lib /data/app-lib/com.tencent.android.qqdownloader-1/libqqndkfile.so 0x435cf608
04-03 16:59:47.085 D/dalvikvm(10476): Added shared lib /data/app-lib/com.tencent.android.qqdownloader-1/libqqndkfile.so 0x435cf608
04-03 16:59:47.085 D/dalvikvm(10476): No JNI_OnLoad found in /data/app-lib/com.tencent.android.qqdownloader-1/libqqndkfile.so 0x435cf608, skipping init
04-03 16:59:47.085 E/dalvikvm(10476): Could not find class 'android.app.ActivityManager$TaskDescription', referenced from method com.tencent.pangu.module.LauncherIconEngine.a
04-03 16:59:47.085 W/dalvikvm(10476): VFY: unable to resolve new-instance 44 (Landroid/app/ActivityManager$TaskDescription;) in Lcom/tencent/pangu/module/LauncherIconEngine;
04-03 16:59:47.085 D/dalvikvm(10476): VFY: replacing opcode 0x22 at 0x0033
04-03 16:59:47.085 D/dalvikvm(10476): DexOpt: unable to opt direct call 0x00c8 at 0x37 in Lcom/tencent/pangu/module/LauncherIconEngine;.a
04-03 16:59:47.115 E/ColumnCounter(10476): processFlag: web, [main:1] h.a(26): setPeriod, invalid period: -1
04-03 16:59:47.115 E/ColumnSubscribeManager(10476): processFlag: web, [main:1] ColumnSubscribeManager.<init>(118): invalid statlimit: -1
04-03 16:59:47.125 I/dalvikvm(10476): Could not find method android.view.Window.getStatusBarColor, referenced from method com.tencent.assistant.activity.ei.a
04-03 16:59:47.125 W/dalvikvm(10476): VFY: unable to resolve virtual method 4103: Landroid/view/Window;.getStatusBarColor ()I
04-03 16:59:47.125 D/dalvikvm(10476): VFY: replacing opcode 0x6e at 0x0017
04-03 16:59:47.125 I/dalvikvm(10476): Could not find method android.view.Window.setStatusBarColor, referenced from method com.tencent.assistant.activity.ei.a
04-03 16:59:47.125 W/dalvikvm(10476): VFY: unable to resolve virtual method 4117: Landroid/view/Window;.setStatusBarColor (I)V
04-03 16:59:47.125 D/dalvikvm(10476): VFY: replacing opcode 0x6e at 0x0028
04-03 16:59:47.165 D/dalvikvm(10476): GetMethodID: not returning static method Landroid/os/Process;.getTotalMemory ()J
04-03 16:59:47.165 D/dalvikvm(10476): GetMethodID: not returning static method Landroid/os/Process;.getFreeMemory ()J
04-03 16:59:47.185 D/wpa_supplicant( 1676): RX ctrl_iface - hexdump(len=11): 53 49 47 4e 41 4c 5f 50 4f 4c 4c
04-03 16:59:47.185 D/wpa_supplicant( 1676): wlan0: Control interface command 'SIGNAL_POLL'
04-03 16:59:47.185 D/wpa_supplicant( 1676): nl80211: survey data missing!
04-03 16:59:47.235 D/dalvikvm(10476): Trying to load lib /data/app-lib/com.tencent.android.qqdownloader-1/libNativeRQD.so 0x435cf608
04-03 16:59:47.235 W/linker  (10476): libNativeRQD.so has text relocations. This is wasting memory and is a security risk. Please fix.
04-03 16:59:47.235 D/dalvikvm(10476): Added shared lib /data/app-lib/com.tencent.android.qqdownloader-1/libNativeRQD.so 0x435cf608
04-03 16:59:47.235 D/dalvikvm(10476): No JNI_OnLoad found in /data/app-lib/com.tencent.android.qqdownloader-1/libNativeRQD.so 0x435cf608, skipping init
04-03 16:59:47.235 W/dalvikvm(10476): No implementation found for native Lcom/tencent/feedback/eup/jni/NativeExceptionUpload;.registNativeExceptionHandler2:(Ljava/lang/String;Ljava/lang/String;II)Ljava/lang/String;
04-03 16:59:47.235 I/native_eup(10476): Java_com_tencent_feedback_eup_jni_NativeExceptionUpload_registNativeExceptionHandler start
04-03 16:59:47.235 I/native_eup(10476): found native exception upload!
04-03 16:59:47.235 I/native_eup(10476): found native exception handler!
04-03 16:59:47.235 I/native_eup(10476): regist handler start procType 1 , level 19 , tombDir:/storage/emulated/0/tencent/tassistant/log/exception
04-03 16:59:47.235 I/native_eup(10476): registSignal start
04-03 16:59:47.235 I/native_eup(10476): registSignal end
04-03 16:59:47.235 I/native_eup(10476): regist handler end
04-03 16:59:47.235 I/native_eup(10476): Java_com_tencent_feedback_eup_jni_NativeExceptionUpload_registNativeExceptionHandler end
04-03 16:59:47.235 I/native_eup(10476): NativeRQDVersion:NRQD_1.7.4.1
04-03 16:59:47.235 W/ActivityManager( 1321): Activity pause timeout for ActivityRecord{4368a5a0 u0 com.tencent.android.qqdownloader/com.tencent.assistantv2.activity.MainActivity t11}
04-03 16:59:47.245 D/dalvikvm(10476): Trying to load lib /data/app-lib/com.tencent.android.qqdownloader-1/libNativeRQD.so 0x435cf608
04-03 16:59:47.245 D/dalvikvm(10476): Shared lib '/data/app-lib/com.tencent.android.qqdownloader-1/libNativeRQD.so' already loaded in same CL 0x435cf608
04-03 16:59:47.245 W/dalvikvm(10476): No implementation found for native Lcom/tencent/feedback/eup/jni/NativeExceptionUpload;.registNativeExceptionHandler2:(Ljava/lang/String;Ljava/lang/String;II)Ljava/lang/String;
04-03 16:59:47.245 I/native_eup(10476): Java_com_tencent_feedback_eup_jni_NativeExceptionUpload_registNativeExceptionHandler start
04-03 16:59:47.245 I/native_eup(10476): found native exception upload!
04-03 16:59:47.245 I/native_eup(10476): found native exception handler!
04-03 16:59:47.245 I/native_eup(10476): regist handler start procType 1 , level 19 , tombDir:/storage/emulated/0/tencent/tassistant/log/exception
04-03 16:59:47.245 I/native_eup(10476): registSignal start
04-03 16:59:47.245 I/native_eup(10476): registSignal end
04-03 16:59:47.245 I/native_eup(10476): regist handler end
04-03 16:59:47.245 I/native_eup(10476): Java_com_tencent_feedback_eup_jni_NativeExceptionUpload_registNativeExceptionHandler end
04-03 16:59:47.245 I/native_eup(10476): NativeRQDVersion:NRQD_1.7.4.1
04-03 16:59:47.285 E/workflow_WorkflowManager( 7850): onPause >> set isInFront to false.
04-03 16:59:47.285 I/Timeline( 1321): Timeline: App_transition_stopped time:891952
04-03 16:59:47.295 I/BootReceiver( 7850): getSwitchValue LOAD_PLUGIN_IN_BOOT_RECEIVER = false
04-03 16:59:47.295 I/BootReceiver( 7850): BootReceiver action = com.kingroot.common.ACTION_SWITCH_OUT_DESKTOP, isProtectWorking = false
04-03 16:59:47.365 I/TrafficManageService( 3002): mina mTrafficStatsReceiver onReceive
04-03 16:59:47.365 W/ContextImpl( 3002): Calling a method in the system process without a qualified user: android.app.ContextImpl.sendBroadcast:1173 android.content.ContextWrapper.sendBroadcast:365 com.miui.networkassistant.service.tm.TrafficManageService.broadCastDataUsageUpdated:832 com.miui.networkassistant.service.tm.TrafficManageService$8.onReceive:1058 android.app.LoadedApk$ReceiverDispatcher$Args.run:761 
04-03 16:59:47.385 I/BootReceiver( 7850): getSwitchValue LOAD_PLUGIN_IN_BOOT_RECEIVER = false
04-03 16:59:47.385 I/BootReceiver( 7850): BootReceiver action = com.kingroot.common.ACTION_TOP_APP_CHANGED, isProtectWorking = false
04-03 16:59:47.385 I/ActivityManager( 1321): Activity reported stop, but no longer stopping: ActivityRecord{43649380 u0 com.tencent.android.qqdownloader/com.tencent.assistant.activity.SplashImplActivity t11 f}
04-03 16:59:47.385 I/ActivityManager( 1321): Activity reported stop, but no longer stopping: ActivityRecord{4368a5a0 u0 com.tencent.android.qqdownloader/com.tencent.assistantv2.activity.MainActivity t11}
04-03 16:59:47.395 I/Timeline( 7850): Timeline: Activity_idle id: android.os.BinderProxy@43cf3a48 time:892062
04-03 16:59:47.395 I/BootReceiver( 7850): getSwitchValue LOAD_PLUGIN_IN_BOOT_RECEIVER = false
04-03 16:59:47.395 I/BootReceiver( 7850): BootReceiver action = com.kingroot.common.ACTION_NEW_APP_STARTED, isProtectWorking = false
04-03 16:59:47.395 W/ActivityManager( 1321): Duplicate finish request for ActivityRecord{43649380 u0 com.tencent.android.qqdownloader/com.tencent.assistant.activity.SplashImplActivity t11 f}
04-03 16:59:47.395 E/ActivityThread( 7850): Performing stop of activity that is not resumed: {com.tencent.android.qqdownloader/com.tencent.assistantv2.activity.MainActivity}
04-03 16:59:47.395 E/ActivityThread( 7850): java.lang.RuntimeException: Performing stop of activity that is not resumed: {com.tencent.android.qqdownloader/com.tencent.assistantv2.activity.MainActivity}
04-03 16:59:47.395 E/ActivityThread( 7850): 	at android.app.ActivityThread.performStopActivityInner(ActivityThread.java:3157)
04-03 16:59:47.395 E/ActivityThread( 7850): 	at android.app.ActivityThread.handleStopActivity(ActivityThread.java:3244)
04-03 16:59:47.395 E/ActivityThread( 7850): 	at android.app.ActivityThread.access$1100(ActivityThread.java:141)
04-03 16:59:47.395 E/ActivityThread( 7850): 	at android.app.ActivityThread$H.handleMessage(ActivityThread.java:1240)
04-03 16:59:47.395 E/ActivityThread( 7850): 	at android.os.Handler.dispatchMessage(Handler.java:102)
04-03 16:59:47.395 E/ActivityThread( 7850): 	at android.os.Looper.loop(Looper.java:136)
04-03 16:59:47.395 E/ActivityThread( 7850): 	at android.app.ActivityThread.main(ActivityThread.java:5072)
04-03 16:59:47.395 E/ActivityThread( 7850): 	at java.lang.reflect.Method.invokeNative(Native Method)
04-03 16:59:47.395 E/ActivityThread( 7850): 	at java.lang.reflect.Method.invoke(Method.java:515)
04-03 16:59:47.395 E/ActivityThread( 7850): 	at com.android.internal.os.ZygoteInit$MethodAndArgsCaller.run(ZygoteInit.java:793)
04-03 16:59:47.395 E/ActivityThread( 7850): 	at com.android.internal.os.ZygoteInit.main(ZygoteInit.java:609)
04-03 16:59:47.395 E/ActivityThread( 7850): 	at dalvik.system.NativeStart.main(Native Method)
04-03 16:59:47.415 D/ViewRootImpl( 7850): changeCanvasOpacity: opaque=true
04-03 16:59:47.415 V/LocationPolicy( 1321): onForegroundActivitiesChanged
04-03 16:59:47.425 D/ProcessObserver( 2084): onForegroundActivitiesChanged, pid: 7850 uid: 10025 foregroundActivities: false
04-03 16:59:47.475 I/ThermalEngine(  379): Sensor:tsens_tz_sensor5:60000 mC
04-03 16:59:47.475 I/ThermalEngine(  379): Sensor:tsens_tz_sensor5:60000 mC
04-03 16:59:47.475 I/ThermalEngine(  379): TM Id 'CPU0_MONITOR' Sensor 'cpu0' - alarm raised 2 at 60.0 degC
04-03 16:59:47.475 I/ThermalEngine(  379): ACTION: CPU - Setting CPU[0] to 1497600
04-03 16:59:47.475 I/ThermalEngine(  379): Mitigation:CPU[0]:1497600 Khz
04-03 16:59:47.475 I/ThermalEngine(  379): ACTION: CPU - Setting CPU[1] to 1497600
04-03 16:59:47.475 I/ThermalEngine(  379): Mitigation:CPU[1]:1497600 Khz
04-03 16:59:47.475 I/ThermalEngine(  379): ACTION: CPU - Setting CPU[2] to 1497600
04-03 16:59:47.475 I/ThermalEngine(  379): Mitigation:CPU[2]:1497600 Khz
04-03 16:59:47.475 I/ThermalEngine(  379): ACTION: CPU - Setting CPU[3] to 1497600
04-03 16:59:47.475 I/ThermalEngine(  379): Mitigation:CPU[3]:1497600 Khz
04-03 16:59:47.485 I/ThermalEngine(  379): Sensor:batt_temp:362 mC
04-03 16:59:47.535 I/XiaomiFirewall( 3002): firewall pkgName:com.tencent.android.qqdownloader, result:0
04-03 16:59:47.595 E/workflow_WorkflowManager(10476): onResume >> set isInFront to true.
04-03 16:59:47.635 D/dalvikvm(10476): Trying to load lib /data/app-lib/com.tencent.android.qqdownloader-1/libsecuritysdk_base.so 0x435cf608
04-03 16:59:47.635 D/dalvikvm(10476): Added shared lib /data/app-lib/com.tencent.android.qqdownloader-1/libsecuritysdk_base.so 0x435cf608
04-03 16:59:47.635 D/dalvikvm(10476): No JNI_OnLoad found in /data/app-lib/com.tencent.android.qqdownloader-1/libsecuritysdk_base.so 0x435cf608, skipping init
04-03 16:59:47.765 I/Choreographer(10476): Skipped 31 frames!  The application may be doing too much work on its main thread.
04-03 16:59:47.845 D/dalvikvm( 7771): GC_EXPLICIT freed 6116K, 26% free 25541K/34496K, paused 8ms+31ms, total 189ms
04-03 16:59:47.875 I/Adreno-EGL(10476): <qeglDrvAPI_eglInitialize:410>: EGL 1.4 QUALCOMM build: AU_LINUX_ANDROID_LNX.LA.3.5.2.2.1_RB1.04.04.04.090.052_msm8974_LNX.LA.3.5.2.2.1_RB1__release_AU ()
04-03 16:59:47.875 I/Adreno-EGL(10476): OpenGL ES Shader Compiler Version: E031.24.00.15
04-03 16:59:47.875 I/Adreno-EGL(10476): Build Date: 07/01/15 Wed
04-03 16:59:47.875 I/Adreno-EGL(10476): Local Branch: mybranch11515920
04-03 16:59:47.875 I/Adreno-EGL(10476): Remote Branch: quic/LNX.LA.3.5.2.2.1_rb1
04-03 16:59:47.875 I/Adreno-EGL(10476): Local Patches: NONE
04-03 16:59:47.875 I/Adreno-EGL(10476): Reconstruct Branch: AU_LINUX_ANDROID_LNX.LA.3.5.2.2.1_RB1.04.04.04.090.052 +  NOTHING
04-03 16:59:47.905 I/XiaomiFirewall( 3002): firewall pkgName:com.tencent.android.qqdownloader, result:0
04-03 16:59:47.925 D/MSF.C.NetConnTag( 1807): pa ok: 13863
04-03 16:59:47.925 D/MSF.C.NetConnTag( 1807): netSend ssoSeq:13863 uin:*3670 cmd:GTcxIAkuJnQZKj0kNj0CPz4 13947 43b9d0a0
04-03 16:59:47.935 D/OpenGLRenderer(10476): Enabling debug mode 0
04-03 16:59:47.945 D/MSF.C.NetConnTag( 1807): netRecv ssoSeq:13863 uin:*3670 cmd:GTcxIAkuJnQZKj0kNj0CPz4 13975 cross:0
04-03 16:59:47.955 I/BootReceiver( 7850): getSwitchValue LOAD_PLUGIN_IN_BOOT_RECEIVER = false
04-03 16:59:47.955 I/BootReceiver( 7850): BootReceiver action = com.kingroot.common.ACTION_TOP_ACTIVITY_CHANGED, isProtectWorking = false
04-03 16:59:47.985 D/MSF.C.TokenChecker( 1807): checkToken for *3670 now: 1554281987973 lastCheckWebviewKeyTime: 1554280072000 needChangeToken: false isInstant:false
04-03 16:59:48.015 I/dalvikvm(10476): Could not find method android.webkit.WebResourceResponse.setResponseHeaders, referenced from method com.tencent.assistant.manager.webview.WebViewHelper.createWebResourceResponse
04-03 16:59:48.015 W/dalvikvm(10476): VFY: unable to resolve virtual method 4261: Landroid/webkit/WebResourceResponse;.setResponseHeaders (Ljava/util/Map;)V
04-03 16:59:48.015 D/dalvikvm(10476): VFY: replacing opcode 0x6e at 0x0062
04-03 16:59:48.015 I/ActivityManager( 1321): Displayed com.tencent.android.qqdownloader/com.tencent.assistant.activity.BrowserActivity: +1s208ms
04-03 16:59:48.015 I/Timeline( 1321): Timeline: Activity_windows_visible id: ActivityRecord{436cabc8 u0 com.tencent.android.qqdownloader/com.tencent.assistant.activity.BrowserActivity t11} time:892686
04-03 16:59:48.065 I/XiaomiFirewall( 3002): firewall pkgName:com.tencent.android.qqdownloader, result:0
04-03 16:59:48.075 W/System.err(10476): java.lang.NullPointerException
04-03 16:59:48.075 W/System.err(10476): 	at com.tencent.smtt.sdk.TbsPVConfig.isEnableNoCoreGray(Unknown Source)
04-03 16:59:48.075 W/System.err(10476): 	at com.tencent.smtt.sdk.TbsShareManager.getPackageContext(Unknown Source)
04-03 16:59:48.075 W/System.err(10476): 	at com.tencent.smtt.sdk.TbsShareManager.getSharedTbsCoreVersion(Unknown Source)
04-03 16:59:48.075 W/System.err(10476): 	at com.tencent.smtt.sdk.TbsShareManager.k(Unknown Source)
04-03 16:59:48.075 W/System.err(10476): 	at com.tencent.smtt.sdk.TbsShareManager.findCoreForThirdPartyApp(Unknown Source)
04-03 16:59:48.075 W/System.err(10476): 	at com.tencent.smtt.sdk.TbsShareManager.i(Unknown Source)
04-03 16:59:48.075 W/System.err(10476): 	at com.tencent.smtt.sdk.QbSdk.a(Unknown Source)
04-03 16:59:48.075 W/System.err(10476): 	at com.tencent.smtt.sdk.o.a(Unknown Source)
04-03 16:59:48.075 W/System.err(10476): 	at com.tencent.smtt.sdk.bt.a(Unknown Source)
04-03 16:59:48.075 W/System.err(10476): 	at com.tencent.smtt.sdk.WebView.c(Unknown Source)
04-03 16:59:48.075 W/System.err(10476): 	at com.tencent.smtt.sdk.WebView.<init>(Unknown Source)
04-03 16:59:48.075 W/System.err(10476): 	at com.tencent.smtt.sdk.WebView.<init>(Unknown Source)
04-03 16:59:48.075 W/System.err(10476): 	at com.tencent.smtt.sdk.WebView.<init>(Unknown Source)
04-03 16:59:48.075 W/System.err(10476): 	at com.tencent.smtt.sdk.WebView.<init>(Unknown Source)
04-03 16:59:48.075 W/System.err(10476): 	at com.tencent.plugin.tbssdk.TxWebView.<init>(ProGuard:95)
04-03 16:59:48.075 W/System.err(10476): 	at com.tencent.plugin.tbssdk.TxWebView.<init>(ProGuard:91)
04-03 16:59:48.075 W/System.err(10476): 	at java.lang.reflect.Constructor.constructNative(Native Method)
04-03 16:59:48.075 W/System.err(10476): 	at java.lang.reflect.Constructor.newInstance(Constructor.java:423)
04-03 16:59:48.075 W/System.err(10476): 	at com.tencent.assistant.manager.webview.impl.ReflectTool.newInstance(ProGuard:19)
04-03 16:59:48.075 W/System.err(10476): 	at com.tencent.assistant.manager.webview.WebViewHelper.initView(ProGuard:93)
04-03 16:59:48.075 W/System.err(10476): 	at com.tencent.assistant.manager.webview.WebViewHelper.<init>(ProGuard:65)
04-03 16:59:48.075 W/System.err(10476): 	at com.tencent.assistant.manager.webview.component.TXRefreshWebView.createScrollContentView(ProGuard:121)
04-03 16:59:48.075 W/System.err(10476): 	at com.tencent.assistant.component.txscrollview.TXScrollViewBase.initView(ProGuard:163)
04-03 16:59:48.075 W/System.err(10476): 	at com.tencent.assistant.component.txscrollview.TXRefreshScrollViewBase.doInitView(ProGuard:116)
04-03 16:59:48.075 W/System.err(10476): 	at com.tencent.assistant.component.txscrollview.TXRefreshScrollViewBase.initView(ProGuard:91)
04-03 16:59:48.085 W/System.err(10476): 	at com.tencent.assistant.component.txscrollview.TXScrollViewBase.<init>(ProGuard:80)
04-03 16:59:48.085 W/System.err(10476): 	at com.tencent.assistant.component.txscrollview.TXRefreshScrollViewBase.<init>(ProGuard:47)
04-03 16:59:48.085 W/System.err(10476): 	at com.tencent.assistant.manager.webview.component.TXRefreshWebView.<init>(ProGuard:42)
04-03 16:59:48.085 W/System.err(10476): 	at com.tencent.assistant.manager.webview.component.TxWebViewContainer.initWebView(ProGuard:485)
04-03 16:59:48.085 W/System.err(10476): 	at com.tencent.assistant.manager.webview.component.j.run(ProGuard:458)
04-03 16:59:48.085 W/System.err(10476): 	at android.os.Handler.handleCallback(Handler.java:733)
04-03 16:59:48.085 W/System.err(10476): 	at android.os.Handler.dispatchMessage(Handler.java:95)
04-03 16:59:48.085 W/System.err(10476): 	at android.os.Looper.loop(Looper.java:136)
04-03 16:59:48.085 W/System.err(10476): 	at android.app.ActivityThread.main(ActivityThread.java:5072)
04-03 16:59:48.085 W/System.err(10476): 	at java.lang.reflect.Method.invokeNative(Native Method)
04-03 16:59:48.085 W/System.err(10476): 	at java.lang.reflect.Method.invoke(Method.java:515)
04-03 16:59:48.085 W/System.err(10476): 	at com.android.internal.os.ZygoteInit$MethodAndArgsCaller.run(ZygoteInit.java:793)
04-03 16:59:48.085 W/System.err(10476): 	at com.android.internal.os.ZygoteInit.main(ZygoteInit.java:609)
04-03 16:59:48.085 W/System.err(10476): 	at dalvik.system.NativeStart.main(Native Method)
04-03 16:59:48.095 W/System.err(10476): java.lang.NullPointerException
04-03 16:59:48.095 W/System.err(10476): 	at com.tencent.smtt.sdk.TbsPVConfig.isEnableNoCoreGray(Unknown Source)
04-03 16:59:48.095 W/System.err(10476): 	at com.tencent.smtt.sdk.TbsShareManager.getPackageContext(Unknown Source)
04-03 16:59:48.095 W/System.err(10476): 	at com.tencent.smtt.sdk.TbsShareManager.getCoreShareDecoupleCoreVersion(Unknown Source)
04-03 16:59:48.095 W/System.err(10476): 	at com.tencent.smtt.sdk.TbsShareManager.k(Unknown Source)
04-03 16:59:48.095 W/System.err(10476): 	at com.tencent.smtt.sdk.TbsShareManager.findCoreForThirdPartyApp(Unknown Source)
04-03 16:59:48.095 W/System.err(10476): 	at com.tencent.smtt.sdk.TbsShareManager.i(Unknown Source)
04-03 16:59:48.105 W/System.err(10476): 	at com.tencent.smtt.sdk.QbSdk.a(Unknown Source)
04-03 16:59:48.105 W/System.err(10476): 	at com.tencent.smtt.sdk.o.a(Unknown Source)
04-03 16:59:48.105 W/System.err(10476): 	at com.tencent.smtt.sdk.bt.a(Unknown Source)
04-03 16:59:48.105 W/System.err(10476): 	at com.tencent.smtt.sdk.WebView.c(Unknown Source)
04-03 16:59:48.105 W/System.err(10476): 	at com.tencent.smtt.sdk.WebView.<init>(Unknown Source)
04-03 16:59:48.105 W/System.err(10476): 	at com.tencent.smtt.sdk.WebView.<init>(Unknown Source)
04-03 16:59:48.105 W/System.err(10476): 	at com.tencent.smtt.sdk.WebView.<init>(Unknown Source)
04-03 16:59:48.105 W/System.err(10476): 	at com.tencent.smtt.sdk.WebView.<init>(Unknown Source)
04-03 16:59:48.105 W/System.err(10476): 	at com.tencent.plugin.tbssdk.TxWebView.<init>(ProGuard:95)
04-03 16:59:48.105 W/System.err(10476): 	at com.tencent.plugin.tbssdk.TxWebView.<init>(ProGuard:91)
04-03 16:59:48.105 W/System.err(10476): 	at java.lang.reflect.Constructor.constructNative(Native Method)
04-03 16:59:48.105 W/System.err(10476): 	at java.lang.reflect.Constructor.newInstance(Constructor.java:423)
04-03 16:59:48.105 W/System.err(10476): 	at com.tencent.assistant.manager.webview.impl.ReflectTool.newInstance(ProGuard:19)
04-03 16:59:48.105 W/System.err(10476): 	at com.tencent.assistant.manager.webview.WebViewHelper.initView(ProGuard:93)
04-03 16:59:48.105 W/System.err(10476): 	at com.tencent.assistant.manager.webview.WebViewHelper.<init>(ProGuard:65)
04-03 16:59:48.105 W/System.err(10476): 	at com.tencent.assistant.manager.webview.component.TXRefreshWebView.createScrollContentView(ProGuard:121)
04-03 16:59:48.105 W/System.err(10476): 	at com.tencent.assistant.component.txscrollview.TXScrollViewBase.initView(ProGuard:163)
04-03 16:59:48.105 W/System.err(10476): 	at com.tencent.assistant.component.txscrollview.TXRefreshScrollViewBase.doInitView(ProGuard:116)
04-03 16:59:48.105 W/System.err(10476): 	at com.tencent.assistant.component.txscrollview.TXRefreshScrollViewBase.initView(ProGuard:91)
04-03 16:59:48.105 W/System.err(10476): 	at com.tencent.assistant.component.txscrollview.TXScrollViewBase.<init>(ProGuard:80)
04-03 16:59:48.105 W/System.err(10476): 	at com.tencent.assistant.component.txscrollview.TXRefreshScrollViewBase.<init>(ProGuard:47)
04-03 16:59:48.105 W/System.err(10476): 	at com.tencent.assistant.manager.webview.component.TXRefreshWebView.<init>(ProGuard:42)
04-03 16:59:48.105 W/System.err(10476): 	at com.tencent.assistant.manager.webview.component.TxWebViewContainer.initWebView(ProGuard:485)
04-03 16:59:48.105 W/System.err(10476): 	at com.tencent.assistant.manager.webview.component.j.run(ProGuard:458)
04-03 16:59:48.105 W/System.err(10476): 	at android.os.Handler.handleCallback(Handler.java:733)
04-03 16:59:48.105 W/System.err(10476): 	at android.os.Handler.dispatchMessage(Handler.java:95)
04-03 16:59:48.105 W/System.err(10476): 	at android.os.Looper.loop(Looper.java:136)
04-03 16:59:48.105 W/System.err(10476): 	at android.app.ActivityThread.main(ActivityThread.java:5072)
04-03 16:59:48.105 W/System.err(10476): 	at java.lang.reflect.Method.invokeNative(Native Method)
04-03 16:59:48.105 W/System.err(10476): 	at java.lang.reflect.Method.invoke(Method.java:515)
04-03 16:59:48.105 W/System.err(10476): 	at com.android.internal.os.ZygoteInit$MethodAndArgsCaller.run(ZygoteInit.java:793)
04-03 16:59:48.105 W/System.err(10476): 	at com.android.internal.os.ZygoteInit.main(ZygoteInit.java:609)
04-03 16:59:48.105 W/System.err(10476): 	at dalvik.system.NativeStart.main(Native Method)
04-03 16:59:48.115 W/System.err(10476): java.lang.NullPointerException
04-03 16:59:48.115 W/System.err(10476): 	at com.tencent.smtt.sdk.TbsPVConfig.isEnableNoCoreGray(Unknown Source)
04-03 16:59:48.115 W/System.err(10476): 	at com.tencent.smtt.sdk.TbsShareManager.getPackageContext(Unknown Source)
04-03 16:59:48.115 W/System.err(10476): 	at com.tencent.smtt.sdk.TbsShareManager.getSharedTbsCoreVersion(Unknown Source)
04-03 16:59:48.115 W/System.err(10476): 	at com.tencent.smtt.sdk.TbsShareManager.i(Unknown Source)
04-03 16:59:48.115 W/System.err(10476): 	at com.tencent.smtt.sdk.QbSdk.a(Unknown Source)
04-03 16:59:48.115 W/System.err(10476): 	at com.tencent.smtt.sdk.o.a(Unknown Source)
04-03 16:59:48.115 W/System.err(10476): 	at com.tencent.smtt.sdk.bt.a(Unknown Source)
04-03 16:59:48.115 W/System.err(10476): 	at com.tencent.smtt.sdk.WebView.c(Unknown Source)
04-03 16:59:48.115 W/System.err(10476): 	at com.tencent.smtt.sdk.WebView.<init>(Unknown Source)
04-03 16:59:48.115 W/System.err(10476): 	at com.tencent.smtt.sdk.WebView.<init>(Unknown Source)
04-03 16:59:48.115 W/System.err(10476): 	at com.tencent.smtt.sdk.WebView.<init>(Unknown Source)
04-03 16:59:48.115 W/System.err(10476): 	at com.tencent.smtt.sdk.WebView.<init>(Unknown Source)
04-03 16:59:48.115 W/System.err(10476): 	at com.tencent.plugin.tbssdk.TxWebView.<init>(ProGuard:95)
04-03 16:59:48.115 W/System.err(10476): 	at com.tencent.plugin.tbssdk.TxWebView.<init>(ProGuard:91)
04-03 16:59:48.115 W/System.err(10476): 	at java.lang.reflect.Constructor.constructNative(Native Method)
04-03 16:59:48.115 W/System.err(10476): 	at java.lang.reflect.Constructor.newInstance(Constructor.java:423)
04-03 16:59:48.115 W/System.err(10476): 	at com.tencent.assistant.manager.webview.impl.ReflectTool.newInstance(ProGuard:19)
04-03 16:59:48.115 W/System.err(10476): 	at com.tencent.assistant.manager.webview.WebViewHelper.initView(ProGuard:93)
04-03 16:59:48.115 W/System.err(10476): 	at com.tencent.assistant.manager.webview.WebViewHelper.<init>(ProGuard:65)
04-03 16:59:48.115 W/System.err(10476): 	at com.tencent.assistant.manager.webview.component.TXRefreshWebView.createScrollContentView(ProGuard:121)
04-03 16:59:48.115 W/System.err(10476): 	at com.tencent.assistant.component.txscrollview.TXScrollViewBase.initView(ProGuard:163)
04-03 16:59:48.115 W/System.err(10476): 	at com.tencent.assistant.component.txscrollview.TXRefreshScrollViewBase.doInitView(ProGuard:116)
04-03 16:59:48.115 W/System.err(10476): 	at com.tencent.assistant.component.txscrollview.TXRefreshScrollViewBase.initView(ProGuard:91)
04-03 16:59:48.115 W/System.err(10476): 	at com.tencent.assistant.component.txscrollview.TXScrollViewBase.<init>(ProGuard:80)
04-03 16:59:48.115 W/System.err(10476): 	at com.tencent.assistant.component.txscrollview.TXRefreshScrollViewBase.<init>(ProGuard:47)
04-03 16:59:48.115 W/System.err(10476): 	at com.tencent.assistant.manager.webview.component.TXRefreshWebView.<init>(ProGuard:42)
04-03 16:59:48.115 W/System.err(10476): 	at com.tencent.assistant.manager.webview.component.TxWebViewContainer.initWebView(ProGuard:485)
04-03 16:59:48.115 W/System.err(10476): 	at com.tencent.assistant.manager.webview.component.j.run(ProGuard:458)
04-03 16:59:48.115 W/System.err(10476): 	at android.os.Handler.handleCallback(Handler.java:733)
04-03 16:59:48.115 W/System.err(10476): 	at android.os.Handler.dispatchMessage(Handler.java:95)
04-03 16:59:48.115 W/System.err(10476): 	at android.os.Looper.loop(Looper.java:136)
04-03 16:59:48.115 W/System.err(10476): 	at android.app.ActivityThread.main(ActivityThread.java:5072)
04-03 16:59:48.115 W/System.err(10476): 	at java.lang.reflect.Method.invokeNative(Native Method)
04-03 16:59:48.115 W/System.err(10476): 	at java.lang.reflect.Method.invoke(Method.java:515)
04-03 16:59:48.115 W/System.err(10476): 	at com.android.internal.os.ZygoteInit$MethodAndArgsCaller.run(ZygoteInit.java:793)
04-03 16:59:48.115 W/System.err(10476): 	at com.android.internal.os.ZygoteInit.main(ZygoteInit.java:609)
04-03 16:59:48.115 W/System.err(10476): 	at dalvik.system.NativeStart.main(Native Method)
04-03 16:59:48.125 W/System.err(10476): java.lang.NullPointerException
04-03 16:59:48.125 W/System.err(10476): 	at com.tencent.smtt.sdk.TbsPVConfig.isEnableNoCoreGray(Unknown Source)
04-03 16:59:48.125 W/System.err(10476): 	at com.tencent.smtt.sdk.TbsShareManager.getPackageContext(Unknown Source)
04-03 16:59:48.125 W/System.err(10476): 	at com.tencent.smtt.sdk.TbsShareManager.getSharedTbsCoreVersion(Unknown Source)
04-03 16:59:48.125 W/System.err(10476): 	at com.tencent.smtt.sdk.TbsShareManager.l(Unknown Source)
04-03 16:59:48.125 W/System.err(10476): 	at com.tencent.smtt.sdk.TbsShareManager.i(Unknown Source)
04-03 16:59:48.125 W/System.err(10476): 	at com.tencent.smtt.sdk.QbSdk.a(Unknown Source)
04-03 16:59:48.125 W/System.err(10476): 	at com.tencent.smtt.sdk.o.a(Unknown Source)
04-03 16:59:48.125 W/System.err(10476): 	at com.tencent.smtt.sdk.bt.a(Unknown Source)
04-03 16:59:48.125 W/System.err(10476): 	at com.tencent.securitysdk.f.b$a: No Channel block in APK Signing Block
04-03 16:59:48.125 W/System.err(10476): com.tencent.smtt.sdk.WebView.c(Unknown Source)
04-03 16:59:48.125 W/System.err(10476): 	at com.tencent.smtt.sdk.WebView.<init>(Unknown Source)
04-03 16:59:48.125 W/System.err(10476): 	at com.tencent.smtt.sdk.WebView.<init>(Unknown Source)
04-03 16:59:48.125 W/System.err(10476): 	at com.tencent.smtt.sdk.WebView.<init>(Unknown Source)
04-03 16:59:48.125 W/System.err(10476): 	at com.tencent.smtt.sdk.WebView.<init>(Unknown Source)
04-03 16:59:48.125 W/System.err(10476): 	at com.tencent.plugin.tbssdk.TxWebView.<init>(ProGuard:95)
04-03 16:59:48.125 W/System.err(10476): 	at com.tencent.plugin.tbssdk.TxWebView.<init>(ProGuard:91)
04-03 16:59:48.125 W/System.err(10476): 	at java.lang.reflect.Constructor.constructNative(Native Method)
04-03 16:59:48.125 W/System.err(10476): 	at java.lang.reflect.Constructor.newInstance(Constructor.java:423)
04-03 16:59:48.125 W/System.err(10476): 	at com.tencent.assistant.manager.webview.impl.ReflectTool.newInstance(ProGuard:19)
04-03 16:59:48.125 W/System.err(10476): 	at com.tencent.assistant.manager.webview.WebViewHelper.initView(ProGuard:93)
04-03 16:59:48.125 W/System.err(10476): 	at com.tencent.assistant.manager.webview.WebViewHelper.<init>(ProGuard:65)
04-03 16:59:48.125 W/System.err(10476): 	at com.tencent.assistant.manager.webview.component.TXRefreshWebView.createScrollContentView(ProGuard:121)
04-03 16:59:48.125 W/System.err(10476): 	at com.tencent.assistant.component.txscrollview.TXScrollViewBase.initView(ProGuard:163)
