04-03 16:59:07.105 E/FFmpegExtractor(  246): android-source:0xb78ca980|file:: avformat_open_input failed, err:Invalid data found when processing input
04-03 16:59:07.105 D/FFmpegExtractor(  246): SniffFFMPEG failed to sniff this source
04-03 16:59:07.125 D/ExtendedUtils(  246): extended extractor not needed, return default
04-03 16:59:07.125 I/AwesomePlayer(  246): AwesomePlayer::setParameters ()
04-03 16:59:07.125 I/Utils   (  246): track of type 'audio/vorbis' does not publish 24bits or not
04-03 16:59:07.125 I/AudioPolicyManager(  246):  isOffloadSupported: SR=44100, CM=0x3, Format=0x7000000, StreamType=1, BitRate=4294967295, duration=644920 us, has_video=0, force_offload=0
04-03 16:59:07.125 I/AwesomePlayer(  246): Not OffloadPlayer, can't use Offload mode, force to turn off the offload mode
04-03 16:59:07.125 I/AwesomePlayer(  246): isOffloadPlayer=0, mOffloadAudio=0, isForceOffload=0
04-03 16:59:07.125 I/AwesomePlayer(  246): Could not offload audio decode, try pcm offload
04-03 16:59:07.125 I/Utils   (  246): track of type 'audio/raw' does not publish 24bits or not
04-03 16:59:07.125 I/AudioPolicyManager(  246):  isOffloadSupported: SR=44100, CM=0x1, Format=0x17000001, StreamType=1, BitRate=4294967295, duration=644920 us, has_video=0, force_offload=0
04-03 16:59:07.125 I/AwesomePlayer(  246): Not OffloadPlayer, can't use Offload mode, force to turn off the offload mode
04-03 16:59:07.125 I/AwesomePlayer(  246): isOffloadPlayer=0, mOffloadAudio=0, isForceOffload=0
04-03 16:59:07.125 D/Ringtone( 1601): Successfully created local player
04-03 16:59:07.175 E/MediaPlayer( 1601): Should have subtitle controller already set
04-03 16:59:07.425 D/charger_monitor(  473): vinmin 4300000
04-03 16:59:07.425 D/charger_monitor(  473): exiting: target 0
04-03 16:59:07.435 I/ThermalEngine(  379): Sensor:batt_temp:362 mC
04-03 16:59:07.865 D/PhoneStatusBar( 1601): removeNotification key=android.os.BinderProxy@43ae8760 keyCode=1135511392 old=StatusBarNotification(pkg=android user=UserHandle{-1} id=17040503 tag=null score=-20: Notification(pri=-2 contentView=android/0x1090064 vibrate=null sound=null defaults=0x0 flags=0x2 kind=[null]))
04-03 16:59:07.865 W/ContextImpl( 1601): Calling a method in the system process without a qualified user: android.app.ContextImpl.sendBroadcast:1173 android.content.ContextWrapper.sendBroadcast:365 com.android.systemui.statusbar.phone.PhoneStatusBar.updateAppMessage:1588 com.android.systemui.statusbar.phone.PhoneStatusBar.updateAppMessage:1580 com.android.systemui.statusbar.phone.PhoneStatusBar.removeNotification:2339 
04-03 16:59:07.885 D/PhoneStatusBar( 1601): removeNotification key=android.os.BinderProxy@437bd470 keyCode=1132188784 old=StatusBarNotification(pkg=android user=UserHandle{-1} id=17040511 tag=null score=-10: Notification(pri=-1 contentView=android/0x1090064 vibrate=null sound=null defaults=0x0 flags=0x2 kind=[null]))
04-03 16:59:07.885 W/ContextImpl( 1601): Calling a method in the system process without a qualified user: android.app.ContextImpl.sendBroadcast:1173 android.content.ContextWrapper.sendBroadcast:365 com.android.systemui.statusbar.phone.PhoneStatusBar.updateAppMessage:1588 com.android.systemui.statusbar.phone.PhoneStatusBar.updateAppMessage:1580 com.android.systemui.statusbar.phone.PhoneStatusBar.removeNotification:2339 
04-03 16:59:07.905 W/ContextImpl( 1742): Calling a method in the system process without a qualified user: android.app.ContextImpl.startService:1529 android.content.ContextWrapper.startService:494 android.content.ContextWrapper.startService:494 com.android.settings.AnalyticsReceiver.onReceive:24 android.app.ActivityThread.handleReceiver:2424 
04-03 16:59:07.915 I/Analytics( 1742): start session(com.android.settings)
04-03 16:59:07.915 I/Analytics( 1742): end session(com.android.settings)
04-03 16:59:07.925 D/wpa_supplicant( 1676): RX ctrl_iface - hexdump(len=11): 53 49 47 4e 41 4c 5f 50 4f 4c 4c
04-03 16:59:07.925 D/wpa_supplicant( 1676): wlan0: Control interface command 'SIGNAL_POLL'
04-03 16:59:07.925 W/ContextImpl( 1742): Calling a method in the system process without a qualified user: android.app.ContextImpl.bindService:1593 android.content.ContextWrapper.bindService:517 miui.analytics.Analytics.endSession:120 com.android.settings.analytics.AnalyticService.onHandleIntent:92 android.app.IntentService$ServiceHandler.handleMessage:65 
04-03 16:59:07.945 D/wpa_supplicant( 1676): nl80211: survey data missing!
04-03 16:59:08.435 I/ThermalEngine(  379): Sensor:batt_temp:363 mC
04-03 16:59:09.105 E/QCALOG  (  322): [MessageQ] ProcessNewMessage: [XTWiFi-PE] unknown deliver target [OS-Agent]
04-03 16:59:09.435 I/ThermalEngine(  379): Sensor:batt_temp:363 mC
04-03 16:59:09.785 D/PhoneStatusBar( 1601): addNotification pkg=android;basepkg=android;id=17040503
04-03 16:59:09.815 I/Analytics( 1742): start session(com.android.settings)
04-03 16:59:09.815 W/ContextImpl( 1742): Calling a method in the system process without a qualified user: android.app.ContextImpl.startService:1529 android.content.ContextWrapper.startService:494 android.content.ContextWrapper.startService:494 com.android.settings.AnalyticsReceiver.onReceive:24 android.app.ActivityThread.handleReceiver:2424 
04-03 16:59:09.825 I/Analytics( 1742): end session(com.android.settings)
04-03 16:59:09.825 W/ContextImpl( 1742): Calling a method in the system process without a qualified user: android.app.ContextImpl.bindService:1593 android.content.ContextWrapper.bindService:517 miui.analytics.Analytics.endSession:120 com.android.settings.analytics.AnalyticService.onHandleIntent:92 android.app.IntentService$ServiceHandler.handleMessage:65 
04-03 16:59:09.835 D/PhoneStatusBar( 1601): addNotification pkg=android;basepkg=android;id=17040511
04-03 16:59:09.875 D/dalvikvm( 1742): GC_EXPLICIT freed 2395K, 18% free 25170K/30668K, paused 2ms+11ms, total 50ms
04-03 16:59:09.875 D/SizeAdaptiveLayout( 1601): com.android.internal.widget.SizeAdaptiveLayout{43ab0d28 V.E..... ......I. 0,0-0,0 #7f0800bd app:id/adaptive}child view android.widget.FrameLayout{43ac49a0 G.E..... ......I. 0,0-0,0 #10202d6 android:id/status_bar_latest_event_content} measured out of bounds at 188px clamped to 189px
04-03 16:59:09.875 D/SizeAdaptiveLayout( 1601): com.android.internal.widget.SizeAdaptiveLayout{43ac3330 V.E..... ......I. 0,0-0,0 #7f0800bd app:id/adaptive}child view android.widget.FrameLayout{43839e48 G.E..... ......I. 0,0-0,0 #10202d6 android:id/status_bar_latest_event_content} measured out of bounds at 188px clamped to 189px
04-03 16:59:09.885 W/ContextImpl( 1742): Calling a method in the system process without a qualified user: android.app.ContextImpl.startService:1529 android.content.ContextWrapper.startService:494 android.content.ContextWrapper.startService:494 com.android.settings.AnalyticsReceiver.onReceive:24 android.app.ActivityThread.handleReceiver:2424 
04-03 16:59:09.895 I/Analytics( 1742): start session(com.android.settings)
04-03 16:59:09.895 I/Analytics( 1742): end session(com.android.settings)
04-03 16:59:09.895 W/ContextImpl( 1742): Calling a method in the system process without a qualified user: android.app.ContextImpl.bindService:1593 android.content.ContextWrapper.bindService:517 miui.analytics.Analytics.endSession:120 com.android.settings.analytics.AnalyticService.onHandleIntent:92 android.app.IntentService$ServiceHandler.handleMessage:65 
04-03 16:59:09.915 I/KLO_Power( 2479): battery status event:[status,health,present,plugged,technology]:[3,2,1,2,Li-poly]
04-03 16:59:09.915 I/KLO_Power( 2479): [1554281949]:Charger connected
04-03 16:59:09.925 I/EntropyMixer( 1321): Writing entropy...
04-03 16:59:09.935 D/Ulp_jni ( 1321): JNI:system_update. Event-2
04-03 16:59:09.935 D/LBSSystemMonitorService( 1321): handleMessage what - 14
04-03 16:59:09.935 E/LocSvc_utils_q( 1321): D/msg_q_snd: Sending message with handle = 0x76B1AAD8
04-03 16:59:09.935 E/LocSvc_utils_ll( 1321): D/linked_list_add: Adding to list data_obj = 0x76B1AAD8
04-03 16:59:09.935 E/LocSvc_utils_q( 1321): D/msg_q_snd: Finished Sending message with handle = 0x76B1AAD8
04-03 16:59:09.935 D/DeviceContext( 1321): handleMessage what - 1
04-03 16:59:09.935 E/LocSvc_utils_q( 1321): D/msg_q_snd: Sending message with handle = 0x76E37BC0
04-03 16:59:09.935 E/LocSvc_utils_ll( 1321): D/linked_list_add: Adding to list data_obj = 0x76E37BC0
04-03 16:59:09.935 E/LocSvc_utils_q( 1321): D/msg_q_snd: Finished Sending message with handle = 0x76E37BC0
04-03 16:59:09.935 E/LocSvc_utils_ll( 1321): D/linked_list_remove: Removing from list
04-03 16:59:09.935 E/LocSvc_utils_q( 1321): D/msg_q_rcv: Received message 0x76B1AAD8 rv = 0
04-03 16:59:09.935 E/LocSvc_libulp( 1321): D/void ulp_msg_main(void*) received msg of type: 0x60e
04-03 16:59:09.935 E/LocSvc_libulp( 1321): I/===> int ulp_msg_process_system_update(UlpSystemEvent) line 1429 
04-03 16:59:09.935 E/LocSvc_libulp( 1321): W/Loc HAL handshake did not happen yet...
04-03 16:59:09.935 E/LocSvc_utils_q( 1321): D/msg_q_rcv: Waiting on message
04-03 16:59:09.935 E/LocSvc_utils_ll( 1321): D/linked_list_remove: Removing from list
04-03 16:59:09.935 E/LocSvc_utils_q( 1321): D/msg_q_rcv: Received message 0x76E37BC0 rv = 0
04-03 16:59:09.935 E/LocSvc_api_v02( 1321): I/---> locClientSendReq line 2360 QMI_LOC_SET_EXTERNAL_POWER_CONFIG_REQ_V02
04-03 16:59:09.935 D/com.qq.connect( 8186): android.intent.action.ACTION_POWER_CONNECTED
04-03 16:59:09.935 I/Timeline( 8186): Timeline: Activity_launch_request time:854609
04-03 16:59:09.935 D/JobScheduler.Batt( 1321): Received charging intent, setting alarm for 120000
04-03 16:59:09.935 D/JobScheduler.Batt( 1321): Setting stable alarm to go off in 120s
04-03 16:59:09.945 E/LocSvc_ApiV02( 1321): I/<--- void globalRespCb(locClientHandleType, uint32_t, locClientRespIndUnionType, void*) line 106 QMI_LOC_SET_EXTERNAL_POWER_CONFIG_REQ_V02
04-03 16:59:09.945 E/LocSvc_api_v02( 1321): D/loc_free_slot:299]: freeing slot 0
04-03 16:59:09.945 E/LocSvc_MsgTask( 1321): D/MsgTask::loop() 32 listening ...
04-03 16:59:09.945 E/LocSvc_utils_q( 1321): D/msg_q_rcv: Waiting on message
04-03 16:59:09.945 I/BootReceiver( 7850): getSwitchValue LOAD_PLUGIN_IN_BOOT_RECEIVER = false
04-03 16:59:09.945 I/BootReceiver( 7850): BootReceiver action = android.intent.action.ACTION_POWER_CONNECTED, isProtectWorking = false
04-03 16:59:09.945 D/UsbChargingReceiver( 6937): Intent: android.intent.action.ACTION_POWER_CONNECTED
04-03 16:59:09.945 D/UsbChargingReceiver( 6937): Intent { act=android.intent.action.ACTION_POWER_CONNECTED flg=0x4000010 cmp=com.miui.video/.schedule.UsbChargingReceiver } isCharging: false usbCharge:false acCharge:false
04-03 16:59:09.945 D/mivideo ( 6937): [ UsbChargingReceiver ] quit for not-wifi
04-03 16:59:09.945 I/ActivityManager( 1321): START u0 {flg=0x10000000 cmp=com.tencent.android.qqdownloader/com.qq.AppService.StartApp} from pid 8186
04-03 16:59:09.955 D/AD-PLUGIN-AdReceiver( 1961): onReceive android.intent.action.ACTION_POWER_CONNECTED
04-03 16:59:09.965 D/PowerKeeperEventLogManager( 2084): notifyForegroundCompomentChanged ComponentInfo{com.tencent.android.qqdownloader/com.qq.AppService.StartApp}
04-03 16:59:09.965 D/WhetstoneService( 1910): set foreground process size 4 pid:7771pacakgeName:com.tencent.android.qqdownloader
04-03 16:59:09.965 W/WhetstoneService( 1910): {WhetstonePackageInfo#PacakgeName:com.tencent.android.qqdownloaderFlag:1024 [,SOFT_RESET] Type:0[] }not support ZRAM
04-03 16:59:09.965 D/PowerKeeperStateMachine( 2084): eventMessage id:100 name:foreground
04-03 16:59:09.965 D/PowerKeeperStateMachine( 2084): normal_state exited
04-03 16:59:09.965 D/FirstNotificationController( 2084): onStateExit: powerModeId = 0
04-03 16:59:09.965 D/PowerKeeperStateMachine( 2084): hide entered
04-03 16:59:09.965 D/PowerKeeperExecutor( 2084): notify state hide enter...
04-03 16:59:09.965 D/PowerKeeperExecutor( 2084): foreground_change:
04-03 16:59:09.965 D/PowerKeeperExecutor( 2084): set_cpu_powermode(middle)
04-03 16:59:09.965 I/PowerKeeperExecutor( 2084): no local quick execution method for set_cpu_powermode
04-03 16:59:09.965 I/octvm_runtime( 2479): power mode [hide] start 1554281949
04-03 16:59:09.965 I/Timeline( 1321): Timeline: App_transition_ready time:854632
04-03 16:59:09.965 D/PowerCalculator( 2084): computePackageForeground: packageName = com.tencent.android.qqdownloader
04-03 16:59:09.965 D/PowerCalculator( 2084): computePackageForegroundLocked, packageName: com.kingroot.kinguser oldPackageForeground: false packageForeground: false
04-03 16:59:09.965 D/PowerCalculator( 2084): computePackageForegroundLocked, packageName: com.screeclibinvoke oldPackageForeground: false packageForeground: false
04-03 16:59:09.965 D/PowerCalculator( 2084): computePackageForegroundLocked, packageName: com.miui.home oldPackageForeground: true packageForeground: false
04-03 16:59:09.965 D/PowerCalculator( 2084): updatePowerForPackage: packageName: com.miui.home packageForeground: false
04-03 16:59:09.965 D/PowerCalculator( 2084): countPower: packageName = com.miui.home lastPower = 104006 currentPower = 104296
04-03 16:59:09.965 D/PowerCalculator( 2084): countPower: lastTime = 851611 currentTime = 854619
04-03 16:59:09.965 D/PowerCalculator( 2084): computePackageForegroundLocked, packageName: com.android.settings oldPackageForeground: false packageForeground: false
04-03 16:59:09.965 D/PowerCalculator( 2084): computePackageForegroundLocked, packageName: com.tencent.android.qqdownloader oldPackageForeground: false packageForeground: true
04-03 16:59:09.965 D/PowerCalculator( 2084): updatePowerForPackage: packageName: com.tencent.android.qqdownloader packageForeground: true
04-03 16:59:09.965 D/PowerCalculator( 2084): computePackageForegroundLocked, packageName: com.tencent.tmgp.WePop oldPackageForeground: false packageForeground: false
04-03 16:59:09.965 I/octvm_runtime( 2479): Action: set_cpu_powermode(middle) for [foreground_change]
04-03 16:59:09.965 D/ProcessObserver( 2084): onForegroundActivitiesChanged, pid: 8186 uid: 10025 foregroundActivities: true
04-03 16:59:09.965 D/FirstNotificationController( 2084): onStateEnter: powerModeId = 5
04-03 16:59:09.965 D/FirstNotificationController( 2084): handleUnlockState, isStarted: false
04-03 16:59:09.965 V/LocationPolicy( 1321): onForegroundActivitiesChanged
04-03 16:59:09.995 W/AD-PLUGIN-ReDownloadRequestCache( 1961): sTask, network is unreachable
04-03 16:59:09.995 D/MtpService( 3385): updating state; isCurrentUser=true, mMtpLocked=false
04-03 16:59:09.995 I/Analytics( 1742): start session(com.android.settings)
04-03 16:59:09.995 I/Analytics( 1742): end session(com.android.settings)
04-03 16:59:09.995 W/ContextImpl( 1742): Calling a method in the system process without a qualified user: android.app.ContextImpl.startService:1529 android.content.ContextWrapper.startService:494 android.content.ContextWrapper.startService:494 com.android.settings.AnalyticsReceiver.onReceive:24 android.app.ActivityThread.handleReceiver:2424 
04-03 16:59:09.995 W/ContextImpl( 1742): Calling a method in the system process without a qualified user: android.app.ContextImpl.bindService:1593 android.content.ContextWrapper.bindService:517 miui.analytics.Analytics.endSession:120 com.android.settings.analytics.AnalyticService.onHandleIntent:92 android.app.IntentService$ServiceHandler.handleMessage:65 
04-03 16:59:10.005 I/XiaomiFirewall( 3002): firewall pkgName:com.tencent.android.qqdownloader, result:0
04-03 16:59:10.005 D/MtpService( 3385): addStorageLocked 65537 /storage/emulated/0
04-03 16:59:10.005 D/com.qq.connect( 8186): startFileTCPService
04-03 16:59:10.005 D/MtpService( 3385): updating state; isCurrentUser=true, mMtpLocked=false
04-03 16:59:10.005 D/MtpService( 3385): starting MTP server in MTP mode
04-03 16:59:10.005 D/MtpService( 3385): addStorageLocked 65537 /storage/emulated/0
04-03 16:59:10.015 D/com.qq.connect( 8186): startIPCServer start wifiAdminServer
04-03 16:59:10.015 D/com.qq.connect( 8186): updateAllIconCache spent time: 0
04-03 16:59:10.015 D/com.qq.connect( 8186): switch to wifi
04-03 16:59:10.015 D/dalvikvm( 1601): GC_CONCURRENT freed 6403K, 26% free 39474K/52652K, paused 2ms+7ms, total 46ms
04-03 16:59:10.015 D/dalvikvm( 1601): WAIT_FOR_CONCURRENT_GC blocked 38ms
04-03 16:59:10.015 W/MediaPlayer-JNI( 1601): MediaPlayer finalized without being released
04-03 16:59:10.015 D/PowerKeeperEventLogManager( 2084): notifyForegroundCompomentChanged ComponentInfo{com.miui.home/com.miui.home.launcher.Launcher}
04-03 16:59:10.015 D/WhetstoneService( 1910): set foreground process size 1 pid:1945pacakgeName:com.miui.home
04-03 16:59:10.015 W/WhetstoneService( 1910): {WhetstonePackageInfo#PacakgeName:com.miui.homeFlag:-2147483648 [,APP_SYSTEM] Type:16[,notification] }not support ZRAM
04-03 16:59:10.015 D/PowerKeeperStateMachine( 2084): eventMessage id:100 name:foreground
04-03 16:59:10.015 D/PowerKeeperStateMachine( 2084): hide exited
04-03 16:59:10.015 D/FirstNotificationController( 2084): onStateExit: powerModeId = 5
04-03 16:59:10.015 D/PowerKeeperStateMachine( 2084): normal_state entered
04-03 16:59:10.015 D/PowerKeeperExecutor( 2084): notify state normal_state enter...
04-03 16:59:10.015 D/PowerKeeperExecutor( 2084): foreground_change:
04-03 16:59:10.015 D/PowerKeeperExecutor( 2084): set_cpu_powermode(middle)
04-03 16:59:10.015 I/PowerKeeperExecutor( 2084): no local quick execution method for set_cpu_powermode
04-03 16:59:10.015 D/PowerKeeperExecutor( 2084): set_lcd_mode(ui)
04-03 16:59:10.015 I/PowerKeeperExecutor( 2084): no local quick execution method for set_lcd_mode
04-03 16:59:10.015 I/octvm_runtime( 2479): power mode [normal] start 1554281950
04-03 16:59:10.015 W/InputMethodManagerService( 1321): Window already focused, ignoring focus gain of: com.android.internal.view.IInputMethodClient$Stub$Proxy@43bcb698 attribute=null, token = android.os.BinderProxy@43a59dd8
04-03 16:59:10.025 I/Timeline( 1321): Timeline: App_transition_ready time:854691
04-03 16:59:10.025 D/PowerCalculator( 2084): computePackageForeground: packageName = com.miui.home
04-03 16:59:10.025 D/PowerCalculator( 2084): computePackageForegroundLocked, packageName: com.kingroot.kinguser oldPackageForeground: false packageForeground: false
04-03 16:59:10.025 I/Timeline( 1321): Timeline: App_transition_stopped time:854691
04-03 16:59:10.025 D/PowerCalculator( 2084): computePackageForegroundLocked, packageName: com.screeclibinvoke oldPackageForeground: false packageForeground: false
04-03 16:59:10.025 D/PowerCalculator( 2084): computePackageForegroundLocked, packageName: com.miui.home oldPackageForeground: false packageForeground: true
04-03 16:59:10.025 D/PowerCalculator( 2084): updatePowerForPackage: packageName: com.miui.home packageForeground: true
04-03 16:59:10.025 D/PowerCalculator( 2084): computePackageForegroundLocked, packageName: com.android.settings oldPackageForeground: false packageForeground: false
04-03 16:59:10.025 D/PowerCalculator( 2084): computePackageForegroundLocked, packageName: com.tencent.android.qqdownloader oldPackageForeground: true packageForeground: false
04-03 16:59:10.025 D/PowerCalculator( 2084): updatePowerForPackage: packageName: com.tencent.android.qqdownloader packageForeground: false
04-03 16:59:10.025 D/PowerCalculator( 2084): countPower: packageName = com.tencent.android.qqdownloader lastPower = 104296 currentPower = 104300
04-03 16:59:10.025 I/RenderThread( 1945): RenderThread resumed
04-03 16:59:10.025 D/PowerCalculator( 2084): countPower: lastTime = 854619 currentTime = 854678
04-03 16:59:10.025 I/RenderThread( 1945): All controllers paused.
04-03 16:59:10.025 I/RenderThread( 1945): RenderThread paused, waiting for signal
04-03 16:59:10.025 D/PowerCalculator( 2084): computePackageForegroundLocked, packageName: com.tencent.tmgp.WePop oldPackageForeground: false packageForeground: false
04-03 16:59:10.025 I/octvm_runtime( 2479): Action: set_cpu_powermode(middle) for [foreground_change]
04-03 16:59:10.025 I/octvm_runtime( 2479): Action: set_lcd_mode(ui) for [foreground_change]
04-03 16:59:10.025 I/octvm_drv( 2479): common drv: set_lcd_mode ui
04-03 16:59:10.025 D/FirstNotificationController( 2084): onStateEnter: powerModeId = 0
04-03 16:59:10.025 D/FirstNotificationController( 2084): handleUnlockState, isStarted: false
04-03 16:59:10.025 D/com.qq.connect( 8186): using guid in !
04-03 16:59:10.035 W/Settings( 1601): Setting power_sounds_enabled has moved from android.provider.Settings.System to android.provider.Settings.Global, returning read-only value.
04-03 16:59:10.035 W/MediaPlayer-JNI( 1601): MediaPlayer finalized without being released
04-03 16:59:10.035 W/Settings( 8186): Setting adb_enabled has moved from android.provider.Settings.System to android.provider.Settings.Global, returning read-only value.
04-03 16:59:10.035 I/Timeline( 1945): Timeline: Activity_idle id: android.os.BinderProxy@435c8900 time:854706
04-03 16:59:10.035 E/MediaPlayer-JNI( 1601): QCMediaPlayer mediaplayer NOT present
04-03 16:59:10.045 W/MediaPlayer-JNI( 1601): MediaPlayer finalized without being released
04-03 16:59:10.045 I/ExtendedUtils(  246): AV Sync late margin : Intended=40ms Using=0ms
04-03 16:59:10.045 D/ProcessObserver( 2084): onForegroundActivitiesChanged, pid: 8186 uid: 10025 foregroundActivities: false
04-03 16:59:10.045 V/LocationPolicy( 1321): onForegroundActivitiesChanged
04-03 16:59:10.055 I/FFmpegExtractor(  246): android-source:0xb787c300
04-03 16:59:10.055 E/FFmpegExtractor(  246): android-source:0xb787c300: avformat_open_input failed, err:Invalid data found when processing input
04-03 16:59:10.055 W/FFmpegExtractor(  246): sniff through BetterSniffFFMPEG failed, try LegacySniffFFMPEG
04-03 16:59:10.055 E/FFmpegExtractor(  246): android-source:0xb787c300|file:: avformat_open_input failed, err:Invalid data found when processing input
04-03 16:59:10.055 D/FFmpegExtractor(  246): SniffFFMPEG failed to sniff this source
04-03 16:59:10.075 D/ExtendedUtils(  246): extended extractor not needed, return default
04-03 16:59:10.075 I/AwesomePlayer(  246): AwesomePlayer::setParameters ()
04-03 16:59:10.075 I/Utils   (  246): track of type 'audio/vorbis' does not publish 24bits or not
04-03 16:59:10.075 I/AudioPolicyManager(  246):  isOffloadSupported: SR=44100, CM=0x3, Format=0x7000000, StreamType=2, BitRate=4294967295, duration=519251 us, has_video=0, force_offload=0
04-03 16:59:10.075 I/AwesomePlayer(  246): Not OffloadPlayer, can't use Offload mode, force to turn off the offload mode
04-03 16:59:10.075 I/AwesomePlayer(  246): isOffloadPlayer=0, mOffloadAudio=0, isForceOffload=0
04-03 16:59:10.075 I/AwesomePlayer(  246): Could not offload audio decode, try pcm offload
04-03 16:59:10.075 I/Utils   (  246): track of type 'audio/raw' does not publish 24bits or not
04-03 16:59:10.075 I/AudioPolicyManager(  246):  isOffloadSupported: SR=44100, CM=0x1, Format=0x17000001, StreamType=2, BitRate=4294967295, duration=519251 us, has_video=0, force_offload=0
04-03 16:59:10.075 I/AwesomePlayer(  246): Not OffloadPlayer, can't use Offload mode, force to turn off the offload mode
04-03 16:59:10.075 I/AwesomePlayer(  246): isOffloadPlayer=0, mOffloadAudio=0, isForceOffload=0
04-03 16:59:10.085 D/Ringtone( 1601): Successfully created local player
04-03 16:59:10.085 E/MediaPlayer-JNI( 1601): QCMediaPlayer mediaplayer NOT present
04-03 16:59:10.085 I/ExtendedUtils(  246): AV Sync late margin : Intended=40ms Using=0ms
04-03 16:59:10.095 I/FFmpegExtractor(  246): android-source:0xb787c300
04-03 16:59:10.095 E/FFmpegExtractor(  246): android-source:0xb787c300: avformat_open_input failed, err:Invalid data found when processing input
04-03 16:59:10.095 W/FFmpegExtractor(  246): sniff through BetterSniffFFMPEG failed, try LegacySniffFFMPEG
04-03 16:59:10.095 E/FFmpegExtractor(  246): android-source:0xb787c300|file:: avformat_open_input failed, err:Invalid data found when processing input
04-03 16:59:10.095 D/FFmpegExtractor(  246): SniffFFMPEG failed to sniff this source
04-03 16:59:10.115 D/com.qq.connect( 8186):  thumb for /storage/emulated/0/DCIM/Screenshots/Screenshot_com.tencent.tmgp.speedmobile_2018-12-14-15-01-33.png
04-03 16:59:10.135 D/ExtendedUtils(  246): extended extractor not needed, return default
04-03 16:59:10.135 I/AwesomePlayer(  246): AwesomePlayer::setParameters ()
04-03 16:59:10.135 I/Utils   (  246): track of type 'audio/vorbis' does not publish 24bits or not
04-03 16:59:10.135 I/AudioPolicyManager(  246):  isOffloadSupported: SR=44100, CM=0x3, Format=0x7000000, StreamType=1, BitRate=4294967295, duration=519251 us, has_video=0, force_offload=0
04-03 16:59:10.135 I/AwesomePlayer(  246): Not OffloadPlayer, can't use Offload mode, force to turn off the offload mode
04-03 16:59:10.135 I/AwesomePlayer(  246): isOffloadPlayer=0, mOffloadAudio=0, isForceOffload=0
04-03 16:59:10.135 I/AwesomePlayer(  246): Could not offload audio decode, try pcm offload
04-03 16:59:10.135 I/Utils   (  246): track of type 'audio/raw' does not publish 24bits or not
04-03 16:59:10.135 I/AudioPolicyManager(  246):  isOffloadSupported: SR=44100, CM=0x1, Format=0x17000001, StreamType=1, BitRate=4294967295, duration=519251 us, has_video=0, force_offload=0
04-03 16:59:10.135 I/AwesomePlayer(  246): Not OffloadPlayer, can't use Offload mode, force to turn off the offload mode
04-03 16:59:10.135 I/AwesomePlayer(  246): isOffloadPlayer=0, mOffloadAudio=0, isForceOffload=0
04-03 16:59:10.135 D/Ringtone( 1601): Successfully created local player
04-03 16:59:10.135 W/PowerUI ( 1601): unknown intent: Intent { act=android.intent.action.ACTION_POWER_CONNECTED flg=0x4000010 }
04-03 16:59:10.195 E/MediaPlayer( 1601): Should have subtitle controller already set
04-03 16:59:10.305 D/skia    ( 8186): --- decoder->decode returned false
04-03 16:59:10.305 D/com.qq.connect( 8186): create thumb bitmap failed
04-03 16:59:10.305 D/com.qq.connect( 8186): thumb thread time spent300
04-03 16:59:10.325 E/QCALOG  (  322): [MessageQ] ProcessNewMessage: [XT-CS] unknown deliver target [OS-Agent]
04-03 16:59:10.335 E/QCALOG  (  322): [MessageQ] ProcessNewMessage: [XTWWAN-PE] unknown deliver target [OS-Agent]
04-03 16:59:10.435 I/ThermalEngine(  379): Sensor:batt_temp:361 mC
04-03 16:59:10.445 W/AD-PLUGIN-AppInstallActivateManager( 1961): unRegisterSplashPackageUpdatedListener
04-03 16:59:10.945 D/wpa_supplicant( 1676): RX ctrl_iface - hexdump(len=11): 53 49 47 4e 41 4c 5f 50 4f 4c 4c
04-03 16:59:10.945 D/wpa_supplicant( 1676): wlan0: Control interface command 'SIGNAL_POLL'
04-03 16:59:10.955 D/wpa_supplicant( 1676): nl80211: survey data missing!
04-03 16:59:11.195 I/KLO_Power( 2479): battery status event:[status,health,present,plugged,technology]:[2,2,1,2,Li-poly]
04-03 16:59:11.195 I/KLO_Power( 2479): [1554281951]:USB charging start...
04-03 16:59:11.215 D/PowerKeeperEventLogManager( 2084): battery_status: 2, mChargingState: 3
04-03 16:59:11.215 D/PowerKeeperStateMachine( 2084): eventMessage id:2000 name:start_charging
04-03 16:59:11.215 D/PowerKeeperExecutor( 2084): handling event start_charging in state normal_state
04-03 16:59:11.215 I/octvm_runtime( 2479): handle event trigger start_charging
04-03 16:59:11.215 E/octvm_runtime( 2479): unsupported flags[0] or no event trigger found
04-03 16:59:11.215 I/EventLogHandler( 2084): dispatchBatteryStatsChanged: Battery status is charging
04-03 16:59:11.215 D/PowerCalculator( 2084): countPower: packageName = com.miui.home lastPower = 104300 currentPower = 104325
04-03 16:59:11.215 D/PowerCalculator( 2084): countPower: lastTime = 854678 currentTime = 855875
04-03 16:59:11.215 I/PowerCalculator( 2084): pausePowerCalculator
04-03 16:59:11.445 I/ThermalEngine(  379): Sensor:batt_temp:360 mC
04-03 16:59:12.445 I/ThermalEngine(  379): Sensor:batt_temp:360 mC
04-03 16:59:12.735 I/ActivityManager( 1321): START u0 {act=android.intent.action.MAIN cat=[android.intent.category.LAUNCHER] flg=0x10008000 cmp=com.android.settings/.UsbSettings bnds=[40,3][1039,192]} from pid -1
04-03 16:59:12.795 W/KeyguardViewMediator( 1601): verifyUnlock called when not externally disabled
04-03 16:59:12.805 V/KeyguardServiceDelegate( 1321): **** onKeyguardExitResult(false) CALLED ****
04-03 16:59:12.805 D/PowerKeeperEventLogManager( 2084): notifyForegroundCompomentChanged ComponentInfo{com.android.settings/com.android.settings.UsbSettings}
04-03 16:59:12.805 D/WhetstoneService( 1910): set foreground process size 1 pid:1742pacakgeName:com.android.settings
04-03 16:59:12.805 W/WhetstoneService( 1910): {WhetstonePackageInfo#PacakgeName:com.android.settingsFlag:-2147483648 [,APP_SYSTEM] Type:0[] }not support ZRAM
04-03 16:59:12.805 D/PowerKeeperStateMachine( 2084): eventMessage id:100 name:foreground
04-03 16:59:12.805 I/Timeline( 1321): Timeline: App_transition_ready time:857473
04-03 16:59:12.805 D/PowerCalculator( 2084): computePackageForeground: packageName = com.android.settings
04-03 16:59:12.805 D/PowerCalculator( 2084): computePackageForegroundLocked, packageName: com.kingroot.kinguser oldPackageForeground: false packageForeground: false
04-03 16:59:12.805 D/PowerCalculator( 2084): computePackageForegroundLocked, packageName: com.screeclibinvoke oldPackageForeground: false packageForeground: false
04-03 16:59:12.805 D/PowerCalculator( 2084): computePackageForegroundLocked, packageName: com.miui.home oldPackageForeground: true packageForeground: false
04-03 16:59:12.805 D/PowerCalculator( 2084): updatePowerForPackage: packageName: com.miui.home packageForeground: false
04-03 16:59:12.805 D/PowerCalculator( 2084): computePackageForegroundLocked, packageName: com.android.settings oldPackageForeground: false packageForeground: true
04-03 16:59:12.805 D/PowerCalculator( 2084): updatePowerForPackage: packageName: com.android.settings packageForeground: true
04-03 16:59:12.805 D/PowerCalculator( 2084): computePackageForegroundLocked, packageName: com.tencent.android.qqdownloader oldPackageForeground: false packageForeground: false
04-03 16:59:12.805 D/PowerCalculator( 2084): computePackageForegroundLocked, packageName: com.tencent.tmgp.WePop oldPackageForeground: false packageForeground: false
04-03 16:59:12.805 D/ProcessObserver( 2084): onForegroundActivitiesChanged, pid: 7437 uid: 10569 foregroundActivities: false
04-03 16:59:12.805 D/ProcessObserver( 2084): onForegroundActivitiesChanged, pid: 1742 uid: 1000 foregroundActivities: true
04-03 16:59:12.805 V/LocationPolicy( 1321): onForegroundActivitiesChanged
04-03 16:59:12.805 V/LocationPolicy( 1321): onForegroundActivitiesChanged
04-03 16:59:12.815 I/Timeline( 1321): Timeline: App_transition_ready time:857483
04-03 16:59:12.815 I/Timeline( 1321): Timeline: App_transition_ready time:857485
04-03 16:59:12.825 I/Timeline( 1321): Timeline: App_transition_ready time:857490
04-03 16:59:12.825 I/Timeline( 1321): Timeline: App_transition_ready time:857493
04-03 16:59:12.825 I/Timeline( 1321): Timeline: App_transition_ready time:857499
04-03 16:59:12.855 I/Timeline( 1321): Timeline: App_transition_ready time:857522
04-03 16:59:12.965 D/WhetstoneService( 1910): deal background too Frequently, ingore
04-03 16:59:13.005 I/ActivityManager( 1321): Displayed com.android.settings/.UsbSettings: +210ms (total +3s51ms)
04-03 16:59:13.015 D/PowerKeeperEventLogManager( 2084): updatestatusbar value 0x40
04-03 16:59:13.015 D/PhoneStatusBar( 1601): disable: 0x00000000 -> 0x00000040 (diff: 0x00000040)
04-03 16:59:13.015 D/PhoneStatusBar( 1601): disable: < expand icons alerts ticker system_info back home recent clock full hide keyguard none >
04-03 16:59:13.015 D/WhetstoneService( 1910): deal background too Frequently, ingore
04-03 16:59:13.035 I/BootReceiver( 7850): getSwitchValue LOAD_PLUGIN_IN_BOOT_RECEIVER = false
04-03 16:59:13.035 I/BootReceiver( 7850): BootReceiver action = com.kingroot.common.ACTION_TOP_ACTIVITY_CHANGED, isProtectWorking = false
04-03 16:59:13.045 I/BootReceiver( 7850): getSwitchValue LOAD_PLUGIN_IN_BOOT_RECEIVER = false
04-03 16:59:13.045 I/BootReceiver( 7850): BootReceiver action = com.kingroot.common.ACTION_SWITCH_OUT_DESKTOP, isProtectWorking = false
04-03 16:59:13.045 I/BootReceiver( 7850): getSwitchValue LOAD_PLUGIN_IN_BOOT_RECEIVER = false
04-03 16:59:13.045 I/BootReceiver( 7850): BootReceiver action = com.kingroot.common.ACTION_TOP_APP_CHANGED, isProtectWorking = false
04-03 16:59:13.075 I/Timeline( 1742): Timeline: Activity_idle id: android.os.BinderProxy@43686ca0 time:857741
04-03 16:59:13.225 W/AD-PLUGIN-AppInstallActivateManager( 1961): unRegisterSplashPackageUpdatedListener
04-03 16:59:13.295 I/Timeline( 1321): Timeline: Activity_windows_visible id: ActivityRecord{43d13710 u0 com.android.settings/.UsbSettings t7} time:857966
04-03 16:59:13.295 I/Timeline( 1321): Timeline: App_transition_stopped time:857967
04-03 16:59:13.345 D/ProcessObserver( 2084): onForegroundActivitiesChanged, pid: 1945 uid: 10012 foregroundActivities: false
04-03 16:59:13.345 V/LocationPolicy( 1321): onForegroundActivitiesChanged
04-03 16:59:13.355 I/ThermalEngine(  379): Sensor:tsens_tz_sensor5:55000 mC
04-03 16:59:13.355 I/ThermalEngine(  379): Sensor:tsens_tz_sensor5:55000 mC
04-03 16:59:13.355 I/ThermalEngine(  379): TM Id 'CPU0_MONITOR' Sensor 'cpu0' - alarm raised 1 at 55.0 degC
04-03 16:59:13.355 I/ThermalEngine(  379): ACTION: CPU - Setting CPU[0] to 1728000
04-03 16:59:13.355 I/ThermalEngine(  379): Mitigation:CPU[0]:1728000 Khz
04-03 16:59:13.355 I/ThermalEngine(  379): ACTION: CPU - Setting CPU[1] to 1728000
04-03 16:59:13.355 I/ThermalEngine(  379): ACTION: CPU - Setting CPU[2] to 1728000
04-03 16:59:13.355 I/ThermalEngine(  379): ACTION: CPU - Setting CPU[3] to 1728000
04-03 16:59:13.355 I/ThermalEngine(  379): Mitigation:CPU[3]:1728000 Khz
04-03 16:59:13.445 I/ThermalEngine(  379): Sensor:batt_temp:360 mC
04-03 16:59:13.485 I/ThermalEngine(  379): Sensor:tsens_tz_sensor5:49000 mC
04-03 16:59:13.485 I/ThermalEngine(  379): Sensor:tsens_tz_sensor5:49000 mC
04-03 16:59:13.485 I/ThermalEngine(  379): TM Id 'CPU0_MONITOR' Sensor 'cpu0' - alarm cleared 1 at 49.0 degC
04-03 16:59:13.485 I/ThermalEngine(  379): ACTION: CPU - Setting CPU[0] to 2457600
04-03 16:59:13.485 I/ThermalEngine(  379): Mitigation:CPU[0]:2457600 Khz
04-03 16:59:13.485 I/ThermalEngine(  379): ACTION: CPU - Setting CPU[1] to 2457600
04-03 16:59:13.485 I/ThermalEngine(  379): ACTION: CPU - Setting CPU[2] to 2457600
04-03 16:59:13.485 I/ThermalEngine(  379): ACTION: CPU - Setting CPU[3] to 2457600
04-03 16:59:13.485 I/ThermalEngine(  379): Mitigation:CPU[3]:2457600 Khz
04-03 16:59:13.965 D/wpa_supplicant( 1676): RX ctrl_iface - hexdump(len=11): 53 49 47 4e 41 4c 5f 50 4f 4c 4c
04-03 16:59:13.965 D/wpa_supplicant( 1676): wlan0: Control interface command 'SIGNAL_POLL'
04-03 16:59:13.975 D/wpa_supplicant( 1676): nl80211: survey data missing!
04-03 16:59:14.105 E/QCALOG  (  322): [MessageQ] ProcessNewMessage: [XTWiFi-PE] unknown deliver target [OS-Agent]
04-03 16:59:14.445 I/ThermalEngine(  379): Sensor:batt_temp:359 mC
04-03 16:59:15.325 E/QCALOG  (  322): [MessageQ] ProcessNewMessage: [XT-CS] unknown deliver target [OS-Agent]
04-03 16:59:15.335 E/QCALOG  (  322): [MessageQ] ProcessNewMessage: [XTWWAN-PE] unknown deliver target [OS-Agent]
04-03 16:59:15.445 I/ThermalEngine(  379): Sensor:batt_temp:358 mC
04-03 16:59:15.805 D/WhetstoneService( 1910): deal background too Frequently, ingore
04-03 16:59:16.445 I/ThermalEngine(  379): Sensor:batt_temp:358 mC
04-03 16:59:16.785 E/FragmentManager( 1742): Fragement no longer exists for key index: index 1
04-03 16:59:16.785 E/FragmentManager( 1742): Activity state:
04-03 16:59:16.795 E/FragmentManager( 1742):   Local Activity 435d7450 State:
04-03 16:59:16.795 E/FragmentManager( 1742):     mResumed=true mStopped=false mFinished=false
04-03 16:59:16.795 E/FragmentManager( 1742):     mLoadersStarted=true
04-03 16:59:16.795 E/FragmentManager( 1742):     mChangingConfigurations=false
04-03 16:59:16.795 E/FragmentManager( 1742):     mCurrentConfig={1.15 ?mcc?mnc zh_CN ldltr sw360dp w360dp h620dp 480dpi nrml long port finger -keyb/v/h -nav/h s.10 themeChanged=0 themeChangedFlags=0}
04-03 16:59:16.795 E/FragmentManager( 1742):   Active Fragments in 437bdd58:
04-03 16:59:16.795 E/FragmentManager( 1742):     #0: MiuiUsbSettings{435ee7e0 #0 id=0x1020304}
04-03 16:59:16.795 E/FragmentManager( 1742):       mFragmentId=#1020304 mContainerId=#1020304 mTag=null
04-03 16:59:16.795 E/FragmentManager( 1742):       mState=5 mIndex=0 mWho=android:fragment:0 mBackStackNesting=0
04-03 16:59:16.795 E/FragmentManager( 1742):       mAdded=true mRemoving=false mResumed=true mFromLayout=false mInLayout=false
04-03 16:59:16.795 E/FragmentManager( 1742):       mHidden=false mDetached=false mMenuVisible=true mHasMenu=false
04-03 16:59:16.795 E/FragmentManager( 1742):       mRetainInstance=false mRetaining=false mUserVisibleHint=true
04-03 16:59:16.795 E/FragmentManager( 1742):       mFragmentManager=FragmentManager{437bdd58 in Settings$DevelopmentSettingsActivity{435d7450}}
04-03 16:59:16.795 E/FragmentManager( 1742):       mActivity=com.android.settings.Settings$DevelopmentSettingsActivity@435d7450
04-03 16:59:16.795 E/FragmentManager( 1742):       mContainer=
04-03 16:59:16.805 E/FragmentManager( 1742): android.preference.PreferenceFrameLayout{43604300 V.E..... ........ 0,0-1080,1920 #1020304 android:id/prefs}
04-03 16:59:16.805 E/FragmentManager( 1742):       mView=com.miui.internal.widget.ActionBarOverlayLayout{436ae400 V.E..... ........ 0,0-1080,1920 #100b0044 miui:id/action_bar_overlay_layout}
04-03 16:59:16.805 E/FragmentManager( 1742):   Added Fragments:
04-03 16:59:16.805 E/FragmentManager( 1742):     #0: MiuiUsbSettings{435ee7e0 #0 id=0x1020304}
04-03 16:59:16.805 E/FragmentManager( 1742):   FragmentManager misc state:
04-03 16:59:16.805 E/FragmentManager( 1742):     mActivity=com.android.settings.Settings$DevelopmentSettingsActivity@435d7450
04-03 16:59:16.805 E/FragmentManager( 1742):     mContainer=android.app.Activity$1@4395e3a8
04-03 16:59:16.805 E/FragmentManager( 1742):     mCurState=5 mStateSaved=false mDestroyed=false
04-03 16:59:16.805 E/FragmentManager( 1742):   ViewRoot:
04-03 16:59:16.805 E/FragmentManager( 1742):     mAdded=true mRemoved=false
04-03 16:59:16.805 E/FragmentManager( 1742):     mConsumeBatchedInputScheduled=false
04-03 16:59:16.805 E/FragmentManager( 1742):     mPendingInputEventCount=0
04-03 16:59:16.805 E/FragmentManager( 1742):     mProcessInputEventsScheduled=false
04-03 16:59:16.805 E/FragmentManager( 1742):     mTraversalScheduled=false
04-03 16:59:16.805 E/FragmentManager( 1742):     android.view.ViewRootImpl$NativePreImeInputStage: mQueueLength=0
04-03 16:59:16.805 E/FragmentManager( 1742):     android.view.ViewRootImpl$ImeInputStage: mQueueLength=0
04-03 16:59:16.805 E/FragmentManager( 1742):     android.view.ViewRootImpl$NativePostImeInputStage: mQueueLength=0
04-03 16:59:16.805 E/FragmentManager( 1742):   Choreographer:
04-03 16:59:16.805 E/FragmentManager( 1742):     mFrameScheduled=false
04-03 16:59:16.805 E/FragmentManager( 1742):     mLastFrameTime=861378 (93 ms ago)
04-03 16:59:16.805 E/FragmentManager( 1742):   View Hierarchy:
04-03 16:59:16.805 E/FragmentManager( 1742):     
04-03 16:59:16.805 E/FragmentManager( 1742): com.android.internal.policy.impl.PhoneWindow$DecorView{436b0058 V.E..... R....... 0,0-1080,1920}
04-03 16:59:16.805 E/FragmentManager( 1742):       com.miui.internal.widget.ActionBarOverlayLayout{435e6ad8 V.E..... ........ 0,0-1080,1920 #100b0044 miui:id/action_bar_overlay_layout}
04-03 16:59:16.805 E/FragmentManager( 1742):         android.widget.FrameLayout{435ddf98 V.E..... ........ 0,0-1080,1920 #1020002 android:id/content}
04-03 16:59:16.805 E/FragmentManager( 1742):           android.widget.LinearLayout{4373ece0 V.E..... ........ 0,0-1080,1920}
04-03 16:59:16.805 E/FragmentManager( 1742):             android.widget.LinearLayout{43744060 V.E..... ........ 0,0-1080,1920}
04-03 16:59:16.805 E/FragmentManager( 1742):               android.widget.LinearLayout{43867618 G.E..... ......I. 0,0-0,0 #1020301 android:id/headers}
04-03 16:59:16.805 E/FragmentManager( 1742):                 android.widget.ListView{4364dce0 V.ED.VC. ......I. 0,0-0,0 #102000a android:id/list}
04-03 16:59:16.805 E/FragmentManager( 1742):                 android.widget.FrameLayout{43602368 V.E..... ......I. 0,0-0,0 #1020302 android:id/list_footer}
04-03 16:59:16.805 E/FragmentManager( 1742):               android.widget.LinearLayout{439126d8 V.E..... ........ 0,0-1080,1920 #1020303 android:id/prefs_frame}
04-03 16:59:16.805 E/FragmentManager( 1742):                 android.widget.FrameLayout{436ab698 G.E..... ......I. 0,0-0,0}
04-03 16:59:16.805 E/FragmentManager( 1742):                 android.preference.PreferenceFrameLayout{43604300 V.E..... ........ 0,0-1080,1920 #1020304 android:id/prefs}
04-03 16:59:16.805 E/FragmentManager( 1742):                   com.miui.internal.widget.ActionBarOverlayLayout{436ae400 V.E..... ........ 0,0-1080,1920 #100b0044 miui:id/action_bar_overlay_layout}
04-03 16:59:16.805 E/FragmentManager( 1742):                     android.widget.FrameLayout{436e1f68 V.E..... ........ 0,195-1080,1920 #1020002 android:id/content}
04-03 16:59:16.805 E/FragmentManager( 1742):                       android.widget.LinearLayout{437eeab0 V.E..... ........ 0,0-1080,1725}
04-03 16:59:16.805 E/FragmentManager( 1742):                         android.widget.ListView{4367a1c8 VFED.VC. .F...... 0,0-1080,1725 #102000a android:id/list}
04-03 16:59:16.805 E/FragmentManager( 1742):                           android.widget.FrameLayout{438b8c40 V.E..... ........ 0,0-1080,161}
04-03 16:59:16.805 E/FragmentManager( 1742):                             android.widget.TextView{439de4d8 V.ED.... ........ 70,75-234,160 #1020016 android:id/title}
04-03 16:59:16.805 E/FragmentManager( 1742):                           android.widget.LinearLayout{4381ffb0 V.E..... ........ 0,161-1080,530}
04-03 16:59:16.805 E/FragmentManager( 1742):                             android.widget.LinearLayout{43866450 V.E..... ......ID 70,184-70,184}
04-03 16:59:16.805 E/FragmentManager( 1742):                               android.widget.ImageView{436a38a0 G.ED.... ......I. 0,0-0,0 #1020006 android:id/icon}
04-03 16:59:16.805 E/FragmentManager( 1742):                             android.widget.RelativeLayout{436ac560 V.E..... ........ 70,0-899,368}
04-03 16:59:16.805 E/FragmentManager( 1742):                               android.widget.TextView{43a6c248 V.ED.... ........ 0,39-372,109 #1020016 android:id/title}
04-03 16:59:16.805 E/FragmentManager( 1742):                               android.widget.TextView{437f0468 V.ED.... ........ 0,109-790,329 #1020010 android:id/summary}
04-03 16:59:16.805 E/FragmentManager( 1742):                             android.widget.LinearLayout{43869138 V.E..... ........ 899,0-1010,368 #1020018 android:id/widget_frame}
04-03 16:59:16.805 E/FragmentManager( 1742):                               miui.widget.SlidingButton{435d7988 V.ED.... ........ 0,119-111,249 #1020001 android:id/checkbox}
04-03 16:59:16.805 E/FragmentManager( 1742):                             android.widget.ImageView{436e7c58 G.ED.... ......ID 0,0-0,0 #100b0005 miui:id/arrow_right}
04-03 16:59:16.805 E/FragmentManager( 1742):                           android.widget.LinearLayout{4386c628 V.E..... ........ 0,530-1080,789}
04-03 16:59:16.805 E/FragmentManager( 1742):                             
04-03 16:59:16.805 E/FragmentManager( 1742): android.widget.LinearLayout{4386f0f8 V.E..... ........ 70,129-70,129}
04-03 16:59:16.805 E/FragmentManager( 1742):                               android.widget.ImageView{43726530 G.ED.... ......I. 0,0-0,0 #1020006 android:id/icon}
04-03 16:59:16.805 E/FragmentManager( 1742):                             android.widget.RelativeLayout{436ac900 V.E..... ........ 70,0-899,258}
04-03 16:59:16.805 E/FragmentManager( 1742):                               android.widget.TextView{4387a718 V.ED.... ........ 0,39-258,109 #1020016 android:id/title}
04-03 16:59:16.805 E/FragmentManager( 1742):                               android.widget.TextView{438b5560 V.ED.... ........ 0,109-790,219 #1020010 android:id/summary}
04-03 16:59:16.805 E/FragmentManager( 1742):                             android.widget.LinearLayout{43870fb0 V.E..... ........ 899,0-1010,258 #1020018 android:id/widget_frame}
04-03 16:59:16.805 E/FragmentManager( 1742):                               miui.widget.SlidingButton{435f08d0 V.ED.... ........ 0,64-111,194 #1020001 android:id/checkbox}
04-03 16:59:16.805 E/FragmentManager( 1742):                             android.widget.ImageView{43794480 G.ED.... ......ID 0,0-0,0 #100b0005 miui:id/arrow_right}
04-03 16:59:16.805 E/FragmentManager( 1742):                         android.widget.TextView{43678418 G.ED.... ......I. 0,0-0,0 #1020004 android:id/empty}
04-03 16:59:16.815 E/FragmentManager( 1742):                         android.widget.RelativeLayout{4369c1c0 G.E..... ......I. 0,0-0,0 #1020281 android:id/button_bar}
04-03 16:59:16.815 E/FragmentManager( 1742):                           android.widget.Button{43837040 VFED..C. ......I. 0,0-0,0 #1020305 android:id/back_button}
04-03 16:59:16.815 E/FragmentManager( 1742):                           android.widget.LinearLayout{437f0bd0 V.E..... ......I. 0,0-0,0}
04-03 16:59:16.815 E/FragmentManager( 1742):                             android.widget.Button{43839fc8 GFED..C. ......I. 0,0-0,0 #1020306 android:id/skip_button}
04-03 16:59:16.815 E/FragmentManager( 1742):                             android.widget.Button{4391e4c0 VFED..C. ......I. 0,0-0,0 #1020307 android:id/next_button}
04-03 16:59:16.815 E/FragmentManager( 1742):                     com.miui.internal.widget.ActionBarContainer{437f08f8 V.ED.... ........ 0,0-1080,195 #100b0045 miui:id/action_bar_container}
04-03 16:59:16.815 E/FragmentManager( 1742):                       com.miui.internal.widget.ActionBarView{437a4438 V.E..... ........ 0,60-1080,195 #100b0046 miui:id/action_bar}
04-03 16:59:16.815 E/FragmentManager( 1742):                         android.widget.LinearLayout{43723478 V.E...C. ...P.... 0,0-543,135}
04-03 16:59:16.815 E/FragmentManager( 1742):                           
04-03 16:59:16.815 E/FragmentManager( 1742): android.widget.ImageView{43665390 V.ED.... ...P.... 0,13-120,123 #100b001f miui:id/up}
04-03 16:59:16.815 E/FragmentManager( 1742):                           android.widget.LinearLayout{437d8ab0 V.E..... ...P.... 120,32-519,103}
04-03 16:59:16.815 E/FragmentManager( 1742):                             android.widget.TextView{437e46c0 V.ED.... ...P.... 0,0-399,71 #100b0023 miui:id/action_bar_title}
04-03 16:59:16.815 E/FragmentManager( 1742):                             android.widget.TextView{439b31a8 G.ED.... ...P..I. 0,0-0,0 #100b0024 miui:id/action_bar_subtitle}
04-03 16:59:16.815 E/FragmentManager( 1742):                       com.miui.internal.widget.ActionBarContextView{43738848 G.E..... ......ID 0,0-0,0 #100b0047 miui:id/action_context_bar}
04-03 16:59:16.815 E/FragmentManager( 1742):                     com.miui.internal.widget.ActionBarContainer{4380f020 V.ED.... ........ 0,1920-0,1920 #100b0048 miui:id/split_action_bar}
04-03 16:59:16.815 E/FragmentManager( 1742):                       com.miui.internal.view.menu.PhoneActionMenuView{43738078 V.ED.... ......I. 0,0-0,0}
04-03 16:59:16.815 E/FragmentManager( 1742):                     android.view.View{4369c7f8 G.ED..C. ......I. 0,0-0,0 #100b0049 miui:id/content_mask}
04-03 16:59:16.815 E/FragmentManager( 1742):             
04-03 16:59:16.815 E/FragmentManager( 1742): android.widget.RelativeLayout{435f1338 G.E..... ......I. 0,0-0,0 #1020281 android:id/button_bar}
04-03 16:59:16.815 E/FragmentManager( 1742):               android.widget.Button{437a8cf0 VFED..C. ......I. 0,0-0,0 #1020305 android:id/back_button}
04-03 16:59:16.815 E/FragmentManager( 1742):               android.widget.LinearLayout{436afc88 V.E..... ......I. 0,0-0,0}
04-03 16:59:16.815 E/FragmentManager( 1742):                 android.widget.Button{437d2d68 GFED..C. ......I. 0,0-0,0 #1020306 android:id/skip_button}
04-03 16:59:16.815 E/FragmentManager( 1742):                 android.widget.Button{437daf48 VFED..C. ......I. 0,0-0,0 #1020307 android:id/next_button}
04-03 16:59:16.815 E/FragmentManager( 1742):   Looper (main, tid 1) {435bfe68}
04-03 16:59:16.815 E/FragmentManager( 1742):     Message 0: { when=-30ms callback=android.view.View$UnsetPressedState target=android.view.ViewRootImpl$ViewRootHandler }
04-03 16:59:16.815 E/FragmentManager( 1742):     (Total messages: 1, idling=false, quitting=false)
04-03 16:59:16.815 W/System.err( 1742): java.lang.IllegalStateException: Fragement no longer exists for key index: index 1
04-03 16:59:16.825 W/System.err( 1742): 	at android.app.FragmentManagerImpl.getFragment(FragmentManager.java:577)
04-03 16:59:16.825 W/System.err( 1742): 	at com.android.settings.Settings.onBackPressed(Settings.java:403)
04-03 16:59:16.825 W/System.err( 1742): 	at com.android.settings.SettingsPreferenceFragment.finish(SettingsPreferenceFragment.java:441)
04-03 16:59:16.825 W/System.err( 1742): 	at com.android.settings.SettingsPreferenceFragment.onOptionsItemSelected(SettingsPreferenceFragment.java:249)
04-03 16:59:16.825 W/System.err( 1742): 	at com.miui.internal.app.FragmentDelegate.onMenuItemSelected(SourceFile:240)
04-03 16:59:16.825 W/System.err( 1742): 	at com.miui.internal.app.g.onMenuItemSelected(SourceFile:98)
04-03 16:59:16.825 W/System.err( 1742): 	at com.miui.internal.widget.e.onClick(SourceFile:158)
04-03 16:59:16.825 W/System.err( 1742): 	at android.view.View.performClick(View.java:4448)
