04-03 16:57:09.275 I/ThermalEngine(  379): Sensor:batt_temp:366 mC
04-03 16:57:09.565 E/mdb_debug(  384): usb_linux_client.c:usb_read[L-304]: ERROR: fd = 16, n = -1: 5, I/O error
04-03 16:57:09.565 E/mdb_debug(  384): transport_usb.c:remote_read[L-61]: remote usb: read terminated (message): 5, I/O error
04-03 16:57:09.565 E/mdb_debug(  384): transport.c:output_thread[L-214]: usb_fd16: remote read failed for transport: 5, I/O error
04-03 16:57:09.565 E/mdb_debug(  384): transport.c:output_thread[L-231]: usb_fd16: transport output thread is exiting: 5, I/O error
04-03 16:57:09.565 D/mdb_debug(  384): transport.c:transport_unref_locked[L-635]: transport: usb_fd16 unref (count=1)
04-03 16:57:09.565 D/mdb_debug(  384): 
04-03 16:57:09.565 D/mdb_debug(  384): mdb.c:handle_offline[L-70]: mdb: offline
04-03 16:57:09.565 E/mdb_debug(  384): transport.c:input_thread[L-279]: usb_fd16: transport input thread is exiting, fd 18
04-03 16:57:09.565 E/mdb_debug(  384): : 0, Success
04-03 16:57:09.665 D/mdb_debug(  384): usb_linux_client.c:usb_open_thread[L-224]: register_transport usb_fd16
04-03 16:57:09.675 D/PhoneStatusBar( 1601): addNotification pkg=android;basepkg=android;id=17040511
04-03 16:57:09.695 W/InputMethodManagerService( 1321): Window already focused, ignoring focus gain of: com.android.internal.view.IInputMethodClient$Stub$Proxy@437bf058 attribute=null, token = android.os.BinderProxy@438e5ac0
04-03 16:57:09.725 D/SizeAdaptiveLayout( 1601): com.android.internal.widget.SizeAdaptiveLayout{43a57d08 V.E..... ......I. 0,0-0,0 #7f0800bd app:id/adaptive}child view android.widget.FrameLayout{445b3180 G.E..... ......I. 0,0-0,0 #10202d6 android:id/status_bar_latest_event_content} measured out of bounds at 188px clamped to 189px
04-03 16:57:09.785 I/KLO_Power( 2479): battery status event:[status,health,present,plugged,technology]:[3,2,1,0,Li-poly]
04-03 16:57:09.785 I/KLO_Power( 2479): [1554281829]:Charger disconnected
04-03 16:57:09.785 I/KLO_Power( 2479): [1554281829]:USB charging ended (last_charger_connected_time:1554281828)
04-03 16:57:09.795 D/PowerKeeperEventLogManager( 2084): battery_status: 3, mChargingState: 2
04-03 16:57:09.795 D/PowerKeeperStateMachine( 2084): eventMessage id:2001 name:stop_charging
04-03 16:57:09.795 D/PowerKeeperExecutor( 2084): handling event stop_charging in state normal_state
04-03 16:57:09.795 I/octvm_runtime( 2479): handle event trigger stop_charging
04-03 16:57:09.795 E/octvm_runtime( 2479): unsupported flags[0] or no event trigger found
04-03 16:57:09.795 D/JobScheduler.Batt( 1321): Disconnected from power, cancelling any set alarms.
04-03 16:57:09.805 I/EventLogHandler( 2084): dispatchBatteryStatsChanged: Battery status is discharging
04-03 16:57:09.805 I/PowerCalculator( 2084): contPowerCalculator
04-03 16:57:09.815 D/LBSSystemMonitorService( 1321): handleMessage what - 14
04-03 16:57:09.815 D/DeviceContext( 1321): handleMessage what - 1
04-03 16:57:09.815 E/LocSvc_utils_q( 1321): D/msg_q_snd: Sending message with handle = 0x76F096A0
04-03 16:57:09.815 E/LocSvc_utils_ll( 1321): D/linked_list_add: Adding to list data_obj = 0x76F096A0
04-03 16:57:09.815 E/LocSvc_utils_q( 1321): D/msg_q_snd: Finished Sending message with handle = 0x76F096A0
04-03 16:57:09.815 E/LocSvc_utils_ll( 1321): D/linked_list_remove: Removing from list
04-03 16:57:09.815 E/LocSvc_utils_q( 1321): D/msg_q_rcv: Received message 0x76F096A0 rv = 0
04-03 16:57:09.815 D/Ulp_jni ( 1321): JNI:system_update. Event-3
04-03 16:57:09.815 E/LocSvc_utils_q( 1321): D/msg_q_snd: Sending message with handle = 0x76EEC2F8
04-03 16:57:09.815 E/LocSvc_utils_ll( 1321): D/linked_list_add: Adding to list data_obj = 0x76EEC2F8
04-03 16:57:09.815 E/LocSvc_api_v02( 1321): I/---> locClientSendReq line 2360 QMI_LOC_SET_EXTERNAL_POWER_CONFIG_REQ_V02
04-03 16:57:09.815 E/LocSvc_utils_ll( 1321): D/linked_list_remove: Removing from list
04-03 16:57:09.815 E/LocSvc_utils_q( 1321): D/msg_q_rcv: Received message 0x76EEC2F8 rv = 0
04-03 16:57:09.815 E/LocSvc_libulp( 1321): D/void ulp_msg_main(void*) received msg of type: 0x60e
04-03 16:57:09.815 E/LocSvc_libulp( 1321): I/===> int ulp_msg_process_system_update(UlpSystemEvent) line 1429 
04-03 16:57:09.815 E/LocSvc_libulp( 1321): W/Loc HAL handshake did not happen yet...
04-03 16:57:09.815 E/LocSvc_utils_q( 1321): D/msg_q_rcv: Waiting on message
04-03 16:57:09.815 E/LocSvc_utils_q( 1321): D/msg_q_snd: Finished Sending message with handle = 0x76EEC2F8
04-03 16:57:09.815 D/JobScheduler.Batt( 1321): maybeReportNewChargingState: false
04-03 16:57:09.825 E/LocSvc_ApiV02( 1321): I/<--- void globalRespCb(locClientHandleType, uint32_t, locClientRespIndUnionType, void*) line 106 QMI_LOC_SET_EXTERNAL_POWER_CONFIG_REQ_V02
04-03 16:57:09.825 E/LocSvc_api_v02( 1321): D/loc_free_slot:299]: freeing slot 0
04-03 16:57:09.825 E/LocSvc_MsgTask( 1321): D/MsgTask::loop() 29 listening ...
04-03 16:57:09.825 E/LocSvc_utils_q( 1321): D/msg_q_rcv: Waiting on message
04-03 16:57:09.875 D/com.qq.connect( 8186): android.intent.action.ACTION_POWER_DISCONNECTED
04-03 16:57:09.875 D/dalvikvm( 1601): GC_FOR_ALLOC freed 8004K, 29% free 37654K/52652K, paused 90ms, total 90ms
04-03 16:57:09.885 W/MediaPlayer-JNI( 1601): MediaPlayer finalized without being released
04-03 16:57:09.885 I/BootReceiver( 7850): getSwitchValue LOAD_PLUGIN_IN_BOOT_RECEIVER = false
04-03 16:57:09.885 I/BootReceiver( 7850): BootReceiver action = android.intent.action.ACTION_POWER_DISCONNECTED, isProtectWorking = false
04-03 16:57:09.895 W/MediaPlayer-JNI( 1601): MediaPlayer finalized without being released
04-03 16:57:09.905 D/UsbChargingReceiver( 6937): Intent: android.intent.action.ACTION_POWER_DISCONNECTED
04-03 16:57:09.905 D/UsbChargingReceiver( 6937): Intent { act=android.intent.action.ACTION_POWER_DISCONNECTED flg=0x4000010 cmp=com.miui.video/.schedule.UsbChargingReceiver } isCharging: false usbCharge:false acCharge:false
04-03 16:57:09.905 D/AD-PLUGIN-AdReceiver( 1961): onReceive android.intent.action.ACTION_POWER_DISCONNECTED
04-03 16:57:09.985 W/Settings( 1601): Setting power_sounds_enabled has moved from android.provider.Settings.System to android.provider.Settings.Global, returning read-only value.
04-03 16:57:09.985 E/MediaPlayer-JNI( 1601): QCMediaPlayer mediaplayer NOT present
04-03 16:57:09.985 I/ExtendedUtils(  246): AV Sync late margin : Intended=40ms Using=0ms
04-03 16:57:10.005 I/FFmpegExtractor(  246): android-source:0xb787c300
04-03 16:57:10.005 E/FFmpegExtractor(  246): android-source:0xb787c300: avformat_open_input failed, err:Invalid data found when processing input
04-03 16:57:10.005 W/FFmpegExtractor(  246): sniff through BetterSniffFFMPEG failed, try LegacySniffFFMPEG
04-03 16:57:10.015 E/FFmpegExtractor(  246): android-source:0xb787c300|file:: avformat_open_input failed, err:Invalid data found when processing input
04-03 16:57:10.015 D/FFmpegExtractor(  246): SniffFFMPEG failed to sniff this source
04-03 16:57:10.045 D/dalvikvm( 1321): GC_EXPLICIT freed 3527K, 16% free 34842K/41072K, paused 6ms+19ms, total 135ms
04-03 16:57:10.055 D/ExtendedUtils(  246): extended extractor not needed, return default
04-03 16:57:10.055 I/AwesomePlayer(  246): AwesomePlayer::setParameters ()
04-03 16:57:10.055 I/Utils   (  246): track of type 'audio/vorbis' does not publish 24bits or not
04-03 16:57:10.055 I/AudioPolicyManager(  246):  isOffloadSupported: SR=44100, CM=0x3, Format=0x7000000, StreamType=2, BitRate=4294967295, duration=644920 us, has_video=0, force_offload=0
04-03 16:57:10.055 I/AwesomePlayer(  246): Not OffloadPlayer, can't use Offload mode, force to turn off the offload mode
04-03 16:57:10.055 I/AwesomePlayer(  246): isOffloadPlayer=0, mOffloadAudio=0, isForceOffload=0
04-03 16:57:10.055 I/AwesomePlayer(  246): Could not offload audio decode, try pcm offload
04-03 16:57:10.055 I/Utils   (  246): track of type 'audio/raw' does not publish 24bits or not
04-03 16:57:10.055 I/AudioPolicyManager(  246):  isOffloadSupported: SR=44100, CM=0x1, Format=0x17000001, StreamType=2, BitRate=4294967295, duration=644920 us, has_video=0, force_offload=0
04-03 16:57:10.055 I/AwesomePlayer(  246): Not OffloadPlayer, can't use Offload mode, force to turn off the offload mode
04-03 16:57:10.055 I/AwesomePlayer(  246): isOffloadPlayer=0, mOffloadAudio=0, isForceOffload=0
04-03 16:57:10.065 D/Ringtone( 1601): Successfully created local player
04-03 16:57:10.065 I/KLO_Power( 2479): battery status event:[status,health,present,plugged,technology]:[3,2,1,2,Li-poly]
04-03 16:57:10.065 I/KLO_Power( 2479): [1554281830]:Charger connected
04-03 16:57:10.065 E/MediaPlayer-JNI( 1601): QCMediaPlayer mediaplayer NOT present
04-03 16:57:10.075 I/ExtendedUtils(  246): AV Sync late margin : Intended=40ms Using=0ms
04-03 16:57:10.075 I/EntropyMixer( 1321): Writing entropy...
04-03 16:57:10.085 I/FFmpegExtractor(  246): android-source:0xb787c300
04-03 16:57:10.095 D/wpa_supplicant( 1676): RX ctrl_iface - hexdump(len=11): 53 49 47 4e 41 4c 5f 50 4f 4c 4c
04-03 16:57:10.095 D/wpa_supplicant( 1676): wlan0: Control interface command 'SIGNAL_POLL'
04-03 16:57:10.095 I/Analytics( 1742): start session(com.android.settings)
04-03 16:57:10.095 I/Analytics( 1742): end session(com.android.settings)
04-03 16:57:10.095 W/ContextImpl( 1742): Calling a method in the system process without a qualified user: android.app.ContextImpl.startService:1529 android.content.ContextWrapper.startService:494 android.content.ContextWrapper.startService:494 com.android.settings.AnalyticsReceiver.onReceive:24 android.app.ActivityThread.handleReceiver:2424 
04-03 16:57:10.105 W/Settings( 8186): Setting adb_enabled has moved from android.provider.Settings.System to android.provider.Settings.Global, returning read-only value.
04-03 16:57:10.105 E/FFmpegExtractor(  246): android-source:0xb787c300: avformat_open_input failed, err:Invalid data found when processing input
04-03 16:57:10.105 W/FFmpegExtractor(  246): sniff through BetterSniffFFMPEG failed, try LegacySniffFFMPEG
04-03 16:57:10.105 D/wpa_supplicant( 1676): nl80211: survey data missing!
04-03 16:57:10.105 D/LBSSystemMonitorService( 1321): handleMessage what - 14
04-03 16:57:10.105 D/Ulp_jni ( 1321): JNI:system_update. Event-2
04-03 16:57:10.105 E/LocSvc_utils_q( 1321): D/msg_q_snd: Sending message with handle = 0x76F09C98
04-03 16:57:10.105 E/LocSvc_utils_ll( 1321): D/linked_list_add: Adding to list data_obj = 0x76F09C98
04-03 16:57:10.105 E/LocSvc_utils_q( 1321): D/msg_q_snd: Finished Sending message with handle = 0x76F09C98
04-03 16:57:10.105 D/DeviceContext( 1321): handleMessage what - 1
04-03 16:57:10.105 E/LocSvc_utils_q( 1321): D/msg_q_snd: Sending message with handle = 0x76825430
04-03 16:57:10.105 E/LocSvc_utils_ll( 1321): D/linked_list_add: Adding to list data_obj = 0x76825430
04-03 16:57:10.105 E/LocSvc_utils_q( 1321): D/msg_q_snd: Finished Sending message with handle = 0x76825430
04-03 16:57:10.105 E/LocSvc_utils_ll( 1321): D/linked_list_remove: Removing from list
04-03 16:57:10.105 E/LocSvc_utils_q( 1321): D/msg_q_rcv: Received message 0x76F09C98 rv = 0
04-03 16:57:10.105 E/LocSvc_libulp( 1321): D/void ulp_msg_main(void*) received msg of type: 0x60e
04-03 16:57:10.105 E/LocSvc_libulp( 1321): I/===> int ulp_msg_process_system_update(UlpSystemEvent) line 1429 
04-03 16:57:10.105 E/LocSvc_libulp( 1321): W/Loc HAL handshake did not happen yet...
04-03 16:57:10.105 E/LocSvc_utils_q( 1321): D/msg_q_rcv: Waiting on message
04-03 16:57:10.105 E/LocSvc_utils_ll( 1321): D/linked_list_remove: Removing from list
04-03 16:57:10.105 E/LocSvc_utils_q( 1321): D/msg_q_rcv: Received message 0x76825430 rv = 0
04-03 16:57:10.105 E/LocSvc_api_v02( 1321): I/---> locClientSendReq line 2360 QMI_LOC_SET_EXTERNAL_POWER_CONFIG_REQ_V02
04-03 16:57:10.105 E/FFmpegExtractor(  246): android-source:0xb787c300|file:: avformat_open_input failed, err:Invalid data found when processing input
04-03 16:57:10.105 D/FFmpegExtractor(  246): SniffFFMPEG failed to sniff this source
04-03 16:57:10.105 W/ContextImpl( 1742): Calling a method in the system process without a qualified user: android.app.ContextImpl.bindService:1593 android.content.ContextWrapper.bindService:517 miui.analytics.Analytics.endSession:120 com.android.settings.analytics.AnalyticService.onHandleIntent:92 android.app.IntentService$ServiceHandler.handleMessage:65 
04-03 16:57:10.105 D/JobScheduler.Batt( 1321): Received charging intent, setting alarm for 120000
04-03 16:57:10.105 D/JobScheduler.Batt( 1321): Setting stable alarm to go off in 120s
04-03 16:57:10.115 E/LocSvc_ApiV02( 1321): I/<--- void globalRespCb(locClientHandleType, uint32_t, locClientRespIndUnionType, void*) line 106 QMI_LOC_SET_EXTERNAL_POWER_CONFIG_REQ_V02
04-03 16:57:10.115 E/LocSvc_api_v02( 1321): D/loc_free_slot:299]: freeing slot 0
04-03 16:57:10.115 E/LocSvc_MsgTask( 1321): D/MsgTask::loop() 30 listening ...
04-03 16:57:10.115 E/LocSvc_utils_q( 1321): D/msg_q_rcv: Waiting on message
04-03 16:57:10.115 W/ContextImpl( 1742): Calling a method in the system process without a qualified user: android.app.ContextImpl.startService:1529 android.content.ContextWrapper.startService:494 android.content.ContextWrapper.startService:494 com.android.settings.AnalyticsReceiver.onReceive:24 android.app.ActivityThread.handleReceiver:2424 
04-03 16:57:10.125 I/Analytics( 1742): start session(com.android.settings)
04-03 16:57:10.125 I/Analytics( 1742): end session(com.android.settings)
04-03 16:57:10.125 W/Settings( 8186): Setting adb_enabled has moved from android.provider.Settings.System to android.provider.Settings.Global, returning read-only value.
04-03 16:57:10.125 D/MtpService( 3385): updating state; isCurrentUser=true, mMtpLocked=false
04-03 16:57:10.125 D/MtpService( 3385): addStorageLocked 65537 /storage/emulated/0
04-03 16:57:10.125 W/ContextImpl( 1742): Calling a method in the system process without a qualified user: android.app.ContextImpl.bindService:1593 android.content.ContextWrapper.bindService:517 miui.analytics.Analytics.endSession:120 com.android.settings.analytics.AnalyticService.onHandleIntent:92 android.app.IntentService$ServiceHandler.handleMessage:65 
04-03 16:57:10.135 D/MtpService( 3385): updating state; isCurrentUser=true, mMtpLocked=false
04-03 16:57:10.135 D/MtpService( 3385): starting MTP server in MTP mode
04-03 16:57:10.135 D/MtpService( 3385): addStorageLocked 65537 /storage/emulated/0
04-03 16:57:10.145 D/com.qq.connect( 8186): android.intent.action.ACTION_POWER_CONNECTED
04-03 16:57:10.145 I/BootReceiver( 7850): getSwitchValue LOAD_PLUGIN_IN_BOOT_RECEIVER = false
04-03 16:57:10.145 I/BootReceiver( 7850): BootReceiver action = android.intent.action.ACTION_POWER_CONNECTED, isProtectWorking = false
04-03 16:57:10.145 D/UsbChargingReceiver( 6937): Intent: android.intent.action.ACTION_POWER_CONNECTED
04-03 16:57:10.145 D/UsbChargingReceiver( 6937): Intent { act=android.intent.action.ACTION_POWER_CONNECTED flg=0x4000010 cmp=com.miui.video/.schedule.UsbChargingReceiver } isCharging: false usbCharge:false acCharge:false
04-03 16:57:10.145 D/ExtendedUtils(  246): extended extractor not needed, return default
04-03 16:57:10.145 D/mivideo ( 6937): [ UsbChargingReceiver ] quit for not-wifi
04-03 16:57:10.145 D/dalvikvm( 2015): GC_CONCURRENT freed 8221K, 26% free 24032K/32280K, paused 4ms+3ms, total 51ms
04-03 16:57:10.145 I/AwesomePlayer(  246): AwesomePlayer::setParameters ()
04-03 16:57:10.145 I/Utils   (  246): track of type 'audio/vorbis' does not publish 24bits or not
04-03 16:57:10.145 I/AudioPolicyManager(  246):  isOffloadSupported: SR=44100, CM=0x3, Format=0x7000000, StreamType=1, BitRate=4294967295, duration=644920 us, has_video=0, force_offload=0
04-03 16:57:10.145 I/AwesomePlayer(  246): Not OffloadPlayer, can't use Offload mode, force to turn off the offload mode
04-03 16:57:10.145 I/AwesomePlayer(  246): isOffloadPlayer=0, mOffloadAudio=0, isForceOffload=0
04-03 16:57:10.155 I/AwesomePlayer(  246): Could not offload audio decode, try pcm offload
04-03 16:57:10.155 I/Utils   (  246): track of type 'audio/raw' does not publish 24bits or not
04-03 16:57:10.155 I/AudioPolicyManager(  246):  isOffloadSupported: SR=44100, CM=0x1, Format=0x17000001, StreamType=1, BitRate=4294967295, duration=644920 us, has_video=0, force_offload=0
04-03 16:57:10.155 I/AwesomePlayer(  246): Not OffloadPlayer, can't use Offload mode, force to turn off the offload mode
04-03 16:57:10.155 I/AwesomePlayer(  246): isOffloadPlayer=0, mOffloadAudio=0, isForceOffload=0
04-03 16:57:10.155 D/AD-PLUGIN-AdReceiver( 1961): onReceive android.intent.action.ACTION_POWER_CONNECTED
04-03 16:57:10.155 D/Ringtone( 1601): Successfully created local player
04-03 16:57:10.155 W/Settings( 8186): Setting adb_enabled has moved from android.provider.Settings.System to android.provider.Settings.Global, returning read-only value.
04-03 16:57:10.165 W/AD-PLUGIN-ReDownloadRequestCache( 1961): sTask, network is unreachable
04-03 16:57:10.225 D/dalvikvm( 1601): GC_FOR_ALLOC freed 7774K, 29% free 37687K/52652K, paused 24ms, total 24ms
04-03 16:57:10.255 W/Settings( 1601): Setting power_sounds_enabled has moved from android.provider.Settings.System to android.provider.Settings.Global, returning read-only value.
04-03 16:57:10.255 E/MediaPlayer-JNI( 1601): QCMediaPlayer mediaplayer NOT present
04-03 16:57:10.265 I/ExtendedUtils(  246): AV Sync late margin : Intended=40ms Using=0ms
04-03 16:57:10.275 I/ThermalEngine(  379): Sensor:batt_temp:370 mC
04-03 16:57:10.285 I/FFmpegExtractor(  246): android-source:0xb78b2510
04-03 16:57:10.285 E/FFmpegExtractor(  246): android-source:0xb78b2510: avformat_open_input failed, err:Invalid data found when processing input
04-03 16:57:10.285 W/FFmpegExtractor(  246): sniff through BetterSniffFFMPEG failed, try LegacySniffFFMPEG
04-03 16:57:10.295 E/FFmpegExtractor(  246): android-source:0xb78b2510|file:: avformat_open_input failed, err:Invalid data found when processing input
04-03 16:57:10.295 D/FFmpegExtractor(  246): SniffFFMPEG failed to sniff this source
04-03 16:57:10.315 E/QCALOG  (  322): [MessageQ] ProcessNewMessage: [XT-CS] unknown deliver target [OS-Agent]
04-03 16:57:10.325 E/QCALOG  (  322): [MessageQ] ProcessNewMessage: [XTWWAN-PE] unknown deliver target [OS-Agent]
04-03 16:57:10.335 D/ExtendedUtils(  246): extended extractor not needed, return default
04-03 16:57:10.335 I/AwesomePlayer(  246): AwesomePlayer::setParameters ()
04-03 16:57:10.335 I/Utils   (  246): track of type 'audio/vorbis' does not publish 24bits or not
04-03 16:57:10.335 I/AudioPolicyManager(  246):  isOffloadSupported: SR=44100, CM=0x3, Format=0x7000000, StreamType=2, BitRate=4294967295, duration=519251 us, has_video=0, force_offload=0
04-03 16:57:10.335 I/AwesomePlayer(  246): Not OffloadPlayer, can't use Offload mode, force to turn off the offload mode
04-03 16:57:10.335 I/AwesomePlayer(  246): isOffloadPlayer=0, mOffloadAudio=0, isForceOffload=0
04-03 16:57:10.335 I/AwesomePlayer(  246): Could not offload audio decode, try pcm offload
04-03 16:57:10.335 I/Utils   (  246): track of type 'audio/raw' does not publish 24bits or not
04-03 16:57:10.335 I/AudioPolicyManager(  246):  isOffloadSupported: SR=44100, CM=0x1, Format=0x17000001, StreamType=2, BitRate=4294967295, duration=519251 us, has_video=0, force_offload=0
04-03 16:57:10.335 I/AwesomePlayer(  246): Not OffloadPlayer, can't use Offload mode, force to turn off the offload mode
04-03 16:57:10.335 I/AwesomePlayer(  246): isOffloadPlayer=0, mOffloadAudio=0, isForceOffload=0
04-03 16:57:10.335 D/Ringtone( 1601): Successfully created local player
04-03 16:57:10.345 E/MediaPlayer-JNI( 1601): QCMediaPlayer mediaplayer NOT present
04-03 16:57:10.345 I/ExtendedUtils(  246): AV Sync late margin : Intended=40ms Using=0ms
04-03 16:57:10.355 I/FFmpegExtractor(  246): android-source:0xb7876608
04-03 16:57:10.365 E/FFmpegExtractor(  246): android-source:0xb7876608: avformat_open_input failed, err:Invalid data found when processing input
04-03 16:57:10.365 W/FFmpegExtractor(  246): sniff through BetterSniffFFMPEG failed, try LegacySniffFFMPEG
04-03 16:57:10.365 E/FFmpegExtractor(  246): android-source:0xb7876608|file:: avformat_open_input failed, err:Invalid data found when processing input
04-03 16:57:10.365 D/FFmpegExtractor(  246): SniffFFMPEG failed to sniff this source
04-03 16:57:10.405 D/ExtendedUtils(  246): extended extractor not needed, return default
04-03 16:57:10.405 I/AwesomePlayer(  246): AwesomePlayer::setParameters ()
04-03 16:57:10.405 I/Utils   (  246): track of type 'audio/vorbis' does not publish 24bits or not
04-03 16:57:10.405 I/AudioPolicyManager(  246):  isOffloadSupported: SR=44100, CM=0x3, Format=0x7000000, StreamType=1, BitRate=4294967295, duration=519251 us, has_video=0, force_offload=0
04-03 16:57:10.405 I/AwesomePlayer(  246): Not OffloadPlayer, can't use Offload mode, force to turn off the offload mode
04-03 16:57:10.405 I/AwesomePlayer(  246): isOffloadPlayer=0, mOffloadAudio=0, isForceOffload=0
04-03 16:57:10.405 I/AwesomePlayer(  246): Could not offload audio decode, try pcm offload
04-03 16:57:10.405 I/Utils   (  246): track of type 'audio/raw' does not publish 24bits or not
04-03 16:57:10.405 I/AudioPolicyManager(  246):  isOffloadSupported: SR=44100, CM=0x1, Format=0x17000001, StreamType=1, BitRate=4294967295, duration=519251 us, has_video=0, force_offload=0
04-03 16:57:10.405 I/AwesomePlayer(  246): Not OffloadPlayer, can't use Offload mode, force to turn off the offload mode
04-03 16:57:10.405 I/AwesomePlayer(  246): isOffloadPlayer=0, mOffloadAudio=0, isForceOffload=0
04-03 16:57:10.415 D/Ringtone( 1601): Successfully created local player
04-03 16:57:10.415 W/PowerUI ( 1601): unknown intent: Intent { act=android.intent.action.ACTION_POWER_CONNECTED flg=0x4000010 }
04-03 16:57:10.425 D/StatusBar.NetworkController( 1601): slot=-10;action=android.net.wifi.RSSI_CHANGED
04-03 16:57:10.425 D/StatusBar.NetworkController( 1601): updateNetworkName mNetworkName[0]= mTempNetworkName[0] = 
04-03 16:57:10.425 E/MediaPlayer( 1601): Should have subtitle controller already set
04-03 16:57:10.455 E/MediaPlayer( 1601): Should have subtitle controller already set
04-03 16:57:10.845 I/KLO_Power( 2479): battery status event:[status,health,present,plugged,technology]:[2,2,1,2,Li-poly]
04-03 16:57:10.845 I/KLO_Power( 2479): [1554281830]:USB charging start...
04-03 16:57:10.855 D/PowerKeeperEventLogManager( 2084): battery_status: 2, mChargingState: 3
04-03 16:57:10.855 D/PowerKeeperStateMachine( 2084): eventMessage id:2000 name:start_charging
04-03 16:57:10.855 D/PowerKeeperExecutor( 2084): handling event start_charging in state normal_state
04-03 16:57:10.855 I/octvm_runtime( 2479): handle event trigger start_charging
04-03 16:57:10.855 E/octvm_runtime( 2479): unsupported flags[0] or no event trigger found
04-03 16:57:10.855 I/EventLogHandler( 2084): dispatchBatteryStatsChanged: Battery status is charging
04-03 16:57:10.855 D/PowerCalculator( 2084): countPower: packageName = com.android.settings lastPower = 113147 currentPower = 113155
04-03 16:57:10.855 D/PowerCalculator( 2084): countPower: lastTime = 734459 currentTime = 735515
04-03 16:57:10.855 I/PowerCalculator( 2084): pausePowerCalculator
04-03 16:57:11.275 I/ThermalEngine(  379): Sensor:batt_temp:365 mC
04-03 16:57:12.275 I/ThermalEngine(  379): Sensor:batt_temp:365 mC
04-03 16:57:13.115 D/wpa_supplicant( 1676): RX ctrl_iface - hexdump(len=11): 53 49 47 4e 41 4c 5f 50 4f 4c 4c
04-03 16:57:13.115 D/wpa_supplicant( 1676): wlan0: Control interface command 'SIGNAL_POLL'
04-03 16:57:13.125 D/wpa_supplicant( 1676): nl80211: survey data missing!
04-03 16:57:13.135 D/StatusBar.NetworkController( 1601): slot=-10;action=android.net.wifi.RSSI_CHANGED
04-03 16:57:13.135 D/StatusBar.NetworkController( 1601): updateNetworkName mNetworkName[0]= mTempNetworkName[0] = 
04-03 16:57:13.275 I/ThermalEngine(  379): Sensor:batt_temp:367 mC
04-03 16:57:14.095 E/QCALOG  (  322): [MessageQ] ProcessNewMessage: [XTWiFi-PE] unknown deliver target [OS-Agent]
04-03 16:57:14.285 I/ThermalEngine(  379): Sensor:batt_temp:366 mC
04-03 16:57:15.285 I/ThermalEngine(  379): Sensor:batt_temp:366 mC
04-03 16:57:15.315 E/QCALOG  (  322): [MessageQ] ProcessNewMessage: [XT-CS] unknown deliver target [OS-Agent]
04-03 16:57:15.325 E/QCALOG  (  322): [MessageQ] ProcessNewMessage: [XTWWAN-PE] unknown deliver target [OS-Agent]
04-03 16:57:15.445 D/wpa_supplicant( 1676): wlan0: BSS: Remove id 50 BSSID 00:a3:8e:5a:ab:e5 SSID 'Tencent-LabWiFi' due to wpa_bss_flush_by_age
04-03 16:57:15.445 D/wpa_supplicant( 1676): CTRL_IFACE monitor send - hexdump(len=40): 2f 64 61 74 61 2f 6d 69 73 63 2f 77 69 66 69 2f 73 6f 63 6b 65 74 73 2f 77 70 61 5f 63 74 72 6c ...
04-03 16:57:15.445 D/wpa_supplicant( 1676): wlan0: BSS: Remove id 51 BSSID 00:a3:8e:5a:ab:e1 SSID 'Tencent-WeTestWiFi' due to wpa_bss_flush_by_age
04-03 16:57:15.445 D/wpa_supplicant( 1676): CTRL_IFACE monitor send - hexdump(len=40): 2f 64 61 74 61 2f 6d 69 73 63 2f 77 69 66 69 2f 73 6f 63 6b 65 74 73 2f 77 70 61 5f 63 74 72 6c ...
04-03 16:57:15.445 D/wpa_supplicant( 1676): wlan0: BSS: Remove id 48 BSSID 00:a3:8e:5a:ab:e6 SSID '10F-WeTestWiFi' due to wpa_bss_flush_by_age
04-03 16:57:15.445 D/wpa_supplicant( 1676): CTRL_IFACE monitor send - hexdump(len=40): 2f 64 61 74 61 2f 6d 69 73 63 2f 77 69 66 69 2f 73 6f 63 6b 65 74 73 2f 77 70 61 5f 63 74 72 6c ...
04-03 16:57:15.445 D/wpa_supplicant( 1676): wlan0: BSS: Remove id 49 BSSID 00:a3:8e:5a:ab:e8 SSID '\x00' due to wpa_bss_flush_by_age
04-03 16:57:15.445 D/wpa_supplicant( 1676): CTRL_IFACE monitor send - hexdump(len=40): 2f 64 61 74 61 2f 6d 69 73 63 2f 77 69 66 69 2f 73 6f 63 6b 65 74 73 2f 77 70 61 5f 63 74 72 6c ...
04-03 16:57:15.445 D/wpa_supplicant( 1676): wlan0: BSS: Remove id 52 BSSID 00:ea:bd:f8:8b:f0 SSID '10F-WeTestWiFi' due to wpa_bss_flush_by_age
04-03 16:57:15.445 D/wpa_supplicant( 1676): CTRL_IFACE monitor send - hexdump(len=40): 2f 64 61 74 61 2f 6d 69 73 63 2f 77 69 66 69 2f 73 6f 63 6b 65 74 73 2f 77 70 61 5f 63 74 72 6c ...
04-03 16:57:15.445 D/wpa_supplicant( 1676): wlan0: BSS: Remove id 56 BSSID 00:a3:8e:5a:ab:ef SSID 'Tencent-OfficeWiFi' due to wpa_bss_flush_by_age
04-03 16:57:15.445 D/wpa_supplicant( 1676): CTRL_IFACE monitor send - hexdump(len=40): 2f 64 61 74 61 2f 6d 69 73 63 2f 77 69 66 69 2f 73 6f 63 6b 65 74 73 2f 77 70 61 5f 63 74 72 6c ...
04-03 16:57:15.445 D/wpa_supplicant( 1676): wlan0: BSS: Remove id 55 BSSID 00:a3:8e:5a:ab:ee SSID 'Tencent-WeTestWiFi' due to wpa_bss_flush_by_age
04-03 16:57:15.445 D/wpa_supplicant( 1676): CTRL_IFACE monitor send - hexdump(len=40): 2f 64 61 74 61 2f 6d 69 73 63 2f 77 69 66 69 2f 73 6f 63 6b 65 74 73 2f 77 70 61 5f 63 74 72 6c ...
04-03 16:57:15.445 D/wpa_supplicant( 1676): wlan0: BSS: Remove id 54 BSSID 00:a3:8e:5a:ab:ea SSID 'Tencent-LabWiFi' due to wpa_bss_flush_by_age
04-03 16:57:15.445 D/wpa_supplicant( 1676): CTRL_IFACE monitor send - hexdump(len=40): 2f 64 61 74 61 2f 6d 69 73 63 2f 77 69 66 69 2f 73 6f 63 6b 65 74 73 2f 77 70 61 5f 63 74 72 6c ...
04-03 16:57:15.445 D/wpa_supplicant( 1676): wlan0: BSS: Remove id 53 BSSID 00:a3:8e:5a:ab:e9 SSID '10F-WeTestWiFi' due to wpa_bss_flush_by_age
04-03 16:57:15.445 D/wpa_supplicant( 1676): CTRL_IFACE monitor send - hexdump(len=40): 2f 64 61 74 61 2f 6d 69 73 63 2f 77 69 66 69 2f 73 6f 63 6b 65 74 73 2f 77 70 61 5f 63 74 72 6c ...
04-03 16:57:15.445 D/wpa_supplicant( 1676): wlan0: BSS: Remove id 81 BSSID 00:a3:8e:46:c6:f5 SSID 'Tencent-LabWiFi' due to wpa_bss_flush_by_age
04-03 16:57:15.445 D/wpa_supplicant( 1676): CTRL_IFACE monitor send - hexdump(len=40): 2f 64 61 74 61 2f 6d 69 73 63 2f 77 69 66 69 2f 73 6f 63 6b 65 74 73 2f 77 70 61 5f 63 74 72 6c ...
04-03 16:57:15.445 D/wpa_supplicant( 1676): wlan0: BSS: Remove id 80 BSSID 00:a3:8e:46:c6:f6 SSID '10F-WeTestWiFi' due to wpa_bss_flush_by_age
04-03 16:57:15.445 D/wpa_supplicant( 1676): CTRL_IFACE monitor send - hexdump(len=40): 2f 64 61 74 61 2f 6d 69 73 63 2f 77 69 66 69 2f 73 6f 63 6b 65 74 73 2f 77 70 61 5f 63 74 72 6c ...
04-03 16:57:15.445 D/wpa_supplicant( 1676): wlan0: BSS: Remove id 59 BSSID 00:a3:8e:46:c6:f1 SSID 'Tencent-WeTestWiFi' due to wpa_bss_flush_by_age
04-03 16:57:15.445 D/wpa_supplicant( 1676): CTRL_IFACE monitor send - hexdump(len=40): 2f 64 61 74 61 2f 6d 69 73 63 2f 77 69 66 69 2f 73 6f 63 6b 65 74 73 2f 77 70 61 5f 63 74 72 6c ...
04-03 16:57:15.445 D/wpa_supplicant( 1676): wlan0: BSS: Remove id 58 BSSID 00:ea:bd:f8:8b:ff SSID '10F-WeTestWiFi' due to wpa_bss_flush_by_age
04-03 16:57:15.445 D/wpa_supplicant( 1676): CTRL_IFACE monitor send - hexdump(len=40): 2f 64 61 74 61 2f 6d 69 73 63 2f 77 69 66 69 2f 73 6f 63 6b 65 74 73 2f 77 70 61 5f 63 74 72 6c ...
04-03 16:57:15.445 D/wpa_supplicant( 1676): wlan0: BSS: Remove id 67 BSSID 00:78:88:36:d3:d1 SSID 'FUTU-EE' due to wpa_bss_flush_by_age
04-03 16:57:15.445 D/wpa_supplicant( 1676): CTRL_IFACE monitor send - hexdump(len=40): 2f 64 61 74 61 2f 6d 69 73 63 2f 77 69 66 69 2f 73 6f 63 6b 65 74 73 2f 77 70 61 5f 63 74 72 6c ...
04-03 16:57:15.445 D/wpa_supplicant( 1676): wlan0: BSS: Remove id 64 BSSID 00:a3:8e:46:c6:fa SSID 'Tencent-LabWiFi' due to wpa_bss_flush_by_age
04-03 16:57:15.445 D/wpa_supplicant( 1676): CTRL_IFACE monitor send - hexdump(len=40): 2f 64 61 74 61 2f 6d 69 73 63 2f 77 69 66 69 2f 73 6f 63 6b 65 74 73 2f 77 70 61 5f 63 74 72 6c ...
04-03 16:57:15.445 D/wpa_supplicant( 1676): wlan0: BSS: Remove id 62 BSSID 00:a3:8e:46:c6:ff SSID 'Tencent-OfficeWiFi' due to wpa_bss_flush_by_age
04-03 16:57:15.445 D/wpa_supplicant( 1676): CTRL_IFACE monitor send - hexdump(len=40): 2f 64 61 74 61 2f 6d 69 73 63 2f 77 69 66 69 2f 73 6f 63 6b 65 74 73 2f 77 70 61 5f 63 74 72 6c ...
04-03 16:57:15.445 D/wpa_supplicant( 1676): wlan0: BSS: Remove id 60 BSSID 00:a3:8e:46:c6:f9 SSID '10F-WeTestWiFi' due to wpa_bss_flush_by_age
04-03 16:57:15.445 D/wpa_supplicant( 1676): CTRL_IFACE monitor send - hexdump(len=40): 2f 64 61 74 61 2f 6d 69 73 63 2f 77 69 66 69 2f 73 6f 63 6b 65 74 73 2f 77 70 61 5f 63 74 72 6c ...
04-03 16:57:15.445 D/wpa_supplicant( 1676): wlan0: BSS: Remove id 82 BSSID 00:a3:8e:46:c6:fe SSID 'Tencent-WeTestWiFi' due to wpa_bss_flush_by_age
04-03 16:57:15.445 D/wpa_supplicant( 1676): CTRL_IFACE monitor send - hexdump(len=40): 2f 64 61 74 61 2f 6d 69 73 63 2f 77 69 66 69 2f 73 6f 63 6b 65 74 73 2f 77 70 61 5f 63 74 72 6c ...
04-03 16:57:15.445 D/wpa_supplicant( 1676): wlan0: BSS: Remove id 61 BSSID 00:a3:8e:46:c6:f7 SSID '\x00' due to wpa_bss_flush_by_age
04-03 16:57:15.445 D/wpa_supplicant( 1676): CTRL_IFACE monitor send - hexdump(len=40): 2f 64 61 74 61 2f 6d 69 73 63 2f 77 69 66 69 2f 73 6f 63 6b 65 74 73 2f 77 70 61 5f 63 74 72 6c ...
04-03 16:57:15.445 D/wpa_supplicant( 1676): wlan0: BSS: Remove id 68 BSSID 00:78:88:36:d3:d0 SSID 'FUTU-Office' due to wpa_bss_flush_by_age
04-03 16:57:15.445 D/wpa_supplicant( 1676): CTRL_IFACE monitor send - hexdump(len=40): 2f 64 61 74 61 2f 6d 69 73 63 2f 77 69 66 69 2f 73 6f 63 6b 65 74 73 2f 77 70 61 5f 63 74 72 6c ...
04-03 16:57:15.445 D/wpa_supplicant( 1676): wlan0: BSS: Remove id 66 BSSID 00:78:88:36:d3:d2 SSID 'FUTU-Guest' due to wpa_bss_flush_by_age
04-03 16:57:15.445 D/wpa_supplicant( 1676): CTRL_IFACE monitor send - hexdump(len=40): 2f 64 61 74 61 2f 6d 69 73 63 2f 77 69 66 69 2f 73 6f 63 6b 65 74 73 2f 77 70 61 5f 63 74 72 6c ...
04-03 16:57:15.445 D/wpa_supplicant( 1676): wlan0: BSS: Remove id 83 BSSID 00:6b:f1:9d:8d:31 SSID 'Tencent-WeTestWiFi' due to wpa_bss_flush_by_age
04-03 16:57:15.445 D/wpa_supplicant( 1676): CTRL_IFACE monitor send - hexdump(len=40): 2f 64 61 74 61 2f 6d 69 73 63 2f 77 69 66 69 2f 73 6f 63 6b 65 74 73 2f 77 70 61 5f 63 74 72 6c ...
04-03 16:57:15.445 D/wpa_supplicant( 1676): wlan0: BSS: Remove id 69 BSSID 00:6b:f1:9d:8d:36 SSID '10F-WeTestWiFi' due to wpa_bss_flush_by_age
04-03 16:57:15.445 D/wpa_supplicant( 1676): CTRL_IFACE monitor send - hexdump(len=40): 2f 64 61 74 61 2f 6d 69 73 63 2f 77 69 66 69 2f 73 6f 63 6b 65 74 73 2f 77 70 61 5f 63 74 72 6c ...
04-03 16:57:15.445 D/wpa_supplicant( 1676): wlan0: BSS: Remove id 91 BSSID 00:6b:f1:9d:8d:38 SSID '\x00' due to wpa_bss_flush_by_age
04-03 16:57:15.445 D/wpa_supplicant( 1676): CTRL_IFACE monitor send - hexdump(len=40): 2f 64 61 74 61 2f 6d 69 73 63 2f 77 69 66 69 2f 73 6f 63 6b 65 74 73 2f 77 70 61 5f 63 74 72 6c ...
04-03 16:57:15.445 D/wpa_supplicant( 1676): wlan0: BSS: Remove id 84 BSSID 00:6b:f1:96:48:e6 SSID '10F-WeTestWiFi' due to wpa_bss_flush_by_age
04-03 16:57:15.445 D/wpa_supplicant( 1676): CTRL_IFACE monitor send - hexdump(len=40): 2f 64 61 74 61 2f 6d 69 73 63 2f 77 69 66 69 2f 73 6f 63 6b 65 74 73 2f 77 70 61 5f 63 74 72 6c ...
04-03 16:57:15.445 D/wpa_supplicant( 1676): wlan0: BSS: Remove id 92 BSSID 00:6b:f1:96:48:e8 SSID '\x00' due to wpa_bss_flush_by_age
04-03 16:57:15.445 D/wpa_supplicant( 1676): CTRL_IFACE monitor send - hexdump(len=40): 2f 64 61 74 61 2f 6d 69 73 63 2f 77 69 66 69 2f 73 6f 63 6b 65 74 73 2f 77 70 61 5f 63 74 72 6c ...
04-03 16:57:15.445 D/wpa_supplicant( 1676): wlan0: BSS: Remove id 86 BSSID 00:6b:f1:96:48:e5 SSID 'Tencent-LabWiFi' due to wpa_bss_flush_by_age
04-03 16:57:15.445 D/wpa_supplicant( 1676): CTRL_IFACE monitor send - hexdump(len=40): 2f 64 61 74 61 2f 6d 69 73 63 2f 77 69 66 69 2f 73 6f 63 6b 65 74 73 2f 77 70 61 5f 63 74 72 6c ...
04-03 16:57:15.445 D/wpa_supplicant( 1676): wlan0: BSS: Remove id 85 BSSID 00:6b:f1:96:48:e1 SSID 'Tencent-WeTestWiFi' due to wpa_bss_flush_by_age
04-03 16:57:15.445 D/wpa_supplicant( 1676): CTRL_IFACE monitor send - hexdump(len=40): 2f 64 61 74 61 2f 6d 69 73 63 2f 77 69 66 69 2f 73 6f 63 6b 65 74 73 2f 77 70 61 5f 63 74 72 6c ...
04-03 16:57:15.445 D/wpa_supplicant( 1676): wlan0: BSS: Remove id 70 BSSID 00:a3:8e:5a:ab:e3 SSID 'Tencent-GuestWiFi' due to wpa_bss_flush_by_age
04-03 16:57:15.445 D/wpa_supplicant( 1676): CTRL_IFACE monitor send - hexdump(len=40): 2f 64 61 74 61 2f 6d 69 73 63 2f 77 69 66 69 2f 73 6f 63 6b 65 74 73 2f 77 70 61 5f 63 74 72 6c ...
04-03 16:57:15.445 D/wpa_supplicant( 1676): wlan0: BSS: Remove id 15 BSSID 00:a3:8e:5a:ab:e2 SSID 'Tencent-StaffWiFi' due to wpa_bss_flush_by_age
04-03 16:57:15.445 D/wpa_supplicant( 1676): CTRL_IFACE monitor send - hexdump(len=40): 2f 64 61 74 61 2f 6d 69 73 63 2f 77 69 66 69 2f 73 6f 63 6b 65 74 73 2f 77 70 61 5f 63 74 72 6c ...
04-03 16:57:15.445 D/wpa_supplicant( 1676): wlan0: BSS: Remove id 72 BSSID 00:a3:8e:5a:ab:ed SSID 'Tencent-StaffWiFi' due to wpa_bss_flush_by_age
04-03 16:57:15.445 D/wpa_supplicant( 1676): CTRL_IFACE monitor send - hexdump(len=40): 2f 64 61 74 61 2f 6d 69 73 63 2f 77 69 66 69 2f 73 6f 63 6b 65 74 73 2f 77 70 61 5f 63 74 72 6c ...
04-03 16:57:15.445 D/wpa_supplicant( 1676): wlan0: BSS: Remove id 71 BSSID 00:a3:8e:5a:ab:ec SSID 'Tencent-GuestWiFi' due to wpa_bss_flush_by_age
04-03 16:57:15.445 D/wpa_supplicant( 1676): CTRL_IFACE monitor send - hexdump(len=40): 2f 64 61 74 61 2f 6d 69 73 63 2f 77 69 66 69 2f 73 6f 63 6b 65 74 73 2f 77 70 61 5f 63 74 72 6c ...
04-03 16:57:15.445 D/wpa_supplicant( 1676): wlan0: BSS: Remove id 87 BSSID 00:a3:8e:46:c6:f2 SSID 'Tencent-StaffWiFi' due to wpa_bss_flush_by_age
04-03 16:57:15.445 D/wpa_supplicant( 1676): CTRL_IFACE monitor send - hexdump(len=40): 2f 64 61 74 61 2f 6d 69 73 63 2f 77 69 66 69 2f 73 6f 63 6b 65 74 73 2f 77 70 61 5f 63 74 72 6c ...
04-03 16:57:15.445 D/wpa_supplicant( 1676): wlan0: BSS: Remove id 88 BSSID 00:a3:8e:46:c6:f3 SSID 'Tencent-GuestWiFi' due to wpa_bss_flush_by_age
04-03 16:57:15.445 D/wpa_supplicant( 1676): CTRL_IFACE monitor send - hexdump(len=40): 2f 64 61 74 61 2f 6d 69 73 63 2f 77 69 66 69 2f 73 6f 63 6b 65 74 73 2f 77 70 61 5f 63 74 72 6c ...
04-03 16:57:15.445 D/wpa_supplicant( 1676): wlan0: BSS: Remove id 73 BSSID 00:a3:8e:46:c6:fd SSID 'Tencent-StaffWiFi' due to wpa_bss_flush_by_age
04-03 16:57:15.445 D/wpa_supplicant( 1676): CTRL_IFACE monitor send - hexdump(len=40): 2f 64 61 74 61 2f 6d 69 73 63 2f 77 69 66 69 2f 73 6f 63 6b 65 74 73 2f 77 70 61 5f 63 74 72 6c ...
04-03 16:57:15.445 D/wpa_supplicant( 1676): wlan0: BSS: Remove id 74 BSSID 00:a3:8e:46:c6:fc SSID 'Tencent-GuestWiFi' due to wpa_bss_flush_by_age
04-03 16:57:15.445 D/wpa_supplicant( 1676): CTRL_IFACE monitor send - hexdump(len=40): 2f 64 61 74 61 2f 6d 69 73 63 2f 77 69 66 69 2f 73 6f 63 6b 65 74 73 2f 77 70 61 5f 63 74 72 6c ...
04-03 16:57:15.445 D/wpa_supplicant( 1676): wlan0: BSS: Remove id 76 BSSID 00:6b:f1:9d:8d:32 SSID 'Tencent-StaffWiFi' due to wpa_bss_flush_by_age
04-03 16:57:15.445 D/wpa_supplicant( 1676): CTRL_IFACE monitor send - hexdump(len=40): 2f 64 61 74 61 2f 6d 69 73 63 2f 77 69 66 69 2f 73 6f 63 6b 65 74 73 2f 77 70 61 5f 63 74 72 6c ...
04-03 16:57:15.445 D/wpa_supplicant( 1676): wlan0: BSS: Remove id 89 BSSID 00:6b:f1:96:48:e3 SSID 'Tencent-GuestWiFi' due to wpa_bss_flush_by_age
04-03 16:57:15.445 D/wpa_supplicant( 1676): CTRL_IFACE monitor send - hexdump(len=40): 2f 64 61 74 61 2f 6d 69 73 63 2f 77 69 66 69 2f 73 6f 63 6b 65 74 73 2f 77 70 61 5f 63 74 72 6c ...
04-03 16:57:15.445 D/wpa_supplicant( 1676): wlan0: BSS: Remove id 90 BSSID 00:6b:f1:96:48:e2 SSID 'Tencent-StaffWiFi' due to wpa_bss_flush_by_age
04-03 16:57:15.445 D/wpa_supplicant( 1676): CTRL_IFACE monitor send - hexdump(len=40): 2f 64 61 74 61 2f 6d 69 73 63 2f 77 69 66 69 2f 73 6f 63 6b 65 74 73 2f 77 70 61 5f 63 74 72 6c ...
04-03 16:57:16.135 D/wpa_supplicant( 1676): RX ctrl_iface - hexdump(len=11): 53 49 47 4e 41 4c 5f 50 4f 4c 4c
04-03 16:57:16.135 D/wpa_supplicant( 1676): wlan0: Control interface command 'SIGNAL_POLL'
04-03 16:57:16.145 D/wpa_supplicant( 1676): nl80211: survey data missing!
04-03 16:57:16.285 I/ThermalEngine(  379): Sensor:batt_temp:365 mC
04-03 16:57:17.285 I/ThermalEngine(  379): Sensor:batt_temp:365 mC
04-03 16:57:18.035 D/dalvikvm( 3002): GC_EXPLICIT freed 181K, 26% free 22909K/30668K, paused 3ms+4ms, total 61ms
04-03 16:57:18.285 I/ThermalEngine(  379): Sensor:batt_temp:365 mC
04-03 16:57:18.955 W/InternalDataMonitor20005(MiLinkSDK)(GameCenter)( 4631): InternalDataMonitor=>mMonitorItemMap em()
04-03 16:57:19.095 E/QCALOG  (  322): [MessageQ] ProcessNewMessage: [XTWiFi-PE] unknown deliver target [OS-Agent]
04-03 16:57:19.155 D/wpa_supplicant( 1676): RX ctrl_iface - hexdump(len=11): 53 49 47 4e 41 4c 5f 50 4f 4c 4c
04-03 16:57:19.155 D/wpa_supplicant( 1676): wlan0: Control interface command 'SIGNAL_POLL'
04-03 16:57:19.165 D/wpa_supplicant( 1676): nl80211: survey data missing!
04-03 16:57:19.285 I/ThermalEngine(  379): Sensor:batt_temp:365 mC
04-03 16:57:20.155 E/SQLiteLog( 6069): (1) no such table: msg_sync_log
04-03 16:57:20.295 I/ThermalEngine(  379): Sensor:batt_temp:365 mC
04-03 16:57:20.315 E/QCALOG  (  322): [MessageQ] ProcessNewMessage: [XT-CS] unknown deliver target [OS-Agent]
04-03 16:57:20.325 E/QCALOG  (  322): [MessageQ] ProcessNewMessage: [XTWWAN-PE] unknown deliver target [OS-Agent]
04-03 16:57:21.295 I/ThermalEngine(  379): Sensor:batt_temp:365 mC
04-03 16:57:22.175 D/wpa_supplicant( 1676): RX ctrl_iface - hexdump(len=11): 53 49 47 4e 41 4c 5f 50 4f 4c 4c
04-03 16:57:22.175 D/wpa_supplicant( 1676): wlan0: Control interface command 'SIGNAL_POLL'
04-03 16:57:22.185 D/wpa_supplicant( 1676): nl80211: survey data missing!
04-03 16:57:22.295 I/ThermalEngine(  379): Sensor:batt_temp:364 mC
04-03 16:57:23.295 I/ThermalEngine(  379): Sensor:batt_temp:364 mC
04-03 16:57:24.095 E/QCALOG  (  322): [MessageQ] ProcessNewMessage: [XTWiFi-PE] unknown deliver target [OS-Agent]
04-03 16:57:24.155 D/TicketManager( 6069): get ticket failed, A2, ticket is null
04-03 16:57:24.295 I/ThermalEngine(  379): Sensor:batt_temp:364 mC
04-03 16:57:25.195 D/wpa_supplicant( 1676): RX ctrl_iface - hexdump(len=11): 53 49 47 4e 41 4c 5f 50 4f 4c 4c
04-03 16:57:25.195 D/wpa_supplicant( 1676): wlan0: Control interface command 'SIGNAL_POLL'
04-03 16:57:25.215 D/wpa_supplicant( 1676): nl80211: survey data missing!
04-03 16:57:25.215 D/StatusBar.NetworkController( 1601): slot=-10;action=android.net.wifi.RSSI_CHANGED
04-03 16:57:25.215 D/StatusBar.NetworkController( 1601): updateNetworkName mNetworkName[0]= mTempNetworkName[0] = 
04-03 16:57:25.295 I/ThermalEngine(  379): Sensor:batt_temp:364 mC
04-03 16:57:25.315 E/QCALOG  (  322): [MessageQ] ProcessNewMessage: [XT-CS] unknown deliver target [OS-Agent]
04-03 16:57:25.325 E/QCALOG  (  322): [MessageQ] ProcessNewMessage: [XTWWAN-PE] unknown deliver target [OS-Agent]
04-03 16:57:26.295 I/ThermalEngine(  379): Sensor:batt_temp:364 mC
04-03 16:57:27.085 W/System.err( 8186): java.lang.IllegalArgumentException: Service not registered: com.tencent.assistant.plugin.PluginIPCClient@43c511f8
04-03 16:57:27.085 W/System.err( 8186): 	at android.app.LoadedApk.forgetServiceDispatcher(LoadedApk.java:924)
04-03 16:57:27.085 W/System.err( 8186): 	at android.app.ContextImpl.unbindService(ContextImpl.java:1645)
04-03 16:57:27.085 W/System.err( 8186): 	at android.content.ContextWrapper.unbindService(ContextWrapper.java:529)
04-03 16:57:27.095 W/System.err( 8186): 	at com.tencent.assistant.sdk.SDKClient.close(ProGuard:57)
04-03 16:57:27.095 W/System.err( 8186): 	at com.connector.qq.AppService.AppServiceImpl.s(ProGuard:1346)
04-03 16:57:27.095 W/System.err( 8186): 	at com.connector.qq.AppService.AppServiceImpl.r(ProGuard:894)
04-03 16:57:27.095 W/System.err( 8186): 	at com.connector.tencent.assistant.ConnectorProxy.AppServiceOnDestroy(ProGuard:332)
04-03 16:57:27.095 W/System.err( 8186): 	at java.lang.reflect.Method.invokeNative(Native Method)
04-03 16:57:27.095 W/System.err( 8186): 	at java.lang.reflect.Method.invoke(Method.java:515)
04-03 16:57:27.095 W/System.err( 8186): 	at com.tencent.connector.a.a(ProGuard:135)
04-03 16:57:27.095 W/System.err( 8186): 	at com.tencent.connector.a.g(ProGuard:407)
04-03 16:57:27.095 W/System.err( 8186): 	at com.qq.AppService.AppService.onDestroy(ProGuard:37)
04-03 16:57:27.095 W/System.err( 8186): 	at android.app.ActivityThread.handleStopService(ActivityThread.java:2742)
04-03 16:57:27.095 W/System.err( 8186): 	at android.app.ActivityThread.access$2200(ActivityThread.java:141)
04-03 16:57:27.095 W/System.err( 8186): 	at android.app.ActivityThread$H.handleMessage(ActivityThread.java:1315)
04-03 16:57:27.095 W/System.err( 8186): 	at android.os.Handler.dispatchMessage(Handler.java:102)
04-03 16:57:27.095 W/System.err( 8186): 	at android.os.Looper.loop(Looper.java:136)
04-03 16:57:27.095 W/System.err( 8186): 	at android.app.ActivityThread.main(ActivityThread.java:5072)
04-03 16:57:27.095 W/System.err( 8186): 	at java.lang.reflect.Method.invokeNative(Native Method)
04-03 16:57:27.095 W/System.err( 8186): 	at java.lang.reflect.Method.invoke(Method.java:515)
04-03 16:57:27.095 W/System.err( 8186): 	at com.android.internal.os.ZygoteInit$MethodAndArgsCaller.run(ZygoteInit.java:793)
04-03 16:57:27.095 W/System.err( 8186): 	at com.android.internal.os.ZygoteInit.main(ZygoteInit.java:609)
04-03 16:57:27.095 W/System.err( 8186): 	at dalvik.system.NativeStart.main(Native Method)
04-03 16:57:27.105 W/System.err( 8186): java.net.SocketException: Socket closed
04-03 16:57:27.105 W/System.err( 8186): 	at libcore.io.Posix.accept(Native Method)
04-03 16:57:27.105 W/System.err( 8186): 	at libcore.io.BlockGuardOs.accept(BlockGuardOs.java:55)
04-03 16:57:27.105 W/System.err( 8186): 	at java.net.PlainSocketImpl.accept(PlainSocketImpl.java:98)
04-03 16:57:27.105 W/System.err( 8186): 	at java.net.ServerSocket.implAccept(ServerSocket.java:203)
04-03 16:57:27.105 W/System.err( 8186): 	at java.net.ServerSocket.accept(ServerSocket.java:128)
04-03 16:57:27.105 W/System.err( 8186): 	at com.connector.qq.AppService.aq.run(ProGuard:636)
04-03 16:57:27.115 W/System.err( 8186): java.net.SocketException: Socket closed
04-03 16:57:27.115 W/System.err( 8186): 	at libcore.io.Posix.accept(Native Method)
04-03 16:57:27.115 W/System.err( 8186): 	at libcore.io.BlockGuardOs.accept(BlockGuardOs.java:55)
04-03 16:57:27.115 W/System.err( 8186): 	at java.net.PlainSocketImpl.accept(PlainSocketImpl.java:98)
04-03 16:57:27.115 W/System.err( 8186): 	at java.net.ServerSocket.implAccept(ServerSocket.java:203)
04-03 16:57:27.115 W/System.err( 8186): 	at java.net.ServerSocket.accept(ServerSocket.java:128)
04-03 16:57:27.115 W/System.err( 8186): 	at com.connector.qq.AppService.q.run(ProGuard:107)
04-03 16:57:27.115 W/System.err( 8186): java.net.SocketException: Socket closed
04-03 16:57:27.115 W/System.err( 8186): 	at libcore.io.Posix.accept(Native Method)
04-03 16:57:27.115 W/System.err( 8186): 	at libcore.io.BlockGuardOs.accept(BlockGuardOs.java:55)
04-03 16:57:27.115 W/System.err( 8186): 	at java.net.PlainSocketImpl.accept(PlainSocketImpl.java:98)
04-03 16:57:27.115 W/System.err( 8186): 	at java.net.ServerSocket.implAccept(ServerSocket.java:203)
04-03 16:57:27.115 W/System.err( 8186): 	at java.net.ServerSocket.accept(ServerSocket.java:128)
04-03 16:57:27.115 W/System.err( 8186): 	at com.connector.qq.AppService.ax.run(ProGuard:93)
04-03 16:57:27.115 W/System.err( 8186): java.net.SocketException: Socket closed
04-03 16:57:27.115 W/System.err( 8186): 	at libcore.io.Posix.accept(Native Method)
04-03 16:57:27.115 W/System.err( 8186): 	at libcore.io.BlockGuardOs.accept(BlockGuardOs.java:55)
04-03 16:57:27.115 W/System.err( 8186): 	at java.net.PlainSocketImpl.accept(PlainSocketImpl.java:98)
04-03 16:57:27.115 W/System.err( 8186): 	at java.net.ServerSocket.implAccept(ServerSocket.java:203)
04-03 16:57:27.115 W/System.err( 8186): 	at java.net.ServerSocket.accept(ServerSocket.java:128)
04-03 16:57:27.115 W/System.err( 8186): 	at com.connector.qq.AppService.aw.run(ProGuard:145)
04-03 16:57:27.295 I/ThermalEngine(  379): Sensor:batt_temp:364 mC
04-03 16:57:28.225 D/wpa_supplicant( 1676): RX ctrl_iface - hexdump(len=11): 53 49 47 4e 41 4c 5f 50 4f 4c 4c
04-03 16:57:28.225 D/wpa_supplicant( 1676): wlan0: Control interface command 'SIGNAL_POLL'
04-03 16:57:28.245 D/wpa_supplicant( 1676): nl80211: survey data missing!
04-03 16:57:28.305 I/ThermalEngine(  379): Sensor:batt_temp:364 mC
04-03 16:57:29.095 E/QCALOG  (  322): [MessageQ] ProcessNewMessage: [XTWiFi-PE] unknown deliver target [OS-Agent]
04-03 16:57:29.305 I/ThermalEngine(  379): Sensor:batt_temp:363 mC
04-03 16:57:30.305 I/ThermalEngine(  379): Sensor:batt_temp:363 mC
04-03 16:57:30.315 E/QCALOG  (  322): [MessageQ] ProcessNewMessage: [XT-CS] unknown deliver target [OS-Agent]
04-03 16:57:30.325 E/QCALOG  (  322): [MessageQ] ProcessNewMessage: [XTWWAN-PE] unknown deliver target [OS-Agent]
04-03 16:57:31.245 D/wpa_supplicant( 1676): RX ctrl_iface - hexdump(len=11): 53 49 47 4e 41 4c 5f 50 4f 4c 4c
04-03 16:57:31.245 D/wpa_supplicant( 1676): wlan0: Control interface command 'SIGNAL_POLL'
04-03 16:57:31.265 D/wpa_supplicant( 1676): nl80211: survey data missing!
04-03 16:57:31.305 I/ThermalEngine(  379): Sensor:batt_temp:363 mC
04-03 16:57:32.305 I/ThermalEngine(  379): Sensor:batt_temp:363 mC
04-03 16:57:33.305 I/ThermalEngine(  379): Sensor:batt_temp:363 mC
04-03 16:57:34.095 E/QCALOG  (  322): [MessageQ] ProcessNewMessage: [XTWiFi-PE] unknown deliver target [OS-Agent]
04-03 16:57:34.265 D/wpa_supplicant( 1676): RX ctrl_iface - hexdump(len=11): 53 49 47 4e 41 4c 5f 50 4f 4c 4c
04-03 16:57:34.265 D/wpa_supplicant( 1676): wlan0: Control interface command 'SIGNAL_POLL'
04-03 16:57:34.285 D/wpa_supplicant( 1676): nl80211: survey data missing!
04-03 16:57:34.305 I/ThermalEngine(  379): Sensor:batt_temp:363 mC
04-03 16:57:35.305 I/ThermalEngine(  379): Sensor:batt_temp:363 mC
04-03 16:57:35.315 E/QCALOG  (  322): [MessageQ] ProcessNewMessage: [XT-CS] unknown deliver target [OS-Agent]
04-03 16:57:35.325 E/QCALOG  (  322): [MessageQ] ProcessNewMessage: [XTWWAN-PE] unknown deliver target [OS-Agent]
04-03 16:57:36.315 I/ThermalEngine(  379): Sensor:batt_temp:363 mC
04-03 16:57:37.285 D/wpa_supplicant( 1676): RX ctrl_iface - hexdump(len=11): 53 49 47 4e 41 4c 5f 50 4f 4c 4c
04-03 16:57:37.285 D/wpa_supplicant( 1676): wlan0: Control interface command 'SIGNAL_POLL'
04-03 16:57:37.315 D/wpa_supplicant( 1676): nl80211: survey data missing!
04-03 16:57:37.315 I/ThermalEngine(  379): Sensor:batt_temp:363 mC
04-03 16:57:37.415 E/charger_monitor(  473): netlink socket read failed -1
04-03 16:57:37.415 D/charger_monitor(  473): vinmin 4300000
04-03 16:57:38.315 I/ThermalEngine(  379): Sensor:batt_temp:363 mC
04-03 16:57:39.095 E/QCALOG  (  322): [MessageQ] ProcessNewMessage: [XTWiFi-PE] unknown deliver target [OS-Agent]
04-03 16:57:39.105 D/WorkerThreadMonitor( 1807): Kill MSF check result[ senderSize:0,sendInterval:171220,receiveInterval=21196,addCmdCount=83
04-03 16:57:39.315 I/ThermalEngine(  379): Sensor:batt_temp:363 mC
04-03 16:57:40.315 D/wpa_supplicant( 1676): RX ctrl_iface - hexdump(len=11): 53 49 47 4e 41 4c 5f 50 4f 4c 4c
04-03 16:57:40.315 D/wpa_supplicant( 1676): wlan0: Control interface command 'SIGNAL_POLL'
04-03 16:57:40.315 I/ThermalEngine(  379): Sensor:batt_temp:363 mC
04-03 16:57:40.315 E/QCALOG  (  322): [MessageQ] ProcessNewMessage: [XT-CS] unknown deliver target [OS-Agent]
04-03 16:57:40.325 E/QCALOG  (  322): [MessageQ] ProcessNewMessage: [XTWWAN-PE] unknown deliver target [OS-Agent]
04-03 16:57:40.335 D/wpa_supplicant( 1676): nl80211: survey data missing!
04-03 16:57:41.315 I/ThermalEngine(  379): Sensor:batt_temp:363 mC
04-03 16:57:42.315 I/ThermalEngine(  379): Sensor:batt_temp:363 mC
04-03 16:57:43.325 I/ThermalEngine(  379): Sensor:batt_temp:363 mC
04-03 16:57:43.335 D/wpa_supplicant( 1676): RX ctrl_iface - hexdump(len=11): 53 49 47 4e 41 4c 5f 50 4f 4c 4c
04-03 16:57:43.335 D/wpa_supplicant( 1676): wlan0: Control interface command 'SIGNAL_POLL'
04-03 16:57:43.355 D/wpa_supplicant( 1676): nl80211: survey data missing!
